00:00 +0: loading /Users/kcdacre8tor/ everyday-christian/test/preferences_providers_test.dart                                                                                                          00:01 +0: loading /Users/kcdacre8tor/ everyday-christian/test/preferences_providers_test.dart                                                                                                          00:02 +0: loading /Users/kcdacre8tor/ everyday-christian/test/preferences_providers_test.dart                                                                                                          test/database_helper_test.dart:324:60: Error: The argument type 'int' can't be assigned to the parameter type 'String'.
        final updated = await dbHelper.updatePrayerRequest(id, {
                                                           ^
test/database_helper_test.dart:428:40: Error: The method 'markPrayerAnswered' isn't defined for the type 'DatabaseHelper'.
 - 'DatabaseHelper' is from 'package:everyday_christian/core/database/database_helper.dart' ('lib/core/database/database_helper.dart').
Try correcting the name to the name of an existing method, or defining a method named 'markPrayerAnswered'.
        final updated = await dbHelper.markPrayerAnswered(id, 'God answered!');
                                       ^^^^^^^^^^^^^^^^^^
test/database_helper_test.dart:504:35: Error: The method 'recordDailyVerse' isn't defined for the type 'DatabaseHelper'.
 - 'DatabaseHelper' is from 'package:everyday_christian/core/database/database_helper.dart' ('lib/core/database/database_helper.dart').
Try correcting the name to the name of an existing method, or defining a method named 'recordDailyVerse'.
        final id = await dbHelper.recordDailyVerse(
                                  ^^^^^^^^^^^^^^^^
test/database_helper_test.dart:521:24: Error: The method 'recordDailyVerse' isn't defined for the type 'DatabaseHelper'.
 - 'DatabaseHelper' is from 'package:everyday_christian/core/database/database_helper.dart' ('lib/core/database/database_helper.dart').
Try correcting the name to the name of an existing method, or defining a method named 'recordDailyVerse'.
        await dbHelper.recordDailyVerse(
                       ^^^^^^^^^^^^^^^^
test/database_helper_test.dart:527:40: Error: The method 'getDailyVerseHistory' isn't defined for the type 'DatabaseHelper'.
 - 'DatabaseHelper' is from 'package:everyday_christian/core/database/database_helper.dart' ('lib/core/database/database_helper.dart').
Try correcting the name to the name of an existing method, or defining a method named 'getDailyVerseHistory'.
        final history = await dbHelper.getDailyVerseHistory(limit: 1);
                                       ^^^^^^^^^^^^^^^^^^^^
test/database_helper_test.dart:541:24: Error: The method 'recordDailyVerse' isn't defined for the type 'DatabaseHelper'.
 - 'DatabaseHelper' is from 'package:everyday_christian/core/database/database_helper.dart' ('lib/core/database/database_helper.dart').
Try correcting the name to the name of an existing method, or defining a method named 'recordDailyVerse'.
        await dbHelper.recordDailyVerse(verseId, date, opened: false);
                       ^^^^^^^^^^^^^^^^
test/database_helper_test.dart:543:40: Error: The method 'markDailyVerseOpened' isn't defined for the type 'DatabaseHelper'.
 - 'DatabaseHelper' is from 'package:everyday_christian/core/database/database_helper.dart' ('lib/core/database/database_helper.dart').
Try correcting the name to the name of an existing method, or defining a method named 'markDailyVerseOpened'.
        final updated = await dbHelper.markDailyVerseOpened(verseId, date);
                                       ^^^^^^^^^^^^^^^^^^^^
test/database_helper_test.dart:564:24: Error: The method 'recordDailyVerse' isn't defined for the type 'DatabaseHelper'.
 - 'DatabaseHelper' is from 'package:everyday_christian/core/database/database_helper.dart' ('lib/core/database/database_helper.dart').
Try correcting the name to the name of an existing method, or defining a method named 'recordDailyVerse'.
        await dbHelper.recordDailyVerse(verseId1, DateTime.now());
                       ^^^^^^^^^^^^^^^^
test/database_helper_test.dart:565:24: Error: The method 'recordDailyVerse' isn't defined for the type 'DatabaseHelper'.
 - 'DatabaseHelper' is from 'package:everyday_christian/core/database/database_helper.dart' ('lib/core/database/database_helper.dart').
Try correcting the name to the name of an existing method, or defining a method named 'recordDailyVerse'.
        await dbHelper.recordDailyVerse(verseId2, DateTime.now());
                       ^^^^^^^^^^^^^^^^
test/database_helper_test.dart:567:40: Error: The method 'getDailyVerseHistory' isn't defined for the type 'DatabaseHelper'.
 - 'DatabaseHelper' is from 'package:everyday_christian/core/database/database_helper.dart' ('lib/core/database/database_helper.dart').
Try correcting the name to the name of an existing method, or defining a method named 'getDailyVerseHistory'.
        final history = await dbHelper.getDailyVerseHistory();
                                       ^^^^^^^^^^^^^^^^^^^^
test/database_helper_test.dart:582:26: Error: The method 'recordDailyVerse' isn't defined for the type 'DatabaseHelper'.
 - 'DatabaseHelper' is from 'package:everyday_christian/core/database/database_helper.dart' ('lib/core/database/database_helper.dart').
Try correcting the name to the name of an existing method, or defining a method named 'recordDailyVerse'.
          await dbHelper.recordDailyVerse(verseId, DateTime.now());
                         ^^^^^^^^^^^^^^^^
test/database_helper_test.dart:585:40: Error: The method 'getDailyVerseHistory' isn't defined for the type 'DatabaseHelper'.
 - 'DatabaseHelper' is from 'package:everyday_christian/core/database/database_helper.dart' ('lib/core/database/database_helper.dart').
Try correcting the name to the name of an existing method, or defining a method named 'getDailyVerseHistory'.
        final history = await dbHelper.getDailyVerseHistory(limit: 3);
                                       ^^^^^^^^^^^^^^^^^^^^
test/database_helper_test.dart:598:24: Error: The method 'recordDailyVerse' isn't defined for the type 'DatabaseHelper'.
 - 'DatabaseHelper' is from 'package:everyday_christian/core/database/database_helper.dart' ('lib/core/database/database_helper.dart').
Try correcting the name to the name of an existing method, or defining a method named 'recordDailyVerse'.
        await dbHelper.recordDailyVerse(verseId, DateTime.now(), opened: true);
                       ^^^^^^^^^^^^^^^^
test/database_helper_test.dart:600:39: Error: The method 'getVerseStreak' isn't defined for the type 'DatabaseHelper'.
 - 'DatabaseHelper' is from 'package:everyday_christian/core/database/database_helper.dart' ('lib/core/database/database_helper.dart').
Try correcting the name to the name of an existing method, or defining a method named 'getVerseStreak'.
        final streak = await dbHelper.getVerseStreak();
                                      ^^^^^^^^^^^^^^
test/database_helper_test.dart:605:39: Error: The method 'getVerseStreak' isn't defined for the type 'DatabaseHelper'.
 - 'DatabaseHelper' is from 'package:everyday_christian/core/database/database_helper.dart' ('lib/core/database/database_helper.dart').
Try correcting the name to the name of an existing method, or defining a method named 'getVerseStreak'.
        final streak = await dbHelper.getVerseStreak();
                                      ^^^^^^^^^^^^^^
00:02 +0 -1: loading /Users/kcdacre8tor/ everyday-christian/test/database_helper_test.dart [E]                                                                                                         
  Failed to load "/Users/kcdacre8tor/ everyday-christian/test/database_helper_test.dart":
  Compilation failed for testPath=/Users/kcdacre8tor/ everyday-christian/test/database_helper_test.dart: test/database_helper_test.dart:324:60: Error: The argument type 'int' can't be assigned to the parameter type 'String'.
          final updated = await dbHelper.updatePrayerRequest(id, {
                                                             ^
  test/database_helper_test.dart:428:40: Error: The method 'markPrayerAnswered' isn't defined for the type 'DatabaseHelper'.
   - 'DatabaseHelper' is from 'package:everyday_christian/core/database/database_helper.dart' ('lib/core/database/database_helper.dart').
  Try correcting the name to the name of an existing method, or defining a method named 'markPrayerAnswered'.
          final updated = await dbHelper.markPrayerAnswered(id, 'God answered!');
                                         ^^^^^^^^^^^^^^^^^^
  test/database_helper_test.dart:504:35: Error: The method 'recordDailyVerse' isn't defined for the type 'DatabaseHelper'.
   - 'DatabaseHelper' is from 'package:everyday_christian/core/database/database_helper.dart' ('lib/core/database/database_helper.dart').
  Try correcting the name to the name of an existing method, or defining a method named 'recordDailyVerse'.
          final id = await dbHelper.recordDailyVerse(
                                    ^^^^^^^^^^^^^^^^
  test/database_helper_test.dart:521:24: Error: The method 'recordDailyVerse' isn't defined for the type 'DatabaseHelper'.
   - 'DatabaseHelper' is from 'package:everyday_christian/core/database/database_helper.dart' ('lib/core/database/database_helper.dart').
  Try correcting the name to the name of an existing method, or defining a method named 'recordDailyVerse'.
          await dbHelper.recordDailyVerse(
                         ^^^^^^^^^^^^^^^^
  test/database_helper_test.dart:527:40: Error: The method 'getDailyVerseHistory' isn't defined for the type 'DatabaseHelper'.
   - 'DatabaseHelper' is from 'package:everyday_christian/core/database/database_helper.dart' ('lib/core/database/database_helper.dart').
  Try correcting the name to the name of an existing method, or defining a method named 'getDailyVerseHistory'.
          final history = await dbHelper.getDailyVerseHistory(limit: 1);
                                         ^^^^^^^^^^^^^^^^^^^^
  test/database_helper_test.dart:541:24: Error: The method 'recordDailyVerse' isn't defined for the type 'DatabaseHelper'.
   - 'DatabaseHelper' is from 'package:everyday_christian/core/database/database_helper.dart' ('lib/core/database/database_helper.dart').
  Try correcting the name to the name of an existing method, or defining a method named 'recordDailyVerse'.
          await dbHelper.recordDailyVerse(verseId, date, opened: false);
                         ^^^^^^^^^^^^^^^^
  test/database_helper_test.dart:543:40: Error: The method 'markDailyVerseOpened' isn't defined for the type 'DatabaseHelper'.
   - 'DatabaseHelper' is from 'package:everyday_christian/core/database/database_helper.dart' ('lib/core/database/database_helper.dart').
  Try correcting the name to the name of an existing method, or defining a method named 'markDailyVerseOpened'.
          final updated = await dbHelper.markDailyVerseOpened(verseId, date);
                                         ^^^^^^^^^^^^^^^^^^^^
  test/database_helper_test.dart:564:24: Error: The method 'recordDailyVerse' isn't defined for the type 'DatabaseHelper'.
   - 'DatabaseHelper' is from 'package:everyday_christian/core/database/database_helper.dart' ('lib/core/database/database_helper.dart').
  Try correcting the name to the name of an existing method, or defining a method named 'recordDailyVerse'.
          await dbHelper.recordDailyVerse(verseId1, DateTime.now());
                         ^^^^^^^^^^^^^^^^
  test/database_helper_test.dart:565:24: Error: The method 'recordDailyVerse' isn't defined for the type 'DatabaseHelper'.
   - 'DatabaseHelper' is from 'package:everyday_christian/core/database/database_helper.dart' ('lib/core/database/database_helper.dart').
  Try correcting the name to the name of an existing method, or defining a method named 'recordDailyVerse'.
          await dbHelper.recordDailyVerse(verseId2, DateTime.now());
                         ^^^^^^^^^^^^^^^^
  test/database_helper_test.dart:567:40: Error: The method 'getDailyVerseHistory' isn't defined for the type 'DatabaseHelper'.
   - 'DatabaseHelper' is from 'package:everyday_christian/core/database/database_helper.dart' ('lib/core/database/database_helper.dart').
  Try correcting the name to the name of an existing method, or defining a method named 'getDailyVerseHistory'.
          final history = await dbHelper.getDailyVerseHistory();
                                         ^^^^^^^^^^^^^^^^^^^^
  test/database_helper_test.dart:582:26: Error: The method 'recordDailyVerse' isn't defined for the type 'DatabaseHelper'.
   - 'DatabaseHelper' is from 'package:everyday_christian/core/database/database_helper.dart' ('lib/core/database/database_helper.dart').
  Try correcting the name to the name of an existing method, or defining a method named 'recordDailyVerse'.
            await dbHelper.recordDailyVerse(verseId, DateTime.now());
                           ^^^^^^^^^^^^^^^^
  test/database_helper_test.dart:585:40: Error: The method 'getDailyVerseHistory' isn't defined for the type 'DatabaseHelper'.
   - 'DatabaseHelper' is from 'package:everyday_christian/core/database/database_helper.dart' ('lib/core/database/database_helper.dart').
  Try correcting the name to the name of an existing method, or defining a method named 'getDailyVerseHistory'.
          final history = await dbHelper.getDailyVerseHistory(limit: 3);
                                         ^^^^^^^^^^^^^^^^^^^^
  test/database_helper_test.dart:598:24: Error: The method 'recordDailyVerse' isn't defined for the type 'DatabaseHelper'.
   - 'DatabaseHelper' is from 'package:everyday_christian/core/database/database_helper.dart' ('lib/core/database/database_helper.dart').
  Try correcting the name to the name of an existing method, or defining a method named 'recordDailyVerse'.
          await dbHelper.recordDailyVerse(verseId, DateTime.now(), opened: true);
                         ^^^^^^^^^^^^^^^^
  test/database_helper_test.dart:600:39: Error: The method 'getVerseStreak' isn't defined for the type 'DatabaseHelper'.
   - 'DatabaseHelper' is from 'package:everyday_christian/core/database/database_helper.dart' ('lib/core/database/database_helper.dart').
  Try correcting the name to the name of an existing method, or defining a method named 'getVerseStreak'.
          final streak = await dbHelper.getVerseStreak();
                                        ^^^^^^^^^^^^^^
  test/database_helper_test.dart:605:39: Error: The method 'getVerseStreak' isn't defined for the type 'DatabaseHelper'.
   - 'DatabaseHelper' is from 'package:everyday_christian/core/database/database_helper.dart' ('lib/core/database/database_helper.dart').
  Try correcting the name to the name of an existing method, or defining a method named 'getVerseStreak'.
          final streak = await dbHelper.getVerseStreak();
                                        ^^^^^^^^^^^^^^
  .

To run this test again: /Users/kcdacre8tor/flutter/bin/cache/dart-sdk/bin/dart test /Users/kcdacre8tor/ everyday-christian/test/database_helper_test.dart -p vm --plain-name 'loading /Users/kcdacre8tor/ everyday-christian/test/database_helper_test.dart'
00:02 +0 -2: loading /Users/kcdacre8tor/ everyday-christian/test/preferences_providers_test.dart [E]                                                                                                   
  Error: The Dart compiler exited unexpectedly.
  package:flutter_tools/src/base/common.dart 34:3  throwToolExit
  package:flutter_tools/src/compile.dart 910:11    DefaultResidentCompiler._compile.<fn>
  dart:async/zone.dart 1538:47                     _rootRunUnary
  dart:async/zone.dart 1429:19                     _CustomZone.runUnary
  dart:async/future_impl.dart 948:45               Future._propagateToListeners.handleValueCallback
  dart:async/future_impl.dart 977:13               Future._propagateToListeners
  dart:async/future_impl.dart 862:9                Future._propagateToListeners
  dart:async/future_impl.dart 720:5                Future._completeWithValue
  dart:async/future_impl.dart 804:7                Future._asyncCompleteWithValue.<fn>
  dart:async/zone.dart 1525:13                     _rootRun
  dart:async/zone.dart 1422:19                     _CustomZone.run
  dart:async/zone.dart 1321:7                      _CustomZone.runGuarded
  dart:async/zone.dart 1362:23                     _CustomZone.bindCallbackGuarded.<fn>
  dart:async/schedule_microtask.dart 40:35         _microtaskLoop
  dart:async/schedule_microtask.dart 49:5          _startMicrotaskLoop
  dart:isolate-patch/isolate_patch.dart 127:13     _runPendingImmediateCallback
  dart:isolate-patch/isolate_patch.dart 194:5      _RawReceivePort._handleMessage
  

To run this test again: /Users/kcdacre8tor/flutter/bin/cache/dart-sdk/bin/dart test /Users/kcdacre8tor/ everyday-christian/test/preferences_providers_test.dart -p vm --plain-name 'loading /Users/kcdacre8tor/ everyday-christian/test/preferences_providers_test.dart'
00:02 +0 -2: /Users/kcdacre8tor/ everyday-christian/test/preferences_providers_test.dart: Preferences Providers PreferencesService Provider should provide initialized PreferencesService              00:02 +1 -2: /Users/kcdacre8tor/ everyday-christian/test/preferences_providers_test.dart: Preferences Providers PreferencesService Provider should provide initialized PreferencesService              00:02 +1 -2: /Users/kcdacre8tor/ everyday-christian/test/preferences_providers_test.dart: Preferences Providers PreferencesService Provider should provide same instance on multiple reads             00:02 +2 -2: /Users/kcdacre8tor/ everyday-christian/test/preferences_providers_test.dart: Preferences Providers PreferencesService Provider should provide same instance on multiple reads             00:02 +2 -2: /Users/kcdacre8tor/ everyday-christian/test/preferences_providers_test.dart: Preferences Providers ThemeModeNotifier should initialize with dark theme as default                         00:02 +3 -2: /Users/kcdacre8tor/ everyday-christian/test/preferences_providers_test.dart: Preferences Providers ThemeModeNotifier should initialize with dark theme as default                         00:02 +3 -2: /Users/kcdacre8tor/ everyday-christian/test/preferences_providers_test.dart: Preferences Providers ThemeModeNotifier should toggle between dark and light themes                          00:02 +4 -2: /Users/kcdacre8tor/ everyday-christian/test/clear_glass_card_test.dart: ClearGlassCard should render with default properties                                                              00:02 +5 -2: /Users/kcdacre8tor/ everyday-christian/test/clear_glass_card_test.dart: ClearGlassCard should render with default properties                                                              00:02 +6 -2: /Users/kcdacre8tor/ everyday-christian/test/clear_glass_card_test.dart: ClearGlassCard should render with default properties                                                              00:02 +7 -2: /Users/kcdacre8tor/ everyday-christian/test/clear_glass_card_test.dart: ClearGlassCard should render with default properties                                                              00:02 +8 -2: /Users/kcdacre8tor/ everyday-christian/test/clear_glass_card_test.dart: ClearGlassCard should render with default properties                                                              00:03 +8 -2: /Users/kcdacre8tor/ everyday-christian/test/clear_glass_card_test.dart: ClearGlassCard should render with default properties                                                              00:03 +9 -2: /Users/kcdacre8tor/ everyday-christian/test/clear_glass_card_test.dart: ClearGlassCard should render with default properties                                                              00:03 +10 -3: /Users/kcdacre8tor/ everyday-christian/test/frosted_glass_card_test.dart: FrostedGlassCard should render with default properties                                                         00:03 +10 -3: /Users/kcdacre8tor/ everyday-christian/test/preferences_providers_test.dart: Preferences Providers TextSizeNotifier should initialize with 16.0 as default [E]                           
  Expected: <16.0>
    Actual: <1.0>
  
  package:matcher                                     expect
  package:flutter_test/src/widget_tester.dart 473:18  expect
  test/preferences_providers_test.dart 136:9          main.<fn>.<fn>.<fn>
  

To run this test again: /Users/kcdacre8tor/flutter/bin/cache/dart-sdk/bin/dart test /Users/kcdacre8tor/ everyday-christian/test/preferences_providers_test.dart -p vm --plain-name 'Preferences Providers TextSizeNotifier should initialize with 16.0 as default'
00:03 +10 -4: /Users/kcdacre8tor/ everyday-christian/test/preferences_providers_test.dart: Preferences Providers TextSizeNotifier should set text size [E]                                             
  Expected: <18.0>
    Actual: <1.5>
  
  package:matcher                                     expect
  package:flutter_test/src/widget_tester.dart 473:18  expect
  test/preferences_providers_test.dart 145:9          main.<fn>.<fn>.<fn>
  

To run this test again: /Users/kcdacre8tor/flutter/bin/cache/dart-sdk/bin/dart test /Users/kcdacre8tor/ everyday-christian/test/preferences_providers_test.dart -p vm --plain-name 'Preferences Providers TextSizeNotifier should set text size'
00:03 +10 -5: /Users/kcdacre8tor/ everyday-christian/test/preferences_providers_test.dart: Preferences Providers TextSizeNotifier should clamp text size to valid range (12-24) [E]                    
  Expected: <12.0>
    Actual: <1.5>
  
  package:matcher                                     expect
  package:flutter_test/src/widget_tester.dart 473:18  expect
  test/preferences_providers_test.dart 158:9          main.<fn>.<fn>.<fn>
  

To run this test again: /Users/kcdacre8tor/flutter/bin/cache/dart-sdk/bin/dart test /Users/kcdacre8tor/ everyday-christian/test/preferences_providers_test.dart -p vm --plain-name 'Preferences Providers TextSizeNotifier should clamp text size to valid range (12-24)'
00:03 +11 -5: /Users/kcdacre8tor/ everyday-christian/test/frosted_glass_card_test.dart: FrostedGlassCard should render with default properties                                                         00:03 +12 -5: /Users/kcdacre8tor/ everyday-christian/test/frosted_glass_card_test.dart: FrostedGlassCard should render with default properties                                                         00:03 +13 -5: /Users/kcdacre8tor/ everyday-christian/test/preferences_providers_test.dart: Preferences Providers TextSizeNotifier should persist text size across container restarts                   00:03 +14 -5: /Users/kcdacre8tor/ everyday-christian/test/preferences_providers_test.dart: Preferences Providers TextSizeNotifier should persist text size across container restarts                   00:03 +15 -5: /Users/kcdacre8tor/ everyday-christian/test/preferences_providers_test.dart: Preferences Providers TextSizeNotifier should persist text size across container restarts                   00:03 +16 -5: /Users/kcdacre8tor/ everyday-christian/test/preferences_providers_test.dart: Preferences Providers TextSizeNotifier should persist text size across container restarts                   00:03 +17 -5: /Users/kcdacre8tor/ everyday-christian/test/preferences_providers_test.dart: Preferences Providers TextSizeNotifier should persist text size across container restarts                   00:03 +18 -5: /Users/kcdacre8tor/ everyday-christian/test/preferences_providers_test.dart: Preferences Providers TextSizeNotifier should persist text size across container restarts                   00:03 +19 -5: /Users/kcdacre8tor/ everyday-christian/test/preferences_providers_test.dart: Preferences Providers TextSizeNotifier should persist text size across container restarts                   00:03 +20 -5: /Users/kcdacre8tor/ everyday-christian/test/preferences_providers_test.dart: Preferences Providers TextSizeNotifier should persist text size across container restarts                   00:03 +21 -5: /Users/kcdacre8tor/ everyday-christian/test/preferences_providers_test.dart: Preferences Providers TextSizeNotifier should persist text size across container restarts                   00:03 +22 -5: /Users/kcdacre8tor/ everyday-christian/test/preferences_providers_test.dart: Preferences Providers TextSizeNotifier should persist text size across container restarts                   00:03 +22 -6: /Users/kcdacre8tor/ everyday-christian/test/preferences_providers_test.dart: Preferences Providers TextSizeNotifier should persist text size across container restarts [E]               
  Expected: <20.0>
    Actual: <1.5>
  
  package:matcher                                     expect
  package:flutter_test/src/widget_tester.dart 473:18  expect
  test/preferences_providers_test.dart 183:9          main.<fn>.<fn>.<fn>
  

To run this test again: /Users/kcdacre8tor/flutter/bin/cache/dart-sdk/bin/dart test /Users/kcdacre8tor/ everyday-christian/test/preferences_providers_test.dart -p vm --plain-name 'Preferences Providers TextSizeNotifier should persist text size across container restarts'
00:03 +22 -7: /Users/kcdacre8tor/ everyday-christian/test/preferences_providers_test.dart: Preferences Providers Multiple Providers Integration should handle all preferences independently [E]        
  Expected: <18.0>
    Actual: <1.5>
  
  package:matcher                                     expect
  package:flutter_test/src/widget_tester.dart 473:18  expect
  test/preferences_providers_test.dart 201:9          main.<fn>.<fn>.<fn>
  

To run this test again: /Users/kcdacre8tor/flutter/bin/cache/dart-sdk/bin/dart test /Users/kcdacre8tor/ everyday-christian/test/preferences_providers_test.dart -p vm --plain-name 'Preferences Providers Multiple Providers Integration should handle all preferences independently'
00:03 +23 -7: /Users/kcdacre8tor/ everyday-christian/test/preferences_providers_test.dart: Preferences Providers Multiple Providers Integration should persist all preferences across restart          00:03 +24 -7: /Users/kcdacre8tor/ everyday-christian/test/preferences_providers_test.dart: Preferences Providers Multiple Providers Integration should persist all preferences across restart          00:03 +25 -7: /Users/kcdacre8tor/ everyday-christian/test/preferences_providers_test.dart: Preferences Providers Multiple Providers Integration should persist all preferences across restart          00:03 +26 -7: /Users/kcdacre8tor/ everyday-christian/test/preferences_providers_test.dart: Preferences Providers Multiple Providers Integration should persist all preferences across restart          00:03 +27 -7: /Users/kcdacre8tor/ everyday-christian/test/preferences_providers_test.dart: Preferences Providers Multiple Providers Integration should persist all preferences across restart          00:03 +28 -7: /Users/kcdacre8tor/ everyday-christian/test/preferences_providers_test.dart: Preferences Providers Multiple Providers Integration should persist all preferences across restart          00:03 +29 -7: /Users/kcdacre8tor/ everyday-christian/test/preferences_providers_test.dart: Preferences Providers Multiple Providers Integration should persist all preferences across restart          00:03 +29 -8: /Users/kcdacre8tor/ everyday-christian/test/preferences_providers_test.dart: Preferences Providers Multiple Providers Integration should persist all preferences across restart [E]      
  Expected: <20.0>
    Actual: <1.5>
  
  package:matcher                                     expect
  package:flutter_test/src/widget_tester.dart 473:18  expect
  test/preferences_providers_test.dart 222:9          main.<fn>.<fn>.<fn>
  

To run this test again: /Users/kcdacre8tor/flutter/bin/cache/dart-sdk/bin/dart test /Users/kcdacre8tor/ everyday-christian/test/preferences_providers_test.dart -p vm --plain-name 'Preferences Providers Multiple Providers Integration should persist all preferences across restart'
00:04 +29 -8: loading /Users/kcdacre8tor/ everyday-christian/test/secure_storage_service_test.dart                                                                                                     00:04 +29 -8: /Users/kcdacre8tor/ everyday-christian/test/secure_storage_service_test.dart: SecureStorageService - User Data storeUserData should encode and store user data successfully              00:04 +30 -8: /Users/kcdacre8tor/ everyday-christian/test/secure_storage_service_test.dart: SecureStorageService - User Data storeUserData should encode and store user data successfully              00:04 +30 -8: /Users/kcdacre8tor/ everyday-christian/test/secure_storage_service_test.dart: SecureStorageService - User Data storeUserData should throw SecureStorageException on error                00:04 +31 -8: /Users/kcdacre8tor/ everyday-christian/test/secure_storage_service_test.dart: SecureStorageService - User Data storeUserData should throw SecureStorageException on error                00:04 +31 -8: /Users/kcdacre8tor/ everyday-christian/test/secure_storage_service_test.dart: SecureStorageService - User Data getUserData should return decoded user data when exists                   00:04 +32 -8: /Users/kcdacre8tor/ everyday-christian/test/secure_storage_service_test.dart: SecureStorageService - User Data getUserData should return decoded user data when exists                   00:04 +32 -8: /Users/kcdacre8tor/ everyday-christian/test/secure_storage_service_test.dart: SecureStorageService - User Data getUserData should return null when no data exists                        00:04 +33 -8: /Users/kcdacre8tor/ everyday-christian/test/secure_storage_service_test.dart: SecureStorageService - User Data getUserData should return null when no data exists                        00:04 +33 -8: /Users/kcdacre8tor/ everyday-christian/test/secure_storage_service_test.dart: SecureStorageService - User Data getUserData should throw SecureStorageException on decode error           00:04 +34 -8: /Users/kcdacre8tor/ everyday-christian/test/secure_storage_service_test.dart: SecureStorageService - User Data getUserData should throw SecureStorageException on decode error           00:04 +34 -8: /Users/kcdacre8tor/ everyday-christian/test/secure_storage_service_test.dart: SecureStorageService - User Data getUserData should throw SecureStorageException on read error             00:04 +35 -8: /Users/kcdacre8tor/ everyday-christian/test/secure_storage_service_test.dart: SecureStorageService - User Data getUserData should throw SecureStorageException on read error             00:04 +35 -8: /Users/kcdacre8tor/ everyday-christian/test/secure_storage_service_test.dart: SecureStorageService - User Data hasUserData should return true when data exists                           00:04 +36 -8: /Users/kcdacre8tor/ everyday-christian/test/secure_storage_service_test.dart: SecureStorageService - User Data hasUserData should return true when data exists                           00:04 +36 -8: /Users/kcdacre8tor/ everyday-christian/test/secure_storage_service_test.dart: SecureStorageService - User Data hasUserData should return false when no data exists                       00:04 +37 -8: /Users/kcdacre8tor/ everyday-christian/test/secure_storage_service_test.dart: SecureStorageService - User Data hasUserData should return false when no data exists                       00:04 +37 -8: /Users/kcdacre8tor/ everyday-christian/test/secure_storage_service_test.dart: SecureStorageService - User Data hasUserData should return false on error                                  00:04 +38 -8: /Users/kcdacre8tor/ everyday-christian/test/secure_storage_service_test.dart: SecureStorageService - User Data hasUserData should return false on error                                  00:04 +38 -8: /Users/kcdacre8tor/ everyday-christian/test/secure_storage_service_test.dart: SecureStorageService - Credentials storeUserCredentials should store credentials with timestamp            00:04 +39 -8: /Users/kcdacre8tor/ everyday-christian/test/secure_storage_service_test.dart: SecureStorageService - Credentials storeUserCredentials should store credentials with timestamp            00:04 +39 -8: /Users/kcdacre8tor/ everyday-christian/test/secure_storage_service_test.dart: SecureStorageService - Credentials storeUserCredentials should throw SecureStorageException on error       00:04 +40 -8: /Users/kcdacre8tor/ everyday-christian/test/secure_storage_service_test.dart: SecureStorageService - Credentials storeUserCredentials should throw SecureStorageException on error       00:04 +40 -8: /Users/kcdacre8tor/ everyday-christian/test/secure_storage_service_test.dart: SecureStorageService - Credentials getStoredPassword should return password hash for matching email        00:04 +41 -8: /Users/kcdacre8tor/ everyday-christian/test/secure_storage_service_test.dart: SecureStorageService - Credentials getStoredPassword should return password hash for matching email        00:04 +41 -8: /Users/kcdacre8tor/ everyday-christian/test/secure_storage_service_test.dart: SecureStorageService - Credentials getStoredPassword should return null when no credentials exist          00:04 +42 -8: /Users/kcdacre8tor/ everyday-christian/test/secure_storage_service_test.dart: SecureStorageService - Credentials getStoredPassword should return null when no credentials exist          00:04 +42 -8: /Users/kcdacre8tor/ everyday-christian/test/secure_storage_service_test.dart: SecureStorageService - Credentials getStoredPassword should return null for non-matching email             00:04 +43 -8: /Users/kcdacre8tor/ everyday-christian/test/secure_storage_service_test.dart: SecureStorageService - Credentials getStoredPassword should return null for non-matching email             00:04 +43 -8: /Users/kcdacre8tor/ everyday-christian/test/secure_storage_service_test.dart: SecureStorageService - Credentials getStoredPassword should throw SecureStorageException on error          00:04 +44 -8: /Users/kcdacre8tor/ everyday-christian/test/secure_storage_service_test.dart: SecureStorageService - Credentials getStoredPassword should throw SecureStorageException on error          00:04 +44 -8: /Users/kcdacre8tor/ everyday-christian/test/secure_storage_service_test.dart: SecureStorageService - Credentials hasCredentials should return true when credentials exist                00:04 +45 -8: /Users/kcdacre8tor/ everyday-christian/test/secure_storage_service_test.dart: SecureStorageService - Credentials hasCredentials should return true when credentials exist                00:04 +45 -8: /Users/kcdacre8tor/ everyday-christian/test/secure_storage_service_test.dart: SecureStorageService - Credentials hasCredentials should return false when no credentials exist            00:04 +46 -8: /Users/kcdacre8tor/ everyday-christian/test/secure_storage_service_test.dart: SecureStorageService - Credentials hasCredentials should return false when no credentials exist            00:04 +46 -8: /Users/kcdacre8tor/ everyday-christian/test/secure_storage_service_test.dart: SecureStorageService - Credentials hasCredentials should return false on error                             00:04 +47 -8: /Users/kcdacre8tor/ everyday-christian/test/secure_storage_service_test.dart: SecureStorageService - Credentials hasCredentials should return false on error                             00:04 +47 -8: /Users/kcdacre8tor/ everyday-christian/test/secure_storage_service_test.dart: SecureStorageService - User by Email getUserByEmail should return user data for matching email             00:04 +48 -8: /Users/kcdacre8tor/ everyday-christian/test/secure_storage_service_test.dart: SecureStorageService - User by Email getUserByEmail should return user data for matching email             00:04 +48 -8: /Users/kcdacre8tor/ everyday-christian/test/secure_storage_service_test.dart: SecureStorageService - User by Email getUserByEmail should return null when no user data exists            00:04 +49 -8: /Users/kcdacre8tor/ everyday-christian/test/secure_storage_service_test.dart: SecureStorageService - User by Email getUserByEmail should return null when no user data exists            00:04 +49 -8: /Users/kcdacre8tor/ everyday-christian/test/secure_storage_service_test.dart: SecureStorageService - User by Email getUserByEmail should return null for non-matching email              00:04 +50 -8: /Users/kcdacre8tor/ everyday-christian/test/secure_storage_service_test.dart: SecureStorageService - User by Email getUserByEmail should return null for non-matching email              00:04 +50 -8: /Users/kcdacre8tor/ everyday-christian/test/secure_storage_service_test.dart: SecureStorageService - User by Email getUserByEmail should throw SecureStorageException on error           00:04 +51 -8: /Users/kcdacre8tor/ everyday-christian/test/secure_storage_service_test.dart: SecureStorageService - User by Email getUserByEmail should throw SecureStorageException on error           00:04 +51 -8: /Users/kcdacre8tor/ everyday-christian/test/secure_storage_service_test.dart: SecureStorageService - Biometric setBiometricEnabled should store true as string                           00:04 +52 -8: /Users/kcdacre8tor/ everyday-christian/test/secure_storage_service_test.dart: SecureStorageService - Biometric setBiometricEnabled should store true as string                           00:04 +52 -8: /Users/kcdacre8tor/ everyday-christian/test/secure_storage_service_test.dart: SecureStorageService - Biometric setBiometricEnabled should store false as string                          00:04 +53 -8: /Users/kcdacre8tor/ everyday-christian/test/secure_storage_service_test.dart: SecureStorageService - Biometric setBiometricEnabled should store false as string                          00:04 +53 -8: /Users/kcdacre8tor/ everyday-christian/test/secure_storage_service_test.dart: SecureStorageService - Biometric setBiometricEnabled should throw SecureStorageException on error          00:04 +54 -8: /Users/kcdacre8tor/ everyday-christian/test/secure_storage_service_test.dart: SecureStorageService - Biometric setBiometricEnabled should throw SecureStorageException on error          00:04 +54 -8: /Users/kcdacre8tor/ everyday-christian/test/secure_storage_service_test.dart: SecureStorageService - Biometric isBiometricEnabled should return true when value is "true"                00:04 +55 -8: /Users/kcdacre8tor/ everyday-christian/test/secure_storage_service_test.dart: SecureStorageService - Biometric isBiometricEnabled should return true when value is "true"                00:04 +55 -8: /Users/kcdacre8tor/ everyday-christian/test/secure_storage_service_test.dart: SecureStorageService - Biometric isBiometricEnabled should return true when value is "TRUE"                00:04 +56 -8: /Users/kcdacre8tor/ everyday-christian/test/secure_storage_service_test.dart: SecureStorageService - Biometric isBiometricEnabled should return true when value is "TRUE"                00:04 +56 -8: /Users/kcdacre8tor/ everyday-christian/test/secure_storage_service_test.dart: SecureStorageService - Biometric isBiometricEnabled should return false when value is "false"              00:04 +57 -8: /Users/kcdacre8tor/ everyday-christian/test/secure_storage_service_test.dart: SecureStorageService - Biometric isBiometricEnabled should return false when value is "false"              00:04 +57 -8: /Users/kcdacre8tor/ everyday-christian/test/secure_storage_service_test.dart: SecureStorageService - Biometric isBiometricEnabled should return false when value is null                 00:04 +58 -8: /Users/kcdacre8tor/ everyday-christian/test/secure_storage_service_test.dart: SecureStorageService - Biometric isBiometricEnabled should return false when value is null                 00:04 +58 -8: /Users/kcdacre8tor/ everyday-christian/test/secure_storage_service_test.dart: SecureStorageService - Biometric isBiometricEnabled should return false on error                           00:04 +59 -8: /Users/kcdacre8tor/ everyday-christian/test/secure_storage_service_test.dart: SecureStorageService - Biometric isBiometricEnabled should return false on error                           00:04 +59 -8: /Users/kcdacre8tor/ everyday-christian/test/secure_storage_service_test.dart: SecureStorageService - Last Login setLastLogin should store current timestamp                              00:04 +60 -8: /Users/kcdacre8tor/ everyday-christian/test/secure_storage_service_test.dart: SecureStorageService - Last Login setLastLogin should store current timestamp                              00:04 +60 -8: /Users/kcdacre8tor/ everyday-christian/test/secure_storage_service_test.dart: SecureStorageService - Last Login setLastLogin should throw SecureStorageException on error                00:04 +61 -8: /Users/kcdacre8tor/ everyday-christian/test/secure_storage_service_test.dart: SecureStorageService - Last Login setLastLogin should throw SecureStorageException on error                00:04 +61 -8: /Users/kcdacre8tor/ everyday-christian/test/secure_storage_service_test.dart: SecureStorageService - Last Login getLastLogin should return DateTime from stored timestamp                00:04 +62 -8: /Users/kcdacre8tor/ everyday-christian/test/secure_storage_service_test.dart: SecureStorageService - Last Login getLastLogin should return DateTime from stored timestamp                00:04 +62 -8: /Users/kcdacre8tor/ everyday-christian/test/secure_storage_service_test.dart: SecureStorageService - Last Login getLastLogin should return null when no timestamp exists                 00:04 +63 -8: /Users/kcdacre8tor/ everyday-christian/test/secure_storage_service_test.dart: SecureStorageService - Last Login getLastLogin should return null when no timestamp exists                 00:04 +63 -8: /Users/kcdacre8tor/ everyday-christian/test/secure_storage_service_test.dart: SecureStorageService - Last Login getLastLogin should return null for invalid timestamp string             00:04 +64 -8: /Users/kcdacre8tor/ everyday-christian/test/secure_storage_service_test.dart: SecureStorageService - Last Login getLastLogin should return null for invalid timestamp string             00:04 +64 -8: /Users/kcdacre8tor/ everyday-christian/test/secure_storage_service_test.dart: SecureStorageService - Last Login getLastLogin should return null on error                                 00:04 +65 -8: /Users/kcdacre8tor/ everyday-christian/test/secure_storage_service_test.dart: SecureStorageService - Last Login getLastLogin should return null on error                                 00:04 +65 -8: /Users/kcdacre8tor/ everyday-christian/test/secure_storage_service_test.dart: SecureStorageService - Session Token storeSessionToken should store token successfully                     00:04 +66 -8: /Users/kcdacre8tor/ everyday-christian/test/secure_storage_service_test.dart: SecureStorageService - Session Token storeSessionToken should store token successfully                     00:04 +66 -8: /Users/kcdacre8tor/ everyday-christian/test/secure_storage_service_test.dart: SecureStorageService - Session Token storeSessionToken should throw SecureStorageException on error        00:04 +67 -8: /Users/kcdacre8tor/ everyday-christian/test/secure_storage_service_test.dart: SecureStorageService - Session Token storeSessionToken should throw SecureStorageException on error        00:04 +67 -8: /Users/kcdacre8tor/ everyday-christian/test/secure_storage_service_test.dart: SecureStorageService - Session Token getSessionToken should return stored token                            00:04 +68 -8: /Users/kcdacre8tor/ everyday-christian/test/secure_storage_service_test.dart: SecureStorageService - Session Token getSessionToken should return stored token                            00:04 +68 -8: /Users/kcdacre8tor/ everyday-christian/test/secure_storage_service_test.dart: SecureStorageService - Session Token getSessionToken should return null when no token exists               00:04 +69 -8: /Users/kcdacre8tor/ everyday-christian/test/secure_storage_service_test.dart: SecureStorageService - Session Token getSessionToken should return null when no token exists               00:04 +69 -8: /Users/kcdacre8tor/ everyday-christian/test/secure_storage_service_test.dart: SecureStorageService - Session Token getSessionToken should return null on error                           00:04 +70 -8: /Users/kcdacre8tor/ everyday-christian/test/secure_storage_service_test.dart: SecureStorageService - Session Token getSessionToken should return null on error                           00:04 +70 -8: /Users/kcdacre8tor/ everyday-christian/test/secure_storage_service_test.dart: SecureStorageService - Clear Data clearUserData should delete user data, session token, and last login     00:04 +71 -8: /Users/kcdacre8tor/ everyday-christian/test/secure_storage_service_test.dart: SecureStorageService - Clear Data clearUserData should delete user data, session token, and last login     00:04 +71 -8: /Users/kcdacre8tor/ everyday-christian/test/secure_storage_service_test.dart: SecureStorageService - Clear Data clearUserData should throw SecureStorageException on error               00:04 +72 -8: /Users/kcdacre8tor/ everyday-christian/test/secure_storage_service_test.dart: SecureStorageService - Clear Data clearUserData should throw SecureStorageException on error               00:04 +72 -8: /Users/kcdacre8tor/ everyday-christian/test/secure_storage_service_test.dart: SecureStorageService - Clear Data clearCredentials should delete credentials                               00:04 +73 -8: /Users/kcdacre8tor/ everyday-christian/test/secure_storage_service_test.dart: SecureStorageService - Clear Data clearCredentials should delete credentials                               00:04 +73 -8: /Users/kcdacre8tor/ everyday-christian/test/secure_storage_service_test.dart: SecureStorageService - Clear Data clearCredentials should throw SecureStorageException on error            00:04 +74 -8: /Users/kcdacre8tor/ everyday-christian/test/secure_storage_service_test.dart: SecureStorageService - Clear Data clearCredentials should throw SecureStorageException on error            00:04 +74 -8: /Users/kcdacre8tor/ everyday-christian/test/secure_storage_service_test.dart: SecureStorageService - Clear Data clearAllData should delete all stored data                               00:04 +75 -8: /Users/kcdacre8tor/ everyday-christian/test/secure_storage_service_test.dart: SecureStorageService - Clear Data clearAllData should delete all stored data                               00:04 +75 -8: /Users/kcdacre8tor/ everyday-christian/test/secure_storage_service_test.dart: SecureStorageService - Clear Data clearAllData should throw SecureStorageException on error                00:04 +76 -8: /Users/kcdacre8tor/ everyday-christian/test/secure_storage_service_test.dart: SecureStorageService - Clear Data clearAllData should throw SecureStorageException on error                00:04 +76 -8: /Users/kcdacre8tor/ everyday-christian/test/secure_storage_service_test.dart: SecureStorageService - Storage Keys getAllKeys should return list of all stored keys                       00:04 +77 -8: /Users/kcdacre8tor/ everyday-christian/test/secure_storage_service_test.dart: SecureStorageService - Storage Keys getAllKeys should return list of all stored keys                       00:04 +77 -8: /Users/kcdacre8tor/ everyday-christian/test/secure_storage_service_test.dart: SecureStorageService - Storage Keys getAllKeys should return empty list when no data exists                00:04 +78 -8: /Users/kcdacre8tor/ everyday-christian/test/secure_storage_service_test.dart: SecureStorageService - Storage Keys getAllKeys should return empty list when no data exists                00:04 +78 -8: /Users/kcdacre8tor/ everyday-christian/test/secure_storage_service_test.dart: SecureStorageService - Storage Keys getAllKeys should return empty list on error                           00:04 +79 -8: /Users/kcdacre8tor/ everyday-christian/test/secure_storage_service_test.dart: SecureStorageService - Storage Keys getAllKeys should return empty list on error                           00:04 +79 -8: /Users/kcdacre8tor/ everyday-christian/test/secure_storage_service_test.dart: SecureStorageService - Health Check checkHealth should return healthy status with all data                 00:04 +80 -8: /Users/kcdacre8tor/ everyday-christian/test/secure_storage_service_test.dart: SecureStorageService - Health Check checkHealth should return healthy status with all data                 00:04 +80 -8: /Users/kcdacre8tor/ everyday-christian/test/secure_storage_service_test.dart: SecureStorageService - Health Check checkHealth should return healthy status with no data                  00:04 +81 -8: /Users/kcdacre8tor/ everyday-christian/test/secure_storage_service_test.dart: SecureStorageService - Health Check checkHealth should return healthy status with no data                  00:04 +81 -8: /Users/kcdacre8tor/ everyday-christian/test/secure_storage_service_test.dart: SecureStorageService - Health Check checkHealth should return healthy with false values on storage errors  00:04 +82 -8: /Users/kcdacre8tor/ everyday-christian/test/secure_storage_service_test.dart: SecureStorageService - Health Check checkHealth should return healthy with false values on storage errors  00:04 +82 -8: /Users/kcdacre8tor/ everyday-christian/test/secure_storage_service_test.dart: SecureStorageService - Data Export/Import exportData should return JSON string of all data                 00:04 +83 -8: /Users/kcdacre8tor/ everyday-christian/test/secure_storage_service_test.dart: SecureStorageService - Data Export/Import exportData should return JSON string of all data                 00:04 +83 -8: /Users/kcdacre8tor/ everyday-christian/test/secure_storage_service_test.dart: SecureStorageService - Data Export/Import exportData should throw SecureStorageException on error          00:04 +84 -8: /Users/kcdacre8tor/ everyday-christian/test/secure_storage_service_test.dart: SecureStorageService - Data Export/Import exportData should throw SecureStorageException on error          00:04 +84 -8: /Users/kcdacre8tor/ everyday-christian/test/secure_storage_service_test.dart: SecureStorageService - Data Export/Import importData should clear and restore all data                     00:04 +85 -8: /Users/kcdacre8tor/ everyday-christian/test/secure_storage_service_test.dart: SecureStorageService - Data Export/Import importData should clear and restore all data                     00:04 +85 -8: /Users/kcdacre8tor/ everyday-christian/test/secure_storage_service_test.dart: SecureStorageService - Data Export/Import importData should throw SecureStorageException on invalid JSON   00:04 +86 -8: /Users/kcdacre8tor/ everyday-christian/test/secure_storage_service_test.dart: SecureStorageService - Data Export/Import importData should throw SecureStorageException on invalid JSON   00:04 +86 -8: /Users/kcdacre8tor/ everyday-christian/test/secure_storage_service_test.dart: SecureStorageService - Data Export/Import importData should throw SecureStorageException on clear error    00:04 +87 -8: /Users/kcdacre8tor/ everyday-christian/test/secure_storage_service_test.dart: SecureStorageService - Data Export/Import importData should throw SecureStorageException on clear error    00:04 +87 -8: /Users/kcdacre8tor/ everyday-christian/test/secure_storage_service_test.dart: SecureStorageService - Data Export/Import importData should throw SecureStorageException on write error    00:04 +88 -8: /Users/kcdacre8tor/ everyday-christian/test/secure_storage_service_test.dart: SecureStorageService - Data Export/Import importData should throw SecureStorageException on write error    00:04 +88 -8: /Users/kcdacre8tor/ everyday-christian/test/secure_storage_service_test.dart: StorageHealthCheck Model should create health check with all properties                                    00:04 +89 -8: /Users/kcdacre8tor/ everyday-christian/test/secure_storage_service_test.dart: StorageHealthCheck Model should create health check with all properties                                    00:04 +89 -8: /Users/kcdacre8tor/ everyday-christian/test/secure_storage_service_test.dart: StorageHealthCheck Model should create unhealthy check with error                                          00:04 +90 -8: /Users/kcdacre8tor/ everyday-christian/test/secure_storage_service_test.dart: StorageHealthCheck Model should create unhealthy check with error                                          00:04 +90 -8: /Users/kcdacre8tor/ everyday-christian/test/secure_storage_service_test.dart: StorageHealthCheck Model should generate empty summary when no data stored                                 00:04 +91 -8: /Users/kcdacre8tor/ everyday-christian/test/secure_storage_service_test.dart: StorageHealthCheck Model should generate empty summary when no data stored                                 00:04 +91 -8: /Users/kcdacre8tor/ everyday-christian/test/secure_storage_service_test.dart: StorageHealthCheck Model should generate summary with user data                                            00:04 +92 -8: /Users/kcdacre8tor/ everyday-christian/test/secure_storage_service_test.dart: StorageHealthCheck Model should generate summary with user data                                            00:04 +92 -8: /Users/kcdacre8tor/ everyday-christian/test/secure_storage_service_test.dart: StorageHealthCheck Model should generate summary with credentials                                          00:04 +93 -8: /Users/kcdacre8tor/ everyday-christian/test/database_migrations_test.dart: (setUpAll)                                                                                                    00:04 +94 -8: /Users/kcdacre8tor/ everyday-christian/test/database_migrations_test.dart: (setUpAll)                                                                                                    00:04 +95 -8: /Users/kcdacre8tor/ everyday-christian/test/database_migrations_test.dart: (setUpAll)                                                                                                    00:04 +96 -8: /Users/kcdacre8tor/ everyday-christian/test/database_migrations_test.dart: (setUpAll)                                                                                                    00:04 +97 -8: /Users/kcdacre8tor/ everyday-christian/test/database_migrations_test.dart: (setUpAll)                                                                                                    00:04 +98 -8: /Users/kcdacre8tor/ everyday-christian/test/database_migrations_test.dart: (setUpAll)                                                                                                    00:04 +98 -8: /Users/kcdacre8tor/ everyday-christian/test/secure_storage_service_test.dart: StorageHealthCheck Model should generate toString representation                                           00:04 +99 -8: /Users/kcdacre8tor/ everyday-christian/test/database_migrations_test.dart: Database Migration Logic v1 to v2 migration - adds reading plan columns                                       00:04 +100 -8: /Users/kcdacre8tor/ everyday-christian/test/database_migrations_test.dart: Database Migration Logic v1 to v2 migration - adds reading plan columns                                      00:04 +101 -8: /Users/kcdacre8tor/ everyday-christian/test/database_migrations_test.dart: Database Migration Logic v1 to v2 migration - adds reading plan columns                                      00:04 +102 -8: /Users/kcdacre8tor/ everyday-christian/test/database_migrations_test.dart: Database Migration Logic v1 to v2 migration - adds reading plan columns                                      00:04 +103 -8: /Users/kcdacre8tor/ everyday-christian/test/database_migrations_test.dart: Database Migration Logic v1 to v2 migration - adds reading plan columns                                      00:04 +104 -8: /Users/kcdacre8tor/ everyday-christian/test/database_migrations_test.dart: Database Migration Logic v1 to v2 migration - adds reading plan columns                                      00:04 +105 -8: /Users/kcdacre8tor/ everyday-christian/test/database_migrations_test.dart: Database Migration Logic v1 to v2 migration - adds reading plan columns                                      00:04 +106 -8: /Users/kcdacre8tor/ everyday-christian/test/database_migrations_test.dart: Database Migration Logic v1 to v2 migration - adds reading plan columns                                      00:04 +107 -8: /Users/kcdacre8tor/ everyday-christian/test/database_migrations_test.dart: Database Migration Logic v1 to v2 migration - adds reading plan columns                                      00:04 +108 -8: /Users/kcdacre8tor/ everyday-christian/test/database_migrations_test.dart: Database Migration Logic v1 to v2 migration - adds reading plan columns                                      00:04 +109 -8: /Users/kcdacre8tor/ everyday-christian/test/database_migrations_test.dart: Database Migration Logic v1 to v2 migration - adds reading plan columns                                      00:04 +110 -8: /Users/kcdacre8tor/ everyday-christian/test/database_migrations_test.dart: Database Migration Logic v1 to v2 migration - adds reading plan columns                                      00:04 +111 -8: /Users/kcdacre8tor/ everyday-christian/test/database_migrations_test.dart: Database Migration Logic v1 to v2 migration - adds reading plan columns                                      00:04 +112 -8: /Users/kcdacre8tor/ everyday-christian/test/database_migrations_test.dart: Database Migration Logic v1 to v2 migration - adds reading plan columns                                      00:04 +113 -8: /Users/kcdacre8tor/ everyday-christian/test/database_migrations_test.dart: Database Migration Logic v1 to v2 migration - adds reading plan columns                                      00:04 +114 -8: /Users/kcdacre8tor/ everyday-christian/test/database_migrations_test.dart: Database Migration Logic v1 to v2 migration - adds reading plan columns                                      00:04 +115 -8: /Users/kcdacre8tor/ everyday-christian/test/database_migrations_test.dart: Database Migration Logic v1 to v2 migration - adds reading plan columns                                      00:04 +115 -8: /Users/kcdacre8tor/ everyday-christian/test/database_migrations_test.dart: Database Migration Logic v1 to v2 migration - adds reading plan columns                                      
ℹ️ [2025-10-17 18:19:24.009] [INFO   ] [DatabaseHelper] Initializing database at: /var/folders/xr/gkwwkksn2_q7_927bk89tlmh0000gn/T/migration_test_dGJo0p/test_v1.db
❌ [2025-10-17 18:19:24.044] [ERROR  ] Migration v1→v2 failed: SqfliteFfiException(sqlite_error: 1, , SqliteException(1): while executing, no such table: prayer_categories, SQL logic error (code 1)
  Causing statement: ALTER TABLE prayer_categories RENAME COLUMN sort_order TO display_order, parameters: }) DatabaseException(SqliteException(1): while executing, no such table: prayer_categories, SQL logic error (code 1)
  Causing statement: ALTER TABLE prayer_categories RENAME COLUMN sort_order TO display_order, parameters: ) sql 'ALTER TABLE prayer_categories RENAME COLUMN sort_order TO display_order' {details: {database: {path: /var/folders/xr/gkwwkksn2_q7_927bk89tlmh0000gn/T/migration_test_dGJo0p/test_v1.db, id: 2, readOnly: false, singleInstance: true}}}
error SqfliteFfiException(sqlite_error: 1, , SqliteException(1): while executing, no such table: prayer_categories, SQL logic error (code 1)
  Causing statement: ALTER TABLE prayer_categories RENAME COLUMN sort_order TO display_order, parameters: }) DatabaseException(SqliteException(1): while executing, no such table: prayer_categories, SQL logic error (code 1)
  Causing statement: ALTER TABLE prayer_categories RENAME COLUMN sort_order TO display_order, parameters: ) sql 'ALTER TABLE prayer_categories RENAME COLUMN sort_order TO display_order' {details: {database: {path: /var/folders/xr/gkwwkksn2_q7_927bk89tlmh0000gn/T/migration_test_dGJo0p/test_v1.db, id: 2, readOnly: false, singleInstance: true}}} during open, closing...
💀 [2025-10-17 18:19:24.059] [FATAL  ] [DatabaseHelper] Database initialization failed
Stack trace:
#0      responseToResultOrThrow (package:sqflite_common_ffi/src/method_call.dart:125:9)
#1      SqfliteIsolate.handle (package:sqflite_common_ffi/src/isolate.dart:35:12)
<asynchronous suspension>
#2      _isolateHandle (package:sqflite_common_ffi/src/database_factory_ffi_io.dart:106:10)
<asynchronous suspension>
#3      ffiMethodCallhandleInIsolate (package:sqflite_common_ffi/src/database_factory_ffi_io.dart:59:18)
<asynchronous suspension>
#4      _SqfliteDatabaseFactoryImpl.invokeMethod (package:sqflite_common/src/mixin/factory.dart:22:8)
<asynchronous suspension>
#5      SqfliteDatabaseMixin.txnSynchronized (package:sqflite_common/src/database_mixin.dart:554:16)
<asynchronous suspension>
#6      DatabaseHelper._onUpgrade (package:everyday_christian/core/database/database_helper.dart:410:9)
<asynchronous suspension>
#7      SqfliteDatabaseMixin.doOpen.<anonymous closure> (package:sqflite_common/src/database_mixin.dart:1143:19)
<asynchronous suspension>
#8      SqfliteDatabaseMixinExt._txnTransaction (package:sqflite_common/src/database_mixin.dart:388:16)
<asynchronous suspension>
#9      BasicLock.synchronized (package:synchronized/src/basic_lock.dart:38:16)
<asynchronous suspension>
#10     SqfliteDatabaseMixin.txnSynchronized (package:sqflite_common/src/database_mixin.dart:589:14)
<asynchronous suspension>
#11     SqfliteDatabaseMixin.doOpen (package:sqflite_common/src/database_mixin.dart:1126:13)
<asynchronous suspension>
#12     SqfliteDatabaseOpenHelper.openDatabase (package:sqflite_common/src/database.dart:46:7)
<asynchronous suspension>
#13     SqfliteDatabaseFactoryMixin.openDatabase.<anonymous closure> (package:sqflite_common/src/factory_mixin.dart:115:18)
<asynchronous suspension>
#14     ReentrantLock.synchronized.<anonymous closure> (package:synchronized/src/reentrant_lock.dart:40:18)
<asynchronous suspension>
#15     BasicLock.synchronized (package:synchronized/src/basic_lock.dart:38:16)
<asynchronous suspension>
#16     DatabaseHelper._initDatabase (package:everyday_christian/core/database/database_helper.dart:65:14)
00:04 +115 -8: /Users/kcdacre8tor/ everyday-christian/test/reading_plan_progress_enhanced_test.dart: Enhanced Progress Tracking - Calendar Heatmap should return empty heatmap for new plan            
ℹ️ [2025-10-17 18:19:24.059] [INFO   ] [DatabaseHelper] Initializing database at: :memory:
00:04 +115 -8: /Users/kcdacre8tor/ everyday-christian/test/database_migrations_test.dart: Database Migration Logic v1 to v2 migration - adds reading plan columns                                      
<asynchronous suspension>
#17     DatabaseHelper.database (package:everyday_christian/core/database/database_helper.dart:35:21)
<asynchronous suspension>
#18     DatabaseService.database (package:everyday_christian/core/services/database_service.dart:11:42)
<asynchronous suspension>
#19     main.<anonymous closure>.<anonymous closure> (file:///Users/kcdacre8tor/%20everyday-christian/test/database_migrations_test.dart:92:20)
<asynchronous suspension>
#20     Declarer.test.<anonymous closure>.<anonymous closure> (package:test_api/src/backend/declarer.dart:242:9)
<asynchronous suspension>
#21     Declarer.test.<anonymous closure> (package:test_api/src/backend/declarer.dart:240:7)
<asynchronous suspension>
#22     Invoker._waitForOutstandingCallbacks.<anonymous closure> (package:test_api/src/backend/invoker.dart:282:9)
<asynchronous suspension>

💀 [2025-10-17 18:19:24.076] [FATAL  ] [DatabaseHelper] Failed to get database instance
Stack trace:
#0      DatabaseHelper._initDatabase (package:everyday_christian/core/database/database_helper.dart:78:7)
<asynchronous suspension>
#1      DatabaseHelper.database (package:everyday_christian/core/database/database_helper.dart:35:21)
<asynchronous suspension>
#2      DatabaseService.database (package:everyday_christian/core/services/database_service.dart:11:42)
<asynchronous suspension>
#3      main.<anonymous closure>.<anonymous closure> (file:///Users/kcdacre8tor/%20everyday-christian/test/database_migrations_test.dart:92:20)
<asynchronous suspension>
#4      Declarer.test.<anonymous closure>.<anonymous closure> (package:test_api/src/backend/declarer.dart:242:9)
<asynchronous suspension>
#5      Declarer.test.<anonymous closure> (package:test_api/src/backend/declarer.dart:240:7)
<asynchronous suspension>
#6      Invoker._waitForOutstandingCallbacks.<anonymous closure> (package:test_api/src/backend/invoker.dart:282:9)
<asynchronous suspension>

00:04 +115 -9: /Users/kcdacre8tor/ everyday-christian/test/reading_plan_progress_enhanced_test.dart: Enhanced Progress Tracking - Calendar Heatmap should return empty heatmap for new plan            
ℹ️ [2025-10-17 18:19:24.132] [INFO   ] [DatabaseHelper] Creating database schema v5
00:04 +115 -9: /Users/kcdacre8tor/ everyday-christian/test/database_migrations_test.dart: Database Migration Logic v1 to v2 migration - adds reading plan columns [E]                                  
  AppError.database(message: Failed to initialize database, details: AppError.database(message: Failed to open database, details: SqfliteFfiException(sqlite_error: 1, , SqliteException(1): while executing, no such table: prayer_categories, SQL logic error (code 1)
    Causing statement: ALTER TABLE prayer_categories RENAME COLUMN sort_order TO display_order, parameters: }) DatabaseException(SqliteException(1): while executing, no such table: prayer_categories, SQL logic error (code 1)
    Causing statement: ALTER TABLE prayer_categories RENAME COLUMN sort_order TO display_order, parameters: ) sql 'ALTER TABLE prayer_categories RENAME COLUMN sort_order TO display_order' {details: {database: {path: /var/folders/xr/gkwwkksn2_q7_927bk89tlmh0000gn/T/migration_test_dGJo0p/test_v1.db, id: 2, readOnly: false, singleInstance: true}}}, severity: ErrorSeverity.fatal, query: null, table: null), severity: ErrorSeverity.fatal, query: null, table: null)
  package:everyday_christian/core/database/database_helper.dart 43:7  DatabaseHelper.database
  

To run this test again: /Users/kcdacre8tor/flutter/bin/cache/dart-sdk/bin/dart test /Users/kcdacre8tor/ everyday-christian/test/database_migrations_test.dart -p vm --plain-name 'Database Migration Logic v1 to v2 migration - adds reading plan columns'
00:04 +115 -9: /Users/kcdacre8tor/ everyday-christian/test/reading_plan_progress_enhanced_test.dart: Enhanced Progress Tracking - Calendar Heatmap should return empty heatmap for new plan            00:04 +115 -9: /Users/kcdacre8tor/ everyday-christian/test/database_migrations_test.dart: Database Migration Logic v2 to v3 migration - adds devotional column and prayer table                        
ℹ️ [2025-10-17 18:19:24.194] [INFO   ] [DatabaseHelper] Initializing database at: /var/folders/xr/gkwwkksn2_q7_927bk89tlmh0000gn/T/migration_test_yfYQVi/test_v2.db
❌ [2025-10-17 18:19:24.206] [ERROR  ] Foreign key migration failed: SqfliteFfiException(sqlite_error: 1, , SqliteException(1): while executing, no such table: prayer_requests, SQL logic error (code 1)
  Causing statement:           INSERT INTO prayer_requests_new
          SELECT * FROM prayer_requests
        , parameters: }) DatabaseException(SqliteException(1): while executing, no such table: prayer_requests, SQL logic error (code 1)
  Causing statement:           INSERT INTO prayer_requests_new
          SELECT * FROM prayer_requests
        , parameters: ) sql '          INSERT INTO prayer_requests_new
          SELECT * FROM prayer_requests
        ' {details: {database: {path: /var/folders/xr/gkwwkksn2_q7_927bk89tlmh0000gn/T/migration_test_yfYQVi/test_v2.db, id: 4, readOnly: false, singleInstance: true}}}
❌ [2025-10-17 18:19:24.212] [ERROR  ] Failed to add is_default column: SqfliteFfiException(sqlite_error: 1, , SqliteException(1): while executing, no such table: prayer_categories, SQL logic error (code 1)
  Causing statement: ALTER TABLE prayer_categories ADD COLUMN is_default INTEGER DEFAULT 0, parameters: }) DatabaseException(SqliteException(1): while executing, no such table: prayer_categories, SQL logic error (code 1)
  Causing statement: ALTER TABLE prayer_categories ADD COLUMN is_default INTEGER DEFAULT 0, parameters: ) sql 'ALTER TABLE prayer_categories ADD COLUMN is_default INTEGER DEFAULT 0' {details: {database: {path: /var/folders/xr/gkwwkksn2_q7_927bk89tlmh0000gn/T/migration_test_yfYQVi/test_v2.db, id: 4, readOnly: false, singleInstance: true}}}
❌ [2025-10-17 18:19:24.217] [ERROR  ] Failed to add date_created column: SqfliteFfiException(sqlite_error: 1, , SqliteException(1): while executing, no such table: prayer_categories, SQL logic error (code 1)
  Causing statement: ALTER TABLE prayer_categories ADD COLUMN date_created INTEGER NOT NULL DEFAULT 0, parameters: }) DatabaseException(SqliteException(1): while executing, no such table: prayer_categories, SQL logic error (code 1)
  Causing statement: ALTER TABLE prayer_categories ADD COLUMN date_created INTEGER NOT NULL DEFAULT 0, parameters: ) sql 'ALTER TABLE prayer_categories ADD COLUMN date_created INTEGER NOT NULL DEFAULT 0' {details: {database: {path: /var/folders/xr/gkwwkksn2_q7_927bk89tlmh0000gn/T/migration_test_yfYQVi/test_v2.db, id: 4, readOnly: false, singleInstance: true}}}
❌ [2025-10-17 18:19:24.225] [ERROR  ] Failed to add date_modified column: SqfliteFfiException(sqlite_error: 1, , SqliteException(1): while executing, no such table: prayer_categories, SQL logic error (code 1)
  Causing statement: ALTER TABLE prayer_categories ADD COLUMN date_modified INTEGER, parameters: }) DatabaseException(SqliteException(1): while executing, no such table: prayer_categories, SQL logic error (code 1)
  Causing statement: ALTER TABLE prayer_categories ADD COLUMN date_modified INTEGER, parameters: ) sql 'ALTER TABLE prayer_categories ADD COLUMN date_modified INTEGER' {details: {database: {path: /var/folders/xr/gkwwkksn2_q7_927bk89tlmh0000gn/T/migration_test_yfYQVi/test_v2.db, id: 4, readOnly: false, singleInstance: true}}}
❌ [2025-10-17 18:19:24.228] [ERROR  ] Failed to migrate created_at: SqfliteFfiException(sqlite_error: 1, , SqliteException(1): while executing, no such table: prayer_categories, SQL logic error (code 1)
  Causing statement: UPDATE prayer_categories SET date_created = created_at WHERE date_created = 0, parameters: }) DatabaseException(SqliteException(1): while executing, no such table: prayer_categories, SQL logic error (code 1)
  Causing statement: UPDATE prayer_categories SET date_created = created_at WHERE date_created = 0, parameters: ) sql 'UPDATE prayer_categories SET date_created = created_at WHERE date_created = 0' {details: {database: {path: /var/folders/xr/gkwwkksn2_q7_927bk89tlmh0000gn/T/migration_test_yfYQVi/test_v2.db, id: 4, readOnly: false, singleInstance: true}}}
ℹ️ [2025-10-17 18:19:24.229] [INFO   ] Migrating v4→v5: Removing duplicate verses table
ℹ️ [2025-10-17 18:19:24.234] [INFO   ] ✅ Migration v4→v5 complete: Removed verses table, using bible_verses only
00:04 +116 -9: /Users/kcdacre8tor/ everyday-christian/test/reading_plan_progress_enhanced_test.dart: Enhanced Progress Tracking - Calendar Heatmap should return empty heatmap for new plan            00:04 +116 -9: /Users/kcdacre8tor/ everyday-christian/test/reading_plan_progress_enhanced_test.dart: Enhanced Progress Tracking - Calendar Heatmap should return empty heatmap for new plan            
ℹ️ [2025-10-17 18:19:24.237] [INFO   ] [DatabaseHelper] Database schema created successfully
00:04 +117 -9: /Users/kcdacre8tor/ everyday-christian/test/reading_plan_progress_enhanced_test.dart: Enhanced Progress Tracking - Calendar Heatmap should return empty heatmap for new plan            00:04 +117 -9: /Users/kcdacre8tor/ everyday-christian/test/database_migrations_test.dart: Database Migration Logic v2 to v3 migration - adds devotional column and prayer table                        
📦 Running database migrations from v1 to v2
🔄 Migrating to schema v2...
  → Fixing favorite_verses foreign key...
00:04 +118 -9: /Users/kcdacre8tor/ everyday-christian/test/reading_plan_progress_enhanced_test.dart: Enhanced Progress Tracking - Calendar Heatmap should return empty heatmap for new plan            00:04 +118 -9: /Users/kcdacre8tor/ everyday-christian/test/database_migrations_test.dart: Database Migration Logic v2 to v3 migration - adds devotional column and prayer table                        
❌ Migration to v2 failed: SqfliteFfiException(sqlite_error: 1, , SqliteException(1): while executing, no such table: favorite_verses, SQL logic error (code 1)
  Causing statement: INSERT INTO favorite_verses_new SELECT * FROM favorite_verses, parameters: }) DatabaseException(SqliteException(1): while executing, no such table: favorite_verses, SQL logic error (code 1)
00:04 +119 -9: /Users/kcdacre8tor/ everyday-christian/test/reading_plan_progress_enhanced_test.dart: Enhanced Progress Tracking - Calendar Heatmap should return empty heatmap for new plan            00:04 +119 -9: /Users/kcdacre8tor/ everyday-christian/test/database_migrations_test.dart: Database Migration Logic v2 to v3 migration - adds devotional column and prayer table                        
  Causing statement: INSERT INTO favorite_verses_new SELECT * FROM favorite_verses, parameters: ) sql 'INSERT INTO favorite_verses_new SELECT * FROM favorite_verses' {details: {database: {path: /var/folders/xr/gkwwkksn2_q7_927bk89tlmh0000gn/T/migration_test_yfYQVi/test_v2.db, id: 4, readOnly: false, singleInstance: true}}}
00:04 +119 -9: /Users/kcdacre8tor/ everyday-christian/test/reading_plan_progress_enhanced_test.dart: Enhanced Progress Tracking - Calendar Heatmap should return empty heatmap for new plan            
📦 Running database migrations from v1 to v2
00:04 +119 -9: /Users/kcdacre8tor/ everyday-christian/test/database_migrations_test.dart: Database Migration Logic v2 to v3 migration - adds devotional column and prayer table                        
#0      responseToResultOrThrow (package:sqflite_common_ffi/src/method_call.dart:125:9)
#1      SqfliteIsolate.handle (package:sqflite_common_ffi/src/isolate.dart:35:12)
00:04 +119 -9: /Users/kcdacre8tor/ everyday-christian/test/reading_plan_progress_enhanced_test.dart: Enhanced Progress Tracking - Calendar Heatmap should return empty heatmap for new plan            
🔄 Migrating to schema v2...
00:04 +119 -9: /Users/kcdacre8tor/ everyday-christian/test/database_migrations_test.dart: Database Migration Logic v2 to v3 migration - adds devotional column and prayer table                        
<asynchronous suspension>
#2      _isolateHandle (package:sqflite_common_ffi/src/database_factory_ffi_io.dart:106:10)
<asynchronous suspension>
#3      ffiMethodCallhandleInIsolate (package:sqflite_common_ffi/src/database_factory_ffi_io.dart:59:18)
<asynchronous suspension>
#4      _SqfliteDatabaseFactoryImpl.invokeMethod (package:sqflite_common/src/mixin/factory.dart:22:8)
<asynchronous suspension>
#5      SqfliteDatabaseMixin.txnSynchronized (package:sqflite_common/src/database_mixin.dart:554:16)
<asynchronous suspension>
#6      DatabaseMigrator._migrateToV2.<anonymous closure> (package:everyday_christian/core/database/migrations/database_migrator.dart:54:9)
<asynchronous suspension>
#7      SqfliteDatabaseMixinExt._txnTransaction (package:sqflite_common/src/database_mixin.dart:388:16)
<asynchronous suspension>
#8      BasicLock.synchronized (package:synchronized/src/basic_lock.dart:38:16)
<asynchronous suspension>
#9      SqfliteDatabaseMixin.txnSynchronized (package:sqflite_common/src/database_mixin.dart:589:14)
<asynchronous suspension>
#10     DatabaseMigrator._migrateToV2 (package:everyday_christian/core/database/migrations/database_migrator.dart:35:7)
<asynchronous suspension>
#11     DatabaseMigrator.migrate (package:everyday_christian/core/database/migrations/database_migrator.dart:22:7)
00:04 +119 -9: /Users/kcdacre8tor/ everyday-christian/test/reading_plan_progress_enhanced_test.dart: Enhanced Progress Tracking - Calendar Heatmap should return empty heatmap for new plan            
  → Fixing favorite_verses foreign key...
00:04 +119 -9: /Users/kcdacre8tor/ everyday-christian/test/database_migrations_test.dart: Database Migration Logic v2 to v3 migration - adds devotional column and prayer table                        
<asynchronous suspension>
#12     DatabaseHelper._onOpen (package:everyday_christian/core/database/database_helper.dart:533:7)
<asynchronous suspension>
#13     SqfliteDatabaseMixin.doOpen (package:sqflite_common/src/database_mixin.dart:1171:9)
<asynchronous suspension>
#14     SqfliteDatabaseOpenHelper.openDatabase (package:sqflite_common/src/database.dart:46:7)
<asynchronous suspension>
#15     SqfliteDatabaseFactoryMixin.openDatabase.<anonymous closure> (package:sqflite_common/src/factory_mixin.dart:115:18)
<asynchronous suspension>
00:04 +120 -9: /Users/kcdacre8tor/ everyday-christian/test/reading_plan_progress_enhanced_test.dart: Enhanced Progress Tracking - Calendar Heatmap should return empty heatmap for new plan            00:04 +120 -9: /Users/kcdacre8tor/ everyday-christian/test/database_migrations_test.dart: Database Migration Logic v2 to v3 migration - adds devotional column and prayer table                        
#16     ReentrantLock.synchronized.<anonymous closure> (package:synchronized/src/reentrant_lock.dart:40:18)
<asynchronous suspension>
#17     BasicLock.synchronized (package:synchronized/src/basic_lock.dart:38:16)
<asynchronous suspension>
#18     DatabaseHelper._initDatabase (package:everyday_christian/core/database/database_helper.dart:65:14)
00:04 +120 -9: /Users/kcdacre8tor/ everyday-christian/test/reading_plan_progress_enhanced_test.dart: Enhanced Progress Tracking - Calendar Heatmap should return empty heatmap for new plan            
  → Fixing daily_verses foreign key...
00:04 +121 -9: /Users/kcdacre8tor/ everyday-christian/test/reading_plan_progress_enhanced_test.dart: Enhanced Progress Tracking - Calendar Heatmap should return empty heatmap for new plan            00:04 +121 -9: /Users/kcdacre8tor/ everyday-christian/test/reading_plan_progress_enhanced_test.dart: Enhanced Progress Tracking - Calendar Heatmap should return empty heatmap for new plan            
  → Fixing verse_bookmarks foreign key...
00:04 +122 -9: /Users/kcdacre8tor/ everyday-christian/test/reading_plan_progress_enhanced_test.dart: Enhanced Progress Tracking - Calendar Heatmap should return empty heatmap for new plan            00:04 +122 -9: /Users/kcdacre8tor/ everyday-christian/test/reading_plan_progress_enhanced_test.dart: Enhanced Progress Tracking - Calendar Heatmap should return empty heatmap for new plan            
  → Removing duplicate column from prayer_categories...
00:04 +123 -9: /Users/kcdacre8tor/ everyday-christian/test/reading_plan_progress_enhanced_test.dart: Enhanced Progress Tracking - Calendar Heatmap should return empty heatmap for new plan            00:04 +123 -9: /Users/kcdacre8tor/ everyday-christian/test/reading_plan_progress_enhanced_test.dart: Enhanced Progress Tracking - Calendar Heatmap should return empty heatmap for new plan            
  → Creating performance indexes...
00:04 +124 -9: /Users/kcdacre8tor/ everyday-christian/test/reading_plan_progress_enhanced_test.dart: Enhanced Progress Tracking - Calendar Heatmap should return empty heatmap for new plan            00:04 +125 -9: /Users/kcdacre8tor/ everyday-christian/test/reading_plan_progress_enhanced_test.dart: Enhanced Progress Tracking - Calendar Heatmap should return empty heatmap for new plan            00:04 +125 -9: /Users/kcdacre8tor/ everyday-christian/test/reading_plan_progress_enhanced_test.dart: Enhanced Progress Tracking - Calendar Heatmap should return empty heatmap for new plan            
  → Creating timestamp triggers...
✅ Schema v2 migration complete!
✅ Database integrity verified
✅ Database migrations complete!
00:04 +126 -10: /Users/kcdacre8tor/ everyday-christian/test/reading_plan_progress_enhanced_test.dart: Enhanced Progress Tracking - Calendar Heatmap should return empty heatmap for new plan           00:04 +126 -10: /Users/kcdacre8tor/ everyday-christian/test/database_migrations_test.dart: Database Migration Logic v2 to v3 migration - adds devotional column and prayer table [E]                   
  Expected: contains 'completed_date'
    Actual: [
              'id',
              'title',
              'subtitle',
              'content',
              'verse',
              'verse_reference',
              'date',
              'reading_time',
              'is_completed'
            ]
     Which: does not contain 'completed_date'
  
  package:matcher                                     expect
  package:flutter_test/src/widget_tester.dart 473:18  expect
  test/database_migrations_test.dart 188:9            main.<fn>.<fn>
  

To run this test again: /Users/kcdacre8tor/flutter/bin/cache/dart-sdk/bin/dart test /Users/kcdacre8tor/ everyday-christian/test/database_migrations_test.dart -p vm --plain-name 'Database Migration Logic v2 to v3 migration - adds devotional column and prayer table'
00:04 +127 -10: /Users/kcdacre8tor/ everyday-christian/test/reading_plan_progress_enhanced_test.dart: Enhanced Progress Tracking - Calendar Heatmap should return empty heatmap for new plan           00:04 +128 -10: /Users/kcdacre8tor/ everyday-christian/test/reading_plan_progress_enhanced_test.dart: Enhanced Progress Tracking - Calendar Heatmap should return empty heatmap for new plan           00:04 +129 -10: /Users/kcdacre8tor/ everyday-christian/test/reading_plan_progress_enhanced_test.dart: Enhanced Progress Tracking - Calendar Heatmap should return empty heatmap for new plan           00:04 +130 -10: /Users/kcdacre8tor/ everyday-christian/test/reading_plan_progress_enhanced_test.dart: Enhanced Progress Tracking - Calendar Heatmap should return empty heatmap for new plan           00:04 +131 -10: /Users/kcdacre8tor/ everyday-christian/test/reading_plan_progress_enhanced_test.dart: Enhanced Progress Tracking - Calendar Heatmap should return empty heatmap for new plan           00:04 +132 -10: /Users/kcdacre8tor/ everyday-christian/test/reading_plan_progress_enhanced_test.dart: Enhanced Progress Tracking - Calendar Heatmap should return empty heatmap for new plan           00:04 +133 -10: /Users/kcdacre8tor/ everyday-christian/test/reading_plan_progress_enhanced_test.dart: Enhanced Progress Tracking - Calendar Heatmap should return empty heatmap for new plan           00:04 +134 -11: /Users/kcdacre8tor/ everyday-christian/test/database_migrations_test.dart: Database Migration Logic v3 to v4 migration - adds FTS5 and bookmarks                                       00:04 +135 -11: /Users/kcdacre8tor/ everyday-christian/test/database_migrations_test.dart: Database Migration Logic v3 to v4 migration - adds FTS5 and bookmarks                                       00:04 +136 -11: /Users/kcdacre8tor/ everyday-christian/test/database_migrations_test.dart: Database Migration Logic v3 to v4 migration - adds FTS5 and bookmarks                                       00:04 +137 -11: /Users/kcdacre8tor/ everyday-christian/test/database_migrations_test.dart: Database Migration Logic v3 to v4 migration - adds FTS5 and bookmarks                                       00:04 +138 -11: /Users/kcdacre8tor/ everyday-christian/test/database_migrations_test.dart: Database Migration Logic v3 to v4 migration - adds FTS5 and bookmarks                                       00:04 +139 -11: /Users/kcdacre8tor/ everyday-christian/test/database_migrations_test.dart: Database Migration Logic v3 to v4 migration - adds FTS5 and bookmarks                                       00:04 +140 -11: /Users/kcdacre8tor/ everyday-christian/test/database_migrations_test.dart: Database Migration Logic v3 to v4 migration - adds FTS5 and bookmarks                                       00:04 +141 -11: /Users/kcdacre8tor/ everyday-christian/test/database_migrations_test.dart: Database Migration Logic v3 to v4 migration - adds FTS5 and bookmarks                                       00:04 +142 -12: /Users/kcdacre8tor/ everyday-christian/test/preferences_service_test.dart: PreferencesService Notification Settings should save and load prayer reminders enabled                      00:04 +142 -12: /Users/kcdacre8tor/ everyday-christian/test/preferences_service_test.dart: PreferencesService Notification Settings should save and load prayer reminders disabled                     00:04 +142 -12: /Users/kcdacre8tor/ everyday-christian/test/database_migrations_test.dart: Database Migration Logic v3 to v4 migration - adds FTS5 and bookmarks [E]                                   
  Expected: <1>
    Actual: <0>
  
  package:matcher                                     expect
  package:flutter_test/src/widget_tester.dart 473:18  expect
  test/database_migrations_test.dart 269:9            main.<fn>.<fn>
  

To run this test again: /Users/kcdacre8tor/flutter/bin/cache/dart-sdk/bin/dart test /Users/kcdacre8tor/ everyday-christian/test/database_migrations_test.dart -p vm --plain-name 'Database Migration Logic v3 to v4 migration - adds FTS5 and bookmarks'
00:04 +143 -12: /Users/kcdacre8tor/ everyday-christian/test/preferences_service_test.dart: PreferencesService Notification Settings should save and load prayer reminders disabled                     00:04 +143 -12: /Users/kcdacre8tor/ everyday-christian/test/database_migrations_test.dart: Database Migration Logic v4 to v5 migration - adds daily verse tracking                                     00:04 +144 -12: /Users/kcdacre8tor/ everyday-christian/test/database_migrations_test.dart: Database Migration Logic v4 to v5 migration - adds daily verse tracking                                     00:04 +145 -12: /Users/kcdacre8tor/ everyday-christian/test/database_migrations_test.dart: Database Migration Logic v4 to v5 migration - adds daily verse tracking                                     00:04 +146 -12: /Users/kcdacre8tor/ everyday-christian/test/database_migrations_test.dart: Database Migration Logic v4 to v5 migration - adds daily verse tracking                                     00:04 +147 -12: /Users/kcdacre8tor/ everyday-christian/test/database_migrations_test.dart: Database Migration Logic v4 to v5 migration - adds daily verse tracking                                     00:04 +148 -12: /Users/kcdacre8tor/ everyday-christian/test/database_migrations_test.dart: Database Migration Logic v4 to v5 migration - adds daily verse tracking                                     00:04 +149 -12: /Users/kcdacre8tor/ everyday-christian/test/database_migrations_test.dart: Database Migration Logic v4 to v5 migration - adds daily verse tracking                                     00:04 +150 -12: /Users/kcdacre8tor/ everyday-christian/test/database_migrations_test.dart: Database Migration Logic v4 to v5 migration - adds daily verse tracking                                     00:04 +151 -12: /Users/kcdacre8tor/ everyday-christian/test/database_migrations_test.dart: Database Migration Logic v4 to v5 migration - adds daily verse tracking                                     00:04 +152 -13: /Users/kcdacre8tor/ everyday-christian/test/crisis_detection_test.dart: CrisisDetectionService Suicide Detection detects suicide phrases in longer text                                00:04 +153 -13: /Users/kcdacre8tor/ everyday-christian/test/crisis_detection_test.dart: CrisisDetectionService Suicide Detection detects suicide phrases in longer text                                00:04 +153 -13: /Users/kcdacre8tor/ everyday-christian/test/crisis_detection_test.dart: CrisisDetectionService Suicide Detection is case insensitive                                                   00:04 +153 -13: /Users/kcdacre8tor/ everyday-christian/test/database_migrations_test.dart: Database Migration Logic v4 to v5 migration - adds daily verse tracking [E]                                 
  Expected: <1>
    Actual: <0>
  
  package:matcher                                     expect
  package:flutter_test/src/widget_tester.dart 473:18  expect
  test/database_migrations_test.dart 366:9            main.<fn>.<fn>
  

To run this test again: /Users/kcdacre8tor/flutter/bin/cache/dart-sdk/bin/dart test /Users/kcdacre8tor/ everyday-christian/test/database_migrations_test.dart -p vm --plain-name 'Database Migration Logic v4 to v5 migration - adds daily verse tracking'
00:04 +153 -13: /Users/kcdacre8tor/ everyday-christian/test/crisis_detection_test.dart: CrisisDetectionService Suicide Detection is case insensitive                                                   00:04 +154 -13: /Users/kcdacre8tor/ everyday-christian/test/crisis_detection_test.dart: CrisisDetectionService Suicide Detection is case insensitive                                                   00:04 +154 -13: /Users/kcdacre8tor/ everyday-christian/test/crisis_detection_test.dart: CrisisDetectionService Suicide Detection detects with punctuation variations                                   00:04 +155 -13: /Users/kcdacre8tor/ everyday-christian/test/crisis_detection_test.dart: CrisisDetectionService Suicide Detection detects with punctuation variations                                   00:04 +155 -13: /Users/kcdacre8tor/ everyday-christian/test/crisis_detection_test.dart: CrisisDetectionService Self-Harm Detection detects self-harm keywords                                          00:04 +156 -13: /Users/kcdacre8tor/ everyday-christian/test/crisis_detection_test.dart: CrisisDetectionService Self-Harm Detection detects self-harm keywords                                          00:04 +156 -13: /Users/kcdacre8tor/ everyday-christian/test/crisis_detection_test.dart: CrisisDetectionService Abuse Detection detects abuse keywords                                                  00:04 +157 -13: /Users/kcdacre8tor/ everyday-christian/test/crisis_detection_test.dart: CrisisDetectionService Abuse Detection detects abuse keywords                                                  00:04 +157 -13: /Users/kcdacre8tor/ everyday-christian/test/crisis_detection_test.dart: CrisisDetectionService Priority Detection prioritizes suicide over other crises                                00:04 +158 -13: /Users/kcdacre8tor/ everyday-christian/test/crisis_detection_test.dart: CrisisDetectionService Priority Detection prioritizes suicide over other crises                                00:04 +158 -13: /Users/kcdacre8tor/ everyday-christian/test/crisis_detection_test.dart: CrisisDetectionService False Positives Prevention does not trigger on safe conversations                       00:04 +159 -13: /Users/kcdacre8tor/ everyday-christian/test/crisis_detection_test.dart: CrisisDetectionService False Positives Prevention does not trigger on safe conversations                       00:04 +159 -13: /Users/kcdacre8tor/ everyday-christian/test/crisis_detection_test.dart: CrisisDetectionService False Positives Prevention handles empty input                                          00:04 +160 -13: /Users/kcdacre8tor/ everyday-christian/test/crisis_detection_test.dart: CrisisDetectionService False Positives Prevention handles empty input                                          00:04 +160 -13: /Users/kcdacre8tor/ everyday-christian/test/crisis_detection_test.dart: CrisisDetectionService False Positives Prevention handles whitespace-only input                                00:04 +161 -13: /Users/kcdacre8tor/ everyday-christian/test/crisis_detection_test.dart: CrisisDetectionService False Positives Prevention handles whitespace-only input                                00:04 +161 -13: /Users/kcdacre8tor/ everyday-christian/test/crisis_detection_test.dart: CrisisDetectionService Potential Crisis Detection detects concerning patterns                                  00:04 +161 -13: /Users/kcdacre8tor/ everyday-christian/test/reading_plan_progress_enhanced_test.dart: Enhanced Progress Tracking - Calendar Heatmap should return empty heatmap for new plan [E]       
  Binding has not yet been initialized.
  The "instance" getter on the ServicesBinding binding mixin is only available once that binding has been initialized.
  Typically, this is done by calling "WidgetsFlutterBinding.ensureInitialized()" or "runApp()" (the latter calls the former). Typically this call is done in the "void main()" method. The "ensureInitialized" method is idempotent; calling it multiple times is not harmful. After calling that method, the "instance" getter will return the binding.
  In a test, one can call "TestWidgetsFlutterBinding.ensureInitialized()" as the first line in the test's "main()" method to initialize the binding.
  If ServicesBinding is a custom binding mixin, there must also be a custom binding class, like WidgetsFlutterBinding, but that mixes in the selected binding, and that is the class that must be constructed before using the "instance" getter.
  package:flutter/src/foundation/binding.dart 314:9                                     BindingBase.checkInstance.<fn>
  package:flutter/src/foundation/binding.dart 401:6                                     BindingBase.checkInstance
  package:flutter/src/services/binding.dart 73:54                                       ServicesBinding.instance
  package:flutter/src/services/platform_channel.dart 179:25                             _findBinaryMessenger
  package:flutter/src/services/platform_channel.dart 320:56                             MethodChannel.binaryMessenger
  package:flutter/src/services/platform_channel.dart 360:17                             MethodChannel._invokeMethod
  package:flutter/src/services/platform_channel.dart 540:12                             MethodChannel.invokeMethod
  package:path_provider_platform_interface/src/method_channel_path_provider.dart 52:10  MethodChannelPathProvider.getApplicationDocumentsPath
  package:path_provider/path_provider.dart 121:40                                       getApplicationDocumentsDirectory
  package:everyday_christian/core/database/database_helper.dart 803:42                  DatabaseHelper.deleteDatabase
  package:everyday_christian/core/database/database_helper.dart 819:11                  DatabaseHelper.resetDatabase
  ===== asynchronous gap ===========================
  dart:async                                                                            _CustomZone.registerBinaryCallback
  test/reading_plan_progress_enhanced_test.dart 35:5                                    main.<fn>
  

To run this test again: /Users/kcdacre8tor/flutter/bin/cache/dart-sdk/bin/dart test /Users/kcdacre8tor/ everyday-christian/test/reading_plan_progress_enhanced_test.dart -p vm --plain-name 'Enhanced Progress Tracking - Calendar Heatmap should return empty heatmap for new plan'
00:04 +162 -13: /Users/kcdacre8tor/ everyday-christian/test/reading_plan_progress_enhanced_test.dart: Enhanced Progress Tracking - Calendar Heatmap should track completed readings in heatmap         00:04 +162 -13: /Users/kcdacre8tor/ everyday-christian/test/reading_plan_progress_enhanced_test.dart: Enhanced Progress Tracking - Calendar Heatmap should track completed readings in heatmap         
ℹ️ [2025-10-17 18:19:24.406] [INFO   ] [DatabaseHelper] Initializing database at: :memory:
00:04 +163 -13: /Users/kcdacre8tor/ everyday-christian/test/reading_plan_progress_enhanced_test.dart: Enhanced Progress Tracking - Calendar Heatmap should track completed readings in heatmap         00:04 +164 -13: /Users/kcdacre8tor/ everyday-christian/test/reading_plan_progress_enhanced_test.dart: Enhanced Progress Tracking - Calendar Heatmap should track completed readings in heatmap         00:04 +164 -13: /Users/kcdacre8tor/ everyday-christian/test/reading_plan_progress_enhanced_test.dart: Enhanced Progress Tracking - Calendar Heatmap should track completed readings in heatmap         
ℹ️ [2025-10-17 18:19:24.410] [INFO   ] [DatabaseHelper] Creating database schema v5
00:04 +165 -13: /Users/kcdacre8tor/ everyday-christian/test/reading_plan_progress_enhanced_test.dart: Enhanced Progress Tracking - Calendar Heatmap should track completed readings in heatmap         00:04 +166 -13: /Users/kcdacre8tor/ everyday-christian/test/reading_plan_progress_enhanced_test.dart: Enhanced Progress Tracking - Calendar Heatmap should track completed readings in heatmap         00:04 +167 -13: /Users/kcdacre8tor/ everyday-christian/test/reading_plan_progress_enhanced_test.dart: Enhanced Progress Tracking - Calendar Heatmap should track completed readings in heatmap         00:04 +168 -13: /Users/kcdacre8tor/ everyday-christian/test/reading_plan_progress_enhanced_test.dart: Enhanced Progress Tracking - Calendar Heatmap should track completed readings in heatmap         00:04 +169 -13: /Users/kcdacre8tor/ everyday-christian/test/reading_plan_progress_enhanced_test.dart: Enhanced Progress Tracking - Calendar Heatmap should track completed readings in heatmap         00:04 +169 -13: /Users/kcdacre8tor/ everyday-christian/test/reading_plan_progress_enhanced_test.dart: Enhanced Progress Tracking - Calendar Heatmap should track completed readings in heatmap         
ℹ️ [2025-10-17 18:19:24.431] [INFO   ] [DatabaseHelper] Database schema created successfully
📦 Running database migrations from v1 to v2
🔄 Migrating to schema v2...
  → Fixing favorite_verses foreign key...
  → Fixing daily_verses foreign key...
  → Fixing verse_bookmarks foreign key...
  → Removing duplicate column from prayer_categories...
  → Creating performance indexes...
  → Creating timestamp triggers...
✅ Schema v2 migration complete!
✅ Database integrity verified
✅ Database migrations complete!
00:04 +169 -14: /Users/kcdacre8tor/ everyday-christian/test/reading_plan_progress_enhanced_test.dart: Enhanced Progress Tracking - Calendar Heatmap should track completed readings in heatmap [E]     
  Binding has not yet been initialized.
  The "instance" getter on the ServicesBinding binding mixin is only available once that binding has been initialized.
  Typically, this is done by calling "WidgetsFlutterBinding.ensureInitialized()" or "runApp()" (the latter calls the former). Typically this call is done in the "void main()" method. The "ensureInitialized" method is idempotent; calling it multiple times is not harmful. After calling that method, the "instance" getter will return the binding.
  In a test, one can call "TestWidgetsFlutterBinding.ensureInitialized()" as the first line in the test's "main()" method to initialize the binding.
  If ServicesBinding is a custom binding mixin, there must also be a custom binding class, like WidgetsFlutterBinding, but that mixes in the selected binding, and that is the class that must be constructed before using the "instance" getter.
  package:flutter/src/foundation/binding.dart 314:9                                     BindingBase.checkInstance.<fn>
  package:flutter/src/foundation/binding.dart 401:6                                     BindingBase.checkInstance
  package:flutter/src/services/binding.dart 73:54                                       ServicesBinding.instance
  package:flutter/src/services/platform_channel.dart 179:25                             _findBinaryMessenger
  package:flutter/src/services/platform_channel.dart 320:56                             MethodChannel.binaryMessenger
  package:flutter/src/services/platform_channel.dart 360:17                             MethodChannel._invokeMethod
  package:flutter/src/services/platform_channel.dart 540:12                             MethodChannel.invokeMethod
  package:path_provider_platform_interface/src/method_channel_path_provider.dart 52:10  MethodChannelPathProvider.getApplicationDocumentsPath
  package:path_provider/path_provider.dart 121:40                                       getApplicationDocumentsDirectory
  package:everyday_christian/core/database/database_helper.dart 803:42                  DatabaseHelper.deleteDatabase
  package:everyday_christian/core/database/database_helper.dart 819:11                  DatabaseHelper.resetDatabase
  ===== asynchronous gap ===========================
  dart:async                                                                            _CustomZone.registerBinaryCallback
  test/reading_plan_progress_enhanced_test.dart 35:5                                    main.<fn>
  

To run this test again: /Users/kcdacre8tor/flutter/bin/cache/dart-sdk/bin/dart test /Users/kcdacre8tor/ everyday-christian/test/reading_plan_progress_enhanced_test.dart -p vm --plain-name 'Enhanced Progress Tracking - Calendar Heatmap should track completed readings in heatmap'
00:04 +169 -14: /Users/kcdacre8tor/ everyday-christian/test/reading_plan_progress_enhanced_test.dart: Enhanced Progress Tracking - Calendar Heatmap should aggregate multiple completions on same day  00:04 +169 -14: /Users/kcdacre8tor/ everyday-christian/test/reading_plan_progress_enhanced_test.dart: Enhanced Progress Tracking - Calendar Heatmap should aggregate multiple completions on same day  
ℹ️ [2025-10-17 18:19:24.462] [INFO   ] [DatabaseHelper] Initializing database at: :memory:
ℹ️ [2025-10-17 18:19:24.464] [INFO   ] [DatabaseHelper] Creating database schema v5
ℹ️ [2025-10-17 18:19:24.480] [INFO   ] [DatabaseHelper] Database schema created successfully
test/integration/user_flow_test.dart:29:36: Error: Too few positional arguments: 1 required, 0 given.
      prayerService = PrayerService();
                                   ^
lib/core/services/prayer_service.dart:12:3: Context: Found this candidate, but the arguments don't match.
  PrayerService(this._database);
  ^^^^^^^^^^^^^
test/integration/user_flow_test.dart:30:44: Error: Too few positional arguments: 1 required, 0 given.
      devotionalService = DevotionalService();
                                           ^
lib/core/services/devotional_service.dart:7:3: Context: Found this candidate, but the arguments don't match.
  DevotionalService(this._database);
  ^^^^^^^^^^^^^^^^^
test/integration/user_flow_test.dart:31:46: Error: Too few positional arguments: 1 required, 0 given.
      readingPlanService = ReadingPlanService();
                                             ^
lib/core/services/reading_plan_service.dart:7:3: Context: Found this candidate, but the arguments don't match.
  ReadingPlanService(this._database);
  ^^^^^^^^^^^^^^^^^^
test/integration/user_flow_test.dart:56:40: Error: Member not found: 'ChatMessage.assistant'.
        final aiResponse = ChatMessage.assistant(
                                       ^^^^^^^^^
test/integration/user_flow_test.dart:73:46: Error: Member not found: 'assistant'.
        expect(messages[1].type, MessageType.assistant);
                                             ^^^^^^^^^
test/integration/user_flow_test.dart:154:11: Error: No named parameter with the name 'category'.
          category: 'Health',
          ^^^^^^^^
lib/core/models/prayer_request.dart:8:17: Context: Found this candidate, but the arguments don't match.
  const factory PrayerRequest({
                ^
test/integration/user_flow_test.dart:198:11: Error: No named parameter with the name 'category'.
          category: 'Health',
          ^^^^^^^^
lib/core/models/prayer_request.dart:8:17: Context: Found this candidate, but the arguments don't match.
  const factory PrayerRequest({
                ^
test/integration/user_flow_test.dart:206:11: Error: No named parameter with the name 'category'.
          category: 'Family',
          ^^^^^^^^
lib/core/models/prayer_request.dart:8:17: Context: Found this candidate, but the arguments don't match.
  const factory PrayerRequest({
                ^
test/integration/user_flow_test.dart:214:11: Error: No named parameter with the name 'category'.
          category: 'Health',
          ^^^^^^^^
lib/core/models/prayer_request.dart:8:17: Context: Found this candidate, but the arguments don't match.
  const factory PrayerRequest({
                ^
test/integration/user_flow_test.dart:355:11: Error: No named parameter with the name 'category'.
          category: 'Guidance',
          ^^^^^^^^
lib/core/models/prayer_request.dart:8:17: Context: Found this candidate, but the arguments don't match.
  const factory PrayerRequest({
                ^
📦 Running database migrations from v1 to v2
🔄 Migrating to schema v2...
test/integration/user_flow_test.dart:374:23: Error: Member not found: 'ChatMessage.assistant'.
          ChatMessage.assistant(
                      ^^^^^^^^^
test/integration/user_flow_test.dart:422:11: Error: No named parameter with the name 'category'.
          category: 'Health',
          ^^^^^^^^
lib/core/models/prayer_request.dart:8:17: Context: Found this candidate, but the arguments don't match.
  const factory PrayerRequest({
                ^
test/integration/user_flow_test.dart:159:41: Error: Too many positional arguments: 0 allowed, but 1 found.
Try removing the extra positional arguments.
        await prayerService.createPrayer(prayer);
                                        ^
test/integration/user_flow_test.dart:176:47: Error: Too few positional arguments: 2 required, 1 given.
        await prayerService.markPrayerAnswered(prayer.id);
                                              ^
test/integration/user_flow_test.dart:180:38: Error: The getter 'answered' isn't defined for the type 'PrayerRequest'.
 - 'PrayerRequest' is from 'package:everyday_christian/core/models/prayer_request.dart' ('lib/core/models/prayer_request.dart').
Try correcting the name to the name of an existing getter, or defining a getter or field named 'answered'.
        expect(answeredPrayers.first.answered, true);
                                     ^^^^^^^^
test/integration/user_flow_test.dart:195:41: Error: Too many positional arguments: 0 allowed, but 1 found.
Try removing the extra positional arguments.
        await prayerService.createPrayer(PrayerRequest(
                                        ^
test/integration/user_flow_test.dart:203:41: Error: Too many positional arguments: 0 allowed, but 1 found.
Try removing the extra positional arguments.
        await prayerService.createPrayer(PrayerRequest(
                                        ^
test/integration/user_flow_test.dart:211:41: Error: Too many positional arguments: 0 allowed, but 1 found.
Try removing the extra positional arguments.
        await prayerService.createPrayer(PrayerRequest(
                                        ^
  → Fixing favorite_verses foreign key...
test/integration/user_flow_test.dart:220:47: Error: Too few positional arguments: 2 required, 1 given.
        await prayerService.markPrayerAnswered('p1');
                                              ^
test/integration/user_flow_test.dart:221:47: Error: Too few positional arguments: 2 required, 1 given.
        await prayerService.markPrayerAnswered('p2');
                                              ^
test/integration/user_flow_test.dart:241:33: Error: The method 'loadDevotionals' isn't defined for the type 'DevotionalService'.
 - 'DevotionalService' is from 'package:everyday_christian/core/services/devotional_service.dart' ('lib/core/services/devotional_service.dart').
Try correcting the name to the name of an existing method, or defining a method named 'loadDevotionals'.
        await devotionalService.loadDevotionals();
                                ^^^^^^^^^^^^^^^
test/integration/user_flow_test.dart:251:35: Error: The method 'markDevotionalComplete' isn't defined for the type 'DevotionalService'.
 - 'DevotionalService' is from 'package:everyday_christian/core/services/devotional_service.dart' ('lib/core/services/devotional_service.dart').
Try correcting the name to the name of an existing method, or defining a method named 'markDevotionalComplete'.
          await devotionalService.markDevotionalComplete(today.id);
                                  ^^^^^^^^^^^^^^^^^^^^^^
test/integration/user_flow_test.dart:254:54: Error: The method 'isDevotionalComplete' isn't defined for the type 'DevotionalService'.
 - 'DevotionalService' is from 'package:everyday_christian/core/services/devotional_service.dart' ('lib/core/services/devotional_service.dart').
Try correcting the name to the name of an existing method, or defining a method named 'isDevotionalComplete'.
          final isComplete = await devotionalService.isDevotionalComplete(today.id);
                                                     ^^^^^^^^^^^^^^^^^^^^
test/integration/user_flow_test.dart:262:52: Error: The method 'getProgress' isn't defined for the type 'DevotionalService'.
 - 'DevotionalService' is from 'package:everyday_christian/core/services/devotional_service.dart' ('lib/core/services/devotional_service.dart').
Try correcting the name to the name of an existing method, or defining a method named 'getProgress'.
          final progress = await devotionalService.getProgress();
                                                   ^^^^^^^^^^^
test/integration/user_flow_test.dart:268:33: Error: The method 'loadDevotionals' isn't defined for the type 'DevotionalService'.
 - 'DevotionalService' is from 'package:everyday_christian/core/services/devotional_service.dart' ('lib/core/services/devotional_service.dart').
Try correcting the name to the name of an existing method, or defining a method named 'loadDevotionals'.
        await devotionalService.loadDevotionals();
                                ^^^^^^^^^^^^^^^
test/integration/user_flow_test.dart:273:35: Error: The method 'markDevotionalComplete' isn't defined for the type 'DevotionalService'.
 - 'DevotionalService' is from 'package:everyday_christian/core/services/devotional_service.dart' ('lib/core/services/devotional_service.dart').
Try correcting the name to the name of an existing method, or defining a method named 'markDevotionalComplete'.
          await devotionalService.markDevotionalComplete(devotionals[i].id);
                                  ^^^^^^^^^^^^^^^^^^^^^^
test/integration/user_flow_test.dart:276:50: Error: The method 'getProgress' isn't defined for the type 'DevotionalService'.
 - 'DevotionalService' is from 'package:everyday_christian/core/services/devotional_service.dart' ('lib/core/services/devotional_service.dart').
Try correcting the name to the name of an existing method, or defining a method named 'getProgress'.
        final progress = await devotionalService.getProgress();
                                                 ^^^^^^^^^^^
test/integration/user_flow_test.dart:287:48: Error: The method 'getAvailablePlans' isn't defined for the type 'ReadingPlanService'.
 - 'ReadingPlanService' is from 'package:everyday_christian/core/services/reading_plan_service.dart' ('lib/core/services/reading_plan_service.dart').
Try correcting the name to the name of an existing method, or defining a method named 'getAvailablePlans'.
        final plans = await readingPlanService.getAvailablePlans();
                                               ^^^^^^^^^^^^^^^^^
test/integration/user_flow_test.dart:295:53: Error: The method 'getActivePlan' isn't defined for the type 'ReadingPlanService'.
 - 'ReadingPlanService' is from 'package:everyday_christian/core/services/reading_plan_service.dart' ('lib/core/services/reading_plan_service.dart').
Try correcting the name to the name of an existing method, or defining a method named 'getActivePlan'.
        final activePlan = await readingPlanService.getActivePlan();
                                                    ^^^^^^^^^^^^^
test/integration/user_flow_test.dart:300:55: Error: The method 'getTodaysReading' isn't defined for the type 'ReadingPlanService'.
 - 'ReadingPlanService' is from 'package:everyday_christian/core/services/reading_plan_service.dart' ('lib/core/services/reading_plan_service.dart').
Try correcting the name to the name of an existing method, or defining a method named 'getTodaysReading'.
        final todayReading = await readingPlanService.getTodaysReading();
                                                      ^^^^^^^^^^^^^^^^
test/integration/user_flow_test.dart:305:36: Error: The method 'markDayComplete' isn't defined for the type 'ReadingPlanService'.
 - 'ReadingPlanService' is from 'package:everyday_christian/core/services/reading_plan_service.dart' ('lib/core/services/reading_plan_service.dart').
Try correcting the name to the name of an existing method, or defining a method named 'markDayComplete'.
          await readingPlanService.markDayComplete(plan.id, todayReading.day);
                                   ^^^^^^^^^^^^^^^
test/integration/user_flow_test.dart:308:53: Error: The method 'getPlanProgress' isn't defined for the type 'ReadingPlanService'.
 - 'ReadingPlanService' is from 'package:everyday_christian/core/services/reading_plan_service.dart' ('lib/core/services/reading_plan_service.dart').
Try correcting the name to the name of an existing method, or defining a method named 'getPlanProgress'.
          final progress = await readingPlanService.getPlanProgress(plan.id);
                                                    ^^^^^^^^^^^^^^^
test/integration/user_flow_test.dart:312:55: Error: The method 'isDayComplete' isn't defined for the type 'ReadingPlanService'.
 - 'ReadingPlanService' is from 'package:everyday_christian/core/services/reading_plan_service.dart' ('lib/core/services/reading_plan_service.dart').
Try correcting the name to the name of an existing method, or defining a method named 'isDayComplete'.
          final isComplete = await readingPlanService.isDayComplete(plan.id, todayReading.day);
                                                      ^^^^^^^^^^^^^
test/integration/user_flow_test.dart:318:48: Error: The method 'getAvailablePlans' isn't defined for the type 'ReadingPlanService'.
 - 'ReadingPlanService' is from 'package:everyday_christian/core/services/reading_plan_service.dart' ('lib/core/services/reading_plan_service.dart').
Try correcting the name to the name of an existing method, or defining a method named 'getAvailablePlans'.
        final plans = await readingPlanService.getAvailablePlans();
                                               ^^^^^^^^^^^^^^^^^
test/integration/user_flow_test.dart:325:36: Error: The method 'markDayComplete' isn't defined for the type 'ReadingPlanService'.
 - 'ReadingPlanService' is from 'package:everyday_christian/core/services/reading_plan_service.dart' ('lib/core/services/reading_plan_service.dart').
Try correcting the name to the name of an existing method, or defining a method named 'markDayComplete'.
          await readingPlanService.markDayComplete(plan.id, day);
                                   ^^^^^^^^^^^^^^^
test/integration/user_flow_test.dart:328:51: Error: The method 'getPlanProgress' isn't defined for the type 'ReadingPlanService'.
 - 'ReadingPlanService' is from 'package:everyday_christian/core/services/reading_plan_service.dart' ('lib/core/services/reading_plan_service.dart').
Try correcting the name to the name of an existing method, or defining a method named 'getPlanProgress'.
        final progress = await readingPlanService.getPlanProgress(plan.id);
                                                  ^^^^^^^^^^^^^^^
test/integration/user_flow_test.dart:333:48: Error: The method 'getAvailablePlans' isn't defined for the type 'ReadingPlanService'.
 - 'ReadingPlanService' is from 'package:everyday_christian/core/services/reading_plan_service.dart' ('lib/core/services/reading_plan_service.dart').
Try correcting the name to the name of an existing method, or defining a method named 'getAvailablePlans'.
        final plans = await readingPlanService.getAvailablePlans();
                                               ^^^^^^^^^^^^^^^^^
test/integration/user_flow_test.dart:337:50: Error: The method 'getActivePlan' isn't defined for the type 'ReadingPlanService'.
 - 'ReadingPlanService' is from 'package:everyday_christian/core/services/reading_plan_service.dart' ('lib/core/services/reading_plan_service.dart').
Try correcting the name to the name of an existing method, or defining a method named 'getActivePlan'.
        final active1 = await readingPlanService.getActivePlan();
                                                 ^^^^^^^^^^^^^
test/integration/user_flow_test.dart:343:52: Error: The method 'getActivePlan' isn't defined for the type 'ReadingPlanService'.
 - 'ReadingPlanService' is from 'package:everyday_christian/core/services/reading_plan_service.dart' ('lib/core/services/reading_plan_service.dart').
Try correcting the name to the name of an existing method, or defining a method named 'getActivePlan'.
          final active2 = await readingPlanService.getActivePlan();
                                                   ^^^^^^^^^^^^^
test/integration/user_flow_test.dart:352:41: Error: Too many positional arguments: 0 allowed, but 1 found.
Try removing the extra positional arguments.
        await prayerService.createPrayer(PrayerRequest(
                                        ^
test/integration/user_flow_test.dart:390:33: Error: The method 'loadDevotionals' isn't defined for the type 'DevotionalService'.
 - 'DevotionalService' is from 'package:everyday_christian/core/services/devotional_service.dart' ('lib/core/services/devotional_service.dart').
Try correcting the name to the name of an existing method, or defining a method named 'loadDevotionals'.
        await devotionalService.loadDevotionals();
                                ^^^^^^^^^^^^^^^
test/integration/user_flow_test.dart:394:35: Error: The method 'markDevotionalComplete' isn't defined for the type 'DevotionalService'.
 - 'DevotionalService' is from 'package:everyday_christian/core/services/devotional_service.dart' ('lib/core/services/devotional_service.dart').
Try correcting the name to the name of an existing method, or defining a method named 'markDevotionalComplete'.
          await devotionalService.markDevotionalComplete(devotional.id);
                                  ^^^^^^^^^^^^^^^^^^^^^^
test/integration/user_flow_test.dart:409:54: Error: The method 'isDevotionalComplete' isn't defined for the type 'DevotionalService'.
 - 'DevotionalService' is from 'package:everyday_christian/core/services/devotional_service.dart' ('lib/core/services/devotional_service.dart').
Try correcting the name to the name of an existing method, or defining a method named 'isDevotionalComplete'.
          final isComplete = await devotionalService.isDevotionalComplete(devotional.id);
                                                     ^^^^^^^^^^^^^^^^^^^^
test/integration/user_flow_test.dart:419:41: Error: Too many positional arguments: 0 allowed, but 1 found.
Try removing the extra positional arguments.
        await prayerService.createPrayer(PrayerRequest(
                                        ^
test/integration/user_flow_test.dart:432:33: Error: The method 'loadDevotionals' isn't defined for the type 'DevotionalService'.
 - 'DevotionalService' is from 'package:everyday_christian/core/services/devotional_service.dart' ('lib/core/services/devotional_service.dart').
Try correcting the name to the name of an existing method, or defining a method named 'loadDevotionals'.
        await devotionalService.loadDevotionals();
                                ^^^^^^^^^^^^^^^
  → Fixing daily_verses foreign key...
  → Fixing verse_bookmarks foreign key...
  → Removing duplicate column from prayer_categories...
  → Creating performance indexes...
  → Creating timestamp triggers...
✅ Schema v2 migration complete!
✅ Database integrity verified
✅ Database migrations complete!
00:04 +169 -15: /Users/kcdacre8tor/ everyday-christian/test/reading_plan_progress_enhanced_test.dart: Enhanced Progress Tracking - Calendar Heatmap should aggregate multiple completions on same day [E]
  Binding has not yet been initialized.
  The "instance" getter on the ServicesBinding binding mixin is only available once that binding has been initialized.
  Typically, this is done by calling "WidgetsFlutterBinding.ensureInitialized()" or "runApp()" (the latter calls the former). Typically this call is done in the "void main()" method. The "ensureInitialized" method is idempotent; calling it multiple times is not harmful. After calling that method, the "instance" getter will return the binding.
  In a test, one can call "TestWidgetsFlutterBinding.ensureInitialized()" as the first line in the test's "main()" method to initialize the binding.
  If ServicesBinding is a custom binding mixin, there must also be a custom binding class, like WidgetsFlutterBinding, but that mixes in the selected binding, and that is the class that must be constructed before using the "instance" getter.
  package:flutter/src/foundation/binding.dart 314:9                                     BindingBase.checkInstance.<fn>
  package:flutter/src/foundation/binding.dart 401:6                                     BindingBase.checkInstance
  package:flutter/src/services/binding.dart 73:54                                       ServicesBinding.instance
  package:flutter/src/services/platform_channel.dart 179:25                             _findBinaryMessenger
  package:flutter/src/services/platform_channel.dart 320:56                             MethodChannel.binaryMessenger
  package:flutter/src/services/platform_channel.dart 360:17                             MethodChannel._invokeMethod
  package:flutter/src/services/platform_channel.dart 540:12                             MethodChannel.invokeMethod
  package:path_provider_platform_interface/src/method_channel_path_provider.dart 52:10  MethodChannelPathProvider.getApplicationDocumentsPath
  package:path_provider/path_provider.dart 121:40                                       getApplicationDocumentsDirectory
  package:everyday_christian/core/database/database_helper.dart 803:42                  DatabaseHelper.deleteDatabase
  package:everyday_christian/core/database/database_helper.dart 819:11                  DatabaseHelper.resetDatabase
  ===== asynchronous gap ===========================
  dart:async                                                                            _CustomZone.registerBinaryCallback
  test/reading_plan_progress_enhanced_test.dart 35:5                                    main.<fn>
  

To run this test again: /Users/kcdacre8tor/flutter/bin/cache/dart-sdk/bin/dart test /Users/kcdacre8tor/ everyday-christian/test/reading_plan_progress_enhanced_test.dart -p vm --plain-name 'Enhanced Progress Tracking - Calendar Heatmap should aggregate multiple completions on same day'
00:04 +169 -15: /Users/kcdacre8tor/ ... Enhanced Progress Tracking - Calendar Heatmap should only include data within specified days range                                                             00:04 +169 -15: /Users/kcdacre8tor/ everyday-christian/test/reading_plan_progress_enhanced_test.dart: Enhanced Progress Tracking - Calendar Heatmap should only include data within specified days range
ℹ️ [2025-10-17 18:19:24.509] [INFO   ] [DatabaseHelper] Initializing database at: :memory:
ℹ️ [2025-10-17 18:19:24.511] [INFO   ] [DatabaseHelper] Creating database schema v5
00:04 +169 -16: loading /Users/kcdacre8tor/ everyday-christian/test/integration/user_flow_test.dart [E]                                                                                                
  Failed to load "/Users/kcdacre8tor/ everyday-christian/test/integration/user_flow_test.dart":
  Compilation failed for testPath=/Users/kcdacre8tor/ everyday-christian/test/integration/user_flow_test.dart: test/integration/user_flow_test.dart:29:36: Error: Too few positional arguments: 1 required, 0 given.
        prayerService = PrayerService();
                                     ^
  lib/core/services/prayer_service.dart:12:3: Context: Found this candidate, but the arguments don't match.
    PrayerService(this._database);
    ^^^^^^^^^^^^^
  test/integration/user_flow_test.dart:30:44: Error: Too few positional arguments: 1 required, 0 given.
        devotionalService = DevotionalService();
                                             ^
  lib/core/services/devotional_service.dart:7:3: Context: Found this candidate, but the arguments don't match.
    DevotionalService(this._database);
    ^^^^^^^^^^^^^^^^^
  test/integration/user_flow_test.dart:31:46: Error: Too few positional arguments: 1 required, 0 given.
        readingPlanService = ReadingPlanService();
                                               ^
  lib/core/services/reading_plan_service.dart:7:3: Context: Found this candidate, but the arguments don't match.
    ReadingPlanService(this._database);
    ^^^^^^^^^^^^^^^^^^
  test/integration/user_flow_test.dart:56:40: Error: Member not found: 'ChatMessage.assistant'.
          final aiResponse = ChatMessage.assistant(
                                         ^^^^^^^^^
  test/integration/user_flow_test.dart:73:46: Error: Member not found: 'assistant'.
          expect(messages[1].type, MessageType.assistant);
                                               ^^^^^^^^^
  test/integration/user_flow_test.dart:154:11: Error: No named parameter with the name 'category'.
            category: 'Health',
            ^^^^^^^^
  lib/core/models/prayer_request.dart:8:17: Context: Found this candidate, but the arguments don't match.
    const factory PrayerRequest({
                  ^
  test/integration/user_flow_test.dart:198:11: Error: No named parameter with the name 'category'.
            category: 'Health',
            ^^^^^^^^
  lib/core/models/prayer_request.dart:8:17: Context: Found this candidate, but the arguments don't match.
    const factory PrayerRequest({
                  ^
  test/integration/user_flow_test.dart:206:11: Error: No named parameter with the name 'category'.
            category: 'Family',
            ^^^^^^^^
  lib/core/models/prayer_request.dart:8:17: Context: Found this candidate, but the arguments don't match.
    const factory PrayerRequest({
                  ^
  test/integration/user_flow_test.dart:214:11: Error: No named parameter with the name 'category'.
            category: 'Health',
            ^^^^^^^^
  lib/core/models/prayer_request.dart:8:17: Context: Found this candidate, but the arguments don't match.
    const factory PrayerRequest({
                  ^
  test/integration/user_flow_test.dart:355:11: Error: No named parameter with the name 'category'.
            category: 'Guidance',
            ^^^^^^^^
  lib/core/models/prayer_request.dart:8:17: Context: Found this candidate, but the arguments don't match.
    const factory PrayerRequest({
                  ^
  test/integration/user_flow_test.dart:374:23: Error: Member not found: 'ChatMessage.assistant'.
            ChatMessage.assistant(
                        ^^^^^^^^^
  test/integration/user_flow_test.dart:422:11: Error: No named parameter with the name 'category'.
            category: 'Health',
            ^^^^^^^^
  lib/core/models/prayer_request.dart:8:17: Context: Found this candidate, but the arguments don't match.
    const factory PrayerRequest({
                  ^
  test/integration/user_flow_test.dart:159:41: Error: Too many positional arguments: 0 allowed, but 1 found.
  Try removing the extra positional arguments.
          await prayerService.createPrayer(prayer);
                                          ^
  test/integration/user_flow_test.dart:176:47: Error: Too few positional arguments: 2 required, 1 given.
          await prayerService.markPrayerAnswered(prayer.id);
                                                ^
  test/integration/user_flow_test.dart:180:38: Error: The getter 'answered' isn't defined for the type 'PrayerRequest'.
   - 'PrayerRequest' is from 'package:everyday_christian/core/models/prayer_request.dart' ('lib/core/models/prayer_request.dart').
  Try correcting the name to the name of an existing getter, or defining a getter or field named 'answered'.
          expect(answeredPrayers.first.answered, true);
                                       ^^^^^^^^
  test/integration/user_flow_test.dart:195:41: Error: Too many positional arguments: 0 allowed, but 1 found.
  Try removing the extra positional arguments.
          await prayerService.createPrayer(PrayerRequest(
                                          ^
  test/integration/user_flow_test.dart:203:41: Error: Too many positional arguments: 0 allowed, but 1 found.
  Try removing the extra positional arguments.
          await prayerService.createPrayer(PrayerRequest(
                                          ^
  test/integration/user_flow_test.dart:211:41: Error: Too many positional arguments: 0 allowed, but 1 found.
  Try removing the extra positional arguments.
          await prayerService.createPrayer(PrayerRequest(
                                          ^
  test/integration/user_flow_test.dart:220:47: Error: Too few positional arguments: 2 required, 1 given.
          await prayerService.markPrayerAnswered('p1');
                                                ^
  test/integration/user_flow_test.dart:221:47: Error: Too few positional arguments: 2 required, 1 given.
          await prayerService.markPrayerAnswered('p2');
                                                ^
  test/integration/user_flow_test.dart:241:33: Error: The method 'loadDevotionals' isn't defined for the type 'DevotionalService'.
   - 'DevotionalService' is from 'package:everyday_christian/core/services/devotional_service.dart' ('lib/core/services/devotional_service.dart').
  Try correcting the name to the name of an existing method, or defining a method named 'loadDevotionals'.
          await devotionalService.loadDevotionals();
                                  ^^^^^^^^^^^^^^^
  test/integration/user_flow_test.dart:251:35: Error: The method 'markDevotionalComplete' isn't defined for the type 'DevotionalService'.
   - 'DevotionalService' is from 'package:everyday_christian/core/services/devotional_service.dart' ('lib/core/services/devotional_service.dart').
  Try correcting the name to the name of an existing method, or defining a method named 'markDevotionalComplete'.
            await devotionalService.markDevotionalComplete(today.id);
                                    ^^^^^^^^^^^^^^^^^^^^^^
  test/integration/user_flow_test.dart:254:54: Error: The method 'isDevotionalComplete' isn't defined for the type 'DevotionalService'.
   - 'DevotionalService' is from 'package:everyday_christian/core/services/devotional_service.dart' ('lib/core/services/devotional_service.dart').
  Try correcting the name to the name of an existing method, or defining a method named 'isDevotionalComplete'.
            final isComplete = await devotionalService.isDevotionalComplete(today.id);
                                                       ^^^^^^^^^^^^^^^^^^^^
  test/integration/user_flow_test.dart:262:52: Error: The method 'getProgress' isn't defined for the type 'DevotionalService'.
   - 'DevotionalService' is from 'package:everyday_christian/core/services/devotional_service.dart' ('lib/core/services/devotional_service.dart').
  Try correcting the name to the name of an existing method, or defining a method named 'getProgress'.
            final progress = await devotionalService.getProgress();
                                                     ^^^^^^^^^^^
  test/integration/user_flow_test.dart:268:33: Error: The method 'loadDevotionals' isn't defined for the type 'DevotionalService'.
   - 'DevotionalService' is from 'package:everyday_christian/core/services/devotional_service.dart' ('lib/core/services/devotional_service.dart').
  Try correcting the name to the name of an existing method, or defining a method named 'loadDevotionals'.
          await devotionalService.loadDevotionals();
                                  ^^^^^^^^^^^^^^^
  test/integration/user_flow_test.dart:273:35: Error: The method 'markDevotionalComplete' isn't defined for the type 'DevotionalService'.
   - 'DevotionalService' is from 'package:everyday_christian/core/services/devotional_service.dart' ('lib/core/services/devotional_service.dart').
  Try correcting the name to the name of an existing method, or defining a method named 'markDevotionalComplete'.
            await devotionalService.markDevotionalComplete(devotionals[i].id);
                                    ^^^^^^^^^^^^^^^^^^^^^^
  test/integration/user_flow_test.dart:276:50: Error: The method 'getProgress' isn't defined for the type 'DevotionalService'.
   - 'DevotionalService' is from 'package:everyday_christian/core/services/devotional_service.dart' ('lib/core/services/devotional_service.dart').
  Try correcting the name to the name of an existing method, or defining a method named 'getProgress'.
          final progress = await devotionalService.getProgress();
                                                   ^^^^^^^^^^^
  test/integration/user_flow_test.dart:287:48: Error: The method 'getAvailablePlans' isn't defined for the type 'ReadingPlanService'.
   - 'ReadingPlanService' is from 'package:everyday_christian/core/services/reading_plan_service.dart' ('lib/core/services/reading_plan_service.dart').
  Try correcting the name to the name of an existing method, or defining a method named 'getAvailablePlans'.
          final plans = await readingPlanService.getAvailablePlans();
                                                 ^^^^^^^^^^^^^^^^^
  test/integration/user_flow_test.dart:295:53: Error: The method 'getActivePlan' isn't defined for the type 'ReadingPlanService'.
   - 'ReadingPlanService' is from 'package:everyday_christian/core/services/reading_plan_service.dart' ('lib/core/services/reading_plan_service.dart').
  Try correcting the name to the name of an existing method, or defining a method named 'getActivePlan'.
          final activePlan = await readingPlanService.getActivePlan();
                                                      ^^^^^^^^^^^^^
  test/integration/user_flow_test.dart:300:55: Error: The method 'getTodaysReading' isn't defined for the type 'ReadingPlanService'.
   - 'ReadingPlanService' is from 'package:everyday_christian/core/services/reading_plan_service.dart' ('lib/core/services/reading_plan_service.dart').
  Try correcting the name to the name of an existing method, or defining a method named 'getTodaysReading'.
          final todayReading = await readingPlanService.getTodaysReading();
                                                        ^^^^^^^^^^^^^^^^
  test/integration/user_flow_test.dart:305:36: Error: The method 'markDayComplete' isn't defined for the type 'ReadingPlanService'.
   - 'ReadingPlanService' is from 'package:everyday_christian/core/services/reading_plan_service.dart' ('lib/core/services/reading_plan_service.dart').
  Try correcting the name to the name of an existing method, or defining a method named 'markDayComplete'.
            await readingPlanService.markDayComplete(plan.id, todayReading.day);
                                     ^^^^^^^^^^^^^^^
  test/integration/user_flow_test.dart:308:53: Error: The method 'getPlanProgress' isn't defined for the type 'ReadingPlanService'.
   - 'ReadingPlanService' is from 'package:everyday_christian/core/services/reading_plan_service.dart' ('lib/core/services/reading_plan_service.dart').
  Try correcting the name to the name of an existing method, or defining a method named 'getPlanProgress'.
            final progress = await readingPlanService.getPlanProgress(plan.id);
                                                      ^^^^^^^^^^^^^^^
  test/integration/user_flow_test.dart:312:55: Error: The method 'isDayComplete' isn't defined for the type 'ReadingPlanService'.
   - 'ReadingPlanService' is from 'package:everyday_christian/core/services/reading_plan_service.dart' ('lib/core/services/reading_plan_service.dart').
  Try correcting the name to the name of an existing method, or defining a method named 'isDayComplete'.
            final isComplete = await readingPlanService.isDayComplete(plan.id, todayReading.day);
                                                        ^^^^^^^^^^^^^
  test/integration/user_flow_test.dart:318:48: Error: The method 'getAvailablePlans' isn't defined for the type 'ReadingPlanService'.
   - 'ReadingPlanService' is from 'package:everyday_christian/core/services/reading_plan_service.dart' ('lib/core/services/reading_plan_service.dart').
  Try correcting the name to the name of an existing method, or defining a method named 'getAvailablePlans'.
          final plans = await readingPlanService.getAvailablePlans();
                                                 ^^^^^^^^^^^^^^^^^
  test/integration/user_flow_test.dart:325:36: Error: The method 'markDayComplete' isn't defined for the type 'ReadingPlanService'.
   - 'ReadingPlanService' is from 'package:everyday_christian/core/services/reading_plan_service.dart' ('lib/core/services/reading_plan_service.dart').
  Try correcting the name to the name of an existing method, or defining a method named 'markDayComplete'.
            await readingPlanService.markDayComplete(plan.id, day);
                                     ^^^^^^^^^^^^^^^
  test/integration/user_flow_test.dart:328:51: Error: The method 'getPlanProgress' isn't defined for the type 'ReadingPlanService'.
   - 'ReadingPlanService' is from 'package:everyday_christian/core/services/reading_plan_service.dart' ('lib/core/services/reading_plan_service.dart').
  Try correcting the name to the name of an existing method, or defining a method named 'getPlanProgress'.
          final progress = await readingPlanService.getPlanProgress(plan.id);
                                                    ^^^^^^^^^^^^^^^
  test/integration/user_flow_test.dart:333:48: Error: The method 'getAvailablePlans' isn't defined for the type 'ReadingPlanService'.
   - 'ReadingPlanService' is from 'package:everyday_christian/core/services/reading_plan_service.dart' ('lib/core/services/reading_plan_service.dart').
  Try correcting the name to the name of an existing method, or defining a method named 'getAvailablePlans'.
          final plans = await readingPlanService.getAvailablePlans();
                                                 ^^^^^^^^^^^^^^^^^
  test/integration/user_flow_test.dart:337:50: Error: The method 'getActivePlan' isn't defined for the type 'ReadingPlanService'.
   - 'ReadingPlanService' is from 'package:everyday_christian/core/services/reading_plan_service.dart' ('lib/core/services/reading_plan_service.dart').
  Try correcting the name to the name of an existing method, or defining a method named 'getActivePlan'.
          final active1 = await readingPlanService.getActivePlan();
                                                   ^^^^^^^^^^^^^
  test/integration/user_flow_test.dart:343:52: Error: The method 'getActivePlan' isn't defined for the type 'ReadingPlanService'.
   - 'ReadingPlanService' is from 'package:everyday_christian/core/services/reading_plan_service.dart' ('lib/core/services/reading_plan_service.dart').
  Try correcting the name to the name of an existing method, or defining a method named 'getActivePlan'.
            final active2 = await readingPlanService.getActivePlan();
                                                     ^^^^^^^^^^^^^
  test/integration/user_flow_test.dart:352:41: Error: Too many positional arguments: 0 allowed, but 1 found.
  Try removing the extra positional arguments.
          await prayerService.createPrayer(PrayerRequest(
                                          ^
  test/integration/user_flow_test.dart:390:33: Error: The method 'loadDevotionals' isn't defined for the type 'DevotionalService'.
   - 'DevotionalService' is from 'package:everyday_christian/core/services/devotional_service.dart' ('lib/core/services/devotional_service.dart').
  Try correcting the name to the name of an existing method, or defining a method named 'loadDevotionals'.
          await devotionalService.loadDevotionals();
                                  ^^^^^^^^^^^^^^^
  test/integration/user_flow_test.dart:394:35: Error: The method 'markDevotionalComplete' isn't defined for the type 'DevotionalService'.
   - 'DevotionalService' is from 'package:everyday_christian/core/services/devotional_service.dart' ('lib/core/services/devotional_service.dart').
  Try correcting the name to the name of an existing method, or defining a method named 'markDevotionalComplete'.
            await devotionalService.markDevotionalComplete(devotional.id);
                                    ^^^^^^^^^^^^^^^^^^^^^^
  test/integration/user_flow_test.dart:409:54: Error: The method 'isDevotionalComplete' isn't defined for the type 'DevotionalService'.
   - 'DevotionalService' is from 'package:everyday_christian/core/services/devotional_service.dart' ('lib/core/services/devotional_service.dart').
  Try correcting the name to the name of an existing method, or defining a method named 'isDevotionalComplete'.
            final isComplete = await devotionalService.isDevotionalComplete(devotional.id);
                                                       ^^^^^^^^^^^^^^^^^^^^
  test/integration/user_flow_test.dart:419:41: Error: Too many positional arguments: 0 allowed, but 1 found.
  Try removing the extra positional arguments.
          await prayerService.createPrayer(PrayerRequest(
                                          ^
  test/integration/user_flow_test.dart:432:33: Error: The method 'loadDevotionals' isn't defined for the type 'DevotionalService'.
   - 'DevotionalService' is from 'package:everyday_christian/core/services/devotional_service.dart' ('lib/core/services/devotional_service.dart').
  Try correcting the name to the name of an existing method, or defining a method named 'loadDevotionals'.
          await devotionalService.loadDevotionals();
                                  ^^^^^^^^^^^^^^^
  .

To run this test again: /Users/kcdacre8tor/flutter/bin/cache/dart-sdk/bin/dart test /Users/kcdacre8tor/ everyday-christian/test/integration/user_flow_test.dart -p vm --plain-name 'loading /Users/kcdacre8tor/ everyday-christian/test/integration/user_flow_test.dart'
00:04 +169 -16: /Users/kcdacre8tor/ everyday-christian/test/reading_plan_progress_enhanced_test.dart: Enhanced Progress Tracking - Calendar Heatmap should only include data within specified days range
ℹ️ [2025-10-17 18:19:24.523] [INFO   ] [DatabaseHelper] Database schema created successfully
📦 Running database migrations from v1 to v2
🔄 Migrating to schema v2...
  → Fixing favorite_verses foreign key...
  → Fixing daily_verses foreign key...
  → Fixing verse_bookmarks foreign key...
  → Removing duplicate column from prayer_categories...
  → Creating performance indexes...
  → Creating timestamp triggers...
✅ Schema v2 migration complete!
✅ Database integrity verified
✅ Database migrations complete!
00:04 +169 -17: /Users/kcdacre8tor/ everyday-christian/test/reading_plan_progress_enhanced_test.dart: Enhanced Progress Tracking - Calendar Heatmap should only include data within specified days range [E]
  Binding has not yet been initialized.
  The "instance" getter on the ServicesBinding binding mixin is only available once that binding has been initialized.
  Typically, this is done by calling "WidgetsFlutterBinding.ensureInitialized()" or "runApp()" (the latter calls the former). Typically this call is done in the "void main()" method. The "ensureInitialized" method is idempotent; calling it multiple times is not harmful. After calling that method, the "instance" getter will return the binding.
  In a test, one can call "TestWidgetsFlutterBinding.ensureInitialized()" as the first line in the test's "main()" method to initialize the binding.
  If ServicesBinding is a custom binding mixin, there must also be a custom binding class, like WidgetsFlutterBinding, but that mixes in the selected binding, and that is the class that must be constructed before using the "instance" getter.
  package:flutter/src/foundation/binding.dart 314:9                                     BindingBase.checkInstance.<fn>
  package:flutter/src/foundation/binding.dart 401:6                                     BindingBase.checkInstance
  package:flutter/src/services/binding.dart 73:54                                       ServicesBinding.instance
  package:flutter/src/services/platform_channel.dart 179:25                             _findBinaryMessenger
  package:flutter/src/services/platform_channel.dart 320:56                             MethodChannel.binaryMessenger
  package:flutter/src/services/platform_channel.dart 360:17                             MethodChannel._invokeMethod
  package:flutter/src/services/platform_channel.dart 540:12                             MethodChannel.invokeMethod
  package:path_provider_platform_interface/src/method_channel_path_provider.dart 52:10  MethodChannelPathProvider.getApplicationDocumentsPath
  package:path_provider/path_provider.dart 121:40                                       getApplicationDocumentsDirectory
  package:everyday_christian/core/database/database_helper.dart 803:42                  DatabaseHelper.deleteDatabase
  package:everyday_christian/core/database/database_helper.dart 819:11                  DatabaseHelper.resetDatabase
  ===== asynchronous gap ===========================
  dart:async                                                                            _CustomZone.registerBinaryCallback
  test/reading_plan_progress_enhanced_test.dart 35:5                                    main.<fn>
  

To run this test again: /Users/kcdacre8tor/flutter/bin/cache/dart-sdk/bin/dart test /Users/kcdacre8tor/ everyday-christian/test/reading_plan_progress_enhanced_test.dart -p vm --plain-name 'Enhanced Progress Tracking - Calendar Heatmap should only include data within specified days range'
00:04 +169 -17: /Users/kcdacre8tor/ everyday-christian/test/reading_plan_progress_enhanced_test.dart: Enhanced Progress Tracking - Completion Stats should return comprehensive statistics             00:04 +169 -17: /Users/kcdacre8tor/ everyday-christian/test/reading_plan_progress_enhanced_test.dart: Enhanced Progress Tracking - Completion Stats should return comprehensive statistics             
ℹ️ [2025-10-17 18:19:24.545] [INFO   ] [DatabaseHelper] Initializing database at: :memory:
ℹ️ [2025-10-17 18:19:24.546] [INFO   ] [DatabaseHelper] Creating database schema v5
ℹ️ [2025-10-17 18:19:24.557] [INFO   ] [DatabaseHelper] Database schema created successfully
📦 Running database migrations from v1 to v2
🔄 Migrating to schema v2...
  → Fixing favorite_verses foreign key...
  → Fixing daily_verses foreign key...
  → Fixing verse_bookmarks foreign key...
  → Removing duplicate column from prayer_categories...
  → Creating performance indexes...
  → Creating timestamp triggers...
✅ Schema v2 migration complete!
✅ Database integrity verified
✅ Database migrations complete!
00:05 +169 -18: /Users/kcdacre8tor/ everyday-christian/test/reading_plan_progress_enhanced_test.dart: Enhanced Progress Tracking - Completion Stats should return comprehensive statistics [E]         
  Binding has not yet been initialized.
  The "instance" getter on the ServicesBinding binding mixin is only available once that binding has been initialized.
  Typically, this is done by calling "WidgetsFlutterBinding.ensureInitialized()" or "runApp()" (the latter calls the former). Typically this call is done in the "void main()" method. The "ensureInitialized" method is idempotent; calling it multiple times is not harmful. After calling that method, the "instance" getter will return the binding.
  In a test, one can call "TestWidgetsFlutterBinding.ensureInitialized()" as the first line in the test's "main()" method to initialize the binding.
  If ServicesBinding is a custom binding mixin, there must also be a custom binding class, like WidgetsFlutterBinding, but that mixes in the selected binding, and that is the class that must be constructed before using the "instance" getter.
  package:flutter/src/foundation/binding.dart 314:9                                     BindingBase.checkInstance.<fn>
  package:flutter/src/foundation/binding.dart 401:6                                     BindingBase.checkInstance
  package:flutter/src/services/binding.dart 73:54                                       ServicesBinding.instance
  package:flutter/src/services/platform_channel.dart 179:25                             _findBinaryMessenger
  package:flutter/src/services/platform_channel.dart 320:56                             MethodChannel.binaryMessenger
  package:flutter/src/services/platform_channel.dart 360:17                             MethodChannel._invokeMethod
  package:flutter/src/services/platform_channel.dart 540:12                             MethodChannel.invokeMethod
  package:path_provider_platform_interface/src/method_channel_path_provider.dart 52:10  MethodChannelPathProvider.getApplicationDocumentsPath
  package:path_provider/path_provider.dart 121:40                                       getApplicationDocumentsDirectory
  package:everyday_christian/core/database/database_helper.dart 803:42                  DatabaseHelper.deleteDatabase
  package:everyday_christian/core/database/database_helper.dart 819:11                  DatabaseHelper.resetDatabase
  ===== asynchronous gap ===========================
  dart:async                                                                            _CustomZone.registerBinaryCallback
  test/reading_plan_progress_enhanced_test.dart 35:5                                    main.<fn>
  

To run this test again: /Users/kcdacre8tor/flutter/bin/cache/dart-sdk/bin/dart test /Users/kcdacre8tor/ everyday-christian/test/reading_plan_progress_enhanced_test.dart -p vm --plain-name 'Enhanced Progress Tracking - Completion Stats should return comprehensive statistics'
00:05 +169 -18: /Users/kcdacre8tor/ everyday-christian/test/reading_plan_progress_enhanced_test.dart: Enhanced Progress Tracking - Completion Stats should calculate correct progress percentage       00:05 +169 -18: /Users/kcdacre8tor/ everyday-christian/test/reading_plan_progress_enhanced_test.dart: Enhanced Progress Tracking - Completion Stats should calculate correct progress percentage       
ℹ️ [2025-10-17 18:19:24.589] [INFO   ] [DatabaseHelper] Initializing database at: :memory:
ℹ️ [2025-10-17 18:19:24.590] [INFO   ] [DatabaseHelper] Creating database schema v5
ℹ️ [2025-10-17 18:19:24.607] [INFO   ] [DatabaseHelper] Database schema created successfully
📦 Running database migrations from v1 to v2
🔄 Migrating to schema v2...
  → Fixing favorite_verses foreign key...
  → Fixing daily_verses foreign key...
  → Fixing verse_bookmarks foreign key...
  → Removing duplicate column from prayer_categories...
  → Creating performance indexes...
  → Creating timestamp triggers...
✅ Schema v2 migration complete!
✅ Database integrity verified
✅ Database migrations complete!
00:05 +169 -19: /Users/kcdacre8tor/ everyday-christian/test/reading_plan_progress_enhanced_test.dart: Enhanced Progress Tracking - Completion Stats should calculate correct progress percentage [E]   
  Binding has not yet been initialized.
  The "instance" getter on the ServicesBinding binding mixin is only available once that binding has been initialized.
  Typically, this is done by calling "WidgetsFlutterBinding.ensureInitialized()" or "runApp()" (the latter calls the former). Typically this call is done in the "void main()" method. The "ensureInitialized" method is idempotent; calling it multiple times is not harmful. After calling that method, the "instance" getter will return the binding.
  In a test, one can call "TestWidgetsFlutterBinding.ensureInitialized()" as the first line in the test's "main()" method to initialize the binding.
  If ServicesBinding is a custom binding mixin, there must also be a custom binding class, like WidgetsFlutterBinding, but that mixes in the selected binding, and that is the class that must be constructed before using the "instance" getter.
  package:flutter/src/foundation/binding.dart 314:9                                     BindingBase.checkInstance.<fn>
  package:flutter/src/foundation/binding.dart 401:6                                     BindingBase.checkInstance
  package:flutter/src/services/binding.dart 73:54                                       ServicesBinding.instance
  package:flutter/src/services/platform_channel.dart 179:25                             _findBinaryMessenger
  package:flutter/src/services/platform_channel.dart 320:56                             MethodChannel.binaryMessenger
  package:flutter/src/services/platform_channel.dart 360:17                             MethodChannel._invokeMethod
  package:flutter/src/services/platform_channel.dart 540:12                             MethodChannel.invokeMethod
  package:path_provider_platform_interface/src/method_channel_path_provider.dart 52:10  MethodChannelPathProvider.getApplicationDocumentsPath
  package:path_provider/path_provider.dart 121:40                                       getApplicationDocumentsDirectory
  package:everyday_christian/core/database/database_helper.dart 803:42                  DatabaseHelper.deleteDatabase
  package:everyday_christian/core/database/database_helper.dart 819:11                  DatabaseHelper.resetDatabase
  ===== asynchronous gap ===========================
  dart:async                                                                            _CustomZone.registerBinaryCallback
  test/reading_plan_progress_enhanced_test.dart 35:5                                    main.<fn>
  

To run this test again: /Users/kcdacre8tor/flutter/bin/cache/dart-sdk/bin/dart test /Users/kcdacre8tor/ everyday-christian/test/reading_plan_progress_enhanced_test.dart -p vm --plain-name 'Enhanced Progress Tracking - Completion Stats should calculate correct progress percentage'
00:05 +169 -19: /Users/kcdacre8tor/ everyday-christian/test/reading_plan_progress_enhanced_test.dart: Enhanced Progress Tracking - Completion Stats should track current and longest streak            00:05 +169 -19: /Users/kcdacre8tor/ everyday-christian/test/reading_plan_progress_enhanced_test.dart: Enhanced Progress Tracking - Completion Stats should track current and longest streak            
ℹ️ [2025-10-17 18:19:24.643] [INFO   ] [DatabaseHelper] Initializing database at: :memory:
ℹ️ [2025-10-17 18:19:24.645] [INFO   ] [DatabaseHelper] Creating database schema v5
ℹ️ [2025-10-17 18:19:24.654] [INFO   ] [DatabaseHelper] Database schema created successfully
📦 Running database migrations from v1 to v2
🔄 Migrating to schema v2...
  → Fixing favorite_verses foreign key...
  → Fixing daily_verses foreign key...
  → Fixing verse_bookmarks foreign key...
  → Removing duplicate column from prayer_categories...
  → Creating performance indexes...
  → Creating timestamp triggers...
✅ Schema v2 migration complete!
✅ Database integrity verified
✅ Database migrations complete!
00:05 +169 -20: /Users/kcdacre8tor/ everyday-christian/test/reading_plan_progress_enhanced_test.dart: Enhanced Progress Tracking - Completion Stats should track current and longest streak [E]        
  Binding has not yet been initialized.
  The "instance" getter on the ServicesBinding binding mixin is only available once that binding has been initialized.
  Typically, this is done by calling "WidgetsFlutterBinding.ensureInitialized()" or "runApp()" (the latter calls the former). Typically this call is done in the "void main()" method. The "ensureInitialized" method is idempotent; calling it multiple times is not harmful. After calling that method, the "instance" getter will return the binding.
  In a test, one can call "TestWidgetsFlutterBinding.ensureInitialized()" as the first line in the test's "main()" method to initialize the binding.
  If ServicesBinding is a custom binding mixin, there must also be a custom binding class, like WidgetsFlutterBinding, but that mixes in the selected binding, and that is the class that must be constructed before using the "instance" getter.
  package:flutter/src/foundation/binding.dart 314:9                                     BindingBase.checkInstance.<fn>
  package:flutter/src/foundation/binding.dart 401:6                                     BindingBase.checkInstance
  package:flutter/src/services/binding.dart 73:54                                       ServicesBinding.instance
  package:flutter/src/services/platform_channel.dart 179:25                             _findBinaryMessenger
  package:flutter/src/services/platform_channel.dart 320:56                             MethodChannel.binaryMessenger
  package:flutter/src/services/platform_channel.dart 360:17                             MethodChannel._invokeMethod
  package:flutter/src/services/platform_channel.dart 540:12                             MethodChannel.invokeMethod
  package:path_provider_platform_interface/src/method_channel_path_provider.dart 52:10  MethodChannelPathProvider.getApplicationDocumentsPath
  package:path_provider/path_provider.dart 121:40                                       getApplicationDocumentsDirectory
  package:everyday_christian/core/database/database_helper.dart 803:42                  DatabaseHelper.deleteDatabase
  package:everyday_christian/core/database/database_helper.dart 819:11                  DatabaseHelper.resetDatabase
  ===== asynchronous gap ===========================
  dart:async                                                                            _CustomZone.registerBinaryCallback
  test/reading_plan_progress_enhanced_test.dart 35:5                                    main.<fn>
  

To run this test again: /Users/kcdacre8tor/flutter/bin/cache/dart-sdk/bin/dart test /Users/kcdacre8tor/ everyday-christian/test/reading_plan_progress_enhanced_test.dart -p vm --plain-name 'Enhanced Progress Tracking - Completion Stats should track current and longest streak'
00:05 +169 -20: /Users/kcdacre8tor/ everyday-christian/test/reading_plan_progress_enhanced_test.dart: Enhanced Progress Tracking - Missed Days should identify missed days                             00:05 +169 -20: /Users/kcdacre8tor/ everyday-christian/test/reading_plan_progress_enhanced_test.dart: Enhanced Progress Tracking - Missed Days should identify missed days                             
ℹ️ [2025-10-17 18:19:24.676] [INFO   ] [DatabaseHelper] Initializing database at: :memory:
ℹ️ [2025-10-17 18:19:24.677] [INFO   ] [DatabaseHelper] Creating database schema v5
ℹ️ [2025-10-17 18:19:24.687] [INFO   ] [DatabaseHelper] Database schema created successfully
📦 Running database migrations from v1 to v2
🔄 Migrating to schema v2...
  → Fixing favorite_verses foreign key...
  → Fixing daily_verses foreign key...
  → Fixing verse_bookmarks foreign key...
  → Removing duplicate column from prayer_categories...
  → Creating performance indexes...
  → Creating timestamp triggers...
✅ Schema v2 migration complete!
✅ Database integrity verified
✅ Database migrations complete!
00:05 +169 -21: /Users/kcdacre8tor/ everyday-christian/test/reading_plan_progress_enhanced_test.dart: Enhanced Progress Tracking - Missed Days should identify missed days [E]                         
  Binding has not yet been initialized.
  The "instance" getter on the ServicesBinding binding mixin is only available once that binding has been initialized.
  Typically, this is done by calling "WidgetsFlutterBinding.ensureInitialized()" or "runApp()" (the latter calls the former). Typically this call is done in the "void main()" method. The "ensureInitialized" method is idempotent; calling it multiple times is not harmful. After calling that method, the "instance" getter will return the binding.
  In a test, one can call "TestWidgetsFlutterBinding.ensureInitialized()" as the first line in the test's "main()" method to initialize the binding.
  If ServicesBinding is a custom binding mixin, there must also be a custom binding class, like WidgetsFlutterBinding, but that mixes in the selected binding, and that is the class that must be constructed before using the "instance" getter.
  package:flutter/src/foundation/binding.dart 314:9                                     BindingBase.checkInstance.<fn>
  package:flutter/src/foundation/binding.dart 401:6                                     BindingBase.checkInstance
  package:flutter/src/services/binding.dart 73:54                                       ServicesBinding.instance
  package:flutter/src/services/platform_channel.dart 179:25                             _findBinaryMessenger
  package:flutter/src/services/platform_channel.dart 320:56                             MethodChannel.binaryMessenger
  package:flutter/src/services/platform_channel.dart 360:17                             MethodChannel._invokeMethod
  package:flutter/src/services/platform_channel.dart 540:12                             MethodChannel.invokeMethod
  package:path_provider_platform_interface/src/method_channel_path_provider.dart 52:10  MethodChannelPathProvider.getApplicationDocumentsPath
  package:path_provider/path_provider.dart 121:40                                       getApplicationDocumentsDirectory
  package:everyday_christian/core/database/database_helper.dart 803:42                  DatabaseHelper.deleteDatabase
  package:everyday_christian/core/database/database_helper.dart 819:11                  DatabaseHelper.resetDatabase
  ===== asynchronous gap ===========================
  dart:async                                                                            _CustomZone.registerBinaryCallback
  test/reading_plan_progress_enhanced_test.dart 35:5                                    main.<fn>
  

To run this test again: /Users/kcdacre8tor/flutter/bin/cache/dart-sdk/bin/dart test /Users/kcdacre8tor/ everyday-christian/test/reading_plan_progress_enhanced_test.dart -p vm --plain-name 'Enhanced Progress Tracking - Missed Days should identify missed days'
00:05 +169 -21: /Users/kcdacre8tor/ everyday-christian/test/reading_plan_progress_enhanced_test.dart: Enhanced Progress Tracking - Missed Days should not include completed readings as missed         00:05 +169 -21: /Users/kcdacre8tor/ everyday-christian/test/reading_plan_progress_enhanced_test.dart: Enhanced Progress Tracking - Missed Days should not include completed readings as missed         
ℹ️ [2025-10-17 18:19:24.708] [INFO   ] [DatabaseHelper] Initializing database at: :memory:
ℹ️ [2025-10-17 18:19:24.709] [INFO   ] [DatabaseHelper] Creating database schema v5
ℹ️ [2025-10-17 18:19:24.718] [INFO   ] [DatabaseHelper] Database schema created successfully
📦 Running database migrations from v1 to v2
🔄 Migrating to schema v2...
  → Fixing favorite_verses foreign key...
  → Fixing daily_verses foreign key...
  → Fixing verse_bookmarks foreign key...
  → Removing duplicate column from prayer_categories...
  → Creating performance indexes...
  → Creating timestamp triggers...
✅ Schema v2 migration complete!
✅ Database integrity verified
✅ Database migrations complete!
00:05 +169 -22: /Users/kcdacre8tor/ everyday-christian/test/reading_plan_progress_enhanced_test.dart: Enhanced Progress Tracking - Missed Days should not include completed readings as missed [E]     
  Binding has not yet been initialized.
  The "instance" getter on the ServicesBinding binding mixin is only available once that binding has been initialized.
  Typically, this is done by calling "WidgetsFlutterBinding.ensureInitialized()" or "runApp()" (the latter calls the former). Typically this call is done in the "void main()" method. The "ensureInitialized" method is idempotent; calling it multiple times is not harmful. After calling that method, the "instance" getter will return the binding.
  In a test, one can call "TestWidgetsFlutterBinding.ensureInitialized()" as the first line in the test's "main()" method to initialize the binding.
  If ServicesBinding is a custom binding mixin, there must also be a custom binding class, like WidgetsFlutterBinding, but that mixes in the selected binding, and that is the class that must be constructed before using the "instance" getter.
  package:flutter/src/foundation/binding.dart 314:9                                     BindingBase.checkInstance.<fn>
  package:flutter/src/foundation/binding.dart 401:6                                     BindingBase.checkInstance
  package:flutter/src/services/binding.dart 73:54                                       ServicesBinding.instance
  package:flutter/src/services/platform_channel.dart 179:25                             _findBinaryMessenger
  package:flutter/src/services/platform_channel.dart 320:56                             MethodChannel.binaryMessenger
  package:flutter/src/services/platform_channel.dart 360:17                             MethodChannel._invokeMethod
  package:flutter/src/services/platform_channel.dart 540:12                             MethodChannel.invokeMethod
  package:path_provider_platform_interface/src/method_channel_path_provider.dart 52:10  MethodChannelPathProvider.getApplicationDocumentsPath
  package:path_provider/path_provider.dart 121:40                                       getApplicationDocumentsDirectory
  package:everyday_christian/core/database/database_helper.dart 803:42                  DatabaseHelper.deleteDatabase
  package:everyday_christian/core/database/database_helper.dart 819:11                  DatabaseHelper.resetDatabase
  ===== asynchronous gap ===========================
  dart:async                                                                            _CustomZone.registerBinaryCallback
  test/reading_plan_progress_enhanced_test.dart 35:5                                    main.<fn>
  

To run this test again: /Users/kcdacre8tor/flutter/bin/cache/dart-sdk/bin/dart test /Users/kcdacre8tor/ everyday-christian/test/reading_plan_progress_enhanced_test.dart -p vm --plain-name 'Enhanced Progress Tracking - Missed Days should not include completed readings as missed'
00:05 +169 -22: /Users/kcdacre8tor/ everyday-christian/test/reading_plan_progress_enhanced_test.dart: Enhanced Progress Tracking - Missed Days should not include future readings as missed            00:05 +169 -22: /Users/kcdacre8tor/ everyday-christian/test/reading_plan_progress_enhanced_test.dart: Enhanced Progress Tracking - Missed Days should not include future readings as missed            
ℹ️ [2025-10-17 18:19:24.736] [INFO   ] [DatabaseHelper] Initializing database at: :memory:
ℹ️ [2025-10-17 18:19:24.737] [INFO   ] [DatabaseHelper] Creating database schema v5
ℹ️ [2025-10-17 18:19:24.746] [INFO   ] [DatabaseHelper] Database schema created successfully
📦 Running database migrations from v1 to v2
🔄 Migrating to schema v2...
  → Fixing favorite_verses foreign key...
  → Fixing daily_verses foreign key...
  → Fixing verse_bookmarks foreign key...
  → Removing duplicate column from prayer_categories...
  → Creating performance indexes...
  → Creating timestamp triggers...
✅ Schema v2 migration complete!
✅ Database integrity verified
✅ Database migrations complete!
00:05 +169 -23: /Users/kcdacre8tor/ everyday-christian/test/reading_plan_progress_enhanced_test.dart: Enhanced Progress Tracking - Missed Days should not include future readings as missed [E]        
  Binding has not yet been initialized.
  The "instance" getter on the ServicesBinding binding mixin is only available once that binding has been initialized.
  Typically, this is done by calling "WidgetsFlutterBinding.ensureInitialized()" or "runApp()" (the latter calls the former). Typically this call is done in the "void main()" method. The "ensureInitialized" method is idempotent; calling it multiple times is not harmful. After calling that method, the "instance" getter will return the binding.
  In a test, one can call "TestWidgetsFlutterBinding.ensureInitialized()" as the first line in the test's "main()" method to initialize the binding.
  If ServicesBinding is a custom binding mixin, there must also be a custom binding class, like WidgetsFlutterBinding, but that mixes in the selected binding, and that is the class that must be constructed before using the "instance" getter.
  package:flutter/src/foundation/binding.dart 314:9                                     BindingBase.checkInstance.<fn>
  package:flutter/src/foundation/binding.dart 401:6                                     BindingBase.checkInstance
  package:flutter/src/services/binding.dart 73:54                                       ServicesBinding.instance
  package:flutter/src/services/platform_channel.dart 179:25                             _findBinaryMessenger
  package:flutter/src/services/platform_channel.dart 320:56                             MethodChannel.binaryMessenger
  package:flutter/src/services/platform_channel.dart 360:17                             MethodChannel._invokeMethod
  package:flutter/src/services/platform_channel.dart 540:12                             MethodChannel.invokeMethod
  package:path_provider_platform_interface/src/method_channel_path_provider.dart 52:10  MethodChannelPathProvider.getApplicationDocumentsPath
  package:path_provider/path_provider.dart 121:40                                       getApplicationDocumentsDirectory
  package:everyday_christian/core/database/database_helper.dart 803:42                  DatabaseHelper.deleteDatabase
  package:everyday_christian/core/database/database_helper.dart 819:11                  DatabaseHelper.resetDatabase
  ===== asynchronous gap ===========================
  dart:async                                                                            _CustomZone.registerBinaryCallback
  test/reading_plan_progress_enhanced_test.dart 35:5                                    main.<fn>
  

To run this test again: /Users/kcdacre8tor/flutter/bin/cache/dart-sdk/bin/dart test /Users/kcdacre8tor/ everyday-christian/test/reading_plan_progress_enhanced_test.dart -p vm --plain-name 'Enhanced Progress Tracking - Missed Days should not include future readings as missed'
00:05 +169 -23: /Users/kcdacre8tor/ everyday-christian/test/reading_plan_progress_enhanced_test.dart: Enhanced Progress Tracking - Weekly Completion Rate should calculate weekly completion rate      00:05 +169 -23: /Users/kcdacre8tor/ everyday-christian/test/reading_plan_progress_enhanced_test.dart: Enhanced Progress Tracking - Weekly Completion Rate should calculate weekly completion rate      
ℹ️ [2025-10-17 18:19:24.765] [INFO   ] [DatabaseHelper] Initializing database at: :memory:
ℹ️ [2025-10-17 18:19:24.766] [INFO   ] [DatabaseHelper] Creating database schema v5
ℹ️ [2025-10-17 18:19:24.779] [INFO   ] [DatabaseHelper] Database schema created successfully
📦 Running database migrations from v1 to v2
🔄 Migrating to schema v2...
  → Fixing favorite_verses foreign key...
  → Fixing daily_verses foreign key...
  → Fixing verse_bookmarks foreign key...
  → Removing duplicate column from prayer_categories...
  → Creating performance indexes...
  → Creating timestamp triggers...
✅ Schema v2 migration complete!
✅ Database integrity verified
✅ Database migrations complete!
00:05 +169 -24: /Users/kcdacre8tor/ everyday-christian/test/reading_plan_progress_enhanced_test.dart: Enhanced Progress Tracking - Weekly Completion Rate should calculate weekly completion rate [E]  
  Binding has not yet been initialized.
  The "instance" getter on the ServicesBinding binding mixin is only available once that binding has been initialized.
  Typically, this is done by calling "WidgetsFlutterBinding.ensureInitialized()" or "runApp()" (the latter calls the former). Typically this call is done in the "void main()" method. The "ensureInitialized" method is idempotent; calling it multiple times is not harmful. After calling that method, the "instance" getter will return the binding.
  In a test, one can call "TestWidgetsFlutterBinding.ensureInitialized()" as the first line in the test's "main()" method to initialize the binding.
  If ServicesBinding is a custom binding mixin, there must also be a custom binding class, like WidgetsFlutterBinding, but that mixes in the selected binding, and that is the class that must be constructed before using the "instance" getter.
  package:flutter/src/foundation/binding.dart 314:9                                     BindingBase.checkInstance.<fn>
  package:flutter/src/foundation/binding.dart 401:6                                     BindingBase.checkInstance
  package:flutter/src/services/binding.dart 73:54                                       ServicesBinding.instance
  package:flutter/src/services/platform_channel.dart 179:25                             _findBinaryMessenger
  package:flutter/src/services/platform_channel.dart 320:56                             MethodChannel.binaryMessenger
  package:flutter/src/services/platform_channel.dart 360:17                             MethodChannel._invokeMethod
  package:flutter/src/services/platform_channel.dart 540:12                             MethodChannel.invokeMethod
  package:path_provider_platform_interface/src/method_channel_path_provider.dart 52:10  MethodChannelPathProvider.getApplicationDocumentsPath
  package:path_provider/path_provider.dart 121:40                                       getApplicationDocumentsDirectory
  package:everyday_christian/core/database/database_helper.dart 803:42                  DatabaseHelper.deleteDatabase
  package:everyday_christian/core/database/database_helper.dart 819:11                  DatabaseHelper.resetDatabase
  ===== asynchronous gap ===========================
  dart:async                                                                            _CustomZone.registerBinaryCallback
  test/reading_plan_progress_enhanced_test.dart 35:5                                    main.<fn>
  

To run this test again: /Users/kcdacre8tor/flutter/bin/cache/dart-sdk/bin/dart test /Users/kcdacre8tor/ everyday-christian/test/reading_plan_progress_enhanced_test.dart -p vm --plain-name 'Enhanced Progress Tracking - Weekly Completion Rate should calculate weekly completion rate'
00:05 +169 -24: /Users/kcdacre8tor/ everyday-christian/test/reading_plan_progress_enhanced_test.dart: Enhanced Progress Tracking - Weekly Completion Rate should return 0% for week with no readings   00:05 +169 -24: /Users/kcdacre8tor/ everyday-christian/test/reading_plan_progress_enhanced_test.dart: Enhanced Progress Tracking - Weekly Completion Rate should return 0% for week with no readings   
ℹ️ [2025-10-17 18:19:24.808] [INFO   ] [DatabaseHelper] Initializing database at: :memory:
ℹ️ [2025-10-17 18:19:24.811] [INFO   ] [DatabaseHelper] Creating database schema v5
ℹ️ [2025-10-17 18:19:24.833] [INFO   ] [DatabaseHelper] Database schema created successfully
📦 Running database migrations from v1 to v2
🔄 Migrating to schema v2...
  → Fixing favorite_verses foreign key...
  → Fixing daily_verses foreign key...
  → Fixing verse_bookmarks foreign key...
  → Removing duplicate column from prayer_categories...
  → Creating performance indexes...
  → Creating timestamp triggers...
✅ Schema v2 migration complete!
✅ Database integrity verified
✅ Database migrations complete!
00:05 +169 -25: /Users/kcdacre8tor/ everyday-christian/test/reading_plan_progress_enhanced_test.dart: Enhanced Progress Tracking - Weekly Completion Rate should return 0% for week with no readings [E]
  Binding has not yet been initialized.
  The "instance" getter on the ServicesBinding binding mixin is only available once that binding has been initialized.
  Typically, this is done by calling "WidgetsFlutterBinding.ensureInitialized()" or "runApp()" (the latter calls the former). Typically this call is done in the "void main()" method. The "ensureInitialized" method is idempotent; calling it multiple times is not harmful. After calling that method, the "instance" getter will return the binding.
  In a test, one can call "TestWidgetsFlutterBinding.ensureInitialized()" as the first line in the test's "main()" method to initialize the binding.
  If ServicesBinding is a custom binding mixin, there must also be a custom binding class, like WidgetsFlutterBinding, but that mixes in the selected binding, and that is the class that must be constructed before using the "instance" getter.
  package:flutter/src/foundation/binding.dart 314:9                                     BindingBase.checkInstance.<fn>
  package:flutter/src/foundation/binding.dart 401:6                                     BindingBase.checkInstance
  package:flutter/src/services/binding.dart 73:54                                       ServicesBinding.instance
  package:flutter/src/services/platform_channel.dart 179:25                             _findBinaryMessenger
  package:flutter/src/services/platform_channel.dart 320:56                             MethodChannel.binaryMessenger
  package:flutter/src/services/platform_channel.dart 360:17                             MethodChannel._invokeMethod
  package:flutter/src/services/platform_channel.dart 540:12                             MethodChannel.invokeMethod
  package:path_provider_platform_interface/src/method_channel_path_provider.dart 52:10  MethodChannelPathProvider.getApplicationDocumentsPath
  package:path_provider/path_provider.dart 121:40                                       getApplicationDocumentsDirectory
  package:everyday_christian/core/database/database_helper.dart 803:42                  DatabaseHelper.deleteDatabase
  package:everyday_christian/core/database/database_helper.dart 819:11                  DatabaseHelper.resetDatabase
  ===== asynchronous gap ===========================
  dart:async                                                                            _CustomZone.registerBinaryCallback
  test/reading_plan_progress_enhanced_test.dart 35:5                                    main.<fn>
  

To run this test again: /Users/kcdacre8tor/flutter/bin/cache/dart-sdk/bin/dart test /Users/kcdacre8tor/ everyday-christian/test/reading_plan_progress_enhanced_test.dart -p vm --plain-name 'Enhanced Progress Tracking - Weekly Completion Rate should return 0% for week with no readings'
00:05 +169 -25: /Users/kcdacre8tor/ everyday-christian/test/reading_plan_progress_enhanced_test.dart: Enhanced Progress Tracking - Weekly Completion Rate should return 100% for fully completed week  
ℹ️ [2025-10-17 18:19:24.887] [INFO   ] [DatabaseHelper] Initializing database at: :memory:
ℹ️ [2025-10-17 18:19:24.891] [INFO   ] [DatabaseHelper] Creating database schema v5
ℹ️ [2025-10-17 18:19:24.907] [INFO   ] [DatabaseHelper] Database schema created successfully
📦 Running database migrations from v1 to v2
🔄 Migrating to schema v2...
  → Fixing favorite_verses foreign key...
  → Fixing daily_verses foreign key...
  → Fixing verse_bookmarks foreign key...
  → Removing duplicate column from prayer_categories...
  → Creating performance indexes...
  → Creating timestamp triggers...
✅ Schema v2 migration complete!
✅ Database integrity verified
✅ Database migrations complete!
00:05 +170 -25: /Users/kcdacre8tor/ everyday-christian/test/reading_plan_progress_enhanced_test.dart: Enhanced Progress Tracking - Weekly Completion Rate should return 100% for fully completed week  00:05 +171 -25: /Users/kcdacre8tor/ everyday-christian/test/reading_plan_progress_enhanced_test.dart: Enhanced Progress Tracking - Weekly Completion Rate should return 100% for fully completed week  00:05 +172 -26: /Users/kcdacre8tor/ everyday-christian/test/app_theme_test.dart: AppTheme Color Constants should have correct secondary color                                                          00:05 +172 -26: /Users/kcdacre8tor/ everyday-christian/test/app_theme_test.dart: AppTheme Color Constants should have correct gold color                                                               00:05 +173 -26: /Users/kcdacre8tor/ everyday-christian/test/app_theme_test.dart: AppTheme Color Constants should have correct gold color                                                               00:05 +173 -26: /Users/kcdacre8tor/ everyday-christian/test/reading_plan_progress_enhanced_test.dart: Enhanced Progress Tracking - Weekly Completion Rate should return 100% for fully completed week [E]
  Binding has not yet been initialized.
  The "instance" getter on the ServicesBinding binding mixin is only available once that binding has been initialized.
  Typically, this is done by calling "WidgetsFlutterBinding.ensureInitialized()" or "runApp()" (the latter calls the former). Typically this call is done in the "void main()" method. The "ensureInitialized" method is idempotent; calling it multiple times is not harmful. After calling that method, the "instance" getter will return the binding.
  In a test, one can call "TestWidgetsFlutterBinding.ensureInitialized()" as the first line in the test's "main()" method to initialize the binding.
  If ServicesBinding is a custom binding mixin, there must also be a custom binding class, like WidgetsFlutterBinding, but that mixes in the selected binding, and that is the class that must be constructed before using the "instance" getter.
  package:flutter/src/foundation/binding.dart 314:9                                     BindingBase.checkInstance.<fn>
  package:flutter/src/foundation/binding.dart 401:6                                     BindingBase.checkInstance
  package:flutter/src/services/binding.dart 73:54                                       ServicesBinding.instance
  package:flutter/src/services/platform_channel.dart 179:25                             _findBinaryMessenger
  package:flutter/src/services/platform_channel.dart 320:56                             MethodChannel.binaryMessenger
  package:flutter/src/services/platform_channel.dart 360:17                             MethodChannel._invokeMethod
  package:flutter/src/services/platform_channel.dart 540:12                             MethodChannel.invokeMethod
  package:path_provider_platform_interface/src/method_channel_path_provider.dart 52:10  MethodChannelPathProvider.getApplicationDocumentsPath
  package:path_provider/path_provider.dart 121:40                                       getApplicationDocumentsDirectory
  package:everyday_christian/core/database/database_helper.dart 803:42                  DatabaseHelper.deleteDatabase
  package:everyday_christian/core/database/database_helper.dart 819:11                  DatabaseHelper.resetDatabase
  ===== asynchronous gap ===========================
  dart:async                                                                            _CustomZone.registerBinaryCallback
  test/reading_plan_progress_enhanced_test.dart 35:5                                    main.<fn>
  

To run this test again: /Users/kcdacre8tor/flutter/bin/cache/dart-sdk/bin/dart test /Users/kcdacre8tor/ everyday-christian/test/reading_plan_progress_enhanced_test.dart -p vm --plain-name 'Enhanced Progress Tracking - Weekly Completion Rate should return 100% for fully completed week'
00:05 +173 -26: /Users/kcdacre8tor/ everyday-christian/test/app_theme_test.dart: AppTheme Color Constants should have correct toggle active color                                                      00:05 +174 -26: /Users/kcdacre8tor/ ... Enhanced Progress Tracking - Estimated Completion Date should return null for plan with no progress                                                            00:05 +174 -26: /Users/kcdacre8tor/ everyday-christian/test/reading_plan_progress_enhanced_test.dart: Enhanced Progress Tracking - Estimated Completion Date should return null for plan with no progress
ℹ️ [2025-10-17 18:19:24.928] [INFO   ] [DatabaseHelper] Initializing database at: :memory:
ℹ️ [2025-10-17 18:19:24.929] [INFO   ] [DatabaseHelper] Creating database schema v5
ℹ️ [2025-10-17 18:19:24.943] [INFO   ] [DatabaseHelper] Database schema created successfully
📦 Running database migrations from v1 to v2
🔄 Migrating to schema v2...
  → Fixing favorite_verses foreign key...
  → Fixing daily_verses foreign key...
  → Fixing verse_bookmarks foreign key...
  → Removing duplicate column from prayer_categories...
  → Creating performance indexes...
  → Creating timestamp triggers...
✅ Schema v2 migration complete!
✅ Database integrity verified
✅ Database migrations complete!
00:05 +174 -27: /Users/kcdacre8tor/ everyday-christian/test/reading_plan_progress_enhanced_test.dart: Enhanced Progress Tracking - Estimated Completion Date should return null for plan with no progress [E]
  Binding has not yet been initialized.
  The "instance" getter on the ServicesBinding binding mixin is only available once that binding has been initialized.
  Typically, this is done by calling "WidgetsFlutterBinding.ensureInitialized()" or "runApp()" (the latter calls the former). Typically this call is done in the "void main()" method. The "ensureInitialized" method is idempotent; calling it multiple times is not harmful. After calling that method, the "instance" getter will return the binding.
  In a test, one can call "TestWidgetsFlutterBinding.ensureInitialized()" as the first line in the test's "main()" method to initialize the binding.
  If ServicesBinding is a custom binding mixin, there must also be a custom binding class, like WidgetsFlutterBinding, but that mixes in the selected binding, and that is the class that must be constructed before using the "instance" getter.
  package:flutter/src/foundation/binding.dart 314:9                                     BindingBase.checkInstance.<fn>
  package:flutter/src/foundation/binding.dart 401:6                                     BindingBase.checkInstance
  package:flutter/src/services/binding.dart 73:54                                       ServicesBinding.instance
  package:flutter/src/services/platform_channel.dart 179:25                             _findBinaryMessenger
  package:flutter/src/services/platform_channel.dart 320:56                             MethodChannel.binaryMessenger
  package:flutter/src/services/platform_channel.dart 360:17                             MethodChannel._invokeMethod
  package:flutter/src/services/platform_channel.dart 540:12                             MethodChannel.invokeMethod
  package:path_provider_platform_interface/src/method_channel_path_provider.dart 52:10  MethodChannelPathProvider.getApplicationDocumentsPath
  package:path_provider/path_provider.dart 121:40                                       getApplicationDocumentsDirectory
  package:everyday_christian/core/database/database_helper.dart 803:42                  DatabaseHelper.deleteDatabase
  package:everyday_christian/core/database/database_helper.dart 819:11                  DatabaseHelper.resetDatabase
  ===== asynchronous gap ===========================
  dart:async                                                                            _CustomZone.registerBinaryCallback
  test/reading_plan_progress_enhanced_test.dart 35:5                                    main.<fn>
  

To run this test again: /Users/kcdacre8tor/flutter/bin/cache/dart-sdk/bin/dart test /Users/kcdacre8tor/ everyday-christian/test/reading_plan_progress_enhanced_test.dart -p vm --plain-name 'Enhanced Progress Tracking - Estimated Completion Date should return null for plan with no progress'
00:05 +174 -27: /Users/kcdacre8tor/ everyday-christian/test/reading_plan_progress_enhanced_test.dart: Enhanced Progress Tracking - Estimated Completion Date should return null for newly started plan 
ℹ️ [2025-10-17 18:19:24.962] [INFO   ] [DatabaseHelper] Initializing database at: :memory:
ℹ️ [2025-10-17 18:19:24.963] [INFO   ] [DatabaseHelper] Creating database schema v5
ℹ️ [2025-10-17 18:19:24.972] [INFO   ] [DatabaseHelper] Database schema created successfully
📦 Running database migrations from v1 to v2
🔄 Migrating to schema v2...
  → Fixing favorite_verses foreign key...
  → Fixing daily_verses foreign key...
  → Fixing verse_bookmarks foreign key...
  → Removing duplicate column from prayer_categories...
  → Creating performance indexes...
  → Creating timestamp triggers...
✅ Schema v2 migration complete!
✅ Database integrity verified
✅ Database migrations complete!
00:05 +174 -28: /Users/kcdacre8tor/ everyday-christian/test/reading_plan_progress_enhanced_test.dart: Enhanced Progress Tracking - Estimated Completion Date should return null for newly started plan [E]
  Binding has not yet been initialized.
  The "instance" getter on the ServicesBinding binding mixin is only available once that binding has been initialized.
  Typically, this is done by calling "WidgetsFlutterBinding.ensureInitialized()" or "runApp()" (the latter calls the former). Typically this call is done in the "void main()" method. The "ensureInitialized" method is idempotent; calling it multiple times is not harmful. After calling that method, the "instance" getter will return the binding.
  In a test, one can call "TestWidgetsFlutterBinding.ensureInitialized()" as the first line in the test's "main()" method to initialize the binding.
  If ServicesBinding is a custom binding mixin, there must also be a custom binding class, like WidgetsFlutterBinding, but that mixes in the selected binding, and that is the class that must be constructed before using the "instance" getter.
  package:flutter/src/foundation/binding.dart 314:9                                     BindingBase.checkInstance.<fn>
  package:flutter/src/foundation/binding.dart 401:6                                     BindingBase.checkInstance
  package:flutter/src/services/binding.dart 73:54                                       ServicesBinding.instance
  package:flutter/src/services/platform_channel.dart 179:25                             _findBinaryMessenger
  package:flutter/src/services/platform_channel.dart 320:56                             MethodChannel.binaryMessenger
  package:flutter/src/services/platform_channel.dart 360:17                             MethodChannel._invokeMethod
  package:flutter/src/services/platform_channel.dart 540:12                             MethodChannel.invokeMethod
  package:path_provider_platform_interface/src/method_channel_path_provider.dart 52:10  MethodChannelPathProvider.getApplicationDocumentsPath
  package:path_provider/path_provider.dart 121:40                                       getApplicationDocumentsDirectory
  package:everyday_christian/core/database/database_helper.dart 803:42                  DatabaseHelper.deleteDatabase
  package:everyday_christian/core/database/database_helper.dart 819:11                  DatabaseHelper.resetDatabase
  ===== asynchronous gap ===========================
  dart:async                                                                            _CustomZone.registerBinaryCallback
  test/reading_plan_progress_enhanced_test.dart 35:5                                    main.<fn>
  

To run this test again: /Users/kcdacre8tor/flutter/bin/cache/dart-sdk/bin/dart test /Users/kcdacre8tor/ everyday-christian/test/reading_plan_progress_enhanced_test.dart -p vm --plain-name 'Enhanced Progress Tracking - Estimated Completion Date should return null for newly started plan'
00:05 +174 -28: /Users/kcdacre8tor/ everyday-christian/test/reading_plan_progress_enhanced_test.dart: Enhanced Progress Tracking - Estimated Completion Date should calculate estimated date based on current pace
ℹ️ [2025-10-17 18:19:25.017] [INFO   ] [DatabaseHelper] Initializing database at: :memory:
ℹ️ [2025-10-17 18:19:25.018] [INFO   ] [DatabaseHelper] Creating database schema v5
ℹ️ [2025-10-17 18:19:25.044] [INFO   ] [DatabaseHelper] Database schema created successfully
📦 Running database migrations from v1 to v2
🔄 Migrating to schema v2...
  → Fixing favorite_verses foreign key...
  → Fixing daily_verses foreign key...
  → Fixing verse_bookmarks foreign key...
  → Removing duplicate column from prayer_categories...
  → Creating performance indexes...
  → Creating timestamp triggers...
✅ Schema v2 migration complete!
✅ Database integrity verified
✅ Database migrations complete!
00:05 +174 -29: /Users/kcdacre8tor/ everyday-christian/test/reading_plan_progress_enhanced_test.dart: Enhanced Progress Tracking - Estimated Completion Date should calculate estimated date based on current pace [E]
  Expected: a value less than or equal to <1>
    Actual: <80>
     Which: is not a value less than or equal to <1>
  
  package:matcher                                      expect
  package:flutter_test/src/widget_tester.dart 473:18   expect
  test/reading_plan_progress_enhanced_test.dart 425:7  main.<fn>.<fn>
  
  Binding has not yet been initialized.
  The "instance" getter on the ServicesBinding binding mixin is only available once that binding has been initialized.
  Typically, this is done by calling "WidgetsFlutterBinding.ensureInitialized()" or "runApp()" (the latter calls the former). Typically this call is done in the "void main()" method. The "ensureInitialized" method is idempotent; calling it multiple times is not harmful. After calling that method, the "instance" getter will return the binding.
  In a test, one can call "TestWidgetsFlutterBinding.ensureInitialized()" as the first line in the test's "main()" method to initialize the binding.
  If ServicesBinding is a custom binding mixin, there must also be a custom binding class, like WidgetsFlutterBinding, but that mixes in the selected binding, and that is the class that must be constructed before using the "instance" getter.
  package:flutter/src/foundation/binding.dart 314:9                                     BindingBase.checkInstance.<fn>
  package:flutter/src/foundation/binding.dart 401:6                                     BindingBase.checkInstance
  package:flutter/src/services/binding.dart 73:54                                       ServicesBinding.instance
  package:flutter/src/services/platform_channel.dart 179:25                             _findBinaryMessenger
  package:flutter/src/services/platform_channel.dart 320:56                             MethodChannel.binaryMessenger
  package:flutter/src/services/platform_channel.dart 360:17                             MethodChannel._invokeMethod
  package:flutter/src/services/platform_channel.dart 540:12                             MethodChannel.invokeMethod
  package:path_provider_platform_interface/src/method_channel_path_provider.dart 52:10  MethodChannelPathProvider.getApplicationDocumentsPath
  package:path_provider/path_provider.dart 121:40                                       getApplicationDocumentsDirectory
  package:everyday_christian/core/database/database_helper.dart 803:42                  DatabaseHelper.deleteDatabase
  package:everyday_christian/core/database/database_helper.dart 819:11                  DatabaseHelper.resetDatabase
  ===== asynchronous gap ===========================
  dart:async                                                                            _CustomZone.registerBinaryCallback
  test/reading_plan_progress_enhanced_test.dart 35:5                                    main.<fn>
  

To run this test again: /Users/kcdacre8tor/flutter/bin/cache/dart-sdk/bin/dart test /Users/kcdacre8tor/ everyday-christian/test/reading_plan_progress_enhanced_test.dart -p vm --plain-name 'Enhanced Progress Tracking - Estimated Completion Date should calculate estimated date based on current pace'
00:05 +174 -29: /Users/kcdacre8tor/ everyday-christian/test/reading_plan_progress_enhanced_test.dart: Enhanced Progress Tracking - Longest Streak Calculation should track longest streak correctly    
ℹ️ [2025-10-17 18:19:25.123] [INFO   ] [DatabaseHelper] Initializing database at: :memory:
ℹ️ [2025-10-17 18:19:25.129] [INFO   ] [DatabaseHelper] Creating database schema v5
ℹ️ [2025-10-17 18:19:25.181] [INFO   ] [DatabaseHelper] Database schema created successfully
📦 Running database migrations from v1 to v2
🔄 Migrating to schema v2...
  → Fixing favorite_verses foreign key...
  → Fixing daily_verses foreign key...
  → Fixing verse_bookmarks foreign key...
  → Removing duplicate column from prayer_categories...
  → Creating performance indexes...
  → Creating timestamp triggers...
✅ Schema v2 migration complete!
✅ Database integrity verified
✅ Database migrations complete!
00:05 +174 -30: /Users/kcdacre8tor/ everyday-christian/test/reading_plan_progress_enhanced_test.dart: Enhanced Progress Tracking - Longest Streak Calculation should track longest streak correctly [E]
  Expected: <5>
    Actual: <8>
  
  package:matcher                                      expect
  package:flutter_test/src/widget_tester.dart 473:18   expect
  test/reading_plan_progress_enhanced_test.dart 473:7  main.<fn>.<fn>
  
  Binding has not yet been initialized.
  The "instance" getter on the ServicesBinding binding mixin is only available once that binding has been initialized.
  Typically, this is done by calling "WidgetsFlutterBinding.ensureInitialized()" or "runApp()" (the latter calls the former). Typically this call is done in the "void main()" method. The "ensureInitialized" method is idempotent; calling it multiple times is not harmful. After calling that method, the "instance" getter will return the binding.
  In a test, one can call "TestWidgetsFlutterBinding.ensureInitialized()" as the first line in the test's "main()" method to initialize the binding.
  If ServicesBinding is a custom binding mixin, there must also be a custom binding class, like WidgetsFlutterBinding, but that mixes in the selected binding, and that is the class that must be constructed before using the "instance" getter.
  package:flutter/src/foundation/binding.dart 314:9                                     BindingBase.checkInstance.<fn>
  package:flutter/src/foundation/binding.dart 401:6                                     BindingBase.checkInstance
  package:flutter/src/services/binding.dart 73:54                                       ServicesBinding.instance
  package:flutter/src/services/platform_channel.dart 179:25                             _findBinaryMessenger
  package:flutter/src/services/platform_channel.dart 320:56                             MethodChannel.binaryMessenger
  package:flutter/src/services/platform_channel.dart 360:17                             MethodChannel._invokeMethod
  package:flutter/src/services/platform_channel.dart 540:12                             MethodChannel.invokeMethod
  package:path_provider_platform_interface/src/method_channel_path_provider.dart 52:10  MethodChannelPathProvider.getApplicationDocumentsPath
  package:path_provider/path_provider.dart 121:40                                       getApplicationDocumentsDirectory
  package:everyday_christian/core/database/database_helper.dart 803:42                  DatabaseHelper.deleteDatabase
  package:everyday_christian/core/database/database_helper.dart 819:11                  DatabaseHelper.resetDatabase
  ===== asynchronous gap ===========================
  dart:async                                                                            _CustomZone.registerBinaryCallback
  test/reading_plan_progress_enhanced_test.dart 35:5                                    main.<fn>
  

To run this test again: /Users/kcdacre8tor/flutter/bin/cache/dart-sdk/bin/dart test /Users/kcdacre8tor/ everyday-christian/test/reading_plan_progress_enhanced_test.dart -p vm --plain-name 'Enhanced Progress Tracking - Longest Streak Calculation should track longest streak correctly'
00:05 +174 -30: /Users/kcdacre8tor/ everyday-christian/test/app_theme_test.dart: AppTheme Light Theme should use Material 3                                                                            00:06 +174 -30: /Users/kcdacre8tor/ everyday-christian/test/app_theme_test.dart: AppTheme Light Theme should use Material 3                                                                            00:06 +175 -30: /Users/kcdacre8tor/ everyday-christian/test/app_theme_test.dart: AppTheme Light Theme should use Material 3                                                                            00:06 +175 -30: /Users/kcdacre8tor/ everyday-christian/test/app_theme_test.dart: AppTheme Light Theme should have light brightness                                                                     00:06 +176 -30: /Users/kcdacre8tor/ everyday-christian/test/app_theme_test.dart: AppTheme Light Theme should have light brightness                                                                     00:06 +176 -30: /Users/kcdacre8tor/ everyday-christian/test/app_theme_test.dart: AppTheme Light Theme should have correct seed color                                                                   00:06 +177 -30: /Users/kcdacre8tor/ everyday-christian/test/app_theme_test.dart: AppTheme Light Theme should have correct seed color                                                                   00:06 +177 -30: /Users/kcdacre8tor/ everyday-christian/test/app_theme_test.dart: AppTheme Light Theme should have configured app bar theme                                                             00:06 +178 -30: /Users/kcdacre8tor/ everyday-christian/test/app_theme_test.dart: AppTheme Light Theme should have configured app bar theme                                                             00:06 +178 -30: /Users/kcdacre8tor/ everyday-christian/test/app_theme_test.dart: AppTheme Light Theme should have configured elevated button theme                                                     00:06 +179 -30: /Users/kcdacre8tor/ everyday-christian/test/app_theme_test.dart: AppTheme Light Theme should have configured elevated button theme                                                     00:06 +179 -30: /Users/kcdacre8tor/ everyday-christian/test/app_theme_test.dart: AppTheme Light Theme should have configured card theme                                                                00:06 +180 -30: /Users/kcdacre8tor/ everyday-christian/test/app_theme_test.dart: AppTheme Light Theme should have configured card theme                                                                00:06 +180 -30: /Users/kcdacre8tor/ everyday-christian/test/app_theme_test.dart: AppTheme Light Theme should have configured input decoration theme                                                    00:06 +181 -30: /Users/kcdacre8tor/ everyday-christian/test/app_theme_test.dart: AppTheme Light Theme should have configured input decoration theme                                                    00:06 +181 -30: /Users/kcdacre8tor/ everyday-christian/test/app_theme_test.dart: AppTheme Light Theme should have configured floating action button theme                                              00:06 +182 -30: /Users/kcdacre8tor/ everyday-christian/test/app_theme_test.dart: AppTheme Light Theme should have configured floating action button theme                                              00:06 +182 -30: /Users/kcdacre8tor/ everyday-christian/test/app_theme_test.dart: AppTheme Light Theme should have configured switch theme with proper state handling                                   00:06 +183 -30: /Users/kcdacre8tor/ everyday-christian/test/app_theme_test.dart: AppTheme Light Theme should have configured switch theme with proper state handling                                   00:06 +183 -30: /Users/kcdacre8tor/ everyday-christian/test/app_theme_test.dart: AppTheme Dark Theme should use Material 3                                                                             00:06 +184 -30: /Users/kcdacre8tor/ everyday-christian/test/app_theme_test.dart: AppTheme Dark Theme should use Material 3                                                                             00:06 +184 -30: /Users/kcdacre8tor/ everyday-christian/test/app_theme_test.dart: AppTheme Dark Theme should have dark brightness                                                                       00:06 +185 -30: /Users/kcdacre8tor/ everyday-christian/test/app_theme_test.dart: AppTheme Dark Theme should have dark brightness                                                                       00:06 +185 -30: /Users/kcdacre8tor/ everyday-christian/test/app_theme_test.dart: AppTheme Dark Theme should have dark scaffold background                                                              00:06 +186 -30: /Users/kcdacre8tor/ everyday-christian/test/app_theme_test.dart: AppTheme Dark Theme should have dark scaffold background                                                              00:06 +186 -30: /Users/kcdacre8tor/ everyday-christian/test/app_theme_test.dart: AppTheme Dark Theme should have configured app bar theme                                                              00:06 +187 -30: /Users/kcdacre8tor/ everyday-christian/test/app_theme_test.dart: AppTheme Dark Theme should have configured app bar theme                                                              00:06 +187 -30: /Users/kcdacre8tor/ everyday-christian/test/app_theme_test.dart: AppTheme Dark Theme should have configured elevated button theme                                                      00:06 +188 -30: /Users/kcdacre8tor/ everyday-christian/test/app_theme_test.dart: AppTheme Dark Theme should have configured elevated button theme                                                      00:06 +188 -30: /Users/kcdacre8tor/ everyday-christian/test/app_theme_test.dart: AppTheme Dark Theme should have configured card theme with dark color                                                 00:06 +189 -30: /Users/kcdacre8tor/ everyday-christian/test/app_theme_test.dart: AppTheme Dark Theme should have configured card theme with dark color                                                 00:06 +189 -30: /Users/kcdacre8tor/ everyday-christian/test/app_theme_test.dart: AppTheme Dark Theme should have configured input decoration theme with dark fill                                      00:06 +190 -30: /Users/kcdacre8tor/ everyday-christian/test/app_theme_test.dart: AppTheme Dark Theme should have configured input decoration theme with dark fill                                      00:06 +190 -30: /Users/kcdacre8tor/ everyday-christian/test/app_theme_test.dart: AppTheme Dark Theme should have configured floating action button theme                                               00:06 +191 -30: /Users/kcdacre8tor/ everyday-christian/test/app_theme_test.dart: AppTheme Dark Theme should have configured floating action button theme                                               00:06 +191 -30: /Users/kcdacre8tor/ everyday-christian/test/app_theme_test.dart: AppTheme Gradients primary gradient should have correct colors                                                        00:06 +192 -30: /Users/kcdacre8tor/ everyday-christian/test/app_theme_test.dart: AppTheme Gradients primary gradient should have correct colors                                                        00:06 +192 -30: /Users/kcdacre8tor/ everyday-christian/test/app_theme_test.dart: AppTheme Gradients primary gradient should have correct alignment                                                     00:06 +193 -30: /Users/kcdacre8tor/ everyday-christian/test/app_theme_test.dart: AppTheme Gradients primary gradient should have correct alignment                                                     00:06 +193 -30: /Users/kcdacre8tor/ everyday-christian/test/app_theme_test.dart: AppTheme Gradients dark gradient should have three colors                                                             00:06 +194 -30: /Users/kcdacre8tor/ everyday-christian/test/app_theme_test.dart: AppTheme Gradients dark gradient should have three colors                                                             00:06 +194 -30: /Users/kcdacre8tor/ everyday-christian/test/app_theme_test.dart: AppTheme Gradients light gradient should have two colors                                                              00:06 +195 -30: /Users/kcdacre8tor/ everyday-christian/test/app_theme_test.dart: AppTheme Gradients light gradient should have two colors                                                              00:06 +195 -30: /Users/kcdacre8tor/ everyday-christian/test/app_theme_test.dart: AppTheme Gradients glass gradient should have two semi-transparent colors                                             00:06 +196 -30: /Users/kcdacre8tor/ everyday-christian/test/app_theme_test.dart: AppTheme Gradients glass gradient should have two semi-transparent colors                                             00:06 +196 -30: /Users/kcdacre8tor/ everyday-christian/test/app_theme_test.dart: AppTheme Shadows card shadow should have correct properties                                                           00:06 +197 -30: /Users/kcdacre8tor/ everyday-christian/test/app_theme_test.dart: AppTheme Shadows card shadow should have correct properties                                                           00:06 +197 -30: /Users/kcdacre8tor/ everyday-christian/test/app_theme_test.dart: AppTheme Shadows elevated shadow should use primary color                                                             00:06 +198 -30: /Users/kcdacre8tor/ everyday-christian/test/app_theme_test.dart: AppTheme Shadows elevated shadow should use primary color                                                             00:06 +198 -30: /Users/kcdacre8tor/ everyday-christian/test/app_theme_test.dart: AppTheme Shadows glass shadow should have correct properties                                                          00:06 +199 -30: /Users/kcdacre8tor/ everyday-christian/test/app_theme_test.dart: AppTheme Shadows glass shadow should have correct properties                                                          00:06 +199 -30: /Users/kcdacre8tor/ everyday-christian/test/app_theme_test.dart: AppTheme Text Styles heading style should have correct properties                                                     00:06 +200 -30: /Users/kcdacre8tor/ everyday-christian/test/app_theme_test.dart: AppTheme Text Styles heading style should have correct properties                                                     00:06 +200 -30: /Users/kcdacre8tor/ everyday-christian/test/app_theme_test.dart: AppTheme Text Styles subheading style should have correct properties                                                  00:06 +201 -30: /Users/kcdacre8tor/ everyday-christian/test/app_theme_test.dart: AppTheme Text Styles subheading style should have correct properties                                                  00:06 +201 -30: /Users/kcdacre8tor/ everyday-christian/test/app_theme_test.dart: AppTheme Text Styles body style should have correct properties                                                        00:06 +202 -30: /Users/kcdacre8tor/ everyday-christian/test/app_theme_test.dart: AppTheme Text Styles body style should have correct properties                                                        00:06 +202 -30: /Users/kcdacre8tor/ everyday-christian/test/app_theme_test.dart: AppTheme Text Styles caption style should have correct properties                                                     00:06 +203 -30: /Users/kcdacre8tor/ everyday-christian/test/app_theme_test.dart: AppTheme Text Styles caption style should have correct properties                                                     00:06 +203 -30: /Users/kcdacre8tor/ everyday-christian/test/app_theme_test.dart: AppTheme Icon Themes glass icon theme should have white color                                                         00:06 +204 -30: /Users/kcdacre8tor/ everyday-christian/test/app_theme_test.dart: AppTheme Icon Themes glass icon theme should have white color                                                         00:06 +204 -30: /Users/kcdacre8tor/ everyday-christian/test/app_theme_test.dart: AppTheme Icon Themes accent icon theme should use primary color                                                       00:06 +205 -30: /Users/kcdacre8tor/ everyday-christian/test/app_theme_test.dart: AppTheme Icon Themes accent icon theme should use primary color                                                       00:06 +205 -30: /Users/kcdacre8tor/ everyday-christian/test/app_theme_test.dart: AppTheme Button Styles glass button style should have semi-transparent background                                     00:06 +206 -30: /Users/kcdacre8tor/ everyday-christian/test/app_theme_test.dart: AppTheme Button Styles glass button style should have semi-transparent background                                     00:06 +206 -30: /Users/kcdacre8tor/ everyday-christian/test/app_theme_test.dart: AppTheme Button Styles primary glass button style should use primary color                                            00:06 +207 -30: /Users/kcdacre8tor/ everyday-christian/test/app_theme_test.dart: AppTheme Button Styles primary glass button style should use primary color                                            00:06 +207 -30: /Users/kcdacre8tor/ everyday-christian/test/app_theme_test.dart: AppSpacing should have correct base spacing values                                                                    00:06 +208 -30: /Users/kcdacre8tor/ everyday-christian/test/app_theme_test.dart: AppSpacing should have correct base spacing values                                                                    00:06 +208 -30: /Users/kcdacre8tor/ everyday-christian/test/app_theme_test.dart: AppSpacing should have correct screen padding                                                                         00:06 +209 -30: /Users/kcdacre8tor/ everyday-christian/test/app_theme_test.dart: AppSpacing should have correct screen padding                                                                         00:06 +209 -30: /Users/kcdacre8tor/ everyday-christian/test/app_theme_test.dart: AppSpacing should have correct card padding                                                                           00:06 +210 -30: /Users/kcdacre8tor/ everyday-christian/test/app_theme_test.dart: AppSpacing should have correct card padding                                                                           00:06 +210 -30: /Users/kcdacre8tor/ everyday-christian/test/app_theme_test.dart: AppSpacing should have correct button padding                                                                         00:06 +211 -30: /Users/kcdacre8tor/ everyday-christian/test/app_theme_test.dart: AppSpacing should have correct button padding                                                                         00:06 +211 -30: /Users/kcdacre8tor/ everyday-christian/test/app_theme_test.dart: AppSpacing should have correct input padding                                                                          00:06 +212 -30: /Users/kcdacre8tor/ everyday-christian/test/app_theme_test.dart: AppSpacing should have correct input padding                                                                          00:06 +212 -30: /Users/kcdacre8tor/ everyday-christian/test/app_theme_test.dart: AppSpacing should have horizontal spacing variations                                                                  00:06 +213 -30: /Users/kcdacre8tor/ everyday-christian/test/app_theme_test.dart: AppSpacing should have horizontal spacing variations                                                                  00:06 +213 -30: /Users/kcdacre8tor/ everyday-christian/test/app_theme_test.dart: AppSpacing should have vertical spacing variations                                                                    00:06 +214 -30: /Users/kcdacre8tor/ everyday-christian/test/app_theme_test.dart: AppSpacing should have vertical spacing variations                                                                    00:06 +214 -30: /Users/kcdacre8tor/ everyday-christian/test/app_theme_test.dart: AppSpacing should have gap values                                                                                     00:06 +215 -30: /Users/kcdacre8tor/ everyday-christian/test/app_theme_test.dart: AppSpacing should have gap values                                                                                     00:06 +215 -30: /Users/kcdacre8tor/ everyday-christian/test/app_theme_test.dart: AppColors should have correct primary text colors                                                                     00:06 +216 -30: /Users/kcdacre8tor/ everyday-christian/test/app_theme_test.dart: AppColors should have correct primary text colors                                                                     00:06 +216 -30: /Users/kcdacre8tor/ everyday-christian/test/app_theme_test.dart: AppColors should have correct dark text colors                                                                        00:06 +217 -30: /Users/kcdacre8tor/ everyday-christian/test/app_theme_test.dart: AppColors should have correct dark text colors                                                                        00:06 +217 -30: /Users/kcdacre8tor/ everyday-christian/test/app_theme_test.dart: AppColors should have accent color variations                                                                         00:06 +218 -30: /Users/kcdacre8tor/ everyday-christian/test/app_theme_test.dart: AppColors should have accent color variations                                                                         00:06 +218 -30: /Users/kcdacre8tor/ everyday-christian/test/app_theme_test.dart: AppColors should have glass overlay colors                                                                            00:06 +219 -30: /Users/kcdacre8tor/ everyday-christian/test/app_theme_test.dart: AppColors should have glass overlay colors                                                                            00:06 +219 -30: /Users/kcdacre8tor/ everyday-christian/test/app_theme_test.dart: AppColors should have border colors                                                                                   00:06 +220 -30: /Users/kcdacre8tor/ everyday-christian/test/app_theme_test.dart: AppColors should have border colors                                                                                   00:06 +220 -30: /Users/kcdacre8tor/ everyday-christian/test/app_theme_test.dart: AppRadius should have correct radius constants                                                                        00:06 +221 -30: /Users/kcdacre8tor/ everyday-christian/test/app_theme_test.dart: AppRadius should have correct radius constants                                                                        00:06 +221 -30: /Users/kcdacre8tor/ everyday-christian/test/app_theme_test.dart: AppRadius should have correct border radius patterns                                                                  00:06 +222 -30: /Users/kcdacre8tor/ everyday-christian/test/app_theme_test.dart: AppRadius should have correct border radius patterns                                                                  00:06 +222 -30: /Users/kcdacre8tor/ everyday-christian/test/app_theme_test.dart: AppBorders should have primary glass borders                                                                          00:06 +223 -30: /Users/kcdacre8tor/ everyday-christian/test/app_theme_test.dart: AppBorders should have primary glass borders                                                                          00:06 +223 -30: /Users/kcdacre8tor/ everyday-christian/test/app_theme_test.dart: AppBorders should have subtle borders                                                                                 00:06 +224 -30: /Users/kcdacre8tor/ everyday-christian/test/app_theme_test.dart: AppBorders should have subtle borders                                                                                 00:06 +224 -30: /Users/kcdacre8tor/ everyday-christian/test/app_theme_test.dart: AppBorders should have icon container border                                                                          00:06 +225 -30: /Users/kcdacre8tor/ everyday-christian/test/app_theme_test.dart: AppBorders should have icon container border                                                                          00:06 +225 -30: /Users/kcdacre8tor/ everyday-christian/test/app_theme_test.dart: AppBorders should have none border                                                                                    00:06 +226 -30: /Users/kcdacre8tor/ everyday-christian/test/app_theme_test.dart: AppBorders should have none border                                                                                    00:06 +226 -30: /Users/kcdacre8tor/ everyday-christian/test/app_theme_test.dart: AppAnimations should have standard durations                                                                          00:06 +227 -30: /Users/kcdacre8tor/ everyday-christian/test/app_theme_test.dart: AppAnimations should have standard durations                                                                          00:06 +227 -30: /Users/kcdacre8tor/ everyday-christian/test/app_theme_test.dart: AppAnimations should have sequential animation delays                                                                 00:06 +228 -30: /Users/kcdacre8tor/ everyday-christian/test/app_theme_test.dart: AppAnimations should have sequential animation delays                                                                 00:06 +228 -30: /Users/kcdacre8tor/ everyday-christian/test/app_theme_test.dart: AppAnimations should have animation type durations                                                                    00:06 +229 -30: /Users/kcdacre8tor/ everyday-christian/test/app_theme_test.dart: AppAnimations should have animation type durations                                                                    00:06 +229 -30: /Users/kcdacre8tor/ everyday-christian/test/app_theme_test.dart: AppAnimations should have base delays                                                                                 00:06 +230 -30: /Users/kcdacre8tor/ everyday-christian/test/app_theme_test.dart: AppAnimations should have base delays                                                                                 00:06 +230 -30: /Users/kcdacre8tor/ everyday-christian/test/app_theme_test.dart: AppSizes should have correct icon sizes                                                                               00:06 +231 -30: /Users/kcdacre8tor/ everyday-christian/test/app_theme_test.dart: AppSizes should have correct icon sizes                                                                               00:06 +231 -30: /Users/kcdacre8tor/ everyday-christian/test/app_theme_test.dart: AppSizes should have correct avatar sizes                                                                             00:06 +232 -30: /Users/kcdacre8tor/ everyday-christian/test/app_theme_test.dart: AppSizes should have correct avatar sizes                                                                             00:06 +232 -30: /Users/kcdacre8tor/ everyday-christian/test/app_theme_test.dart: AppSizes should have correct card sizes                                                                               00:06 +233 -30: /Users/kcdacre8tor/ everyday-christian/test/app_theme_test.dart: AppSizes should have correct card sizes                                                                               00:06 +233 -30: /Users/kcdacre8tor/ everyday-christian/test/app_theme_test.dart: AppSizes should have app bar sizes                                                                                    00:06 +234 -30: /Users/kcdacre8tor/ everyday-christian/test/app_theme_test.dart: AppSizes should have app bar sizes                                                                                    00:06 +234 -30: /Users/kcdacre8tor/ everyday-christian/test/app_theme_test.dart: AppSizes should have button heights                                                                                   00:06 +235 -30: /Users/kcdacre8tor/ everyday-christian/test/app_theme_test.dart: AppSizes should have button heights                                                                                   00:06 +235 -30: /Users/kcdacre8tor/ everyday-christian/test/app_theme_test.dart: AppBlur should have blur strength constants                                                                           00:06 +236 -30: /Users/kcdacre8tor/ everyday-christian/test/app_theme_test.dart: AppBlur should have blur strength constants                                                                           00:06 +236 -30: /Users/kcdacre8tor/ everyday-christian/test/app_theme_test.dart: (tearDownAll)                                                                                                         test/ai_service_test.dart:26:11: Error: No named parameter with the name 'verse'.
          verse: 16,
          ^^^^^
lib/models/bible_verse.dart:19:9: Context: Found this candidate, but the arguments don't match.
  const BibleVerse({
        ^^^^^^^^^^
test/ai_service_test.dart:174:21: Error: Member not found: 'ChatMessage.assistant'.
        ChatMessage.assistant(content: 'Previous answer'),
                    ^^^^^^^^^
test/ai_service_test.dart:36:17: Error: The argument type 'List<dynamic>' can't be assigned to the parameter type 'List<BibleVerse>'.
 - 'List' is from 'dart:core'.
 - 'BibleVerse' is from 'package:everyday_christian/models/bible_verse.dart' ('lib/models/bible_verse.dart').
        verses: verses,
                ^
test/ai_service_test.dart:367:22: Error: The getter 'verse' isn't defined for the type 'BibleVerse'.
 - 'BibleVerse' is from 'package:everyday_christian/models/bible_verse.dart' ('lib/models/bible_verse.dart').
Try correcting the name to the name of an existing getter, or defining a getter or field named 'verse'.
        expect(verse.verse, greaterThan(0));
                     ^^^^^
00:06 +236 -31: loading /Users/kcdacre8tor/ everyday-christian/test/ai_service_test.dart [E]                                                                                                           
  Failed to load "/Users/kcdacre8tor/ everyday-christian/test/ai_service_test.dart":
  Compilation failed for testPath=/Users/kcdacre8tor/ everyday-christian/test/ai_service_test.dart: test/ai_service_test.dart:26:11: Error: No named parameter with the name 'verse'.
            verse: 16,
            ^^^^^
  lib/models/bible_verse.dart:19:9: Context: Found this candidate, but the arguments don't match.
    const BibleVerse({
          ^^^^^^^^^^
  test/ai_service_test.dart:174:21: Error: Member not found: 'ChatMessage.assistant'.
          ChatMessage.assistant(content: 'Previous answer'),
                      ^^^^^^^^^
  test/ai_service_test.dart:36:17: Error: The argument type 'List<dynamic>' can't be assigned to the parameter type 'List<BibleVerse>'.
   - 'List' is from 'dart:core'.
   - 'BibleVerse' is from 'package:everyday_christian/models/bible_verse.dart' ('lib/models/bible_verse.dart').
          verses: verses,
                  ^
  test/ai_service_test.dart:367:22: Error: The getter 'verse' isn't defined for the type 'BibleVerse'.
   - 'BibleVerse' is from 'package:everyday_christian/models/bible_verse.dart' ('lib/models/bible_verse.dart').
  Try correcting the name to the name of an existing getter, or defining a getter or field named 'verse'.
          expect(verse.verse, greaterThan(0));
                       ^^^^^
  .

To run this test again: /Users/kcdacre8tor/flutter/bin/cache/dart-sdk/bin/dart test /Users/kcdacre8tor/ everyday-christian/test/ai_service_test.dart -p vm --plain-name 'loading /Users/kcdacre8tor/ everyday-christian/test/ai_service_test.dart'
00:06 +236 -31: loading /Users/kcdacre8tor/ everyday-christian/test/database_migrator_test.dart                                                                                                        00:06 +236 -31: /Users/kcdacre8tor/ everyday-christian/test/database_migrator_test.dart: (setUpAll)                                                                                                    00:06 +236 -31: /Users/kcdacre8tor/ everyday-christian/test/database_migrator_test.dart: DatabaseMigrator should report current version correctly                                                      00:06 +237 -31: /Users/kcdacre8tor/ everyday-christian/test/database_migrator_test.dart: DatabaseMigrator should report current version correctly                                                      00:06 +237 -31: /Users/kcdacre8tor/ everyday-christian/test/database_migrator_test.dart: DatabaseMigrator should fix foreign key references in favorite_verses                                         00:06 +237 -31: /Users/kcdacre8tor/ everyday-christian/test/database_migrator_test.dart: DatabaseMigrator should fix foreign key references in favorite_verses                                         
📦 Running database migrations from v1 to v2
🔄 Migrating to schema v2...
  → Fixing favorite_verses foreign key...
  → Fixing daily_verses foreign key...
  → Fixing verse_bookmarks foreign key...
  → Removing duplicate column from prayer_categories...
  → Creating performance indexes...
  → Creating timestamp triggers...
✅ Schema v2 migration complete!
✅ Database integrity verified
⚠️  Error setting schema version: SqfliteFfiException(sqlite_error: 1, , SqliteException(1): while preparing statement, table user_settings has no column named type, SQL logic error (code 1)
  Causing statement: INSERT OR REPLACE INTO user_settings ("key", value, type, created_at, updated_at) VALUES (?, ?, ?, ?, ?)}) DatabaseException(SqliteException(1): while preparing statement, table user_settings has no column named type, SQL logic error (code 1)
  Causing statement: INSERT OR REPLACE INTO user_settings ("key", value, type, created_at, updated_at) VALUES (?, ?, ?, ?, ?)) sql 'INSERT OR REPLACE INTO user_settings ("key", value, type, created_at, updated_at) VALUES (?, ?, ?, ?, ?)' args [schema_version, 2, int, 1760739566476, 1760739566476] {details: {database: {path: :memory:, id: 2, readOnly: false, singleInstance: false}}}
✅ Database migrations complete!
00:06 +238 -31: /Users/kcdacre8tor/ everyday-christian/test/database_migrator_test.dart: DatabaseMigrator should fix foreign key references in favorite_verses                                         00:06 +238 -31: /Users/kcdacre8tor/ everyday-christian/test/database_migrator_test.dart: DatabaseMigrator should fix foreign key references in daily_verses                                            00:06 +238 -31: /Users/kcdacre8tor/ everyday-christian/test/database_migrator_test.dart: DatabaseMigrator should fix foreign key references in daily_verses                                            
📦 Running database migrations from v1 to v2
🔄 Migrating to schema v2...
  → Fixing favorite_verses foreign key...
  → Fixing daily_verses foreign key...
  → Fixing verse_bookmarks foreign key...
  → Removing duplicate column from prayer_categories...
  → Creating performance indexes...
  → Creating timestamp triggers...
✅ Schema v2 migration complete!
✅ Database integrity verified
⚠️  Error setting schema version: SqfliteFfiException(sqlite_error: 1, , SqliteException(1): while preparing statement, table user_settings has no column named type, SQL logic error (code 1)
  Causing statement: INSERT OR REPLACE INTO user_settings ("key", value, type, created_at, updated_at) VALUES (?, ?, ?, ?, ?)}) DatabaseException(SqliteException(1): while preparing statement, table user_settings has no column named type, SQL logic error (code 1)
  Causing statement: INSERT OR REPLACE INTO user_settings ("key", value, type, created_at, updated_at) VALUES (?, ?, ?, ?, ?)) sql 'INSERT OR REPLACE INTO user_settings ("key", value, type, created_at, updated_at) VALUES (?, ?, ?, ?, ?)' args [schema_version, 2, int, 1760739566509, 1760739566509] {details: {database: {path: :memory:, id: 3, readOnly: false, singleInstance: false}}}
✅ Database migrations complete!
00:06 +239 -31: /Users/kcdacre8tor/ everyday-christian/test/database_migrator_test.dart: DatabaseMigrator should fix foreign key references in daily_verses                                            00:06 +239 -31: /Users/kcdacre8tor/ everyday-christian/test/database_migrator_test.dart: DatabaseMigrator should fix verse_bookmarks foreign key behavior                                              00:06 +239 -31: /Users/kcdacre8tor/ everyday-christian/test/database_migrator_test.dart: DatabaseMigrator should fix verse_bookmarks foreign key behavior                                              
📦 Running database migrations from v1 to v2
🔄 Migrating to schema v2...
  → Fixing favorite_verses foreign key...
  → Fixing daily_verses foreign key...
  → Fixing verse_bookmarks foreign key...
  → Removing duplicate column from prayer_categories...
  → Creating performance indexes...
  → Creating timestamp triggers...
✅ Schema v2 migration complete!
✅ Database integrity verified
⚠️  Error setting schema version: SqfliteFfiException(sqlite_error: 1, , SqliteException(1): while preparing statement, table user_settings has no column named type, SQL logic error (code 1)
  Causing statement: INSERT OR REPLACE INTO user_settings ("key", value, type, created_at, updated_at) VALUES (?, ?, ?, ?, ?)}) DatabaseException(SqliteException(1): while preparing statement, table user_settings has no column named type, SQL logic error (code 1)
  Causing statement: INSERT OR REPLACE INTO user_settings ("key", value, type, created_at, updated_at) VALUES (?, ?, ?, ?, ?)) sql 'INSERT OR REPLACE INTO user_settings ("key", value, type, created_at, updated_at) VALUES (?, ?, ?, ?, ?)' args [schema_version, 2, int, 1760739566538, 1760739566538] {details: {database: {path: :memory:, id: 4, readOnly: false, singleInstance: false}}}
✅ Database migrations complete!
00:06 +240 -31: /Users/kcdacre8tor/ everyday-christian/test/database_migrator_test.dart: DatabaseMigrator should fix verse_bookmarks foreign key behavior                                              00:06 +240 -31: /Users/kcdacre8tor/ everyday-christian/test/database_migrator_test.dart: DatabaseMigrator should remove duplicate column from prayer_categories                                        00:06 +240 -31: /Users/kcdacre8tor/ everyday-christian/test/database_migrator_test.dart: DatabaseMigrator should remove duplicate column from prayer_categories                                        
📦 Running database migrations from v1 to v2
🔄 Migrating to schema v2...
  → Fixing favorite_verses foreign key...
  → Fixing daily_verses foreign key...
  → Fixing verse_bookmarks foreign key...
  → Removing duplicate column from prayer_categories...
  → Creating performance indexes...
  → Creating timestamp triggers...
✅ Schema v2 migration complete!
✅ Database integrity verified
⚠️  Error setting schema version: SqfliteFfiException(sqlite_error: 1, , SqliteException(1): while preparing statement, table user_settings has no column named type, SQL logic error (code 1)
  Causing statement: INSERT OR REPLACE INTO user_settings ("key", value, type, created_at, updated_at) VALUES (?, ?, ?, ?, ?)}) DatabaseException(SqliteException(1): while preparing statement, table user_settings has no column named type, SQL logic error (code 1)
  Causing statement: INSERT OR REPLACE INTO user_settings ("key", value, type, created_at, updated_at) VALUES (?, ?, ?, ?, ?)) sql 'INSERT OR REPLACE INTO user_settings ("key", value, type, created_at, updated_at) VALUES (?, ?, ?, ?, ?)' args [schema_version, 2, int, 1760739566566, 1760739566566] {details: {database: {path: :memory:, id: 5, readOnly: false, singleInstance: false}}}
✅ Database migrations complete!
00:06 +241 -31: /Users/kcdacre8tor/ everyday-christian/test/database_migrator_test.dart: DatabaseMigrator should remove duplicate column from prayer_categories                                        00:06 +241 -31: /Users/kcdacre8tor/ everyday-christian/test/database_migrator_test.dart: DatabaseMigrator should add missing indexes                                                                   00:07 +241 -31: /Users/kcdacre8tor/ everyday-christian/test/database_migrator_test.dart: DatabaseMigrator should add missing indexes                                                                   00:07 +241 -31: /Users/kcdacre8tor/ everyday-christian/test/database_migrator_test.dart: DatabaseMigrator should add missing indexes                                                                   
📦 Running database migrations from v1 to v2
🔄 Migrating to schema v2...
  → Fixing favorite_verses foreign key...
  → Fixing daily_verses foreign key...
  → Fixing verse_bookmarks foreign key...
  → Removing duplicate column from prayer_categories...
  → Creating performance indexes...
  → Creating timestamp triggers...
✅ Schema v2 migration complete!
✅ Database integrity verified
⚠️  Error setting schema version: SqfliteFfiException(sqlite_error: 1, , SqliteException(1): while preparing statement, table user_settings has no column named type, SQL logic error (code 1)
  Causing statement: INSERT OR REPLACE INTO user_settings ("key", value, type, created_at, updated_at) VALUES (?, ?, ?, ?, ?)}) DatabaseException(SqliteException(1): while preparing statement, table user_settings has no column named type, SQL logic error (code 1)
  Causing statement: INSERT OR REPLACE INTO user_settings ("key", value, type, created_at, updated_at) VALUES (?, ?, ?, ?, ?)) sql 'INSERT OR REPLACE INTO user_settings ("key", value, type, created_at, updated_at) VALUES (?, ?, ?, ?, ?)' args [schema_version, 2, int, 1760739566653, 1760739566653] {details: {database: {path: :memory:, id: 6, readOnly: false, singleInstance: false}}}
✅ Database migrations complete!
00:07 +242 -31: /Users/kcdacre8tor/ everyday-christian/test/app_providers_test.dart: (setUpAll)                                                                                                        00:07 +242 -31: /Users/kcdacre8tor/ everyday-christian/test/database_migrator_test.dart: DatabaseMigrator should create auto-update triggers                                                           
📦 Running database migrations from v1 to v2
🔄 Migrating to schema v2...
  → Fixing favorite_verses foreign key...
  → Fixing daily_verses foreign key...
  → Fixing verse_bookmarks foreign key...
  → Removing duplicate column from prayer_categories...
  → Creating performance indexes...
  → Creating timestamp triggers...
✅ Schema v2 migration complete!
✅ Database integrity verified
⚠️  Error setting schema version: SqfliteFfiException(sqlite_error: 1, , SqliteException(1): while preparing statement, table user_settings has no column named type, SQL logic error (code 1)
  Causing statement: INSERT OR REPLACE INTO user_settings ("key", value, type, created_at, updated_at) VALUES (?, ?, ?, ?, ?)}) DatabaseException(SqliteException(1): while preparing statement, table user_settings has no column named type, SQL logic error (code 1)
  Causing statement: INSERT OR REPLACE INTO user_settings ("key", value, type, created_at, updated_at) VALUES (?, ?, ?, ?, ?)) sql 'INSERT OR REPLACE INTO user_settings ("key", value, type, created_at, updated_at) VALUES (?, ?, ?, ?, ?)' args [schema_version, 2, int, 1760739566692, 1760739566692] {details: {database: {path: :memory:, id: 7, readOnly: false, singleInstance: false}}}
✅ Database migrations complete!
00:07 +243 -31: /Users/kcdacre8tor/ everyday-christian/test/app_providers_test.dart: (setUpAll)                                                                                                        00:07 +243 -31: /Users/kcdacre8tor/ everyday-christian/test/database_migrator_test.dart: DatabaseMigrator should preserve existing data during migration                                               00:07 +243 -31: /Users/kcdacre8tor/ everyday-christian/test/database_migrator_test.dart: DatabaseMigrator should preserve existing data during migration                                               
📦 Running database migrations from v1 to v2
🔄 Migrating to schema v2...
  → Fixing favorite_verses foreign key...
  → Fixing daily_verses foreign key...
  → Fixing verse_bookmarks foreign key...
  → Removing duplicate column from prayer_categories...
  → Creating performance indexes...
00:07 +244 -31: /Users/kcdacre8tor/ everyday-christian/test/database_migrator_test.dart: DatabaseMigrator should preserve existing data during migration                                               00:07 +244 -31: /Users/kcdacre8tor/ everyday-christian/test/database_migrator_test.dart: DatabaseMigrator should preserve existing data during migration                                               
  → Creating timestamp triggers...
✅ Schema v2 migration complete!
✅ Database integrity verified
⚠️  Error setting schema version: SqfliteFfiException(sqlite_error: 1, , SqliteException(1): while preparing statement, table user_settings has no column named type, SQL logic error (code 1)
  Causing statement: INSERT OR REPLACE INTO user_settings ("key", value, type, created_at, updated_at) VALUES (?, ?, ?, ?, ?)}) DatabaseException(SqliteException(1): while preparing statement, table user_settings has no column named type, SQL logic error (code 1)
  Causing statement: INSERT OR REPLACE INTO user_settings ("key", value, type, created_at, updated_at) VALUES (?, ?, ?, ?, ?)) sql 'INSERT OR REPLACE INTO user_settings ("key", value, type, created_at, updated_at) VALUES (?, ?, ?, ?, ?)' args [schema_version, 2, int, 1760739566737, 1760739566737] {details: {database: {path: :memory:, id: 8, readOnly: false, singleInstance: false}}}
✅ Database migrations complete!
00:07 +245 -31: /Users/kcdacre8tor/ everyday-christian/test/app_providers_test.dart: Service Providers databaseServiceProvider should provide DatabaseService                                          00:07 +245 -31: /Users/kcdacre8tor/ everyday-christian/test/database_migrator_test.dart: DatabaseMigrator should pass database integrity check after migration                                         
📦 Running database migrations from v1 to v2
🔄 Migrating to schema v2...
  → Fixing favorite_verses foreign key...
  → Fixing daily_verses foreign key...
  → Fixing verse_bookmarks foreign key...
  → Removing duplicate column from prayer_categories...
  → Creating performance indexes...
  → Creating timestamp triggers...
00:07 +246 -31: /Users/kcdacre8tor/ everyday-christian/test/database_migrator_test.dart: DatabaseMigrator should pass database integrity check after migration                                         00:07 +246 -31: /Users/kcdacre8tor/ everyday-christian/test/database_migrator_test.dart: DatabaseMigrator should pass database integrity check after migration                                         
✅ Schema v2 migration complete!
✅ Database integrity verified
⚠️  Error setting schema version: SqfliteFfiException(sqlite_error: 1, , SqliteException(1): while preparing statement, table user_settings has no column named type, SQL logic error (code 1)
  Causing statement: INSERT OR REPLACE INTO user_settings ("key", value, type, created_at, updated_at) VALUES (?, ?, ?, ?, ?)}) DatabaseException(SqliteException(1): while preparing statement, table user_settings has no column named type, SQL logic error (code 1)
  Causing statement: INSERT OR REPLACE INTO user_settings ("key", value, type, created_at, updated_at) VALUES (?, ?, ?, ?, ?)) sql 'INSERT OR REPLACE INTO user_settings ("key", value, type, created_at, updated_at) VALUES (?, ?, ?, ?, ?)' args [schema_version, 2, int, 1760739566775, 1760739566775] {details: {database: {path: :memory:, id: 9, readOnly: false, singleInstance: false}}}
✅ Database migrations complete!
00:07 +247 -31: /Users/kcdacre8tor/ everyday-christian/test/database_migrator_test.dart: DatabaseMigrator should pass database integrity check after migration                                         00:07 +248 -31: /Users/kcdacre8tor/ everyday-christian/test/app_providers_test.dart: Service Providers preferencesServiceProvider should provide PreferencesService                                    00:07 +248 -31: /Users/kcdacre8tor/ everyday-christian/test/database_migrator_test.dart: DatabaseMigrator should update version after migration                                                        
📦 Running database migrations from v1 to v2
🔄 Migrating to schema v2...
  → Fixing favorite_verses foreign key...
00:07 +249 -31: /Users/kcdacre8tor/ everyday-christian/test/database_migrator_test.dart: DatabaseMigrator should update version after migration                                                        00:07 +249 -31: /Users/kcdacre8tor/ everyday-christian/test/database_migrator_test.dart: DatabaseMigrator should update version after migration                                                        
  → Fixing daily_verses foreign key...
  → Fixing verse_bookmarks foreign key...
  → Removing duplicate column from prayer_categories...
00:07 +250 -31: /Users/kcdacre8tor/ everyday-christian/test/database_migrator_test.dart: DatabaseMigrator should update version after migration                                                        00:07 +250 -31: /Users/kcdacre8tor/ everyday-christian/test/database_migrator_test.dart: DatabaseMigrator should update version after migration                                                        
  → Creating performance indexes...
00:07 +251 -31: /Users/kcdacre8tor/ everyday-christian/test/database_migrator_test.dart: DatabaseMigrator should update version after migration                                                        00:07 +251 -31: /Users/kcdacre8tor/ everyday-christian/test/database_migrator_test.dart: DatabaseMigrator should update version after migration                                                        
  → Creating timestamp triggers...
✅ Schema v2 migration complete!
✅ Database integrity verified
00:07 +252 -31: /Users/kcdacre8tor/ everyday-christian/test/database_migrator_test.dart: DatabaseMigrator should update version after migration                                                        00:07 +252 -31: /Users/kcdacre8tor/ everyday-christian/test/database_migrator_test.dart: DatabaseMigrator should update version after migration                                                        
⚠️  Error setting schema version: SqfliteFfiException(sqlite_error: 1, , SqliteException(1): while preparing statement, table user_settings has no column named type, SQL logic error (code 1)
  Causing statement: INSERT OR REPLACE INTO user_settings ("key", value, type, created_at, updated_at) VALUES (?, ?, ?, ?, ?)}) DatabaseException(SqliteException(1): while preparing statement, table user_settings has no column named type, SQL logic error (code 1)
  Causing statement: INSERT OR REPLACE INTO user_settings ("key", value, type, created_at, updated_at) VALUES (?, ?, ?, ?, ?)) sql 'INSERT OR REPLACE INTO user_settings ("key", value, type, created_at, updated_at) VALUES (?, ?, ?, ?, ?)' args [schema_version, 2, int, 1760739566798, 1760739566798] {details: {database: {path: :memory:, id: 10, readOnly: false, singleInstance: false}}}
✅ Database migrations complete!
00:07 +253 -31: /Users/kcdacre8tor/ everyday-christian/test/database_migrator_test.dart: DatabaseMigrator should update version after migration                                                        00:07 +254 -31: /Users/kcdacre8tor/ everyday-christian/test/database_migrator_test.dart: DatabaseMigrator should update version after migration                                                        00:07 +255 -31: /Users/kcdacre8tor/ everyday-christian/test/database_migrator_test.dart: DatabaseMigrator should update version after migration                                                        00:07 +256 -32: /Users/kcdacre8tor/ everyday-christian/test/app_providers_test.dart: Service Providers devotionalProgressServiceProvider should provide DevotionalProgressService with database        00:07 +256 -32: /Users/kcdacre8tor/ everyday-christian/test/app_providers_test.dart: Service Providers readingPlanProgressServiceProvider should provide ReadingPlanProgressService with database      00:07 +257 -32: /Users/kcdacre8tor/ everyday-christian/test/app_providers_test.dart: Service Providers readingPlanProgressServiceProvider should provide ReadingPlanProgressService with database      00:07 +257 -32: /Users/kcdacre8tor/ everyday-christian/test/app_providers_test.dart: Service Providers prayerStreakServiceProvider should provide PrayerStreakService with database                    00:07 +258 -32: /Users/kcdacre8tor/ everyday-christian/test/app_providers_test.dart: Service Providers prayerStreakServiceProvider should provide PrayerStreakService with database                    00:07 +258 -32: /Users/kcdacre8tor/ everyday-christian/test/app_providers_test.dart: Stream Providers connectivityStateProvider should provide connectivity stream                                     00:07 +259 -32: /Users/kcdacre8tor/ everyday-christian/test/app_providers_test.dart: Stream Providers connectivityStateProvider should provide connectivity stream                                     00:07 +259 -32: /Users/kcdacre8tor/ everyday-christian/test/app_providers_test.dart: Stream Providers connectivityStateProvider should start in loading state                                          00:07 +260 -32: /Users/kcdacre8tor/ everyday-christian/test/app_providers_test.dart: Stream Providers connectivityStateProvider should start in loading state                                          00:07 +260 -32: /Users/kcdacre8tor/ everyday-christian/test/app_providers_test.dart: ThemeModeNotifier should initialize with dark theme by default                                                    00:07 +261 -32: /Users/kcdacre8tor/ everyday-christian/test/app_providers_test.dart: ThemeModeNotifier should initialize with dark theme by default                                                    00:07 +261 -32: /Users/kcdacre8tor/ everyday-christian/test/app_providers_test.dart: ThemeModeNotifier should toggle theme from dark to light                                                          00:07 +262 -32: /Users/kcdacre8tor/ everyday-christian/test/app_providers_test.dart: ThemeModeNotifier should toggle theme from dark to light                                                          00:07 +262 -32: /Users/kcdacre8tor/ everyday-christian/test/app_providers_test.dart: ThemeModeNotifier should toggle theme from light to dark                                                          00:07 +263 -32: /Users/kcdacre8tor/ everyday-christian/test/app_providers_test.dart: ThemeModeNotifier should toggle theme from light to dark                                                          00:07 +263 -32: /Users/kcdacre8tor/ everyday-christian/test/app_providers_test.dart: ThemeModeNotifier should set specific theme mode                                                                  00:07 +264 -32: /Users/kcdacre8tor/ everyday-christian/test/app_providers_test.dart: ThemeModeNotifier should set specific theme mode                                                                  00:07 +264 -32: /Users/kcdacre8tor/ everyday-christian/test/app_providers_test.dart: ThemeModeNotifier should handle multiple rapid toggles                                                            00:07 +265 -32: /Users/kcdacre8tor/ everyday-christian/test/app_providers_test.dart: ThemeModeNotifier should handle multiple rapid toggles                                                            00:07 +265 -32: /Users/kcdacre8tor/ everyday-christian/test/app_providers_test.dart: LanguageNotifier should initialize with English by default                                                        00:07 +266 -32: /Users/kcdacre8tor/ everyday-christian/test/app_providers_test.dart: LanguageNotifier should initialize with English by default                                                        00:07 +266 -32: /Users/kcdacre8tor/ everyday-christian/test/app_providers_test.dart: LanguageNotifier should set language to Spanish                                                                   00:07 +267 -32: /Users/kcdacre8tor/ everyday-christian/test/app_providers_test.dart: LanguageNotifier should set language to Spanish                                                                   00:07 +267 -32: /Users/kcdacre8tor/ everyday-christian/test/app_providers_test.dart: LanguageNotifier should set language to French                                                                    00:07 +268 -32: /Users/kcdacre8tor/ everyday-christian/test/app_providers_test.dart: LanguageNotifier should set language to French                                                                    00:07 +268 -32: /Users/kcdacre8tor/ everyday-christian/test/app_providers_test.dart: LanguageNotifier should handle multiple language changes                                                          00:07 +269 -32: /Users/kcdacre8tor/ everyday-christian/test/daily_verse_selection_test.dart: (setUpAll)                                                                                                00:07 +269 -33: /Users/kcdacre8tor/ everyday-christian/test/database_migrator_test.dart: DatabaseMigrator should update version after migration [E]                                                    
  Expected: <2>
    Actual: <1>
  
  package:matcher                                     expect
  package:flutter_test/src/widget_tester.dart 473:18  expect
  test/database_migrator_test.dart 284:7              main.<fn>.<fn>
  
00:07 +269 -33: /Users/kcdacre8tor/ everyday-christian/test/daily_verse_selection_test.dart: (setUpAll)                                                                                                00:07 +269 -33: /Users/kcdacre8tor/ everyday-christian/test/daily_verse_selection_test.dart: Daily Verse Selection should return a verse for today                                                     
To run this test again: /Users/kcdacre8tor/flutter/bin/cache/dart-sdk/bin/dart test /Users/kcdacre8tor/ everyday-christian/test/database_migrator_test.dart -p vm --plain-name 'DatabaseMigrator should update version after migration'
00:07 +269 -33: /Users/kcdacre8tor/ everyday-christian/test/daily_verse_selection_test.dart: Daily Verse Selection should return a verse for today                                                     
ℹ️ [2025-10-17 18:19:26.898] [INFO   ] [DatabaseHelper] Initializing database at: :memory:
00:07 +269 -33: /Users/kcdacre8tor/ everyday-christian/test/database_migrator_test.dart: DatabaseMigrator should not run migrations twice                                                              
📦 Running database migrations from v1 to v2
🔄 Migrating to schema v2...
  → Fixing favorite_verses foreign key...
  → Fixing daily_verses foreign key...
00:07 +269 -33: /Users/kcdacre8tor/ everyday-christian/test/app_providers_test.dart: TextSizeNotifier should initialize with 16.0 by default [E]                                                       
  Expected: <16.0>
    Actual: <1.0>
  
  package:matcher                                     expect
  package:flutter_test/src/widget_tester.dart 473:18  expect
  test/app_providers_test.dart 303:7                  main.<fn>.<fn>
  

To run this test again: /Users/kcdacre8tor/flutter/bin/cache/dart-sdk/bin/dart test /Users/kcdacre8tor/ everyday-christian/test/app_providers_test.dart -p vm --plain-name 'TextSizeNotifier should initialize with 16.0 by default'
00:07 +269 -33: /Users/kcdacre8tor/ everyday-christian/test/database_migrator_test.dart: DatabaseMigrator should not run migrations twice                                                              
  → Fixing verse_bookmarks foreign key...
  → Removing duplicate column from prayer_categories...
00:07 +269 -34: /Users/kcdacre8tor/ everyday-christian/test/database_migrator_test.dart: DatabaseMigrator should not run migrations twice                                                              
  → Creating performance indexes...
  → Creating timestamp triggers...
✅ Schema v2 migration complete!
00:07 +269 -34: /Users/kcdacre8tor/ everyday-christian/test/app_providers_test.dart: TextSizeNotifier should set text size to valid value [E]                                                          
  Expected: <18.0>
    Actual: <1.5>
  
  package:matcher                                     expect
  package:flutter_test/src/widget_tester.dart 473:18  expect
  test/app_providers_test.dart 317:7                  main.<fn>.<fn>
  

To run this test again: /Users/kcdacre8tor/flutter/bin/cache/dart-sdk/bin/dart test /Users/kcdacre8tor/ everyday-christian/test/app_providers_test.dart -p vm --plain-name 'TextSizeNotifier should set text size to valid value'
00:07 +269 -34: /Users/kcdacre8tor/ everyday-christian/test/database_migrator_test.dart: DatabaseMigrator should not run migrations twice                                                              
✅ Database integrity verified
⚠️  Error setting schema version: SqfliteFfiException(sqlite_error: 1, , SqliteException(1): while preparing statement, table user_settings has no column named type, SQL logic error (code 1)
  Causing statement: INSERT OR REPLACE INTO user_settings ("key", value, type, created_at, updated_at) VALUES (?, ?, ?, ?, ?)}) DatabaseException(SqliteException(1): while preparing statement, table user_settings has no column named type, SQL logic error (code 1)
  Causing statement: INSERT OR REPLACE INTO user_settings ("key", value, type, created_at, updated_at) VALUES (?, ?, ?, ?, ?)) sql 'INSERT OR REPLACE INTO user_settings ("key", value, type, created_at, updated_at) VALUES (?, ?, ?, ?, ?)' args [schema_version, 2, int, 1760739566947, 1760739566947] {details: {database: {path: :memory:, id: 11, readOnly: false, singleInstance: false}}}
00:07 +269 -36: /Users/kcdacre8tor/ everyday-christian/test/database_migrator_test.dart: DatabaseMigrator should not run migrations twice [E]                                                          
  Expected: false
    Actual: <true>
  
  package:matcher                                     expect
  package:flutter_test/src/widget_tester.dart 473:18  expect
  test/database_migrator_test.dart 293:7              main.<fn>.<fn>
  
00:07 +269 -36: /Users/kcdacre8tor/ everyday-christian/test/app_providers_test.dart: TextSizeNotifier should clamp text size below minimum (12) [E]                                                    
  Expected: <12.0>
    Actual: <1.5>
  
  package:matcher                                     expect
  package:flutter_test/src/widget_tester.dart 473:18  expect
  test/app_providers_test.dart 331:7                  main.<fn>.<fn>
  

To run this test again: /Users/kcdacre8tor/flutter/bin/cache/dart-sdk/bin/dart test /Users/kcdacre8tor/ everyday-christian/test/database_migrator_test.dart -p vm --plain-name 'DatabaseMigrator should not run migrations twice'

To run this test again: /Users/kcdacre8tor/flutter/bin/cache/dart-sdk/bin/dart test /Users/kcdacre8tor/ everyday-christian/test/app_providers_test.dart -p vm --plain-name 'TextSizeNotifier should clamp text size below minimum (12)'
00:07 +269 -36: /Users/kcdacre8tor/ everyday-christian/test/daily_verse_selection_test.dart: Daily Verse Selection should return a verse for today                                                     00:07 +269 -37: /Users/kcdacre8tor/ everyday-christian/test/app_providers_test.dart: TextSizeNotifier should clamp text size above maximum (24) [E]                                                    
  Expected: <24.0>
    Actual: <1.5>
  
  package:matcher                                     expect
  package:flutter_test/src/widget_tester.dart 473:18  expect
  test/app_providers_test.dart 345:7                  main.<fn>.<fn>
  

To run this test again: /Users/kcdacre8tor/flutter/bin/cache/dart-sdk/bin/dart test /Users/kcdacre8tor/ everyday-christian/test/app_providers_test.dart -p vm --plain-name 'TextSizeNotifier should clamp text size above maximum (24)'
00:07 +269 -38: /Users/kcdacre8tor/ everyday-christian/test/app_providers_test.dart: TextSizeNotifier should accept text size at minimum boundary [E]                                                  
  Expected: <12.0>
    Actual: <1.5>
  
  package:matcher                                     expect
  package:flutter_test/src/widget_tester.dart 473:18  expect
  test/app_providers_test.dart 359:7                  main.<fn>.<fn>
  

To run this test again: /Users/kcdacre8tor/flutter/bin/cache/dart-sdk/bin/dart test /Users/kcdacre8tor/ everyday-christian/test/app_providers_test.dart -p vm --plain-name 'TextSizeNotifier should accept text size at minimum boundary'
00:07 +269 -39: /Users/kcdacre8tor/ everyday-christian/test/app_providers_test.dart: TextSizeNotifier should accept text size at maximum boundary [E]                                                  
  Expected: <24.0>
    Actual: <1.5>
  
  package:matcher                                     expect
  package:flutter_test/src/widget_tester.dart 473:18  expect
  test/app_providers_test.dart 373:7                  main.<fn>.<fn>
  

To run this test again: /Users/kcdacre8tor/flutter/bin/cache/dart-sdk/bin/dart test /Users/kcdacre8tor/ everyday-christian/test/app_providers_test.dart -p vm --plain-name 'TextSizeNotifier should accept text size at maximum boundary'
00:07 +269 -40: /Users/kcdacre8tor/ everyday-christian/test/app_providers_test.dart: TextSizeNotifier should handle multiple size changes [E]                                                          
  Expected: <14.0>
    Actual: <1.5>
  
  package:matcher                                     expect
  package:flutter_test/src/widget_tester.dart 473:18  expect
  test/app_providers_test.dart 386:7                  main.<fn>.<fn>
  
00:07 +269 -40: /Users/kcdacre8tor/ everyday-christian/test/daily_verse_selection_test.dart: Daily Verse Selection should return a verse for today                                                     
ℹ️ [2025-10-17 18:19:26.986] [INFO   ] [DatabaseHelper] Creating database schema v5

To run this test again: /Users/kcdacre8tor/flutter/bin/cache/dart-sdk/bin/dart test /Users/kcdacre8tor/ everyday-christian/test/app_providers_test.dart -p vm --plain-name 'TextSizeNotifier should handle multiple size changes'
00:07 +270 -40: /Users/kcdacre8tor/ everyday-christian/test/daily_verse_selection_test.dart: Daily Verse Selection should return a verse for today                                                     00:07 +271 -40: /Users/kcdacre8tor/ everyday-christian/test/daily_verse_selection_test.dart: Daily Verse Selection should return a verse for today                                                     00:07 +272 -40: /Users/kcdacre8tor/ everyday-christian/test/daily_verse_selection_test.dart: Daily Verse Selection should return a verse for today                                                     00:07 +273 -40: /Users/kcdacre8tor/ everyday-christian/test/daily_verse_selection_test.dart: Daily Verse Selection should return a verse for today                                                     00:07 +273 -40: /Users/kcdacre8tor/ everyday-christian/test/app_providers_test.dart: Notification Settings Notifiers dailyNotificationsProvider should toggle state                                    
  Skip: Notification plugin not available in test environment
00:07 +273 ~1 -40: /Users/kcdacre8tor/ everyday-christian/test/daily_verse_selection_test.dart: Daily Verse Selection should return a verse for today                                                  00:07 +273 ~1 -40: /Users/kcdacre8tor/ everyday-christian/test/app_providers_test.dart: Notification Settings Notifiers prayerRemindersProvider should toggle state                                    
  Skip: Notification plugin not available in test environment
00:07 +273 ~2 -40: /Users/kcdacre8tor/ everyday-christian/test/daily_verse_selection_test.dart: Daily Verse Selection should return a verse for today                                                  00:07 +273 ~2 -40: /Users/kcdacre8tor/ everyday-christian/test/app_providers_test.dart: Notification Settings Notifiers verseOfTheDayProvider should toggle state                                      
  Skip: Notification plugin not available in test environment
00:07 +273 ~3 -40: /Users/kcdacre8tor/ everyday-christian/test/daily_verse_selection_test.dart: Daily Verse Selection should return a verse for today                                                  00:07 +273 ~3 -40: /Users/kcdacre8tor/ everyday-christian/test/app_providers_test.dart: Notification Settings Notifiers notificationTimeProvider should set time                                       
  Skip: Notification plugin not available in test environment
00:07 +273 ~4 -40: /Users/kcdacre8tor/ everyday-christian/test/daily_verse_selection_test.dart: Daily Verse Selection should return a verse for today                                                  00:07 +274 ~4 -40: /Users/kcdacre8tor/ everyday-christian/test/daily_verse_selection_test.dart: Daily Verse Selection should return a verse for today                                                  00:07 +275 ~4 -40: /Users/kcdacre8tor/ everyday-christian/test/daily_verse_selection_test.dart: Daily Verse Selection should return a verse for today                                                  00:07 +275 ~4 -41: /Users/kcdacre8tor/ everyday-christian/test/app_providers_test.dart: Provider Isolation should isolate text size between containers [E]                                             
  Expected: <16.0>
    Actual: <1.5>
  
  package:matcher                                     expect
  package:flutter_test/src/widget_tester.dart 473:18  expect
  test/app_providers_test.dart 566:7                  main.<fn>.<fn>
  

To run this test again: /Users/kcdacre8tor/flutter/bin/cache/dart-sdk/bin/dart test /Users/kcdacre8tor/ everyday-christian/test/app_providers_test.dart -p vm --plain-name 'Provider Isolation should isolate text size between containers'
00:07 +276 ~4 -41: /Users/kcdacre8tor/ everyday-christian/test/daily_verse_selection_test.dart: Daily Verse Selection should return a verse for today                                                  00:07 +277 ~4 -41: /Users/kcdacre8tor/ everyday-christian/test/daily_verse_selection_test.dart: Daily Verse Selection should return a verse for today                                                  00:07 +278 ~4 -41: /Users/kcdacre8tor/ everyday-christian/test/daily_verse_selection_test.dart: Daily Verse Selection should return a verse for today                                                  00:07 +279 ~4 -41: /Users/kcdacre8tor/ everyday-christian/test/daily_verse_selection_test.dart: Daily Verse Selection should return a verse for today                                                  00:07 +280 ~4 -41: /Users/kcdacre8tor/ everyday-christian/test/daily_verse_selection_test.dart: Daily Verse Selection should return a verse for today                                                  00:07 +281 ~4 -41: /Users/kcdacre8tor/ everyday-christian/test/daily_verse_selection_test.dart: Daily Verse Selection should return a verse for today                                                  00:07 +282 ~4 -41: /Users/kcdacre8tor/ everyday-christian/test/daily_verse_selection_test.dart: Daily Verse Selection should return a verse for today                                                  00:07 +283 ~4 -41: /Users/kcdacre8tor/ everyday-christian/test/daily_verse_selection_test.dart: Daily Verse Selection should return a verse for today                                                  00:07 +283 ~4 -42: /Users/kcdacre8tor/ everyday-christian/test/app_providers_test.dart: Provider State Persistence should maintain text size state across reads [E]                                    
  Expected: <20.0>
    Actual: <1.5>
  
  package:matcher                                     expect
  package:flutter_test/src/widget_tester.dart 473:18  expect
  test/app_providers_test.dart 687:7                  main.<fn>.<fn>
  
00:07 +283 ~4 -42: /Users/kcdacre8tor/ everyday-christian/test/daily_verse_selection_test.dart: Daily Verse Selection should return a verse for today                                                  
ℹ️ [2025-10-17 18:19:27.079] [INFO   ] [DatabaseHelper] Database schema created successfully

To run this test again: /Users/kcdacre8tor/flutter/bin/cache/dart-sdk/bin/dart test /Users/kcdacre8tor/ everyday-christian/test/app_providers_test.dart -p vm --plain-name 'Provider State Persistence should maintain text size state across reads'
00:07 +284 ~4 -42: /Users/kcdacre8tor/ everyday-christian/test/daily_verse_selection_test.dart: Daily Verse Selection should return a verse for today                                                  00:07 +284 ~4 -42: /Users/kcdacre8tor/ everyday-christian/test/daily_verse_selection_test.dart: Daily Verse Selection should return a verse for today                                                  
📦 Running database migrations from v1 to v2
00:07 +284 ~4 -43: /Users/kcdacre8tor/ everyday-christian/test/daily_verse_selection_test.dart: Daily Verse Selection should return a verse for today                                                  
🔄 Migrating to schema v2...
  → Fixing favorite_verses foreign key...
00:07 +284 ~4 -43: /Users/kcdacre8tor/ everyday-christian/test/app_providers_test.dart: Edge Cases should handle extreme text size clamping [E]                                                        
  Expected: <12.0>
    Actual: <0.8>
  
  package:matcher                                     expect
  package:flutter_test/src/widget_tester.dart 473:18  expect
  test/app_providers_test.dart 719:7                  main.<fn>.<fn>
  

To run this test again: /Users/kcdacre8tor/flutter/bin/cache/dart-sdk/bin/dart test /Users/kcdacre8tor/ everyday-christian/test/app_providers_test.dart -p vm --plain-name 'Edge Cases should handle extreme text size clamping'
00:07 +284 ~4 -43: /Users/kcdacre8tor/ everyday-christian/test/daily_verse_selection_test.dart: Daily Verse Selection should return a verse for today                                                  
  → Fixing daily_verses foreign key...
00:07 +285 ~4 -43: /Users/kcdacre8tor/ everyday-christian/test/daily_verse_selection_test.dart: Daily Verse Selection should return a verse for today                                                  00:07 +285 ~4 -43: /Users/kcdacre8tor/ everyday-christian/test/app_providers_test.dart: Edge Cases should handle valid notification time formats                                                       
  Skip: Notification plugin not available in test environment
00:07 +285 ~5 -43: /Users/kcdacre8tor/ everyday-christian/test/daily_verse_selection_test.dart: Daily Verse Selection should return a verse for today                                                  00:07 +285 ~5 -43: /Users/kcdacre8tor/ everyday-christian/test/daily_verse_selection_test.dart: Daily Verse Selection should return a verse for today                                                  
  → Fixing verse_bookmarks foreign key...
  → Removing duplicate column from prayer_categories...
  → Creating performance indexes...
  → Creating timestamp triggers...
✅ Schema v2 migration complete!
✅ Database integrity verified
✅ Database migrations complete!
00:07 +285 ~5 -44: /Users/kcdacre8tor/ everyday-christian/test/daily_verse_selection_test.dart: Daily Verse Selection should return a verse for today [E]                                              
  Expected: not null
    Actual: <null>
  
  package:matcher                                     expect
  package:flutter_test/src/widget_tester.dart 473:18  expect
  test/daily_verse_selection_test.dart 136:7          main.<fn>.<fn>
  

To run this test again: /Users/kcdacre8tor/flutter/bin/cache/dart-sdk/bin/dart test /Users/kcdacre8tor/ everyday-christian/test/daily_verse_selection_test.dart -p vm --plain-name 'Daily Verse Selection should return a verse for today'
00:07 +285 ~5 -44: /Users/kcdacre8tor/ everyday-christian/test/daily_verse_selection_test.dart: Daily Verse Selection should return the same verse when called multiple times on same day              00:07 +285 ~5 -44: /Users/kcdacre8tor/ everyday-christian/test/daily_verse_selection_test.dart: Daily Verse Selection should return the same verse when called multiple times on same day              
ℹ️ [2025-10-17 18:19:27.193] [INFO   ] [DatabaseHelper] Initializing database at: :memory:
ℹ️ [2025-10-17 18:19:27.196] [INFO   ] [DatabaseHelper] Creating database schema v5
ℹ️ [2025-10-17 18:19:27.208] [INFO   ] [DatabaseHelper] Database schema created successfully
📦 Running database migrations from v1 to v2
🔄 Migrating to schema v2...
  → Fixing favorite_verses foreign key...
  → Fixing daily_verses foreign key...
  → Fixing verse_bookmarks foreign key...
  → Removing duplicate column from prayer_categories...
  → Creating performance indexes...
  → Creating timestamp triggers...
✅ Schema v2 migration complete!
✅ Database integrity verified
✅ Database migrations complete!
00:07 +285 ~5 -45: /Users/kcdacre8tor/ everyday-christian/test/daily_verse_selection_test.dart: Daily Verse Selection should return the same verse when called multiple times on same day [E]          
  Expected: not null
    Actual: <null>
  
  package:matcher                                     expect
  package:flutter_test/src/widget_tester.dart 473:18  expect
  test/daily_verse_selection_test.dart 145:7          main.<fn>.<fn>
  

To run this test again: /Users/kcdacre8tor/flutter/bin/cache/dart-sdk/bin/dart test /Users/kcdacre8tor/ everyday-christian/test/daily_verse_selection_test.dart -p vm --plain-name 'Daily Verse Selection should return the same verse when called multiple times on same day'
00:07 +285 ~5 -45: /Users/kcdacre8tor/ everyday-christian/test/daily_verse_selection_test.dart: Daily Verse Selection should record verse in daily_verse_history table                                 00:07 +285 ~5 -45: /Users/kcdacre8tor/ everyday-christian/test/daily_verse_selection_test.dart: Daily Verse Selection should record verse in daily_verse_history table                                 
ℹ️ [2025-10-17 18:19:27.254] [INFO   ] [DatabaseHelper] Initializing database at: :memory:
ℹ️ [2025-10-17 18:19:27.257] [INFO   ] [DatabaseHelper] Creating database schema v5
ℹ️ [2025-10-17 18:19:27.275] [INFO   ] [DatabaseHelper] Database schema created successfully
📦 Running database migrations from v1 to v2
🔄 Migrating to schema v2...
  → Fixing favorite_verses foreign key...
  → Fixing daily_verses foreign key...
  → Fixing verse_bookmarks foreign key...
  → Removing duplicate column from prayer_categories...
  → Creating performance indexes...
  → Creating timestamp triggers...
✅ Schema v2 migration complete!
✅ Database integrity verified
✅ Database migrations complete!
00:07 +285 ~5 -46: /Users/kcdacre8tor/ everyday-christian/test/daily_verse_selection_test.dart: Daily Verse Selection should record verse in daily_verse_history table [E]                             
  Expected: not null
    Actual: <null>
  
  package:matcher                                     expect
  package:flutter_test/src/widget_tester.dart 473:18  expect
  test/daily_verse_selection_test.dart 153:7          main.<fn>.<fn>
  

To run this test again: /Users/kcdacre8tor/flutter/bin/cache/dart-sdk/bin/dart test /Users/kcdacre8tor/ everyday-christian/test/daily_verse_selection_test.dart -p vm --plain-name 'Daily Verse Selection should record verse in daily_verse_history table'
00:07 +285 ~5 -46: /Users/kcdacre8tor/ everyday-christian/test/daily_verse_selection_test.dart: Daily Verse Selection should avoid recently shown verses                                               00:07 +285 ~5 -46: /Users/kcdacre8tor/ everyday-christian/test/daily_verse_selection_test.dart: Daily Verse Selection should avoid recently shown verses                                               
ℹ️ [2025-10-17 18:19:27.316] [INFO   ] [DatabaseHelper] Initializing database at: :memory:
ℹ️ [2025-10-17 18:19:27.318] [INFO   ] [DatabaseHelper] Creating database schema v5
ℹ️ [2025-10-17 18:19:27.341] [INFO   ] [DatabaseHelper] Database schema created successfully
📦 Running database migrations from v1 to v2
🔄 Migrating to schema v2...
  → Fixing favorite_verses foreign key...
  → Fixing daily_verses foreign key...
  → Fixing verse_bookmarks foreign key...
  → Removing duplicate column from prayer_categories...
  → Creating performance indexes...
  → Creating timestamp triggers...
✅ Schema v2 migration complete!
✅ Database integrity verified
✅ Database migrations complete!
00:07 +285 ~5 -47: /Users/kcdacre8tor/ everyday-christian/test/daily_verse_selection_test.dart: Daily Verse Selection should avoid recently shown verses [E]                                           
  Expected: not null
    Actual: <null>
  
  package:matcher                                     expect
  package:flutter_test/src/widget_tester.dart 473:18  expect
  test/daily_verse_selection_test.dart 185:7          main.<fn>.<fn>
  

To run this test again: /Users/kcdacre8tor/flutter/bin/cache/dart-sdk/bin/dart test /Users/kcdacre8tor/ everyday-christian/test/daily_verse_selection_test.dart -p vm --plain-name 'Daily Verse Selection should avoid recently shown verses'
00:07 +285 ~5 -47: /Users/kcdacre8tor/ everyday-christian/test/daily_verse_selection_test.dart: Daily Verse Selection should select verse based on theme preferences                                   00:07 +285 ~5 -47: /Users/kcdacre8tor/ everyday-christian/test/daily_verse_selection_test.dart: Daily Verse Selection should select verse based on theme preferences                                   
ℹ️ [2025-10-17 18:19:27.363] [INFO   ] [DatabaseHelper] Initializing database at: :memory:
ℹ️ [2025-10-17 18:19:27.364] [INFO   ] [DatabaseHelper] Creating database schema v5
ℹ️ [2025-10-17 18:19:27.374] [INFO   ] [DatabaseHelper] Database schema created successfully
📦 Running database migrations from v1 to v2
🔄 Migrating to schema v2...
  → Fixing favorite_verses foreign key...
  → Fixing daily_verses foreign key...
  → Fixing verse_bookmarks foreign key...
  → Removing duplicate column from prayer_categories...
  → Creating performance indexes...
  → Creating timestamp triggers...
✅ Schema v2 migration complete!
✅ Database integrity verified
✅ Database migrations complete!
00:07 +285 ~5 -48: /Users/kcdacre8tor/ everyday-christian/test/daily_verse_selection_test.dart: Daily Verse Selection should select verse based on theme preferences [E]                               
  Expected: not null
    Actual: <null>
  
  package:matcher                                     expect
  package:flutter_test/src/widget_tester.dart 473:18  expect
  test/daily_verse_selection_test.dart 203:7          main.<fn>.<fn>
  

To run this test again: /Users/kcdacre8tor/flutter/bin/cache/dart-sdk/bin/dart test /Users/kcdacre8tor/ everyday-christian/test/daily_verse_selection_test.dart -p vm --plain-name 'Daily Verse Selection should select verse based on theme preferences'
00:07 +285 ~5 -48: /Users/kcdacre8tor/ everyday-christian/test/daily_verse_selection_test.dart: Daily Verse Selection should respect avoid_recent_days preference                                      00:07 +285 ~5 -48: /Users/kcdacre8tor/ everyday-christian/test/daily_verse_selection_test.dart: Daily Verse Selection should respect avoid_recent_days preference                                      
ℹ️ [2025-10-17 18:19:27.398] [INFO   ] [DatabaseHelper] Initializing database at: :memory:
ℹ️ [2025-10-17 18:19:27.399] [INFO   ] [DatabaseHelper] Creating database schema v5
ℹ️ [2025-10-17 18:19:27.411] [INFO   ] [DatabaseHelper] Database schema created successfully
📦 Running database migrations from v1 to v2
🔄 Migrating to schema v2...
  → Fixing favorite_verses foreign key...
  → Fixing daily_verses foreign key...
  → Fixing verse_bookmarks foreign key...
  → Removing duplicate column from prayer_categories...
  → Creating performance indexes...
  → Creating timestamp triggers...
✅ Schema v2 migration complete!
✅ Database integrity verified
✅ Database migrations complete!
00:08 +285 ~5 -49: /Users/kcdacre8tor/ everyday-christian/test/daily_verse_selection_test.dart: Daily Verse Selection should respect avoid_recent_days preference                                      00:08 +285 ~5 -49: /Users/kcdacre8tor/ everyday-christian/test/daily_verse_selection_test.dart: Daily Verse Selection should respect avoid_recent_days preference [E]                                  
  Expected: not null
    Actual: <null>
  
  package:matcher                                     expect
  package:flutter_test/src/widget_tester.dart 473:18  expect
  test/daily_verse_selection_test.dart 228:7          main.<fn>.<fn>
  

To run this test again: /Users/kcdacre8tor/flutter/bin/cache/dart-sdk/bin/dart test /Users/kcdacre8tor/ everyday-christian/test/daily_verse_selection_test.dart -p vm --plain-name 'Daily Verse Selection should respect avoid_recent_days preference'
00:08 +285 ~5 -49: /Users/kcdacre8tor/ everyday-christian/test/daily_verse_selection_test.dart: Daily Verse Selection should handle empty database gracefully                                          00:08 +285 ~5 -49: /Users/kcdacre8tor/ everyday-christian/test/daily_verse_selection_test.dart: Daily Verse Selection should handle empty database gracefully                                          
ℹ️ [2025-10-17 18:19:27.617] [INFO   ] [DatabaseHelper] Initializing database at: :memory:
ℹ️ [2025-10-17 18:19:27.622] [INFO   ] [DatabaseHelper] Creating database schema v5
ℹ️ [2025-10-17 18:19:27.672] [INFO   ] [DatabaseHelper] Database schema created successfully
📦 Running database migrations from v1 to v2
🔄 Migrating to schema v2...
  → Fixing favorite_verses foreign key...
  → Fixing daily_verses foreign key...
  → Fixing verse_bookmarks foreign key...
  → Removing duplicate column from prayer_categories...
  → Creating performance indexes...
  → Creating timestamp triggers...
✅ Schema v2 migration complete!
✅ Database integrity verified
✅ Database migrations complete!
00:08 +286 ~5 -49: /Users/kcdacre8tor/ everyday-christian/test/daily_verse_selection_test.dart: Daily Verse Selection should handle empty database gracefully                                          00:08 +286 ~5 -49: /Users/kcdacre8tor/ everyday-christian/test/daily_verse_selection_test.dart: Daily Verse Selection should update preferred themes successfully                                      00:08 +286 ~5 -49: /Users/kcdacre8tor/ everyday-christian/test/daily_verse_selection_test.dart: Daily Verse Selection should update preferred themes successfully                                      
ℹ️ [2025-10-17 18:19:27.735] [INFO   ] [DatabaseHelper] Initializing database at: :memory:
ℹ️ [2025-10-17 18:19:27.739] [INFO   ] [DatabaseHelper] Creating database schema v5
ℹ️ [2025-10-17 18:19:27.763] [INFO   ] [DatabaseHelper] Database schema created successfully
📦 Running database migrations from v1 to v2
🔄 Migrating to schema v2...
  → Fixing favorite_verses foreign key...
  → Fixing daily_verses foreign key...
  → Fixing verse_bookmarks foreign key...
  → Removing duplicate column from prayer_categories...
  → Creating performance indexes...
  → Creating timestamp triggers...
✅ Schema v2 migration complete!
✅ Database integrity verified
✅ Database migrations complete!
00:08 +287 ~5 -49: /Users/kcdacre8tor/ everyday-christian/test/daily_verse_selection_test.dart: Daily Verse Selection should update preferred themes successfully                                      00:08 +287 ~5 -49: /Users/kcdacre8tor/ everyday-christian/test/daily_verse_selection_test.dart: Daily Verse Selection should update avoid_recent_days successfully                                     00:08 +287 ~5 -49: /Users/kcdacre8tor/ everyday-christian/test/daily_verse_selection_test.dart: Daily Verse Selection should update avoid_recent_days successfully                                     
ℹ️ [2025-10-17 18:19:27.843] [INFO   ] [DatabaseHelper] Initializing database at: :memory:
ℹ️ [2025-10-17 18:19:27.849] [INFO   ] [DatabaseHelper] Creating database schema v5
ℹ️ [2025-10-17 18:19:27.868] [INFO   ] [DatabaseHelper] Database schema created successfully
📦 Running database migrations from v1 to v2
🔄 Migrating to schema v2...
  → Fixing favorite_verses foreign key...
  → Fixing daily_verses foreign key...
  → Fixing verse_bookmarks foreign key...
  → Removing duplicate column from prayer_categories...
  → Creating performance indexes...
  → Creating timestamp triggers...
✅ Schema v2 migration complete!
✅ Database integrity verified
✅ Database migrations complete!
00:08 +288 ~5 -49: /Users/kcdacre8tor/ everyday-christian/test/daily_verse_selection_test.dart: Daily Verse Selection should update avoid_recent_days successfully                                     00:08 +288 ~5 -49: /Users/kcdacre8tor/ everyday-christian/test/daily_verse_selection_test.dart: Daily Verse Selection should update preferred version successfully                                     00:08 +288 ~5 -49: /Users/kcdacre8tor/ everyday-christian/test/daily_verse_selection_test.dart: Daily Verse Selection should update preferred version successfully                                     
ℹ️ [2025-10-17 18:19:27.995] [INFO   ] [DatabaseHelper] Initializing database at: :memory:
ℹ️ [2025-10-17 18:19:27.998] [INFO   ] [DatabaseHelper] Creating database schema v5
ℹ️ [2025-10-17 18:19:28.028] [INFO   ] [DatabaseHelper] Database schema created successfully
📦 Running database migrations from v1 to v2
🔄 Migrating to schema v2...
  → Fixing favorite_verses foreign key...
  → Fixing daily_verses foreign key...
  → Fixing verse_bookmarks foreign key...
  → Removing duplicate column from prayer_categories...
  → Creating performance indexes...
  → Creating timestamp triggers...
✅ Schema v2 migration complete!
✅ Database integrity verified
✅ Database migrations complete!
00:08 +289 ~5 -49: /Users/kcdacre8tor/ everyday-christian/test/daily_verse_selection_test.dart: Daily Verse Selection should update preferred version successfully                                     00:08 +289 ~5 -49: /Users/kcdacre8tor/ everyday-christian/test/daily_verse_selection_test.dart: Daily Verse Selection should retrieve daily verse history                                              00:08 +289 ~5 -49: /Users/kcdacre8tor/ everyday-christian/test/daily_verse_selection_test.dart: Daily Verse Selection should retrieve daily verse history                                              
ℹ️ [2025-10-17 18:19:28.060] [INFO   ] [DatabaseHelper] Initializing database at: :memory:
ℹ️ [2025-10-17 18:19:28.065] [INFO   ] [DatabaseHelper] Creating database schema v5
ℹ️ [2025-10-17 18:19:28.100] [INFO   ] [DatabaseHelper] Database schema created successfully
📦 Running database migrations from v1 to v2
🔄 Migrating to schema v2...
  → Fixing favorite_verses foreign key...
  → Fixing daily_verses foreign key...
  → Fixing verse_bookmarks foreign key...
  → Removing duplicate column from prayer_categories...
  → Creating performance indexes...
  → Creating timestamp triggers...
✅ Schema v2 migration complete!
✅ Database integrity verified
✅ Database migrations complete!
00:08 +290 ~5 -49: /Users/kcdacre8tor/ everyday-christian/test/daily_verse_selection_test.dart: Daily Verse Selection should retrieve daily verse history                                              00:08 +290 ~5 -49: /Users/kcdacre8tor/ everyday-christian/test/daily_verse_selection_test.dart: Daily Verse Selection should clear daily verse history                                                 00:08 +290 ~5 -49: /Users/kcdacre8tor/ everyday-christian/test/daily_verse_selection_test.dart: Daily Verse Selection should clear daily verse history                                                 
ℹ️ [2025-10-17 18:19:28.158] [INFO   ] [DatabaseHelper] Initializing database at: :memory:
ℹ️ [2025-10-17 18:19:28.161] [INFO   ] [DatabaseHelper] Creating database schema v5
ℹ️ [2025-10-17 18:19:28.197] [INFO   ] [DatabaseHelper] Database schema created successfully
📦 Running database migrations from v1 to v2
🔄 Migrating to schema v2...
  → Fixing favorite_verses foreign key...
  → Fixing daily_verses foreign key...
  → Fixing verse_bookmarks foreign key...
  → Removing duplicate column from prayer_categories...
  → Creating performance indexes...
  → Creating timestamp triggers...
✅ Schema v2 migration complete!
✅ Database integrity verified
✅ Database migrations complete!
00:08 +291 ~5 -49: /Users/kcdacre8tor/ everyday-christian/test/daily_verse_selection_test.dart: Daily Verse Selection should clear daily verse history                                                 00:08 +291 ~5 -49: /Users/kcdacre8tor/ everyday-christian/test/daily_verse_selection_test.dart: Daily Verse Selection should handle theme rotation by day of year                                      00:08 +291 ~5 -49: /Users/kcdacre8tor/ everyday-christian/test/daily_verse_selection_test.dart: Daily Verse Selection should handle theme rotation by day of year                                      
ℹ️ [2025-10-17 18:19:28.244] [INFO   ] [DatabaseHelper] Initializing database at: :memory:
ℹ️ [2025-10-17 18:19:28.246] [INFO   ] [DatabaseHelper] Creating database schema v5
ℹ️ [2025-10-17 18:19:28.259] [INFO   ] [DatabaseHelper] Database schema created successfully
📦 Running database migrations from v1 to v2
🔄 Migrating to schema v2...
  → Fixing favorite_verses foreign key...
  → Fixing daily_verses foreign key...
  → Fixing verse_bookmarks foreign key...
  → Removing duplicate column from prayer_categories...
  → Creating performance indexes...
  → Creating timestamp triggers...
✅ Schema v2 migration complete!
✅ Database integrity verified
✅ Database migrations complete!
00:08 +291 ~5 -50: /Users/kcdacre8tor/ everyday-christian/test/daily_verse_selection_test.dart: Daily Verse Selection should handle theme rotation by day of year [E]                                  
  Expected: not null
    Actual: <null>
  
  package:matcher                                     expect
  package:flutter_test/src/widget_tester.dart 473:18  expect
  test/daily_verse_selection_test.dart 348:7          main.<fn>.<fn>
  

To run this test again: /Users/kcdacre8tor/flutter/bin/cache/dart-sdk/bin/dart test /Users/kcdacre8tor/ everyday-christian/test/daily_verse_selection_test.dart -p vm --plain-name 'Daily Verse Selection should handle theme rotation by day of year'
00:08 +291 ~5 -50: /Users/kcdacre8tor/ everyday-christian/test/daily_verse_selection_test.dart: Daily Verse Selection should fallback to random verse if no theme matches                              00:08 +291 ~5 -50: /Users/kcdacre8tor/ everyday-christian/test/daily_verse_selection_test.dart: Daily Verse Selection should fallback to random verse if no theme matches                              
ℹ️ [2025-10-17 18:19:28.294] [INFO   ] [DatabaseHelper] Initializing database at: :memory:
ℹ️ [2025-10-17 18:19:28.297] [INFO   ] [DatabaseHelper] Creating database schema v5
ℹ️ [2025-10-17 18:19:28.321] [INFO   ] [DatabaseHelper] Database schema created successfully
📦 Running database migrations from v1 to v2
🔄 Migrating to schema v2...
  → Fixing favorite_verses foreign key...
  → Fixing daily_verses foreign key...
  → Fixing verse_bookmarks foreign key...
  → Removing duplicate column from prayer_categories...
  → Creating performance indexes...
  → Creating timestamp triggers...
✅ Schema v2 migration complete!
✅ Database integrity verified
✅ Database migrations complete!
00:08 +291 ~5 -51: /Users/kcdacre8tor/ everyday-christian/test/daily_verse_selection_test.dart: Daily Verse Selection should fallback to random verse if no theme matches [E]                          
  Expected: not null
    Actual: <null>
  
  package:matcher                                     expect
  package:flutter_test/src/widget_tester.dart 473:18  expect
  test/daily_verse_selection_test.dart 378:7          main.<fn>.<fn>
  

To run this test again: /Users/kcdacre8tor/flutter/bin/cache/dart-sdk/bin/dart test /Users/kcdacre8tor/ everyday-christian/test/daily_verse_selection_test.dart -p vm --plain-name 'Daily Verse Selection should fallback to random verse if no theme matches'
00:08 +291 ~5 -51: /Users/kcdacre8tor/ everyday-christian/test/daily_verse_selection_test.dart: Daily Verse Selection should handle force theme parameter                                              00:08 +291 ~5 -51: /Users/kcdacre8tor/ everyday-christian/test/daily_verse_selection_test.dart: Daily Verse Selection should handle force theme parameter                                              
ℹ️ [2025-10-17 18:19:28.349] [INFO   ] [DatabaseHelper] Initializing database at: :memory:
ℹ️ [2025-10-17 18:19:28.350] [INFO   ] [DatabaseHelper] Creating database schema v5
ℹ️ [2025-10-17 18:19:28.376] [INFO   ] [DatabaseHelper] Database schema created successfully
📦 Running database migrations from v1 to v2
🔄 Migrating to schema v2...
  → Fixing favorite_verses foreign key...
  → Fixing daily_verses foreign key...
  → Fixing verse_bookmarks foreign key...
  → Removing duplicate column from prayer_categories...
  → Creating performance indexes...
  → Creating timestamp triggers...
✅ Schema v2 migration complete!
✅ Database integrity verified
✅ Database migrations complete!
00:08 +291 ~5 -52: /Users/kcdacre8tor/ everyday-christian/test/daily_verse_selection_test.dart: Daily Verse Selection should handle force theme parameter [E]                                          
  Expected: not null
    Actual: <null>
  
  package:matcher                                     expect
  package:flutter_test/src/widget_tester.dart 473:18  expect
  test/daily_verse_selection_test.dart 392:7          main.<fn>.<fn>
  

To run this test again: /Users/kcdacre8tor/flutter/bin/cache/dart-sdk/bin/dart test /Users/kcdacre8tor/ everyday-christian/test/daily_verse_selection_test.dart -p vm --plain-name 'Daily Verse Selection should handle force theme parameter'
00:08 +291 ~5 -52: /Users/kcdacre8tor/ everyday-christian/test/daily_verse_selection_test.dart: Verse Preferences Management should maintain multiple preferences independently                        
ℹ️ [2025-10-17 18:19:28.420] [INFO   ] [DatabaseHelper] Initializing database at: :memory:
ℹ️ [2025-10-17 18:19:28.421] [INFO   ] [DatabaseHelper] Creating database schema v5
ℹ️ [2025-10-17 18:19:28.435] [INFO   ] [DatabaseHelper] Database schema created successfully
📦 Running database migrations from v1 to v2
🔄 Migrating to schema v2...
  → Fixing favorite_verses foreign key...
  → Fixing daily_verses foreign key...
00:08 +291 ~5 -52: /Users/kcdacre8tor/ everyday-christian/test/devotional_service_test.dart: Devotional Retrieval should get all devotionals ordered by date                                           
ℹ️ [2025-10-17 18:19:28.425] [INFO   ] [DatabaseHelper] Initializing database at: :memory:
00:08 +291 ~5 -52: /Users/kcdacre8tor/ everyday-christian/test/daily_verse_selection_test.dart: Verse Preferences Management should maintain multiple preferences independently                        
  → Fixing verse_bookmarks foreign key...
  → Removing duplicate column from prayer_categories...
  → Creating performance indexes...
  → Creating timestamp triggers...
✅ Schema v2 migration complete!
✅ Database integrity verified
✅ Database migrations complete!
00:08 +292 ~5 -52: /Users/kcdacre8tor/ everyday-christian/test/devotional_service_test.dart: Devotional Retrieval should get all devotionals ordered by date                                           00:08 +292 ~5 -52: /Users/kcdacre8tor/ everyday-christian/test/daily_verse_selection_test.dart: Verse Preferences Management should handle empty theme list                                            
ℹ️ [2025-10-17 18:19:28.453] [INFO   ] [DatabaseHelper] Initializing database at: :memory:
ℹ️ [2025-10-17 18:19:28.455] [INFO   ] [DatabaseHelper] Creating database schema v5
ℹ️ [2025-10-17 18:19:28.473] [INFO   ] [DatabaseHelper] Database schema created successfully
📦 Running database migrations from v1 to v2
🔄 Migrating to schema v2...
  → Fixing favorite_verses foreign key...
  → Fixing daily_verses foreign key...
  → Fixing verse_bookmarks foreign key...
  → Removing duplicate column from prayer_categories...
  → Creating performance indexes...
  → Creating timestamp triggers...
✅ Schema v2 migration complete!
✅ Database integrity verified
✅ Database migrations complete!
00:08 +292 ~5 -52: /Users/kcdacre8tor/ everyday-christian/test/devotional_service_test.dart: Devotional Retrieval should get all devotionals ordered by date                                           
ℹ️ [2025-10-17 18:19:28.495] [INFO   ] [DatabaseHelper] Creating database schema v5
00:08 +293 ~5 -52: /Users/kcdacre8tor/ everyday-christian/test/devotional_service_test.dart: Devotional Retrieval should get all devotionals ordered by date                                           00:08 +293 ~5 -52: /Users/kcdacre8tor/ everyday-christian/test/daily_verse_selection_test.dart: Verse Preferences Management should validate avoid_recent_days bounds                                  
ℹ️ [2025-10-17 18:19:28.512] [INFO   ] [DatabaseHelper] Initializing database at: :memory:
ℹ️ [2025-10-17 18:19:28.516] [INFO   ] [DatabaseHelper] Creating database schema v5
ℹ️ [2025-10-17 18:19:28.537] [INFO   ] [DatabaseHelper] Database schema created successfully
📦 Running database migrations from v1 to v2
🔄 Migrating to schema v2...
  → Fixing favorite_verses foreign key...
  → Fixing daily_verses foreign key...
  → Fixing verse_bookmarks foreign key...
  → Removing duplicate column from prayer_categories...
  → Creating performance indexes...
00:08 +293 ~5 -52: /Users/kcdacre8tor/ everyday-christian/test/devotional_service_test.dart: Devotional Retrieval should get all devotionals ordered by date                                           
ℹ️ [2025-10-17 18:19:28.557] [INFO   ] [DatabaseHelper] Database schema created successfully
00:08 +293 ~5 -52: /Users/kcdacre8tor/ everyday-christian/test/daily_verse_selection_test.dart: Verse Preferences Management should validate avoid_recent_days bounds                                  
  → Creating timestamp triggers...
✅ Schema v2 migration complete!
✅ Database integrity verified
✅ Database migrations complete!
00:08 +293 ~5 -52: /Users/kcdacre8tor/ everyday-christian/test/devotional_service_test.dart: Devotional Retrieval should get all devotionals ordered by date                                           
📦 Running database migrations from v1 to v2
🔄 Migrating to schema v2...
  → Fixing favorite_verses foreign key...
  → Fixing daily_verses foreign key...
  → Fixing verse_bookmarks foreign key...
00:09 +294 ~5 -52: /Users/kcdacre8tor/ everyday-christian/test/devotional_service_test.dart: Devotional Retrieval should get all devotionals ordered by date                                           00:09 +294 ~5 -52: /Users/kcdacre8tor/ everyday-christian/test/daily_verse_selection_test.dart: Verse History Tracking should not allow duplicate entries for same verse and date                      
ℹ️ [2025-10-17 18:19:28.613] [INFO   ] [DatabaseHelper] Initializing database at: :memory:
00:09 +294 ~5 -52: /Users/kcdacre8tor/ everyday-christian/test/devotional_service_test.dart: Devotional Retrieval should get all devotionals ordered by date                                           
  → Removing duplicate column from prayer_categories...
00:09 +294 ~5 -52: /Users/kcdacre8tor/ everyday-christian/test/daily_verse_selection_test.dart: Verse History Tracking should not allow duplicate entries for same verse and date                      
ℹ️ [2025-10-17 18:19:28.620] [INFO   ] [DatabaseHelper] Creating database schema v5
00:09 +294 ~5 -52: /Users/kcdacre8tor/ everyday-christian/test/devotional_service_test.dart: Devotional Retrieval should get all devotionals ordered by date                                           
  → Creating performance indexes...
  → Creating timestamp triggers...
✅ Schema v2 migration complete!
00:09 +295 ~5 -52: /Users/kcdacre8tor/ everyday-christian/test/devotional_service_test.dart: Devotional Retrieval should get all devotionals ordered by date                                           00:09 +295 ~5 -52: /Users/kcdacre8tor/ everyday-christian/test/devotional_service_test.dart: Devotional Retrieval should get all devotionals ordered by date                                           
✅ Database integrity verified
00:09 +296 ~5 -52: /Users/kcdacre8tor/ everyday-christian/test/devotional_service_test.dart: Devotional Retrieval should get all devotionals ordered by date                                           00:09 +296 ~5 -52: /Users/kcdacre8tor/ everyday-christian/test/devotional_service_test.dart: Devotional Retrieval should get all devotionals ordered by date                                           
✅ Database migrations complete!
00:09 +297 ~5 -52: /Users/kcdacre8tor/ everyday-christian/test/devotional_service_test.dart: Devotional Retrieval should get all devotionals ordered by date                                           00:09 +298 ~5 -52: /Users/kcdacre8tor/ everyday-christian/test/devotional_service_test.dart: Devotional Retrieval should get all devotionals ordered by date                                           00:09 +299 ~5 -52: /Users/kcdacre8tor/ everyday-christian/test/devotional_service_test.dart: Devotional Retrieval should get all devotionals ordered by date                                           00:09 +300 ~5 -52: /Users/kcdacre8tor/ everyday-christian/test/devotional_service_test.dart: Devotional Retrieval should get all devotionals ordered by date                                           00:09 +300 ~5 -52: /Users/kcdacre8tor/ everyday-christian/test/daily_verse_selection_test.dart: Verse History Tracking should not allow duplicate entries for same verse and date                      
ℹ️ [2025-10-17 18:19:28.677] [INFO   ] [DatabaseHelper] Database schema created successfully
📦 Running database migrations from v1 to v2
🔄 Migrating to schema v2...
  → Fixing favorite_verses foreign key...
00:09 +301 ~5 -52: /Users/kcdacre8tor/ everyday-christian/test/devotional_service_test.dart: Devotional Retrieval should get all devotionals ordered by date                                           00:09 +301 ~5 -52: /Users/kcdacre8tor/ everyday-christian/test/daily_verse_selection_test.dart: Verse History Tracking should not allow duplicate entries for same verse and date                      
  → Fixing daily_verses foreign key...
00:09 +302 ~5 -52: /Users/kcdacre8tor/ everyday-christian/test/devotional_service_test.dart: Devotional Retrieval should get all devotionals ordered by date                                           00:09 +303 ~5 -52: /Users/kcdacre8tor/ everyday-christian/test/daily_verse_selection_test.dart: Verse History Tracking should not allow duplicate entries for same verse and date                      00:09 +303 ~5 -52: /Users/kcdacre8tor/ everyday-christian/test/daily_verse_selection_test.dart: Verse History Tracking should not allow duplicate entries for same verse and date                      
  → Fixing verse_bookmarks foreign key...
  → Removing duplicate column from prayer_categories...
00:09 +303 ~5 -52: /Users/kcdacre8tor/ everyday-christian/test/devotional_service_test.dart: Devotional Retrieval should return empty list when no devotionals exist                                   
ℹ️ [2025-10-17 18:19:28.710] [INFO   ] [DatabaseHelper] Initializing database at: :memory:
00:09 +304 ~5 -52: /Users/kcdacre8tor/ everyday-christian/test/daily_verse_selection_test.dart: Verse History Tracking should not allow duplicate entries for same verse and date                      00:09 +304 ~5 -52: /Users/kcdacre8tor/ everyday-christian/test/daily_verse_selection_test.dart: Verse History Tracking should not allow duplicate entries for same verse and date                      
  → Creating performance indexes...
00:09 +305 ~5 -52: /Users/kcdacre8tor/ everyday-christian/test/daily_verse_selection_test.dart: Verse History Tracking should not allow duplicate entries for same verse and date                      00:09 +305 ~5 -52: /Users/kcdacre8tor/ everyday-christian/test/devotional_service_test.dart: Devotional Retrieval should return empty list when no devotionals exist                                   
ℹ️ [2025-10-17 18:19:28.718] [INFO   ] [DatabaseHelper] Creating database schema v5
00:09 +306 ~5 -52: /Users/kcdacre8tor/ everyday-christian/test/daily_verse_selection_test.dart: Verse History Tracking should not allow duplicate entries for same verse and date                      00:09 +306 ~5 -52: /Users/kcdacre8tor/ everyday-christian/test/daily_verse_selection_test.dart: Verse History Tracking should not allow duplicate entries for same verse and date                      
  → Creating timestamp triggers...
✅ Schema v2 migration complete!
00:09 +307 ~5 -52: /Users/kcdacre8tor/ everyday-christian/test/daily_verse_selection_test.dart: Verse History Tracking should not allow duplicate entries for same verse and date                      00:09 +307 ~5 -52: /Users/kcdacre8tor/ everyday-christian/test/daily_verse_selection_test.dart: Verse History Tracking should not allow duplicate entries for same verse and date                      
✅ Database integrity verified
00:09 +308 ~5 -52: /Users/kcdacre8tor/ everyday-christian/test/daily_verse_selection_test.dart: Verse History Tracking should not allow duplicate entries for same verse and date                      00:09 +308 ~5 -52: /Users/kcdacre8tor/ everyday-christian/test/daily_verse_selection_test.dart: Verse History Tracking should not allow duplicate entries for same verse and date                      
✅ Database migrations complete!
00:09 +309 ~5 -52: /Users/kcdacre8tor/ everyday-christian/test/daily_verse_selection_test.dart: Verse History Tracking should not allow duplicate entries for same verse and date                      00:09 +310 ~5 -52: /Users/kcdacre8tor/ everyday-christian/test/daily_verse_selection_test.dart: Verse History Tracking should not allow duplicate entries for same verse and date                      00:09 +311 ~5 -52: /Users/kcdacre8tor/ everyday-christian/test/daily_verse_selection_test.dart: Verse History Tracking should not allow duplicate entries for same verse and date                      00:09 +312 ~5 -52: /Users/kcdacre8tor/ everyday-christian/test/daily_verse_selection_test.dart: Verse History Tracking should not allow duplicate entries for same verse and date                      00:09 +313 ~5 -52: /Users/kcdacre8tor/ everyday-christian/test/daily_verse_selection_test.dart: Verse History Tracking should not allow duplicate entries for same verse and date                      00:09 +314 ~5 -52: /Users/kcdacre8tor/ everyday-christian/test/daily_verse_selection_test.dart: Verse History Tracking should not allow duplicate entries for same verse and date                      00:09 +315 ~5 -52: /Users/kcdacre8tor/ everyday-christian/test/devotional_service_test.dart: Devotional Retrieval should return empty list when no devotionals exist                                   00:09 +316 ~5 -52: /Users/kcdacre8tor/ everyday-christian/test/devotional_service_test.dart: Devotional Retrieval should return empty list when no devotionals exist                                   00:09 +316 ~5 -52: /Users/kcdacre8tor/ everyday-christian/test/daily_verse_selection_test.dart: Verse History Tracking should track verses across multiple days                                        
ℹ️ [2025-10-17 18:19:28.751] [INFO   ] [DatabaseHelper] Initializing database at: :memory:
00:09 +317 ~5 -52: /Users/kcdacre8tor/ everyday-christian/test/devotional_service_test.dart: Devotional Retrieval should return empty list when no devotionals exist                                   00:09 +317 ~5 -52: /Users/kcdacre8tor/ everyday-christian/test/daily_verse_selection_test.dart: Verse History Tracking should track verses across multiple days                                        
ℹ️ [2025-10-17 18:19:28.756] [INFO   ] [DatabaseHelper] Creating database schema v5
00:09 +318 ~5 -52: /Users/kcdacre8tor/ everyday-christian/test/devotional_service_test.dart: Devotional Retrieval should return empty list when no devotionals exist                                   00:09 +319 ~5 -52: /Users/kcdacre8tor/ everyday-christian/test/devotional_service_test.dart: Devotional Retrieval should return empty list when no devotionals exist                                   00:09 +319 ~5 -52: /Users/kcdacre8tor/ everyday-christian/test/devotional_service_test.dart: Devotional Retrieval should return empty list when no devotionals exist                                   
ℹ️ [2025-10-17 18:19:28.764] [INFO   ] [DatabaseHelper] Database schema created successfully
00:09 +320 ~5 -52: /Users/kcdacre8tor/ everyday-christian/test/devotional_service_test.dart: Devotional Retrieval should return empty list when no devotionals exist                                   00:09 +321 ~5 -52: /Users/kcdacre8tor/ everyday-christian/test/devotional_service_test.dart: Devotional Retrieval should return empty list when no devotionals exist                                   00:09 +321 ~5 -52: /Users/kcdacre8tor/ everyday-christian/test/devotional_service_test.dart: Devotional Retrieval should return empty list when no devotionals exist                                   
📦 Running database migrations from v1 to v2
🔄 Migrating to schema v2...
00:09 +322 ~5 -52: /Users/kcdacre8tor/ everyday-christian/test/devotional_service_test.dart: Devotional Retrieval should return empty list when no devotionals exist                                   00:09 +322 ~5 -52: /Users/kcdacre8tor/ everyday-christian/test/devotional_service_test.dart: Devotional Retrieval should return empty list when no devotionals exist                                   
  → Fixing favorite_verses foreign key...
00:09 +323 ~5 -52: /Users/kcdacre8tor/ everyday-christian/test/devotional_service_test.dart: Devotional Retrieval should return empty list when no devotionals exist                                   00:09 +324 ~5 -52: /Users/kcdacre8tor/ everyday-christian/test/devotional_service_test.dart: Devotional Retrieval should return empty list when no devotionals exist                                   00:09 +324 ~5 -52: /Users/kcdacre8tor/ everyday-christian/test/devotional_service_test.dart: Devotional Retrieval should return empty list when no devotionals exist                                   
  → Fixing daily_verses foreign key...
00:09 +325 ~5 -52: /Users/kcdacre8tor/ everyday-christian/test/devotional_service_test.dart: Devotional Retrieval should return empty list when no devotionals exist                                   00:09 +326 ~5 -52: /Users/kcdacre8tor/ everyday-christian/test/devotional_service_test.dart: Devotional Retrieval should return empty list when no devotionals exist                                   00:09 +326 ~5 -52: /Users/kcdacre8tor/ everyday-christian/test/devotional_service_test.dart: Devotional Retrieval should return empty list when no devotionals exist                                   
  → Fixing verse_bookmarks foreign key...
00:09 +326 ~5 -52: /Users/kcdacre8tor/ everyday-christian/test/daily_verse_selection_test.dart: Verse History Tracking should track verses across multiple days                                        
ℹ️ [2025-10-17 18:19:28.779] [INFO   ] [DatabaseHelper] Database schema created successfully
00:09 +327 ~5 -52: /Users/kcdacre8tor/ everyday-christian/test/devotional_service_test.dart: Devotional Retrieval should return empty list when no devotionals exist                                   00:09 +327 ~5 -52: /Users/kcdacre8tor/ everyday-christian/test/devotional_service_test.dart: Devotional Retrieval should return empty list when no devotionals exist                                   
  → Removing duplicate column from prayer_categories...
00:09 +327 ~5 -52: /Users/kcdacre8tor/ everyday-christian/test/daily_verse_selection_test.dart: Verse History Tracking should track verses across multiple days                                        
📦 Running database migrations from v1 to v2
🔄 Migrating to schema v2...
00:09 +328 ~5 -52: /Users/kcdacre8tor/ everyday-christian/test/devotional_service_test.dart: Devotional Retrieval should return empty list when no devotionals exist                                   00:09 +328 ~5 -52: /Users/kcdacre8tor/ everyday-christian/test/daily_verse_selection_test.dart: Verse History Tracking should track verses across multiple days                                        
  → Fixing favorite_verses foreign key...
00:09 +329 ~5 -52: /Users/kcdacre8tor/ everyday-christian/test/devotional_service_test.dart: Devotional Retrieval should return empty list when no devotionals exist                                   00:09 +329 ~5 -52: /Users/kcdacre8tor/ everyday-christian/test/devotional_service_test.dart: Devotional Retrieval should return empty list when no devotionals exist                                   
  → Creating performance indexes...
00:09 +329 ~5 -52: /Users/kcdacre8tor/ everyday-christian/test/daily_verse_selection_test.dart: Verse History Tracking should track verses across multiple days                                        
  → Fixing daily_verses foreign key...
00:09 +330 ~5 -52: /Users/kcdacre8tor/ everyday-christian/test/devotional_service_test.dart: Devotional Retrieval should return empty list when no devotionals exist                                   00:09 +330 ~5 -52: /Users/kcdacre8tor/ everyday-christian/test/daily_verse_selection_test.dart: Verse History Tracking should track verses across multiple days                                        
  → Fixing verse_bookmarks foreign key...
00:09 +331 ~5 -52: /Users/kcdacre8tor/ everyday-christian/test/devotional_service_test.dart: Devotional Retrieval should return empty list when no devotionals exist                                   00:09 +331 ~5 -52: /Users/kcdacre8tor/ everyday-christian/test/devotional_service_test.dart: Devotional Retrieval should return empty list when no devotionals exist                                   
  → Creating timestamp triggers...
✅ Schema v2 migration complete!
00:09 +331 ~5 -52: /Users/kcdacre8tor/ everyday-christian/test/daily_verse_selection_test.dart: Verse History Tracking should track verses across multiple days                                        
  → Removing duplicate column from prayer_categories...
00:09 +332 ~5 -52: /Users/kcdacre8tor/ everyday-christian/test/devotional_service_test.dart: Devotional Retrieval should return empty list when no devotionals exist                                   00:09 +332 ~5 -52: /Users/kcdacre8tor/ everyday-christian/test/devotional_service_test.dart: Devotional Retrieval should return empty list when no devotionals exist                                   
✅ Database integrity verified
00:09 +332 ~5 -52: /Users/kcdacre8tor/ everyday-christian/test/daily_verse_selection_test.dart: Verse History Tracking should track verses across multiple days                                        
  → Creating performance indexes...
00:09 +332 ~5 -52: /Users/kcdacre8tor/ everyday-christian/test/devotional_service_test.dart: Devotional Retrieval should return empty list when no devotionals exist                                   
✅ Database migrations complete!
00:09 +333 ~5 -52: /Users/kcdacre8tor/ everyday-christian/test/devotional_service_test.dart: Devotional Retrieval should return empty list when no devotionals exist                                   00:09 +334 ~5 -52: /Users/kcdacre8tor/ everyday-christian/test/daily_verse_selection_test.dart: Verse History Tracking should track verses across multiple days                                        00:09 +335 ~5 -52: /Users/kcdacre8tor/ everyday-christian/test/daily_verse_selection_test.dart: Verse History Tracking should track verses across multiple days                                        00:09 +335 ~5 -52: /Users/kcdacre8tor/ everyday-christian/test/daily_verse_selection_test.dart: Verse History Tracking should track verses across multiple days                                        
  → Creating timestamp triggers...
✅ Schema v2 migration complete!
00:09 +336 ~5 -52: /Users/kcdacre8tor/ everyday-christian/test/daily_verse_selection_test.dart: Verse History Tracking should track verses across multiple days                                        00:09 +336 ~5 -52: /Users/kcdacre8tor/ everyday-christian/test/devotional_service_test.dart: Devotional Retrieval should get today's devotional                                                        
ℹ️ [2025-10-17 18:19:28.810] [INFO   ] [DatabaseHelper] Initializing database at: :memory:
00:09 +336 ~5 -52: /Users/kcdacre8tor/ everyday-christian/test/daily_verse_selection_test.dart: Verse History Tracking should track verses across multiple days                                        
✅ Database integrity verified
✅ Database migrations complete!
00:09 +337 ~5 -52: /Users/kcdacre8tor/ everyday-christian/test/daily_verse_selection_test.dart: Verse History Tracking should track verses across multiple days                                        00:09 +337 ~5 -52: /Users/kcdacre8tor/ everyday-christian/test/devotional_service_test.dart: Devotional Retrieval should get today's devotional                                                        
ℹ️ [2025-10-17 18:19:28.814] [INFO   ] [DatabaseHelper] Creating database schema v5
00:09 +338 ~5 -52: /Users/kcdacre8tor/ everyday-christian/test/daily_verse_selection_test.dart: Verse History Tracking should track verses across multiple days                                        00:09 +339 ~5 -52: /Users/kcdacre8tor/ everyday-christian/test/daily_verse_selection_test.dart: Verse History Tracking should track verses across multiple days                                        00:09 +340 ~5 -52: /Users/kcdacre8tor/ everyday-christian/test/daily_verse_selection_test.dart: Verse History Tracking should track verses across multiple days                                        00:09 +341 ~5 -52: /Users/kcdacre8tor/ everyday-christian/test/daily_verse_selection_test.dart: Verse History Tracking should track verses across multiple days                                        00:09 +342 ~5 -52: /Users/kcdacre8tor/ everyday-christian/test/devotional_service_test.dart: Devotional Retrieval should get today's devotional                                                        00:09 +343 ~5 -52: /Users/kcdacre8tor/ everyday-christian/test/devotional_service_test.dart: Devotional Retrieval should get today's devotional                                                        00:09 +344 ~5 -52: /Users/kcdacre8tor/ everyday-christian/test/devotional_service_test.dart: Devotional Retrieval should get today's devotional                                                        00:09 +345 ~5 -52: /Users/kcdacre8tor/ everyday-christian/test/devotional_service_test.dart: Devotional Retrieval should get today's devotional                                                        00:09 +346 ~5 -52: /Users/kcdacre8tor/ everyday-christian/test/devotional_service_test.dart: Devotional Retrieval should get today's devotional                                                        00:09 +347 ~5 -52: /Users/kcdacre8tor/ everyday-christian/test/devotional_service_test.dart: Devotional Retrieval should get today's devotional                                                        00:09 +347 ~5 -52: /Users/kcdacre8tor/ everyday-christian/test/devotional_service_test.dart: Devotional Retrieval should get today's devotional                                                        
ℹ️ [2025-10-17 18:19:28.839] [INFO   ] [DatabaseHelper] Database schema created successfully
00:09 +348 ~5 -52: /Users/kcdacre8tor/ everyday-christian/test/devotional_service_test.dart: Devotional Retrieval should get today's devotional                                                        00:09 +348 ~5 -52: /Users/kcdacre8tor/ everyday-christian/test/devotional_service_test.dart: Devotional Retrieval should get today's devotional                                                        
📦 Running database migrations from v1 to v2
🔄 Migrating to schema v2...
00:09 +349 ~5 -52: /Users/kcdacre8tor/ everyday-christian/test/devotional_service_test.dart: Devotional Retrieval should get today's devotional                                                        00:09 +349 ~5 -52: /Users/kcdacre8tor/ everyday-christian/test/devotional_service_test.dart: Devotional Retrieval should get today's devotional                                                        
  → Fixing favorite_verses foreign key...
00:09 +350 ~5 -52: /Users/kcdacre8tor/ everyday-christian/test/devotional_service_test.dart: Devotional Retrieval should get today's devotional                                                        00:09 +350 ~5 -52: /Users/kcdacre8tor/ everyday-christian/test/devotional_service_test.dart: Devotional Retrieval should get today's devotional                                                        
  → Fixing daily_verses foreign key...
00:09 +351 ~5 -52: /Users/kcdacre8tor/ everyday-christian/test/devotional_service_test.dart: Devotional Retrieval should get today's devotional                                                        00:09 +351 ~5 -52: /Users/kcdacre8tor/ everyday-christian/test/devotional_service_test.dart: Devotional Retrieval should get today's devotional                                                        
  → Fixing verse_bookmarks foreign key...
00:09 +352 ~5 -52: /Users/kcdacre8tor/ everyday-christian/test/devotional_service_test.dart: Devotional Retrieval should get today's devotional                                                        00:09 +353 ~5 -52: /Users/kcdacre8tor/ everyday-christian/test/devotional_service_test.dart: Devotional Retrieval should get today's devotional                                                        00:09 +353 ~5 -52: /Users/kcdacre8tor/ everyday-christian/test/devotional_service_test.dart: Devotional Retrieval should get today's devotional                                                        
  → Removing duplicate column from prayer_categories...
00:09 +354 ~5 -52: /Users/kcdacre8tor/ everyday-christian/test/devotional_service_test.dart: Devotional Retrieval should get today's devotional                                                        00:09 +355 ~5 -52: /Users/kcdacre8tor/ everyday-christian/test/devotional_service_test.dart: Devotional Retrieval should get today's devotional                                                        00:09 +355 ~5 -52: /Users/kcdacre8tor/ everyday-christian/test/devotional_service_test.dart: Devotional Retrieval should get today's devotional                                                        
  → Creating performance indexes...
  → Creating timestamp triggers...
✅ Schema v2 migration complete!
✅ Database integrity verified
✅ Database migrations complete!
00:09 +356 ~5 -52: /Users/kcdacre8tor/ everyday-christian/test/devotional_service_test.dart: Devotional Retrieval should get today's devotional                                                        00:09 +356 ~5 -52: /Users/kcdacre8tor/ everyday-christian/test/devotional_service_test.dart: Devotional Retrieval should return null when no devotional for today                                      00:09 +356 ~5 -52: /Users/kcdacre8tor/ everyday-christian/test/devotional_service_test.dart: Devotional Retrieval should return null when no devotional for today                                      
ℹ️ [2025-10-17 18:19:28.862] [INFO   ] [DatabaseHelper] Initializing database at: :memory:
ℹ️ [2025-10-17 18:19:28.864] [INFO   ] [DatabaseHelper] Creating database schema v5
ℹ️ [2025-10-17 18:19:28.880] [INFO   ] [DatabaseHelper] Database schema created successfully
📦 Running database migrations from v1 to v2
🔄 Migrating to schema v2...
  → Fixing favorite_verses foreign key...
  → Fixing daily_verses foreign key...
  → Fixing verse_bookmarks foreign key...
  → Removing duplicate column from prayer_categories...
  → Creating performance indexes...
  → Creating timestamp triggers...
✅ Schema v2 migration complete!
✅ Database integrity verified
✅ Database migrations complete!
00:09 +357 ~5 -52: /Users/kcdacre8tor/ everyday-christian/test/devotional_service_test.dart: Devotional Retrieval should return null when no devotional for today                                      00:09 +357 ~5 -52: /Users/kcdacre8tor/ everyday-christian/test/devotional_service_test.dart: Devotional Retrieval should handle devotional at start of day                                             00:09 +357 ~5 -52: /Users/kcdacre8tor/ everyday-christian/test/devotional_service_test.dart: Devotional Retrieval should handle devotional at start of day                                             
ℹ️ [2025-10-17 18:19:28.901] [INFO   ] [DatabaseHelper] Initializing database at: :memory:
ℹ️ [2025-10-17 18:19:28.903] [INFO   ] [DatabaseHelper] Creating database schema v5
ℹ️ [2025-10-17 18:19:28.917] [INFO   ] [DatabaseHelper] Database schema created successfully
📦 Running database migrations from v1 to v2
🔄 Migrating to schema v2...
  → Fixing favorite_verses foreign key...
  → Fixing daily_verses foreign key...
  → Fixing verse_bookmarks foreign key...
  → Removing duplicate column from prayer_categories...
  → Creating performance indexes...
  → Creating timestamp triggers...
✅ Schema v2 migration complete!
✅ Database integrity verified
✅ Database migrations complete!
00:09 +358 ~5 -52: /Users/kcdacre8tor/ everyday-christian/test/devotional_service_test.dart: Devotional Retrieval should handle devotional at start of day                                             00:09 +358 ~5 -52: /Users/kcdacre8tor/ everyday-christian/test/devotional_service_test.dart: Devotional Retrieval should handle devotional at end of day                                               00:09 +358 ~5 -52: /Users/kcdacre8tor/ everyday-christian/test/devotional_service_test.dart: Devotional Retrieval should handle devotional at end of day                                               
ℹ️ [2025-10-17 18:19:28.939] [INFO   ] [DatabaseHelper] Initializing database at: :memory:
ℹ️ [2025-10-17 18:19:28.942] [INFO   ] [DatabaseHelper] Creating database schema v5
ℹ️ [2025-10-17 18:19:28.964] [INFO   ] [DatabaseHelper] Database schema created successfully
📦 Running database migrations from v1 to v2
🔄 Migrating to schema v2...
  → Fixing favorite_verses foreign key...
  → Fixing daily_verses foreign key...
  → Fixing verse_bookmarks foreign key...
  → Removing duplicate column from prayer_categories...
  → Creating performance indexes...
  → Creating timestamp triggers...
✅ Schema v2 migration complete!
✅ Database integrity verified
✅ Database migrations complete!
00:09 +359 ~5 -52: /Users/kcdacre8tor/ everyday-christian/test/reading_plan_service_test.dart: ReadingPlanService Get Plans should get all reading plans                                               00:09 +359 ~5 -52: /Users/kcdacre8tor/ everyday-christian/test/devotional_service_test.dart: Devotional Completion should mark devotional as completed                                                 
ℹ️ [2025-10-17 18:19:28.997] [INFO   ] [DatabaseHelper] Initializing database at: :memory:
ℹ️ [2025-10-17 18:19:29.001] [INFO   ] [DatabaseHelper] Creating database schema v5
00:09 +359 ~5 -52: /Users/kcdacre8tor/ everyday-christian/test/reading_plan_service_test.dart: ReadingPlanService Get Plans should get all reading plans                                               
ℹ️ [2025-10-17 18:19:29.000] [INFO   ] [DatabaseHelper] Initializing database at: :memory:
00:09 +359 ~5 -52: /Users/kcdacre8tor/ everyday-christian/test/devotional_service_test.dart: Devotional Completion should mark devotional as completed                                                 
ℹ️ [2025-10-17 18:19:29.025] [INFO   ] [DatabaseHelper] Database schema created successfully
📦 Running database migrations from v1 to v2
🔄 Migrating to schema v2...
  → Fixing favorite_verses foreign key...
  → Fixing daily_verses foreign key...
  → Fixing verse_bookmarks foreign key...
  → Removing duplicate column from prayer_categories...
  → Creating performance indexes...
  → Creating timestamp triggers...
✅ Schema v2 migration complete!
✅ Database integrity verified
✅ Database migrations complete!
00:09 +360 ~5 -52: /Users/kcdacre8tor/ everyday-christian/test/reading_plan_service_test.dart: ReadingPlanService Get Plans should get all reading plans                                               00:09 +360 ~5 -52: /Users/kcdacre8tor/ everyday-christian/test/devotional_service_test.dart: Devotional Completion should mark devotional as incomplete                                                
ℹ️ [2025-10-17 18:19:29.052] [INFO   ] [DatabaseHelper] Initializing database at: :memory:
ℹ️ [2025-10-17 18:19:29.055] [INFO   ] [DatabaseHelper] Creating database schema v5
00:09 +360 ~5 -52: /Users/kcdacre8tor/ everyday-christian/test/reading_plan_service_test.dart: ReadingPlanService Get Plans should get all reading plans                                               
ℹ️ [2025-10-17 18:19:29.074] [INFO   ] [DatabaseHelper] Creating database schema v5
00:09 +360 ~5 -52: /Users/kcdacre8tor/ everyday-christian/test/devotional_service_test.dart: Devotional Completion should mark devotional as incomplete                                                
ℹ️ [2025-10-17 18:19:29.082] [INFO   ] [DatabaseHelper] Database schema created successfully
📦 Running database migrations from v1 to v2
🔄 Migrating to schema v2...
  → Fixing favorite_verses foreign key...
  → Fixing daily_verses foreign key...
  → Fixing verse_bookmarks foreign key...
  → Removing duplicate column from prayer_categories...
  → Creating performance indexes...
  → Creating timestamp triggers...
✅ Schema v2 migration complete!
✅ Database integrity verified
00:09 +360 ~5 -52: /Users/kcdacre8tor/ everyday-christian/test/reading_plan_service_test.dart: ReadingPlanService Get Plans should get all reading plans                                               00:09 +360 ~5 -52: /Users/kcdacre8tor/ everyday-christian/test/devotional_service_test.dart: Devotional Completion should mark devotional as incomplete                                                
✅ Database migrations complete!
00:09 +361 ~5 -52: /Users/kcdacre8tor/ everyday-christian/test/reading_plan_service_test.dart: ReadingPlanService Get Plans should get all reading plans                                               00:09 +361 ~5 -52: /Users/kcdacre8tor/ everyday-christian/test/devotional_service_test.dart: Devotional Completion should toggle completion status                                                     
ℹ️ [2025-10-17 18:19:29.125] [INFO   ] [DatabaseHelper] Initializing database at: :memory:
ℹ️ [2025-10-17 18:19:29.131] [INFO   ] [DatabaseHelper] Creating database schema v5
00:09 +362 ~5 -52: /Users/kcdacre8tor/ everyday-christian/test/reading_plan_service_test.dart: ReadingPlanService Get Plans should get all reading plans                                               00:09 +363 ~5 -52: /Users/kcdacre8tor/ everyday-christian/test/reading_plan_service_test.dart: ReadingPlanService Get Plans should get all reading plans                                               00:09 +364 ~5 -52: /Users/kcdacre8tor/ everyday-christian/test/reading_plan_service_test.dart: ReadingPlanService Get Plans should get all reading plans                                               00:09 +364 ~5 -52: /Users/kcdacre8tor/ everyday-christian/test/reading_plan_service_test.dart: ReadingPlanService Get Plans should get all reading plans                                               
ℹ️ [2025-10-17 18:19:29.159] [INFO   ] [DatabaseHelper] Database schema created successfully
00:09 +364 ~5 -52: /Users/kcdacre8tor/ everyday-christian/test/devotional_service_test.dart: Devotional Completion should toggle completion status                                                     
ℹ️ [2025-10-17 18:19:29.161] [INFO   ] [DatabaseHelper] Database schema created successfully
00:09 +365 ~5 -52: /Users/kcdacre8tor/ everyday-christian/test/reading_plan_service_test.dart: ReadingPlanService Get Plans should get all reading plans                                               00:09 +365 ~5 -52: /Users/kcdacre8tor/ everyday-christian/test/devotional_service_test.dart: Devotional Completion should toggle completion status                                                     
📦 Running database migrations from v1 to v2
🔄 Migrating to schema v2...
00:09 +366 ~5 -52: /Users/kcdacre8tor/ everyday-christian/test/reading_plan_service_test.dart: ReadingPlanService Get Plans should get all reading plans                                               00:09 +366 ~5 -52: /Users/kcdacre8tor/ everyday-christian/test/devotional_service_test.dart: Devotional Completion should toggle completion status                                                     
  → Fixing favorite_verses foreign key...
00:09 +366 ~5 -52: /Users/kcdacre8tor/ everyday-christian/test/reading_plan_service_test.dart: ReadingPlanService Get Plans should get all reading plans                                               
📦 Running database migrations from v1 to v2
🔄 Migrating to schema v2...
00:09 +367 ~5 -52: /Users/kcdacre8tor/ everyday-christian/test/reading_plan_service_test.dart: ReadingPlanService Get Plans should get all reading plans                                               00:09 +367 ~5 -52: /Users/kcdacre8tor/ everyday-christian/test/devotional_service_test.dart: Devotional Completion should toggle completion status                                                     
  → Fixing daily_verses foreign key...
00:09 +367 ~5 -52: /Users/kcdacre8tor/ everyday-christian/test/reading_plan_service_test.dart: ReadingPlanService Get Plans should get all reading plans                                               
  → Fixing favorite_verses foreign key...
00:09 +367 ~5 -52: /Users/kcdacre8tor/ everyday-christian/test/devotional_service_test.dart: Devotional Completion should toggle completion status                                                     
  → Fixing verse_bookmarks foreign key...
00:09 +367 ~5 -52: /Users/kcdacre8tor/ everyday-christian/test/reading_plan_service_test.dart: ReadingPlanService Get Plans should get all reading plans                                               
  → Fixing daily_verses foreign key...
00:09 +367 ~5 -52: /Users/kcdacre8tor/ everyday-christian/test/devotional_service_test.dart: Devotional Completion should toggle completion status                                                     
  → Removing duplicate column from prayer_categories...
00:09 +367 ~5 -52: /Users/kcdacre8tor/ everyday-christian/test/reading_plan_service_test.dart: ReadingPlanService Get Plans should get all reading plans                                               
  → Fixing verse_bookmarks foreign key...
00:09 +367 ~5 -52: /Users/kcdacre8tor/ everyday-christian/test/devotional_service_test.dart: Devotional Completion should toggle completion status                                                     
  → Creating performance indexes...
00:09 +367 ~5 -52: /Users/kcdacre8tor/ everyday-christian/test/reading_plan_service_test.dart: ReadingPlanService Get Plans should get all reading plans                                               
  → Removing duplicate column from prayer_categories...
00:09 +367 ~5 -52: /Users/kcdacre8tor/ everyday-christian/test/devotional_service_test.dart: Devotional Completion should toggle completion status                                                     
  → Creating timestamp triggers...
00:09 +367 ~5 -52: /Users/kcdacre8tor/ everyday-christian/test/reading_plan_service_test.dart: ReadingPlanService Get Plans should get all reading plans                                               
  → Creating performance indexes...
00:09 +367 ~5 -52: /Users/kcdacre8tor/ everyday-christian/test/devotional_service_test.dart: Devotional Completion should toggle completion status                                                     
✅ Schema v2 migration complete!
✅ Database integrity verified
✅ Database migrations complete!
00:09 +367 ~5 -52: /Users/kcdacre8tor/ everyday-christian/test/reading_plan_service_test.dart: ReadingPlanService Get Plans should get all reading plans                                               
  → Creating timestamp triggers...
✅ Schema v2 migration complete!
✅ Database integrity verified
00:09 +368 ~5 -52: /Users/kcdacre8tor/ everyday-christian/test/reading_plan_service_test.dart: ReadingPlanService Get Plans should get all reading plans                                               00:09 +368 ~5 -52: /Users/kcdacre8tor/ everyday-christian/test/reading_plan_service_test.dart: ReadingPlanService Get Plans should get all reading plans                                               
✅ Database migrations complete!
00:09 +368 ~5 -52: /Users/kcdacre8tor/ everyday-christian/test/devotional_service_test.dart: Devotional Completion should get completed devotionals only                                               
ℹ️ [2025-10-17 18:19:29.267] [INFO   ] [DatabaseHelper] Initializing database at: :memory:
ℹ️ [2025-10-17 18:19:29.269] [INFO   ] [DatabaseHelper] Creating database schema v5
00:09 +369 ~5 -52: /Users/kcdacre8tor/ everyday-christian/test/devotional_service_test.dart: Devotional Completion should get completed devotionals only                                               00:09 +369 ~5 -52: /Users/kcdacre8tor/ everyday-christian/test/reading_plan_service_test.dart: ReadingPlanService Get Plans should get active plans only                                               
ℹ️ [2025-10-17 18:19:29.277] [INFO   ] [DatabaseHelper] Initializing database at: :memory:
00:09 +370 ~5 -52: /Users/kcdacre8tor/ everyday-christian/test/devotional_service_test.dart: Devotional Completion should get completed devotionals only                                               00:09 +370 ~5 -52: /Users/kcdacre8tor/ everyday-christian/test/devotional_service_test.dart: Devotional Completion should get completed devotionals only                                               
ℹ️ [2025-10-17 18:19:29.288] [INFO   ] [DatabaseHelper] Database schema created successfully
00:09 +370 ~5 -52: /Users/kcdacre8tor/ everyday-christian/test/reading_plan_service_test.dart: ReadingPlanService Get Plans should get current plan                                                    
ℹ️ [2025-10-17 18:19:29.289] [INFO   ] [DatabaseHelper] Initializing database at: :memory:
00:09 +370 ~5 -52: /Users/kcdacre8tor/ everyday-christian/test/devotional_service_test.dart: Devotional Completion should get completed devotionals only                                               
📦 Running database migrations from v1 to v2
🔄 Migrating to schema v2...
  → Fixing favorite_verses foreign key...
00:09 +371 ~5 -52: /Users/kcdacre8tor/ everyday-christian/test/devotional_service_test.dart: Devotional Completion should get completed devotionals only                                               00:09 +371 ~5 -52: /Users/kcdacre8tor/ everyday-christian/test/devotional_service_test.dart: Devotional Completion should get completed devotionals only                                               
  → Fixing daily_verses foreign key...
  → Fixing verse_bookmarks foreign key...
  → Removing duplicate column from prayer_categories...
00:09 +371 ~5 -52: /Users/kcdacre8tor/ everyday-christian/test/reading_plan_service_test.dart: ReadingPlanService Get Plans should return null when no plan is active                                  
ℹ️ [2025-10-17 18:19:29.298] [INFO   ] [DatabaseHelper] Initializing database at: :memory:
00:09 +371 ~5 -52: /Users/kcdacre8tor/ everyday-christian/test/devotional_service_test.dart: Devotional Completion should get completed devotionals only                                               
  → Creating performance indexes...
  → Creating timestamp triggers...
✅ Schema v2 migration complete!
✅ Database integrity verified
00:09 +372 ~5 -52: /Users/kcdacre8tor/ everyday-christian/test/devotional_service_test.dart: Devotional Completion should get completed devotionals only                                               00:09 +372 ~5 -52: /Users/kcdacre8tor/ everyday-christian/test/devotional_service_test.dart: Devotional Completion should get completed devotionals only                                               
✅ Database migrations complete!
00:09 +372 ~5 -52: /Users/kcdacre8tor/ everyday-christian/test/reading_plan_service_test.dart: ReadingPlanService Start and Stop Plans should start a reading plan                                     
ℹ️ [2025-10-17 18:19:29.306] [INFO   ] [DatabaseHelper] Initializing database at: :memory:
00:09 +373 ~5 -52: /Users/kcdacre8tor/ everyday-christian/test/reading_plan_service_test.dart: ReadingPlanService Start and Stop Plans should start a reading plan                                     00:09 +374 ~5 -52: /Users/kcdacre8tor/ everyday-christian/test/devotional_service_test.dart: Devotional Completion should order completed devotionals by completion date descending                    00:09 +374 ~5 -52: /Users/kcdacre8tor/ everyday-christian/test/devotional_service_test.dart: Devotional Completion should order completed devotionals by completion date descending                    
ℹ️ [2025-10-17 18:19:29.311] [INFO   ] [DatabaseHelper] Initializing database at: :memory:
00:09 +374 ~5 -52: /Users/kcdacre8tor/ everyday-christian/test/reading_plan_service_test.dart: ReadingPlanService Start and Stop Plans should stop all other plans when starting a new one             
ℹ️ [2025-10-17 18:19:29.313] [INFO   ] [DatabaseHelper] Initializing database at: :memory:
00:09 +374 ~5 -52: /Users/kcdacre8tor/ everyday-christian/test/devotional_service_test.dart: Devotional Completion should order completed devotionals by completion date descending                    
ℹ️ [2025-10-17 18:19:29.313] [INFO   ] [DatabaseHelper] Creating database schema v5
00:09 +375 ~5 -52: /Users/kcdacre8tor/ everyday-christian/test/devotional_service_test.dart: Devotional Completion should order completed devotionals by completion date descending                    00:09 +375 ~5 -52: /Users/kcdacre8tor/ everyday-christian/test/reading_plan_service_test.dart: ReadingPlanService Start and Stop Plans should stop a reading plan                                      
ℹ️ [2025-10-17 18:19:29.318] [INFO   ] [DatabaseHelper] Initializing database at: :memory:
00:09 +376 ~5 -52: /Users/kcdacre8tor/ everyday-christian/test/devotional_service_test.dart: Devotional Completion should order completed devotionals by completion date descending                    00:09 +376 ~5 -52: /Users/kcdacre8tor/ everyday-christian/test/reading_plan_service_test.dart: ReadingPlanService Update Progress should update plan progress                                          
ℹ️ [2025-10-17 18:19:29.328] [INFO   ] [DatabaseHelper] Initializing database at: :memory:
00:09 +377 ~5 -52: /Users/kcdacre8tor/ everyday-christian/test/devotional_service_test.dart: Devotional Completion should order completed devotionals by completion date descending                    00:09 +377 ~5 -52: /Users/kcdacre8tor/ everyday-christian/test/reading_plan_service_test.dart: ReadingPlanService Update Progress should increment progress correctly                                  
ℹ️ [2025-10-17 18:19:29.334] [INFO   ] [DatabaseHelper] Initializing database at: :memory:
00:09 +377 ~5 -52: /Users/kcdacre8tor/ everyday-christian/test/devotional_service_test.dart: Devotional Completion should order completed devotionals by completion date descending                    
ℹ️ [2025-10-17 18:19:29.336] [INFO   ] [DatabaseHelper] Database schema created successfully
📦 Running database migrations from v1 to v2
00:09 +378 ~5 -52: /Users/kcdacre8tor/ everyday-christian/test/devotional_service_test.dart: Devotional Completion should order completed devotionals by completion date descending                    00:09 +378 ~5 -52: /Users/kcdacre8tor/ everyday-christian/test/devotional_service_test.dart: Devotional Completion should order completed devotionals by completion date descending                    
🔄 Migrating to schema v2...
  → Fixing favorite_verses foreign key...
00:09 +378 ~5 -52: /Users/kcdacre8tor/ everyday-christian/test/reading_plan_service_test.dart: ReadingPlanService Daily Readings should get todays readings for a plan                                 
ℹ️ [2025-10-17 18:19:29.340] [INFO   ] [DatabaseHelper] Initializing database at: :memory:
00:09 +378 ~5 -52: /Users/kcdacre8tor/ everyday-christian/test/devotional_service_test.dart: Devotional Completion should order completed devotionals by completion date descending                    
  → Fixing daily_verses foreign key...
  → Fixing verse_bookmarks foreign key...
00:09 +379 ~5 -52: /Users/kcdacre8tor/ everyday-christian/test/devotional_service_test.dart: Devotional Completion should order completed devotionals by completion date descending                    00:09 +379 ~5 -52: /Users/kcdacre8tor/ everyday-christian/test/devotional_service_test.dart: Devotional Completion should order completed devotionals by completion date descending                    
  → Removing duplicate column from prayer_categories...
00:09 +379 ~5 -52: /Users/kcdacre8tor/ everyday-christian/test/reading_plan_service_test.dart: ReadingPlanService Daily Readings should get all readings for a plan                                    
ℹ️ [2025-10-17 18:19:29.347] [INFO   ] [DatabaseHelper] Initializing database at: :memory:
00:09 +379 ~5 -52: /Users/kcdacre8tor/ everyday-christian/test/devotional_service_test.dart: Devotional Completion should order completed devotionals by completion date descending                    
  → Creating performance indexes...
00:09 +380 ~5 -52: /Users/kcdacre8tor/ everyday-christian/test/devotional_service_test.dart: Devotional Completion should order completed devotionals by completion date descending                    00:09 +380 ~5 -52: /Users/kcdacre8tor/ everyday-christian/test/devotional_service_test.dart: Devotional Completion should order completed devotionals by completion date descending                    
  → Creating timestamp triggers...
✅ Schema v2 migration complete!
00:09 +380 ~5 -52: /Users/kcdacre8tor/ everyday-christian/test/reading_plan_service_test.dart: ReadingPlanService Daily Readings should mark reading as completed and update plan progress             
ℹ️ [2025-10-17 18:19:29.351] [INFO   ] [DatabaseHelper] Initializing database at: :memory:
00:09 +380 ~5 -52: /Users/kcdacre8tor/ everyday-christian/test/devotional_service_test.dart: Devotional Completion should order completed devotionals by completion date descending                    
✅ Database integrity verified
✅ Database migrations complete!
00:09 +381 ~5 -52: /Users/kcdacre8tor/ everyday-christian/test/reading_plan_service_test.dart: ReadingPlanService Daily Readings should mark reading as completed and update plan progress             00:09 +381 ~5 -52: /Users/kcdacre8tor/ everyday-christian/test/devotional_service_test.dart: Devotional Statistics should count completed devotionals                                                  
ℹ️ [2025-10-17 18:19:29.357] [INFO   ] [DatabaseHelper] Initializing database at: :memory:
00:09 +382 ~5 -52: /Users/kcdacre8tor/ everyday-christian/test/devotional_service_test.dart: Devotional Statistics should count completed devotionals                                                  00:09 +382 ~5 -52: /Users/kcdacre8tor/ everyday-christian/test/devotional_service_test.dart: Devotional Statistics should count completed devotionals                                                  
ℹ️ [2025-10-17 18:19:29.359] [INFO   ] [DatabaseHelper] Creating database schema v5
00:09 +382 ~5 -52: /Users/kcdacre8tor/ everyday-christian/test/reading_plan_service_test.dart: ReadingPlanService Daily Readings should get completed readings count                                   
ℹ️ [2025-10-17 18:19:29.361] [INFO   ] [DatabaseHelper] Initializing database at: :memory:
00:09 +383 ~5 -52: /Users/kcdacre8tor/ everyday-christian/test/devotional_service_test.dart: Devotional Statistics should count completed devotionals                                                  00:09 +383 ~5 -52: /Users/kcdacre8tor/ everyday-christian/test/reading_plan_service_test.dart: ReadingPlanService Daily Readings should handle marking reading with null completed_date initially      
ℹ️ [2025-10-17 18:19:29.372] [INFO   ] [DatabaseHelper] Initializing database at: :memory:
00:09 +384 ~5 -52: /Users/kcdacre8tor/ everyday-christian/test/devotional_service_test.dart: Devotional Statistics should count completed devotionals                                                  00:09 +384 ~5 -52: /Users/kcdacre8tor/ everyday-christian/test/devotional_service_test.dart: Devotional Statistics should count completed devotionals                                                  
ℹ️ [2025-10-17 18:19:29.378] [INFO   ] [DatabaseHelper] Database schema created successfully
00:09 +384 ~5 -52: /Users/kcdacre8tor/ everyday-christian/test/reading_plan_service_test.dart: ReadingPlanService Plan Model Conversion should correctly convert database map to ReadingPlan           
ℹ️ [2025-10-17 18:19:29.379] [INFO   ] [DatabaseHelper] Initializing database at: :memory:
00:09 +384 ~5 -52: /Users/kcdacre8tor/ everyday-christian/test/devotional_service_test.dart: Devotional Statistics should count completed devotionals                                                  
📦 Running database migrations from v1 to v2
🔄 Migrating to schema v2...
  → Fixing favorite_verses foreign key...
00:09 +385 ~5 -52: /Users/kcdacre8tor/ everyday-christian/test/devotional_service_test.dart: Devotional Statistics should count completed devotionals                                                  00:09 +385 ~5 -52: /Users/kcdacre8tor/ everyday-christian/test/devotional_service_test.dart: Devotional Statistics should count completed devotionals                                                  
  → Fixing daily_verses foreign key...
00:09 +385 ~5 -52: /Users/kcdacre8tor/ everyday-christian/test/reading_plan_service_test.dart: ReadingPlanService Plan Model Conversion should correctly convert database map to DailyReading          
ℹ️ [2025-10-17 18:19:29.383] [INFO   ] [DatabaseHelper] Initializing database at: :memory:
00:09 +385 ~5 -52: /Users/kcdacre8tor/ everyday-christian/test/devotional_service_test.dart: Devotional Statistics should count completed devotionals                                                  
  → Fixing verse_bookmarks foreign key...
  → Removing duplicate column from prayer_categories...
00:09 +386 ~5 -52: /Users/kcdacre8tor/ everyday-christian/test/devotional_service_test.dart: Devotional Statistics should count completed devotionals                                                  00:09 +386 ~5 -52: /Users/kcdacre8tor/ everyday-christian/test/devotional_service_test.dart: Devotional Statistics should count completed devotionals                                                  
  → Creating performance indexes...
00:09 +386 ~5 -52: /Users/kcdacre8tor/ everyday-christian/test/reading_plan_service_test.dart: ReadingPlanService Plan Model Conversion should handle unknown category with default fallback           
ℹ️ [2025-10-17 18:19:29.389] [INFO   ] [DatabaseHelper] Initializing database at: :memory:
00:09 +386 ~5 -52: /Users/kcdacre8tor/ everyday-christian/test/devotional_service_test.dart: Devotional Statistics should count completed devotionals                                                  
  → Creating timestamp triggers...
✅ Schema v2 migration complete!
00:09 +387 ~5 -52: /Users/kcdacre8tor/ everyday-christian/test/devotional_service_test.dart: Devotional Statistics should count completed devotionals                                                  00:09 +387 ~5 -52: /Users/kcdacre8tor/ everyday-christian/test/devotional_service_test.dart: Devotional Statistics should count completed devotionals                                                  
✅ Database integrity verified
00:09 +387 ~5 -52: /Users/kcdacre8tor/ everyday-christian/test/reading_plan_service_test.dart: ReadingPlanService Plan Model Conversion should handle unknown difficulty with default fallback         
ℹ️ [2025-10-17 18:19:29.393] [INFO   ] [DatabaseHelper] Initializing database at: :memory:
00:09 +387 ~5 -52: /Users/kcdacre8tor/ everyday-christian/test/devotional_service_test.dart: Devotional Statistics should count completed devotionals                                                  
✅ Database migrations complete!
00:09 +388 ~5 -52: /Users/kcdacre8tor/ everyday-christian/test/devotional_service_test.dart: Devotional Statistics should count completed devotionals                                                  00:09 +388 ~5 -52: /Users/kcdacre8tor/ everyday-christian/test/reading_plan_service_test.dart: ReadingPlanService Plan Model Conversion should correctly parse plan with start_date as null            
ℹ️ [2025-10-17 18:19:29.397] [INFO   ] [DatabaseHelper] Initializing database at: :memory:
00:09 +389 ~5 -52: /Users/kcdacre8tor/ everyday-christian/test/reading_plan_service_test.dart: ReadingPlanService Plan Model Conversion should correctly parse plan with start_date as null            00:09 +389 ~5 -52: /Users/kcdacre8tor/ everyday-christian/test/devotional_service_test.dart: Devotional Statistics should return 0 count when no completed devotionals                                 
ℹ️ [2025-10-17 18:19:29.402] [INFO   ] [DatabaseHelper] Initializing database at: :memory:
00:09 +390 ~5 -52: /Users/kcdacre8tor/ everyday-christian/test/devotional_service_test.dart: Devotional Statistics should return 0 count when no completed devotionals                                 00:09 +390 ~5 -52: /Users/kcdacre8tor/ everyday-christian/test/devotional_service_test.dart: Devotional Statistics should return 0 count when no completed devotionals                                 
ℹ️ [2025-10-17 18:19:29.405] [INFO   ] [DatabaseHelper] Creating database schema v5
00:09 +390 ~5 -52: /Users/kcdacre8tor/ everyday-christian/test/reading_plan_service_test.dart: ReadingPlanService Edge Cases should handle multiple readings completed on same day                     
ℹ️ [2025-10-17 18:19:29.405] [INFO   ] [DatabaseHelper] Initializing database at: :memory:
00:09 +391 ~5 -52: /Users/kcdacre8tor/ everyday-christian/test/devotional_service_test.dart: Devotional Statistics should return 0 count when no completed devotionals                                 test/models/prayer_request_test.dart:12:19: Error: Undefined name 'PrayerCategory'.
        category: PrayerCategory.general,
                  ^^^^^^^^^^^^^^
test/models/prayer_request_test.dart:12:9: Error: No named parameter with the name 'category'.
        category: PrayerCategory.general,
        ^^^^^^^^
lib/core/models/prayer_request.dart:8:17: Context: Found this candidate, but the arguments don't match.
  const factory PrayerRequest({
                ^
test/models/prayer_request_test.dart:19:38: Error: Undefined name 'PrayerCategory'.
      expect(prayer.category, equals(PrayerCategory.general));
                                     ^^^^^^^^^^^^^^
test/models/prayer_request_test.dart:34:19: Error: Undefined name 'PrayerCategory'.
        category: PrayerCategory.health,
                  ^^^^^^^^^^^^^^
test/models/prayer_request_test.dart:34:9: Error: No named parameter with the name 'category'.
        category: PrayerCategory.health,
        ^^^^^^^^
lib/core/models/prayer_request.dart:8:17: Context: Found this candidate, but the arguments don't match.
  const factory PrayerRequest({
                ^
test/models/prayer_request_test.dart:52:19: Error: Undefined name 'PrayerCategory'.
        category: PrayerCategory.family,
                  ^^^^^^^^^^^^^^
test/models/prayer_request_test.dart:52:9: Error: No named parameter with the name 'category'.
        category: PrayerCategory.family,
        ^^^^^^^^
lib/core/models/prayer_request.dart:8:17: Context: Found this candidate, but the arguments don't match.
  const factory PrayerRequest({
                ^
test/models/prayer_request_test.dart:79:38: Error: Undefined name 'PrayerCategory'.
      expect(prayer.category, equals(PrayerCategory.work));
                                     ^^^^^^^^^^^^^^
test/models/prayer_request_test.dart:89:19: Error: Undefined name 'PrayerCategory'.
        category: PrayerCategory.general,
                  ^^^^^^^^^^^^^^
test/models/prayer_request_test.dart:89:9: Error: No named parameter with the name 'category'.
        category: PrayerCategory.general,
        ^^^^^^^^
lib/core/models/prayer_request.dart:8:17: Context: Found this candidate, but the arguments don't match.
  const factory PrayerRequest({
                ^
test/models/prayer_request_test.dart:110:19: Error: Undefined name 'PrayerCategory'.
        category: PrayerCategory.general,
                  ^^^^^^^^^^^^^^
test/models/prayer_request_test.dart:110:9: Error: No named parameter with the name 'category'.
        category: PrayerCategory.general,
        ^^^^^^^^
lib/core/models/prayer_request.dart:8:17: Context: Found this candidate, but the arguments don't match.
  const factory PrayerRequest({
                ^
test/models/prayer_request_test.dart:118:19: Error: Undefined name 'PrayerCategory'.
        category: PrayerCategory.general,
                  ^^^^^^^^^^^^^^
test/models/prayer_request_test.dart:118:9: Error: No named parameter with the name 'category'.
        category: PrayerCategory.general,
        ^^^^^^^^
lib/core/models/prayer_request.dart:8:17: Context: Found this candidate, but the arguments don't match.
  const factory PrayerRequest({
                ^
test/models/prayer_request_test.dart:128:14: Error: Undefined name 'PrayerCategory'.
      expect(PrayerCategory.values.length, equals(7));
             ^^^^^^^^^^^^^^
test/models/prayer_request_test.dart:129:14: Error: Undefined name 'PrayerCategory'.
      expect(PrayerCategory.values, contains(PrayerCategory.general));
             ^^^^^^^^^^^^^^
test/models/prayer_request_test.dart:129:46: Error: Undefined name 'PrayerCategory'.
      expect(PrayerCategory.values, contains(PrayerCategory.general));
                                             ^^^^^^^^^^^^^^
test/models/prayer_request_test.dart:130:14: Error: Undefined name 'PrayerCategory'.
      expect(PrayerCategory.values, contains(PrayerCategory.health));
             ^^^^^^^^^^^^^^
test/models/prayer_request_test.dart:130:46: Error: Undefined name 'PrayerCategory'.
      expect(PrayerCategory.values, contains(PrayerCategory.health));
                                             ^^^^^^^^^^^^^^
test/models/prayer_request_test.dart:131:14: Error: Undefined name 'PrayerCategory'.
      expect(PrayerCategory.values, contains(PrayerCategory.family));
             ^^^^^^^^^^^^^^
test/models/prayer_request_test.dart:131:46: Error: Undefined name 'PrayerCategory'.
      expect(PrayerCategory.values, contains(PrayerCategory.family));
                                             ^^^^^^^^^^^^^^
test/models/prayer_request_test.dart:132:14: Error: Undefined name 'PrayerCategory'.
      expect(PrayerCategory.values, contains(PrayerCategory.work));
             ^^^^^^^^^^^^^^
test/models/prayer_request_test.dart:132:46: Error: Undefined name 'PrayerCategory'.
      expect(PrayerCategory.values, contains(PrayerCategory.work));
                                             ^^^^^^^^^^^^^^
test/models/prayer_request_test.dart:133:14: Error: Undefined name 'PrayerCategory'.
      expect(PrayerCategory.values, contains(PrayerCategory.protection));
             ^^^^^^^^^^^^^^
test/models/prayer_request_test.dart:133:46: Error: Undefined name 'PrayerCategory'.
      expect(PrayerCategory.values, contains(PrayerCategory.protection));
                                             ^^^^^^^^^^^^^^
test/models/prayer_request_test.dart:134:14: Error: Undefined name 'PrayerCategory'.
      expect(PrayerCategory.values, contains(PrayerCategory.guidance));
             ^^^^^^^^^^^^^^
test/models/prayer_request_test.dart:134:46: Error: Undefined name 'PrayerCategory'.
      expect(PrayerCategory.values, contains(PrayerCategory.guidance));
                                             ^^^^^^^^^^^^^^
test/models/prayer_request_test.dart:135:14: Error: Undefined name 'PrayerCategory'.
      expect(PrayerCategory.values, contains(PrayerCategory.gratitude));
             ^^^^^^^^^^^^^^
test/models/prayer_request_test.dart:135:46: Error: Undefined name 'PrayerCategory'.
      expect(PrayerCategory.values, contains(PrayerCategory.gratitude));
                                             ^^^^^^^^^^^^^^
test/models/prayer_request_test.dart:141:14: Error: Undefined name 'PrayerCategory'.
      expect(PrayerCategory.general.displayName, equals('General'));
             ^^^^^^^^^^^^^^
00:09 +391 ~5 -52: /Users/kcdacre8tor/ everyday-christian/test/reading_plan_service_test.dart: ReadingPlanService Edge Cases should handle starting same plan multiple times                           
ℹ️ [2025-10-17 18:19:29.419] [INFO   ] [DatabaseHelper] Initializing database at: :memory:
test/models/prayer_request_test.dart:142:14: Error: Undefined name 'PrayerCategory'.
      expect(PrayerCategory.health.displayName, equals('Health'));
             ^^^^^^^^^^^^^^
test/models/prayer_request_test.dart:143:14: Error: Undefined name 'PrayerCategory'.
      expect(PrayerCategory.family.displayName, equals('Family'));
             ^^^^^^^^^^^^^^
test/models/prayer_request_test.dart:144:14: Error: Undefined name 'PrayerCategory'.
      expect(PrayerCategory.work.displayName, equals('Work/Career'));
             ^^^^^^^^^^^^^^
test/models/prayer_request_test.dart:145:14: Error: Undefined name 'PrayerCategory'.
      expect(PrayerCategory.protection.displayName, equals('Protection'));
             ^^^^^^^^^^^^^^
test/models/prayer_request_test.dart:146:14: Error: Undefined name 'PrayerCategory'.
      expect(PrayerCategory.guidance.displayName, equals('Guidance'));
             ^^^^^^^^^^^^^^
test/models/prayer_request_test.dart:147:14: Error: Undefined name 'PrayerCategory'.
      expect(PrayerCategory.gratitude.displayName, equals('Gratitude'));
             ^^^^^^^^^^^^^^
test/models/prayer_request_test.dart:79:21: Error: The getter 'category' isn't defined for the type 'PrayerRequest'.
 - 'PrayerRequest' is from 'package:everyday_christian/core/models/prayer_request.dart' ('lib/core/models/prayer_request.dart').
Try correcting the name to the name of an existing getter, or defining a getter or field named 'category'.
      expect(prayer.category, equals(PrayerCategory.work));
                    ^^^^^^^^
00:09 +391 ~5 -52: /Users/kcdacre8tor/ everyday-christian/test/devotional_service_test.dart: Devotional Statistics should return 0 count when no completed devotionals                                 
ℹ️ [2025-10-17 18:19:29.425] [INFO   ] [DatabaseHelper] Database schema created successfully
📦 Running database migrations from v1 to v2
🔄 Migrating to schema v2...
  → Fixing favorite_verses foreign key...
  → Fixing daily_verses foreign key...
  → Fixing verse_bookmarks foreign key...
  → Removing duplicate column from prayer_categories...
  → Creating performance indexes...
00:09 +392 ~5 -52: /Users/kcdacre8tor/ everyday-christian/test/devotional_service_test.dart: Devotional Statistics should return 0 count when no completed devotionals                                 00:09 +392 ~5 -52: /Users/kcdacre8tor/ everyday-christian/test/reading_plan_service_test.dart: ReadingPlanService Edge Cases should return empty list for non-existent plan readings                   
ℹ️ [2025-10-17 18:19:29.443] [INFO   ] [DatabaseHelper] Initializing database at: :memory:
00:09 +392 ~5 -52: /Users/kcdacre8tor/ everyday-christian/test/devotional_service_test.dart: Devotional Statistics should return 0 count when no completed devotionals                                 
  → Creating timestamp triggers...
✅ Schema v2 migration complete!
✅ Database integrity verified
00:09 +393 ~5 -52: /Users/kcdacre8tor/ everyday-christian/test/devotional_service_test.dart: Devotional Statistics should return 0 count when no completed devotionals                                 00:09 +393 ~5 -52: /Users/kcdacre8tor/ everyday-christian/test/devotional_service_test.dart: Devotional Statistics should return 0 count when no completed devotionals                                 
✅ Database migrations complete!
00:09 +394 ~5 -52: /Users/kcdacre8tor/ everyday-christian/test/reading_plan_service_test.dart: ReadingPlanService Edge Cases should handle completed reading with completed_date set                   00:09 +394 ~5 -52: /Users/kcdacre8tor/ everyday-christian/test/reading_plan_service_test.dart: ReadingPlanService Edge Cases should handle completed reading with completed_date set                   
ℹ️ [2025-10-17 18:19:29.448] [INFO   ] [DatabaseHelper] Initializing database at: :memory:
00:09 +394 ~5 -52: /Users/kcdacre8tor/ everyday-christian/test/devotional_service_test.dart: Devotional Statistics should calculate streak for consecutive days                                        
ℹ️ [2025-10-17 18:19:29.451] [INFO   ] [DatabaseHelper] Initializing database at: :memory:
00:09 +394 ~5 -53: loading /Users/kcdacre8tor/ everyday-christian/test/models/prayer_request_test.dart [E]                                                                                             
  Failed to load "/Users/kcdacre8tor/ everyday-christian/test/models/prayer_request_test.dart":
  Compilation failed for testPath=/Users/kcdacre8tor/ everyday-christian/test/models/prayer_request_test.dart: test/models/prayer_request_test.dart:12:19: Error: Undefined name 'PrayerCategory'.
          category: PrayerCategory.general,
                    ^^^^^^^^^^^^^^
  test/models/prayer_request_test.dart:12:9: Error: No named parameter with the name 'category'.
          category: PrayerCategory.general,
          ^^^^^^^^
  lib/core/models/prayer_request.dart:8:17: Context: Found this candidate, but the arguments don't match.
    const factory PrayerRequest({
                  ^
  test/models/prayer_request_test.dart:19:38: Error: Undefined name 'PrayerCategory'.
        expect(prayer.category, equals(PrayerCategory.general));
                                       ^^^^^^^^^^^^^^
  test/models/prayer_request_test.dart:34:19: Error: Undefined name 'PrayerCategory'.
          category: PrayerCategory.health,
                    ^^^^^^^^^^^^^^
  test/models/prayer_request_test.dart:34:9: Error: No named parameter with the name 'category'.
          category: PrayerCategory.health,
          ^^^^^^^^
  lib/core/models/prayer_request.dart:8:17: Context: Found this candidate, but the arguments don't match.
    const factory PrayerRequest({
                  ^
  test/models/prayer_request_test.dart:52:19: Error: Undefined name 'PrayerCategory'.
          category: PrayerCategory.family,
                    ^^^^^^^^^^^^^^
  test/models/prayer_request_test.dart:52:9: Error: No named parameter with the name 'category'.
          category: PrayerCategory.family,
          ^^^^^^^^
  lib/core/models/prayer_request.dart:8:17: Context: Found this candidate, but the arguments don't match.
    const factory PrayerRequest({
                  ^
  test/models/prayer_request_test.dart:79:38: Error: Undefined name 'PrayerCategory'.
        expect(prayer.category, equals(PrayerCategory.work));
                                       ^^^^^^^^^^^^^^
  test/models/prayer_request_test.dart:89:19: Error: Undefined name 'PrayerCategory'.
          category: PrayerCategory.general,
                    ^^^^^^^^^^^^^^
  test/models/prayer_request_test.dart:89:9: Error: No named parameter with the name 'category'.
          category: PrayerCategory.general,
          ^^^^^^^^
  lib/core/models/prayer_request.dart:8:17: Context: Found this candidate, but the arguments don't match.
    const factory PrayerRequest({
                  ^
  test/models/prayer_request_test.dart:110:19: Error: Undefined name 'PrayerCategory'.
          category: PrayerCategory.general,
                    ^^^^^^^^^^^^^^
  test/models/prayer_request_test.dart:110:9: Error: No named parameter with the name 'category'.
          category: PrayerCategory.general,
          ^^^^^^^^
  lib/core/models/prayer_request.dart:8:17: Context: Found this candidate, but the arguments don't match.
    const factory PrayerRequest({
                  ^
  test/models/prayer_request_test.dart:118:19: Error: Undefined name 'PrayerCategory'.
          category: PrayerCategory.general,
                    ^^^^^^^^^^^^^^
  test/models/prayer_request_test.dart:118:9: Error: No named parameter with the name 'category'.
          category: PrayerCategory.general,
          ^^^^^^^^
  lib/core/models/prayer_request.dart:8:17: Context: Found this candidate, but the arguments don't match.
    const factory PrayerRequest({
                  ^
  test/models/prayer_request_test.dart:128:14: Error: Undefined name 'PrayerCategory'.
        expect(PrayerCategory.values.length, equals(7));
               ^^^^^^^^^^^^^^
  test/models/prayer_request_test.dart:129:14: Error: Undefined name 'PrayerCategory'.
        expect(PrayerCategory.values, contains(PrayerCategory.general));
               ^^^^^^^^^^^^^^
  test/models/prayer_request_test.dart:129:46: Error: Undefined name 'PrayerCategory'.
        expect(PrayerCategory.values, contains(PrayerCategory.general));
                                               ^^^^^^^^^^^^^^
  test/models/prayer_request_test.dart:130:14: Error: Undefined name 'PrayerCategory'.
        expect(PrayerCategory.values, contains(PrayerCategory.health));
               ^^^^^^^^^^^^^^
  test/models/prayer_request_test.dart:130:46: Error: Undefined name 'PrayerCategory'.
        expect(PrayerCategory.values, contains(PrayerCategory.health));
                                               ^^^^^^^^^^^^^^
  test/models/prayer_request_test.dart:131:14: Error: Undefined name 'PrayerCategory'.
        expect(PrayerCategory.values, contains(PrayerCategory.family));
               ^^^^^^^^^^^^^^
  test/models/prayer_request_test.dart:131:46: Error: Undefined name 'PrayerCategory'.
        expect(PrayerCategory.values, contains(PrayerCategory.family));
                                               ^^^^^^^^^^^^^^
  test/models/prayer_request_test.dart:132:14: Error: Undefined name 'PrayerCategory'.
        expect(PrayerCategory.values, contains(PrayerCategory.work));
               ^^^^^^^^^^^^^^
  test/models/prayer_request_test.dart:132:46: Error: Undefined name 'PrayerCategory'.
        expect(PrayerCategory.values, contains(PrayerCategory.work));
                                               ^^^^^^^^^^^^^^
  test/models/prayer_request_test.dart:133:14: Error: Undefined name 'PrayerCategory'.
        expect(PrayerCategory.values, contains(PrayerCategory.protection));
               ^^^^^^^^^^^^^^
  test/models/prayer_request_test.dart:133:46: Error: Undefined name 'PrayerCategory'.
        expect(PrayerCategory.values, contains(PrayerCategory.protection));
                                               ^^^^^^^^^^^^^^
  test/models/prayer_request_test.dart:134:14: Error: Undefined name 'PrayerCategory'.
        expect(PrayerCategory.values, contains(PrayerCategory.guidance));
               ^^^^^^^^^^^^^^
  test/models/prayer_request_test.dart:134:46: Error: Undefined name 'PrayerCategory'.
        expect(PrayerCategory.values, contains(PrayerCategory.guidance));
                                               ^^^^^^^^^^^^^^
  test/models/prayer_request_test.dart:135:14: Error: Undefined name 'PrayerCategory'.
        expect(PrayerCategory.values, contains(PrayerCategory.gratitude));
               ^^^^^^^^^^^^^^
  test/models/prayer_request_test.dart:135:46: Error: Undefined name 'PrayerCategory'.
        expect(PrayerCategory.values, contains(PrayerCategory.gratitude));
                                               ^^^^^^^^^^^^^^
  test/models/prayer_request_test.dart:141:14: Error: Undefined name 'PrayerCategory'.
        expect(PrayerCategory.general.displayName, equals('General'));
               ^^^^^^^^^^^^^^
  test/models/prayer_request_test.dart:142:14: Error: Undefined name 'PrayerCategory'.
        expect(PrayerCategory.health.displayName, equals('Health'));
               ^^^^^^^^^^^^^^
  test/models/prayer_request_test.dart:143:14: Error: Undefined name 'PrayerCategory'.
        expect(PrayerCategory.family.displayName, equals('Family'));
               ^^^^^^^^^^^^^^
  test/models/prayer_request_test.dart:144:14: Error: Undefined name 'PrayerCategory'.
        expect(PrayerCategory.work.displayName, equals('Work/Career'));
               ^^^^^^^^^^^^^^
  test/models/prayer_request_test.dart:145:14: Error: Undefined name 'PrayerCategory'.
        expect(PrayerCategory.protection.displayName, equals('Protection'));
               ^^^^^^^^^^^^^^
  test/models/prayer_request_test.dart:146:14: Error: Undefined name 'PrayerCategory'.
        expect(PrayerCategory.guidance.displayName, equals('Guidance'));
               ^^^^^^^^^^^^^^
  test/models/prayer_request_test.dart:147:14: Error: Undefined name 'PrayerCategory'.
        expect(PrayerCategory.gratitude.displayName, equals('Gratitude'));
               ^^^^^^^^^^^^^^
  test/models/prayer_request_test.dart:79:21: Error: The getter 'category' isn't defined for the type 'PrayerRequest'.
   - 'PrayerRequest' is from 'package:everyday_christian/core/models/prayer_request.dart' ('lib/core/models/prayer_request.dart').
  Try correcting the name to the name of an existing getter, or defining a getter or field named 'category'.
        expect(prayer.category, equals(PrayerCategory.work));
                      ^^^^^^^^
  .

To run this test again: /Users/kcdacre8tor/flutter/bin/cache/dart-sdk/bin/dart test /Users/kcdacre8tor/ everyday-christian/test/models/prayer_request_test.dart -p vm --plain-name 'loading /Users/kcdacre8tor/ everyday-christian/test/models/prayer_request_test.dart'
00:09 +395 ~5 -53: /Users/kcdacre8tor/ everyday-christian/test/devotional_service_test.dart: Devotional Statistics should calculate streak for consecutive days                                        00:09 +395 ~5 -53: /Users/kcdacre8tor/ everyday-christian/test/devotional_service_test.dart: Devotional Statistics should calculate streak for consecutive days                                        
ℹ️ [2025-10-17 18:19:29.457] [INFO   ] [DatabaseHelper] Creating database schema v5
ℹ️ [2025-10-17 18:19:29.476] [INFO   ] [DatabaseHelper] Database schema created successfully
📦 Running database migrations from v1 to v2
🔄 Migrating to schema v2...
  → Fixing favorite_verses foreign key...
  → Fixing daily_verses foreign key...
  → Fixing verse_bookmarks foreign key...
  → Removing duplicate column from prayer_categories...
  → Creating performance indexes...
  → Creating timestamp triggers...
✅ Schema v2 migration complete!
✅ Database integrity verified
✅ Database migrations complete!
00:09 +396 ~5 -53: /Users/kcdacre8tor/ everyday-christian/test/devotional_service_test.dart: Devotional Statistics should calculate streak for consecutive days                                        00:09 +396 ~5 -53: /Users/kcdacre8tor/ everyday-christian/test/devotional_service_test.dart: Devotional Statistics should return 0 streak when no completed devotionals                                00:09 +396 ~5 -53: /Users/kcdacre8tor/ everyday-christian/test/devotional_service_test.dart: Devotional Statistics should return 0 streak when no completed devotionals                                
ℹ️ [2025-10-17 18:19:29.496] [INFO   ] [DatabaseHelper] Initializing database at: :memory:
ℹ️ [2025-10-17 18:19:29.497] [INFO   ] [DatabaseHelper] Creating database schema v5
ℹ️ [2025-10-17 18:19:29.509] [INFO   ] [DatabaseHelper] Database schema created successfully
📦 Running database migrations from v1 to v2
🔄 Migrating to schema v2...
  → Fixing favorite_verses foreign key...
  → Fixing daily_verses foreign key...
  → Fixing verse_bookmarks foreign key...
  → Removing duplicate column from prayer_categories...
  → Creating performance indexes...
  → Creating timestamp triggers...
✅ Schema v2 migration complete!
✅ Database integrity verified
✅ Database migrations complete!
00:09 +397 ~5 -53: /Users/kcdacre8tor/ everyday-christian/test/devotional_service_test.dart: Devotional Statistics should return 0 streak when no completed devotionals                                00:09 +397 ~5 -53: /Users/kcdacre8tor/ everyday-christian/test/devotional_service_test.dart: Devotional Statistics should return 1 streak for single completed devotional                              00:09 +397 ~5 -53: /Users/kcdacre8tor/ everyday-christian/test/devotional_service_test.dart: Devotional Statistics should return 1 streak for single completed devotional                              
ℹ️ [2025-10-17 18:19:29.524] [INFO   ] [DatabaseHelper] Initializing database at: :memory:
ℹ️ [2025-10-17 18:19:29.525] [INFO   ] [DatabaseHelper] Creating database schema v5
ℹ️ [2025-10-17 18:19:29.534] [INFO   ] [DatabaseHelper] Database schema created successfully
📦 Running database migrations from v1 to v2
🔄 Migrating to schema v2...
  → Fixing favorite_verses foreign key...
  → Fixing daily_verses foreign key...
  → Fixing verse_bookmarks foreign key...
  → Removing duplicate column from prayer_categories...
  → Creating performance indexes...
  → Creating timestamp triggers...
✅ Schema v2 migration complete!
✅ Database integrity verified
✅ Database migrations complete!
00:09 +398 ~5 -53: /Users/kcdacre8tor/ everyday-christian/test/devotional_service_test.dart: Devotional Statistics should return 1 streak for single completed devotional                              00:09 +398 ~5 -53: /Users/kcdacre8tor/ everyday-christian/test/devotional_service_test.dart: Devotional Statistics should break streak on non-consecutive days                                         00:09 +398 ~5 -53: /Users/kcdacre8tor/ everyday-christian/test/devotional_service_test.dart: Devotional Statistics should break streak on non-consecutive days                                         
ℹ️ [2025-10-17 18:19:29.552] [INFO   ] [DatabaseHelper] Initializing database at: :memory:
ℹ️ [2025-10-17 18:19:29.554] [INFO   ] [DatabaseHelper] Creating database schema v5
ℹ️ [2025-10-17 18:19:29.563] [INFO   ] [DatabaseHelper] Database schema created successfully
📦 Running database migrations from v1 to v2
🔄 Migrating to schema v2...
  → Fixing favorite_verses foreign key...
  → Fixing daily_verses foreign key...
  → Fixing verse_bookmarks foreign key...
  → Removing duplicate column from prayer_categories...
  → Creating performance indexes...
  → Creating timestamp triggers...
✅ Schema v2 migration complete!
✅ Database integrity verified
✅ Database migrations complete!
00:10 +399 ~5 -53: /Users/kcdacre8tor/ everyday-christian/test/models/reading_plan_test.dart: ReadingPlan Model should create ReadingPlan with required fields                                         00:10 +399 ~5 -53: /Users/kcdacre8tor/ everyday-christian/test/devotional_service_test.dart: Devotional Statistics should handle streak with completed devotional without completed_date               
ℹ️ [2025-10-17 18:19:29.590] [INFO   ] [DatabaseHelper] Initializing database at: :memory:
ℹ️ [2025-10-17 18:19:29.592] [INFO   ] [DatabaseHelper] Creating database schema v5
00:10 +400 ~5 -53: /Users/kcdacre8tor/ everyday-christian/test/devotional_service_test.dart: Devotional Statistics should handle streak with completed devotional without completed_date               00:10 +401 ~5 -53: /Users/kcdacre8tor/ everyday-christian/test/devotional_service_test.dart: Devotional Statistics should handle streak with completed devotional without completed_date               00:10 +402 ~5 -53: /Users/kcdacre8tor/ everyday-christian/test/devotional_service_test.dart: Devotional Statistics should handle streak with completed devotional without completed_date               00:10 +403 ~5 -53: /Users/kcdacre8tor/ everyday-christian/test/devotional_service_test.dart: Devotional Statistics should handle streak with completed devotional without completed_date               00:10 +404 ~5 -53: /Users/kcdacre8tor/ everyday-christian/test/devotional_service_test.dart: Devotional Statistics should handle streak with completed devotional without completed_date               00:10 +404 ~5 -53: /Users/kcdacre8tor/ everyday-christian/test/devotional_service_test.dart: Devotional Statistics should handle streak with completed devotional without completed_date               
ℹ️ [2025-10-17 18:19:29.605] [INFO   ] [DatabaseHelper] Database schema created successfully
00:10 +405 ~5 -53: /Users/kcdacre8tor/ everyday-christian/test/devotional_service_test.dart: Devotional Statistics should handle streak with completed devotional without completed_date               00:10 +405 ~5 -53: /Users/kcdacre8tor/ everyday-christian/test/devotional_service_test.dart: Devotional Statistics should handle streak with completed devotional without completed_date               
📦 Running database migrations from v1 to v2
🔄 Migrating to schema v2...
  → Fixing favorite_verses foreign key...
00:10 +406 ~5 -53: /Users/kcdacre8tor/ everyday-christian/test/devotional_service_test.dart: Devotional Statistics should handle streak with completed devotional without completed_date               00:10 +406 ~5 -53: /Users/kcdacre8tor/ everyday-christian/test/devotional_service_test.dart: Devotional Statistics should handle streak with completed devotional without completed_date               
  → Fixing daily_verses foreign key...
  → Fixing verse_bookmarks foreign key...
00:10 +407 ~5 -53: /Users/kcdacre8tor/ everyday-christian/test/devotional_service_test.dart: Devotional Statistics should handle streak with completed devotional without completed_date               00:10 +407 ~5 -53: /Users/kcdacre8tor/ everyday-christian/test/devotional_service_test.dart: Devotional Statistics should handle streak with completed devotional without completed_date               
  → Removing duplicate column from prayer_categories...
00:10 +408 ~5 -53: /Users/kcdacre8tor/ everyday-christian/test/devotional_service_test.dart: Devotional Statistics should handle streak with completed devotional without completed_date               00:10 +408 ~5 -53: /Users/kcdacre8tor/ everyday-christian/test/devotional_service_test.dart: Devotional Statistics should handle streak with completed devotional without completed_date               
  → Creating performance indexes...
  → Creating timestamp triggers...
✅ Schema v2 migration complete!
✅ Database integrity verified
✅ Database migrations complete!
00:10 +409 ~5 -53: /Users/kcdacre8tor/ everyday-christian/test/devotional_service_test.dart: Devotional Statistics should handle streak with completed devotional without completed_date               00:10 +410 ~5 -53: /Users/kcdacre8tor/ everyday-christian/test/models/reading_plan_test.dart: PlanCategory Enum should have all categories                                                             00:10 +411 ~5 -53: /Users/kcdacre8tor/ everyday-christian/test/devotional_service_test.dart: Devotional Model Serialization should deserialize devotional from database correctly                      00:10 +411 ~5 -53: /Users/kcdacre8tor/ everyday-christian/test/devotional_service_test.dart: Devotional Model Serialization should deserialize devotional from database correctly                      
ℹ️ [2025-10-17 18:19:29.626] [INFO   ] [DatabaseHelper] Initializing database at: :memory:
00:10 +412 ~5 -53: /Users/kcdacre8tor/ everyday-christian/test/devotional_service_test.dart: Devotional Model Serialization should deserialize devotional from database correctly                      00:10 +412 ~5 -53: /Users/kcdacre8tor/ everyday-christian/test/devotional_service_test.dart: Devotional Model Serialization should deserialize devotional from database correctly                      
ℹ️ [2025-10-17 18:19:29.628] [INFO   ] [DatabaseHelper] Creating database schema v5
00:10 +413 ~5 -53: /Users/kcdacre8tor/ everyday-christian/test/devotional_service_test.dart: Devotional Model Serialization should deserialize devotional from database correctly                      00:10 +414 ~5 -53: /Users/kcdacre8tor/ everyday-christian/test/devotional_service_test.dart: Devotional Model Serialization should deserialize devotional from database correctly                      00:10 +414 ~5 -53: /Users/kcdacre8tor/ everyday-christian/test/devotional_service_test.dart: Devotional Model Serialization should deserialize devotional from database correctly                      
ℹ️ [2025-10-17 18:19:29.638] [INFO   ] [DatabaseHelper] Database schema created successfully
📦 Running database migrations from v1 to v2
🔄 Migrating to schema v2...
  → Fixing favorite_verses foreign key...
  → Fixing daily_verses foreign key...
  → Fixing verse_bookmarks foreign key...
  → Removing duplicate column from prayer_categories...
  → Creating performance indexes...
  → Creating timestamp triggers...
✅ Schema v2 migration complete!
✅ Database integrity verified
✅ Database migrations complete!
00:10 +415 ~5 -53: /Users/kcdacre8tor/ everyday-christian/test/devotional_service_test.dart: Devotional Model Serialization should deserialize devotional from database correctly                      00:10 +415 ~5 -53: /Users/kcdacre8tor/ everyday-christian/test/devotional_service_test.dart: Devotional Model Serialization should deserialize completed devotional with date                          00:10 +415 ~5 -53: /Users/kcdacre8tor/ everyday-christian/test/devotional_service_test.dart: Devotional Model Serialization should deserialize completed devotional with date                          
ℹ️ [2025-10-17 18:19:29.649] [INFO   ] [DatabaseHelper] Initializing database at: :memory:
ℹ️ [2025-10-17 18:19:29.650] [INFO   ] [DatabaseHelper] Creating database schema v5
ℹ️ [2025-10-17 18:19:29.669] [INFO   ] [DatabaseHelper] Database schema created successfully
📦 Running database migrations from v1 to v2
🔄 Migrating to schema v2...
  → Fixing favorite_verses foreign key...
  → Fixing daily_verses foreign key...
  → Fixing verse_bookmarks foreign key...
  → Removing duplicate column from prayer_categories...
  → Creating performance indexes...
  → Creating timestamp triggers...
✅ Schema v2 migration complete!
✅ Database integrity verified
✅ Database migrations complete!
00:10 +416 ~5 -53: /Users/kcdacre8tor/ everyday-christian/test/devotional_service_test.dart: Devotional Model Serialization should deserialize completed devotional with date                          00:10 +416 ~5 -53: /Users/kcdacre8tor/ everyday-christian/test/devotional_service_test.dart: Edge Cases should handle empty titles and content                                                         00:10 +416 ~5 -53: /Users/kcdacre8tor/ everyday-christian/test/devotional_service_test.dart: Edge Cases should handle empty titles and content                                                         
ℹ️ [2025-10-17 18:19:29.682] [INFO   ] [DatabaseHelper] Initializing database at: :memory:
ℹ️ [2025-10-17 18:19:29.683] [INFO   ] [DatabaseHelper] Creating database schema v5
ℹ️ [2025-10-17 18:19:29.692] [INFO   ] [DatabaseHelper] Database schema created successfully
📦 Running database migrations from v1 to v2
🔄 Migrating to schema v2...
  → Fixing favorite_verses foreign key...
  → Fixing daily_verses foreign key...
  → Fixing verse_bookmarks foreign key...
  → Removing duplicate column from prayer_categories...
  → Creating performance indexes...
  → Creating timestamp triggers...
✅ Schema v2 migration complete!
✅ Database integrity verified
✅ Database migrations complete!
00:10 +417 ~5 -53: /Users/kcdacre8tor/ everyday-christian/test/devotional_service_test.dart: Edge Cases should handle empty titles and content                                                         00:10 +417 ~5 -53: /Users/kcdacre8tor/ everyday-christian/test/devotional_service_test.dart: Edge Cases should handle very long content                                                                00:10 +417 ~5 -53: /Users/kcdacre8tor/ everyday-christian/test/devotional_service_test.dart: Edge Cases should handle very long content                                                                
ℹ️ [2025-10-17 18:19:29.705] [INFO   ] [DatabaseHelper] Initializing database at: :memory:
ℹ️ [2025-10-17 18:19:29.706] [INFO   ] [DatabaseHelper] Creating database schema v5
ℹ️ [2025-10-17 18:19:29.714] [INFO   ] [DatabaseHelper] Database schema created successfully
📦 Running database migrations from v1 to v2
🔄 Migrating to schema v2...
  → Fixing favorite_verses foreign key...
  → Fixing daily_verses foreign key...
  → Fixing verse_bookmarks foreign key...
  → Removing duplicate column from prayer_categories...
  → Creating performance indexes...
  → Creating timestamp triggers...
✅ Schema v2 migration complete!
✅ Database integrity verified
✅ Database migrations complete!
00:10 +418 ~5 -53: /Users/kcdacre8tor/ everyday-christian/test/devotional_service_test.dart: Edge Cases should handle very long content                                                                00:10 +418 ~5 -53: /Users/kcdacre8tor/ everyday-christian/test/devotional_service_test.dart: Edge Cases should handle special characters in content                                                    00:10 +418 ~5 -53: /Users/kcdacre8tor/ everyday-christian/test/devotional_service_test.dart: Edge Cases should handle special characters in content                                                    
ℹ️ [2025-10-17 18:19:29.730] [INFO   ] [DatabaseHelper] Initializing database at: :memory:
ℹ️ [2025-10-17 18:19:29.732] [INFO   ] [DatabaseHelper] Creating database schema v5
ℹ️ [2025-10-17 18:19:29.742] [INFO   ] [DatabaseHelper] Database schema created successfully
📦 Running database migrations from v1 to v2
🔄 Migrating to schema v2...
  → Fixing favorite_verses foreign key...
  → Fixing daily_verses foreign key...
  → Fixing verse_bookmarks foreign key...
  → Removing duplicate column from prayer_categories...
  → Creating performance indexes...
  → Creating timestamp triggers...
✅ Schema v2 migration complete!
✅ Database integrity verified
✅ Database migrations complete!
00:10 +419 ~5 -53: /Users/kcdacre8tor/ everyday-christian/test/devotional_service_test.dart: Edge Cases should handle special characters in content                                                    00:10 +419 ~5 -53: /Users/kcdacre8tor/ everyday-christian/test/devotional_service_test.dart: Edge Cases should handle multiple completions and incompletions                                           00:10 +419 ~5 -53: /Users/kcdacre8tor/ everyday-christian/test/devotional_service_test.dart: Edge Cases should handle multiple completions and incompletions                                           
ℹ️ [2025-10-17 18:19:29.759] [INFO   ] [DatabaseHelper] Initializing database at: :memory:
ℹ️ [2025-10-17 18:19:29.761] [INFO   ] [DatabaseHelper] Creating database schema v5
00:10 +420 ~5 -53: /Users/kcdacre8tor/ everyday-christian/test/devotional_service_test.dart: Edge Cases should handle multiple completions and incompletions                                           00:10 +420 ~5 -53: /Users/kcdacre8tor/ everyday-christian/test/devotional_service_test.dart: Edge Cases should handle multiple completions and incompletions                                           
ℹ️ [2025-10-17 18:19:29.773] [INFO   ] [DatabaseHelper] Database schema created successfully
📦 Running database migrations from v1 to v2
🔄 Migrating to schema v2...
  → Fixing favorite_verses foreign key...
00:10 +421 ~5 -53: /Users/kcdacre8tor/ everyday-christian/test/devotional_service_test.dart: Edge Cases should handle multiple completions and incompletions                                           00:10 +421 ~5 -53: /Users/kcdacre8tor/ everyday-christian/test/devotional_service_test.dart: Edge Cases should handle multiple completions and incompletions                                           
  → Fixing daily_verses foreign key...
  → Fixing verse_bookmarks foreign key...
00:10 +422 ~5 -53: /Users/kcdacre8tor/ everyday-christian/test/devotional_service_test.dart: Edge Cases should handle multiple completions and incompletions                                           00:10 +422 ~5 -53: /Users/kcdacre8tor/ everyday-christian/test/devotional_service_test.dart: Edge Cases should handle multiple completions and incompletions                                           
  → Removing duplicate column from prayer_categories...
  → Creating performance indexes...
00:10 +423 ~5 -53: /Users/kcdacre8tor/ everyday-christian/test/devotional_service_test.dart: Edge Cases should handle multiple completions and incompletions                                           00:10 +423 ~5 -53: /Users/kcdacre8tor/ everyday-christian/test/devotional_service_test.dart: Edge Cases should handle multiple completions and incompletions                                           
  → Creating timestamp triggers...
✅ Schema v2 migration complete!
✅ Database integrity verified
00:10 +424 ~5 -53: /Users/kcdacre8tor/ everyday-christian/test/devotional_service_test.dart: Edge Cases should handle multiple completions and incompletions                                           00:10 +424 ~5 -53: /Users/kcdacre8tor/ everyday-christian/test/devotional_service_test.dart: Edge Cases should handle multiple completions and incompletions                                           
✅ Database migrations complete!
00:10 +425 ~5 -53: /Users/kcdacre8tor/ everyday-christian/test/devotional_service_test.dart: Edge Cases should handle multiple completions and incompletions                                           00:10 +426 ~5 -53: /Users/kcdacre8tor/ everyday-christian/test/models/bible_verse_test.dart: VerseCategory Enum should have all categories                                                             00:10 +427 ~5 -53: /Users/kcdacre8tor/ everyday-christian/test/devotional_service_test.dart: Edge Cases should handle devotionals at exact midnight boundaries                                         00:10 +427 ~5 -53: /Users/kcdacre8tor/ everyday-christian/test/devotional_service_test.dart: Edge Cases should handle devotionals at exact midnight boundaries                                         
ℹ️ [2025-10-17 18:19:29.787] [INFO   ] [DatabaseHelper] Initializing database at: :memory:
00:10 +428 ~5 -53: /Users/kcdacre8tor/ everyday-christian/test/devotional_service_test.dart: Edge Cases should handle devotionals at exact midnight boundaries                                         00:10 +428 ~5 -53: /Users/kcdacre8tor/ everyday-christian/test/devotional_service_test.dart: Edge Cases should handle devotionals at exact midnight boundaries                                         
ℹ️ [2025-10-17 18:19:29.789] [INFO   ] [DatabaseHelper] Creating database schema v5
00:10 +429 ~5 -53: /Users/kcdacre8tor/ everyday-christian/test/devotional_service_test.dart: Edge Cases should handle devotionals at exact midnight boundaries                                         00:10 +430 ~5 -53: /Users/kcdacre8tor/ everyday-christian/test/devotional_service_test.dart: Edge Cases should handle devotionals at exact midnight boundaries                                         00:10 +431 ~5 -53: /Users/kcdacre8tor/ everyday-christian/test/devotional_service_test.dart: Edge Cases should handle devotionals at exact midnight boundaries                                         00:10 +432 ~5 -53: /Users/kcdacre8tor/ everyday-christian/test/devotional_service_test.dart: Edge Cases should handle devotionals at exact midnight boundaries                                         00:10 +433 ~5 -53: /Users/kcdacre8tor/ everyday-christian/test/devotional_service_test.dart: Edge Cases should handle devotionals at exact midnight boundaries                                         00:10 +434 ~5 -53: /Users/kcdacre8tor/ everyday-christian/test/devotional_service_test.dart: Edge Cases should handle devotionals at exact midnight boundaries                                         00:10 +435 ~5 -53: /Users/kcdacre8tor/ everyday-christian/test/devotional_service_test.dart: Edge Cases should handle devotionals at exact midnight boundaries                                         00:10 +436 ~5 -53: /Users/kcdacre8tor/ everyday-christian/test/devotional_service_test.dart: Edge Cases should handle devotionals at exact midnight boundaries                                         00:10 +436 ~5 -53: /Users/kcdacre8tor/ everyday-christian/test/devotional_service_test.dart: Edge Cases should handle devotionals at exact midnight boundaries                                         
ℹ️ [2025-10-17 18:19:29.798] [INFO   ] [DatabaseHelper] Database schema created successfully
00:10 +437 ~5 -53: /Users/kcdacre8tor/ everyday-christian/test/devotional_service_test.dart: Edge Cases should handle devotionals at exact midnight boundaries                                         00:10 +437 ~5 -53: /Users/kcdacre8tor/ everyday-christian/test/devotional_service_test.dart: Edge Cases should handle devotionals at exact midnight boundaries                                         
📦 Running database migrations from v1 to v2
🔄 Migrating to schema v2...
00:10 +438 ~5 -53: /Users/kcdacre8tor/ everyday-christian/test/devotional_service_test.dart: Edge Cases should handle devotionals at exact midnight boundaries                                         00:10 +438 ~5 -53: /Users/kcdacre8tor/ everyday-christian/test/devotional_service_test.dart: Edge Cases should handle devotionals at exact midnight boundaries                                         
  → Fixing favorite_verses foreign key...
00:10 +439 ~5 -53: /Users/kcdacre8tor/ everyday-christian/test/devotional_service_test.dart: Edge Cases should handle devotionals at exact midnight boundaries                                         00:10 +439 ~5 -53: /Users/kcdacre8tor/ everyday-christian/test/devotional_service_test.dart: Edge Cases should handle devotionals at exact midnight boundaries                                         
  → Fixing daily_verses foreign key...
  → Fixing verse_bookmarks foreign key...
  → Removing duplicate column from prayer_categories...
  → Creating performance indexes...
  → Creating timestamp triggers...
✅ Schema v2 migration complete!
✅ Database integrity verified
✅ Database migrations complete!
00:10 +440 ~5 -53: /Users/kcdacre8tor/ everyday-christian/test/devotional_service_test.dart: Edge Cases should handle devotionals at exact midnight boundaries                                         00:10 +440 ~5 -53: /Users/kcdacre8tor/ everyday-christian/test/devotional_service_test.dart: (tearDownAll)                                                                                             00:11 +440 ~5 -53: /Users/kcdacre8tor/ everyday-christian/test/devotional_service_test.dart: (tearDownAll)                                                                                             00:11 +440 ~5 -53: loading /Users/kcdacre8tor/ everyday-christian/test/bible_loader_service_test.dart                                                                                                  00:11 +440 ~5 -53: /Users/kcdacre8tor/ everyday-christian/test/bible_loader_service_test.dart: (setUpAll)                                                                                              00:11 +440 ~5 -53: /Users/kcdacre8tor/ everyday-christian/test/bible_loader_service_test.dart: BibleLoaderService Check Bible Loaded should return true when Bible version is loaded                   00:11 +440 ~5 -53: /Users/kcdacre8tor/ everyday-christian/test/bible_loader_service_test.dart: BibleLoaderService Check Bible Loaded should return true when Bible version is loaded                   
ℹ️ [2025-10-17 18:19:30.873] [INFO   ] [DatabaseHelper] Initializing database at: :memory:
ℹ️ [2025-10-17 18:19:30.927] [INFO   ] [DatabaseHelper] Creating database schema v5
ℹ️ [2025-10-17 18:19:30.977] [INFO   ] [DatabaseHelper] Database schema created successfully
📦 Running database migrations from v1 to v2
🔄 Migrating to schema v2...
  → Fixing favorite_verses foreign key...
  → Fixing daily_verses foreign key...
  → Fixing verse_bookmarks foreign key...
  → Removing duplicate column from prayer_categories...
  → Creating performance indexes...
  → Creating timestamp triggers...
✅ Schema v2 migration complete!
✅ Database integrity verified
✅ Database migrations complete!
00:11 +441 ~5 -53: /Users/kcdacre8tor/ everyday-christian/test/prayer_streak_test.dart: PrayerStreakService Tests Record Prayer Activity should record prayer activity for today                       00:11 +441 ~5 -53: /Users/kcdacre8tor/ everyday-christian/test/bible_loader_service_test.dart: BibleLoaderService Check Bible Loaded should return false when Bible version is not loaded              
ℹ️ [2025-10-17 18:19:31.023] [INFO   ] [DatabaseHelper] Initializing database at: :memory:
00:11 +441 ~5 -53: /Users/kcdacre8tor/ everyday-christian/test/prayer_streak_test.dart: PrayerStreakService Tests Record Prayer Activity should record prayer activity for today                       
ℹ️ [2025-10-17 18:19:31.016] [INFO   ] [DatabaseHelper] Initializing database at: :memory:
00:11 +441 ~5 -53: /Users/kcdacre8tor/ everyday-christian/test/bible_loader_service_test.dart: BibleLoaderService Check Bible Loaded should return false when Bible version is not loaded              
ℹ️ [2025-10-17 18:19:31.027] [INFO   ] [DatabaseHelper] Creating database schema v5
00:11 +441 ~5 -53: /Users/kcdacre8tor/ everyday-christian/test/prayer_streak_test.dart: PrayerStreakService Tests Record Prayer Activity should record prayer activity for today                       00:11 +441 ~5 -53: /Users/kcdacre8tor/ everyday-christian/test/bible_loader_service_test.dart: BibleLoaderService Check Bible Loaded should return false when Bible version is not loaded              
ℹ️ [2025-10-17 18:19:31.049] [INFO   ] [DatabaseHelper] Database schema created successfully
📦 Running database migrations from v1 to v2
🔄 Migrating to schema v2...
  → Fixing favorite_verses foreign key...
  → Fixing daily_verses foreign key...
  → Fixing verse_bookmarks foreign key...
  → Removing duplicate column from prayer_categories...
  → Creating performance indexes...
  → Creating timestamp triggers...
✅ Schema v2 migration complete!
✅ Database integrity verified
✅ Database migrations complete!
00:11 +442 ~5 -53: /Users/kcdacre8tor/ everyday-christian/test/prayer_streak_test.dart: PrayerStreakService Tests Record Prayer Activity should record prayer activity for today                       00:11 +442 ~5 -53: /Users/kcdacre8tor/ everyday-christian/test/bible_loader_service_test.dart: BibleLoaderService Check Bible Loaded should return false for empty version                             
ℹ️ [2025-10-17 18:19:31.077] [INFO   ] [DatabaseHelper] Initializing database at: :memory:
ℹ️ [2025-10-17 18:19:31.079] [INFO   ] [DatabaseHelper] Creating database schema v5
00:11 +442 ~5 -53: /Users/kcdacre8tor/ everyday-christian/test/prayer_streak_test.dart: PrayerStreakService Tests Record Prayer Activity should record prayer activity for today                       
ℹ️ [2025-10-17 18:19:31.085] [INFO   ] [DatabaseHelper] Creating database schema v5
00:11 +442 ~5 -53: /Users/kcdacre8tor/ everyday-christian/test/bible_loader_service_test.dart: BibleLoaderService Check Bible Loaded should return false for empty version                             
ℹ️ [2025-10-17 18:19:31.102] [INFO   ] [DatabaseHelper] Database schema created successfully
📦 Running database migrations from v1 to v2
🔄 Migrating to schema v2...
  → Fixing favorite_verses foreign key...
  → Fixing daily_verses foreign key...
  → Fixing verse_bookmarks foreign key...
  → Removing duplicate column from prayer_categories...
  → Creating performance indexes...
  → Creating timestamp triggers...
✅ Schema v2 migration complete!
✅ Database integrity verified
✅ Database migrations complete!
00:11 +443 ~5 -53: /Users/kcdacre8tor/ everyday-christian/test/prayer_streak_test.dart: PrayerStreakService Tests Record Prayer Activity should record prayer activity for today                       00:11 +443 ~5 -53: /Users/kcdacre8tor/ everyday-christian/test/bible_loader_service_test.dart: BibleLoaderService Loading Progress should get loading progress for all versions                        
ℹ️ [2025-10-17 18:19:31.119] [INFO   ] [DatabaseHelper] Initializing database at: :memory:
ℹ️ [2025-10-17 18:19:31.121] [INFO   ] [DatabaseHelper] Creating database schema v5
00:11 +443 ~5 -53: /Users/kcdacre8tor/ everyday-christian/test/prayer_streak_test.dart: PrayerStreakService Tests Record Prayer Activity should record prayer activity for today                       
ℹ️ [2025-10-17 18:19:31.124] [INFO   ] [DatabaseHelper] Database schema created successfully
📦 Running database migrations from v1 to v2
🔄 Migrating to schema v2...
  → Fixing favorite_verses foreign key...
  → Fixing daily_verses foreign key...
  → Fixing verse_bookmarks foreign key...
00:11 +443 ~5 -53: /Users/kcdacre8tor/ everyday-christian/test/bible_loader_service_test.dart: BibleLoaderService Loading Progress should get loading progress for all versions                        
ℹ️ [2025-10-17 18:19:31.135] [INFO   ] [DatabaseHelper] Database schema created successfully
00:11 +443 ~5 -53: /Users/kcdacre8tor/ everyday-christian/test/prayer_streak_test.dart: PrayerStreakService Tests Record Prayer Activity should record prayer activity for today                       
  → Removing duplicate column from prayer_categories...
00:11 +443 ~5 -53: /Users/kcdacre8tor/ everyday-christian/test/bible_loader_service_test.dart: BibleLoaderService Loading Progress should get loading progress for all versions                        
📦 Running database migrations from v1 to v2
🔄 Migrating to schema v2...
00:11 +443 ~5 -53: /Users/kcdacre8tor/ everyday-christian/test/prayer_streak_test.dart: PrayerStreakService Tests Record Prayer Activity should record prayer activity for today                       
  → Creating performance indexes...
00:11 +443 ~5 -53: /Users/kcdacre8tor/ everyday-christian/test/bible_loader_service_test.dart: BibleLoaderService Loading Progress should get loading progress for all versions                        
  → Fixing favorite_verses foreign key...
  → Fixing daily_verses foreign key...
00:11 +443 ~5 -53: /Users/kcdacre8tor/ everyday-christian/test/prayer_streak_test.dart: PrayerStreakService Tests Record Prayer Activity should record prayer activity for today                       
  → Creating timestamp triggers...
✅ Schema v2 migration complete!
00:11 +443 ~5 -53: /Users/kcdacre8tor/ everyday-christian/test/bible_loader_service_test.dart: BibleLoaderService Loading Progress should get loading progress for all versions                        
  → Fixing verse_bookmarks foreign key...
00:11 +443 ~5 -53: /Users/kcdacre8tor/ everyday-christian/test/prayer_streak_test.dart: PrayerStreakService Tests Record Prayer Activity should record prayer activity for today                       
✅ Database integrity verified
✅ Database migrations complete!
00:11 +443 ~5 -53: /Users/kcdacre8tor/ everyday-christian/test/bible_loader_service_test.dart: BibleLoaderService Loading Progress should get loading progress for all versions                        
  → Removing duplicate column from prayer_categories...
  → Creating performance indexes...
  → Creating timestamp triggers...
✅ Schema v2 migration complete!
✅ Database integrity verified
✅ Database migrations complete!
00:11 +443 ~5 -55: /Users/kcdacre8tor/ everyday-christian/test/bible_loader_service_test.dart: BibleLoaderService Loading Progress should get loading progress for all versions [E]                    
  Expected: true
    Actual: <false>
  
  package:matcher                                     expect
  package:flutter_test/src/widget_tester.dart 473:18  expect
  test/bible_loader_service_test.dart 65:9            main.<fn>.<fn>.<fn>
  
00:11 +443 ~5 -55: /Users/kcdacre8tor/ everyday-christian/test/prayer_streak_test.dart: PrayerStreakService Tests Record Prayer Activity should record prayer activity for today [E]                   
  MissingPluginException(No implementation found for method getApplicationDocumentsDirectory on channel plugins.flutter.io/path_provider)
  package:flutter/src/services/platform_channel.dart 365:7  MethodChannel._invokeMethod
  ===== asynchronous gap ===========================
  dart:async                                                _CustomZone.registerBinaryCallback
  test/prayer_streak_test.dart 32:7                         main.<fn>.<fn>
  

To run this test again: /Users/kcdacre8tor/flutter/bin/cache/dart-sdk/bin/dart test /Users/kcdacre8tor/ everyday-christian/test/bible_loader_service_test.dart -p vm --plain-name 'BibleLoaderService Loading Progress should get loading progress for all versions'
00:11 +443 ~5 -55: /Users/kcdacre8tor/ everyday-christian/test/bible_loader_service_test.dart: BibleLoaderService Loading Progress should calculate total verses correctly                             
ℹ️ [2025-10-17 18:19:31.211] [INFO   ] [DatabaseHelper] Initializing database at: :memory:

To run this test again: /Users/kcdacre8tor/flutter/bin/cache/dart-sdk/bin/dart test /Users/kcdacre8tor/ everyday-christian/test/prayer_streak_test.dart -p vm --plain-name 'PrayerStreakService Tests Record Prayer Activity should record prayer activity for today'
ℹ️ [2025-10-17 18:19:31.213] [INFO   ] [DatabaseHelper] Creating database schema v5
00:11 +443 ~5 -55: /Users/kcdacre8tor/ everyday-christian/test/prayer_streak_test.dart: PrayerStreakService Tests Record Prayer Activity should not duplicate activity for the same day                
ℹ️ [2025-10-17 18:19:31.214] [INFO   ] [DatabaseHelper] Initializing database at: :memory:
ℹ️ [2025-10-17 18:19:31.217] [INFO   ] [DatabaseHelper] Creating database schema v5
00:11 +443 ~5 -55: /Users/kcdacre8tor/ everyday-christian/test/bible_loader_service_test.dart: BibleLoaderService Loading Progress should calculate total verses correctly                             
ℹ️ [2025-10-17 18:19:31.245] [INFO   ] [DatabaseHelper] Database schema created successfully
📦 Running database migrations from v1 to v2
🔄 Migrating to schema v2...
  → Fixing favorite_verses foreign key...
00:11 +443 ~5 -55: /Users/kcdacre8tor/ everyday-christian/test/prayer_streak_test.dart: PrayerStreakService Tests Record Prayer Activity should not duplicate activity for the same day                
ℹ️ [2025-10-17 18:19:31.249] [INFO   ] [DatabaseHelper] Database schema created successfully
00:11 +443 ~5 -55: /Users/kcdacre8tor/ everyday-christian/test/bible_loader_service_test.dart: BibleLoaderService Loading Progress should calculate total verses correctly                             
  → Fixing daily_verses foreign key...
00:11 +443 ~5 -55: /Users/kcdacre8tor/ everyday-christian/test/prayer_streak_test.dart: PrayerStreakService Tests Record Prayer Activity should not duplicate activity for the same day                
📦 Running database migrations from v1 to v2
🔄 Migrating to schema v2...
  → Fixing favorite_verses foreign key...
00:11 +443 ~5 -55: /Users/kcdacre8tor/ everyday-christian/test/bible_loader_service_test.dart: BibleLoaderService Loading Progress should calculate total verses correctly                             
  → Fixing verse_bookmarks foreign key...
00:11 +443 ~5 -55: /Users/kcdacre8tor/ everyday-christian/test/prayer_streak_test.dart: PrayerStreakService Tests Record Prayer Activity should not duplicate activity for the same day                
  → Fixing daily_verses foreign key...
00:11 +443 ~5 -55: /Users/kcdacre8tor/ everyday-christian/test/bible_loader_service_test.dart: BibleLoaderService Loading Progress should calculate total verses correctly                             
  → Removing duplicate column from prayer_categories...
00:11 +443 ~5 -55: /Users/kcdacre8tor/ everyday-christian/test/prayer_streak_test.dart: PrayerStreakService Tests Record Prayer Activity should not duplicate activity for the same day                
  → Fixing verse_bookmarks foreign key...
00:11 +443 ~5 -55: /Users/kcdacre8tor/ everyday-christian/test/bible_loader_service_test.dart: BibleLoaderService Loading Progress should calculate total verses correctly                             
  → Creating performance indexes...
00:11 +443 ~5 -55: /Users/kcdacre8tor/ everyday-christian/test/prayer_streak_test.dart: PrayerStreakService Tests Record Prayer Activity should not duplicate activity for the same day                
  → Removing duplicate column from prayer_categories...
00:11 +443 ~5 -55: /Users/kcdacre8tor/ everyday-christian/test/bible_loader_service_test.dart: BibleLoaderService Loading Progress should calculate total verses correctly                             
  → Creating timestamp triggers...
00:11 +443 ~5 -55: /Users/kcdacre8tor/ everyday-christian/test/prayer_streak_test.dart: PrayerStreakService Tests Record Prayer Activity should not duplicate activity for the same day                
  → Creating performance indexes...
00:11 +443 ~5 -55: /Users/kcdacre8tor/ everyday-christian/test/bible_loader_service_test.dart: BibleLoaderService Loading Progress should calculate total verses correctly                             
✅ Schema v2 migration complete!
✅ Database integrity verified
✅ Database migrations complete!
00:11 +443 ~5 -55: /Users/kcdacre8tor/ everyday-christian/test/prayer_streak_test.dart: PrayerStreakService Tests Record Prayer Activity should not duplicate activity for the same day                
  → Creating timestamp triggers...
✅ Schema v2 migration complete!
00:11 +443 ~5 -56: /Users/kcdacre8tor/ everyday-christian/test/prayer_streak_test.dart: PrayerStreakService Tests Record Prayer Activity should not duplicate activity for the same day                
✅ Database integrity verified
✅ Database migrations complete!
00:11 +443 ~5 -57: /Users/kcdacre8tor/ everyday-christian/test/bible_loader_service_test.dart: BibleLoaderService Loading Progress should calculate total verses correctly [E]                         
  type 'Null' is not a subtype of type 'int' in type cast
  test/bible_loader_service_test.dart 79:48  main.<fn>.<fn>.<fn>
  

To run this test again: /Users/kcdacre8tor/flutter/bin/cache/dart-sdk/bin/dart test /Users/kcdacre8tor/ everyday-christian/test/bible_loader_service_test.dart -p vm --plain-name 'BibleLoaderService Loading Progress should calculate total verses correctly'
00:11 +443 ~5 -57: /Users/kcdacre8tor/ everyday-christian/test/bible_loader_service_test.dart: BibleLoaderService Loading Progress should show KJV loaded after initialization                         
ℹ️ [2025-10-17 18:19:31.272] [INFO   ] [DatabaseHelper] Initializing database at: :memory:
00:11 +443 ~5 -57: /Users/kcdacre8tor/ everyday-christian/test/prayer_streak_test.dart: PrayerStreakService Tests Record Prayer Activity should not duplicate activity for the same day [E]            
  MissingPluginException(No implementation found for method getApplicationDocumentsDirectory on channel plugins.flutter.io/path_provider)
  package:flutter/src/services/platform_channel.dart 365:7  MethodChannel._invokeMethod
  ===== asynchronous gap ===========================
  dart:async                                                _CustomZone.registerBinaryCallback
  test/prayer_streak_test.dart 32:7                         main.<fn>.<fn>
  

To run this test again: /Users/kcdacre8tor/flutter/bin/cache/dart-sdk/bin/dart test /Users/kcdacre8tor/ everyday-christian/test/prayer_streak_test.dart -p vm --plain-name 'PrayerStreakService Tests Record Prayer Activity should not duplicate activity for the same day'
00:11 +443 ~5 -57: /Users/kcdacre8tor/ everyday-christian/test/prayer_streak_test.dart: PrayerStreakService Tests Record Prayer Activity should record activity on different days                      
ℹ️ [2025-10-17 18:19:31.275] [INFO   ] [DatabaseHelper] Initializing database at: :memory:
00:11 +443 ~5 -57: /Users/kcdacre8tor/ everyday-christian/test/bible_loader_service_test.dart: BibleLoaderService Loading Progress should show KJV loaded after initialization                         
ℹ️ [2025-10-17 18:19:31.275] [INFO   ] [DatabaseHelper] Creating database schema v5
00:11 +443 ~5 -57: /Users/kcdacre8tor/ everyday-christian/test/prayer_streak_test.dart: PrayerStreakService Tests Record Prayer Activity should record activity on different days                      
ℹ️ [2025-10-17 18:19:31.277] [INFO   ] [DatabaseHelper] Creating database schema v5
00:11 +443 ~5 -57: /Users/kcdacre8tor/ everyday-christian/test/bible_loader_service_test.dart: BibleLoaderService Loading Progress should show KJV loaded after initialization                         
ℹ️ [2025-10-17 18:19:31.290] [INFO   ] [DatabaseHelper] Database schema created successfully
📦 Running database migrations from v1 to v2
🔄 Migrating to schema v2...
00:11 +443 ~5 -57: /Users/kcdacre8tor/ everyday-christian/test/prayer_streak_test.dart: PrayerStreakService Tests Record Prayer Activity should record activity on different days                      
ℹ️ [2025-10-17 18:19:31.293] [INFO   ] [DatabaseHelper] Database schema created successfully
00:11 +443 ~5 -57: /Users/kcdacre8tor/ everyday-christian/test/bible_loader_service_test.dart: BibleLoaderService Loading Progress should show KJV loaded after initialization                         
  → Fixing favorite_verses foreign key...
00:11 +443 ~5 -57: /Users/kcdacre8tor/ everyday-christian/test/prayer_streak_test.dart: PrayerStreakService Tests Record Prayer Activity should record activity on different days                      
📦 Running database migrations from v1 to v2
🔄 Migrating to schema v2...
00:11 +443 ~5 -57: /Users/kcdacre8tor/ everyday-christian/test/bible_loader_service_test.dart: BibleLoaderService Loading Progress should show KJV loaded after initialization                         
  → Fixing daily_verses foreign key...
00:11 +443 ~5 -57: /Users/kcdacre8tor/ everyday-christian/test/prayer_streak_test.dart: PrayerStreakService Tests Record Prayer Activity should record activity on different days                      
  → Fixing favorite_verses foreign key...
00:11 +443 ~5 -57: /Users/kcdacre8tor/ everyday-christian/test/bible_loader_service_test.dart: BibleLoaderService Loading Progress should show KJV loaded after initialization                         
  → Fixing verse_bookmarks foreign key...
00:11 +443 ~5 -57: /Users/kcdacre8tor/ everyday-christian/test/prayer_streak_test.dart: PrayerStreakService Tests Record Prayer Activity should record activity on different days                      
  → Fixing daily_verses foreign key...
00:11 +443 ~5 -57: /Users/kcdacre8tor/ everyday-christian/test/bible_loader_service_test.dart: BibleLoaderService Loading Progress should show KJV loaded after initialization                         
  → Removing duplicate column from prayer_categories...
00:11 +443 ~5 -57: /Users/kcdacre8tor/ everyday-christian/test/prayer_streak_test.dart: PrayerStreakService Tests Record Prayer Activity should record activity on different days                      
  → Fixing verse_bookmarks foreign key...
00:11 +443 ~5 -57: /Users/kcdacre8tor/ everyday-christian/test/bible_loader_service_test.dart: BibleLoaderService Loading Progress should show KJV loaded after initialization                         
  → Creating performance indexes...
00:11 +443 ~5 -57: /Users/kcdacre8tor/ everyday-christian/test/prayer_streak_test.dart: PrayerStreakService Tests Record Prayer Activity should record activity on different days                      
  → Removing duplicate column from prayer_categories...
00:11 +443 ~5 -57: /Users/kcdacre8tor/ everyday-christian/test/bible_loader_service_test.dart: BibleLoaderService Loading Progress should show KJV loaded after initialization                         
  → Creating timestamp triggers...
00:11 +443 ~5 -57: /Users/kcdacre8tor/ everyday-christian/test/prayer_streak_test.dart: PrayerStreakService Tests Record Prayer Activity should record activity on different days                      
  → Creating performance indexes...
00:11 +443 ~5 -57: /Users/kcdacre8tor/ everyday-christian/test/bible_loader_service_test.dart: BibleLoaderService Loading Progress should show KJV loaded after initialization                         
✅ Schema v2 migration complete!
✅ Database integrity verified
✅ Database migrations complete!
00:11 +443 ~5 -57: /Users/kcdacre8tor/ everyday-christian/test/prayer_streak_test.dart: PrayerStreakService Tests Record Prayer Activity should record activity on different days                      
  → Creating timestamp triggers...
✅ Schema v2 migration complete!
00:11 +443 ~5 -58: /Users/kcdacre8tor/ everyday-christian/test/prayer_streak_test.dart: PrayerStreakService Tests Record Prayer Activity should record activity on different days                      
✅ Database integrity verified
00:11 +443 ~5 -58: /Users/kcdacre8tor/ everyday-christian/test/bible_loader_service_test.dart: BibleLoaderService Loading Progress should show KJV loaded after initialization [E]                     
  Expected: a value greater than <0>
    Actual: <null>
     Which: is not a value greater than <0>
  NoSuchMethodError: The method '<' was called on null.
  Receiver: null
  Tried calling: <(0) at #0      Object.noSuchMethod (dart:core-patch/object_patch.dart:38:5)
  #1      _OrderingMatcher.matches (package:matcher/src/order_matchers.dart:81:34)
  #2      _expect (package:matcher/src/expect/expect.dart:138:30)
  #3      expect (package:matcher/src/expect/expect.dart:56:3)
  #4      expect (package:flutter_test/src/widget_tester.dart:473:18)
  #5      main.<anonymous closure>.<anonymous closure>.<anonymous closure> (file:///Users/kcdacre8tor/%20everyday-christian/test/bible_loader_service_test.dart:101:9)
  <asynchronous suspension>
  #6      Declarer.test.<anonymous closure>.<anonymous closure> (package:test_api/src/backend/declarer.dart:242:9)
  <asynchronous suspension>
  #7      Declarer.test.<anonymous closure> (package:test_api/src/backend/declarer.dart:240:7)
  <asynchronous suspension>
  #8      Invoker._waitForOutstandingCallbacks.<anonymous closure> (package:test_api/src/backend/invoker.dart:282:9)
  <asynchronous suspension>
  
  
  package:matcher                                     expect
  package:flutter_test/src/widget_tester.dart 473:18  expect
  test/bible_loader_service_test.dart 101:9           main.<fn>.<fn>.<fn>
  
00:11 +443 ~5 -58: /Users/kcdacre8tor/ everyday-christian/test/prayer_streak_test.dart: PrayerStreakService Tests Record Prayer Activity should record activity on different days                      
✅ Database migrations complete!

To run this test again: /Users/kcdacre8tor/flutter/bin/cache/dart-sdk/bin/dart test /Users/kcdacre8tor/ everyday-christian/test/bible_loader_service_test.dart -p vm --plain-name 'BibleLoaderService Loading Progress should show KJV loaded after initialization'
00:11 +443 ~5 -58: /Users/kcdacre8tor/ everyday-christian/test/bible_loader_service_test.dart: BibleLoaderService Loading Progress should return zero for unloaded versions                            
ℹ️ [2025-10-17 18:19:31.318] [INFO   ] [DatabaseHelper] Initializing database at: :memory:
ℹ️ [2025-10-17 18:19:31.320] [INFO   ] [DatabaseHelper] Creating database schema v5
00:11 +443 ~5 -59: /Users/kcdacre8tor/ everyday-christian/test/prayer_streak_test.dart: PrayerStreakService Tests Record Prayer Activity should record activity on different days [E]                  
  MissingPluginException(No implementation found for method getApplicationDocumentsDirectory on channel plugins.flutter.io/path_provider)
  package:flutter/src/services/platform_channel.dart 365:7  MethodChannel._invokeMethod
  ===== asynchronous gap ===========================
  dart:async                                                _CustomZone.registerBinaryCallback
  test/prayer_streak_test.dart 32:7                         main.<fn>.<fn>
  

To run this test again: /Users/kcdacre8tor/flutter/bin/cache/dart-sdk/bin/dart test /Users/kcdacre8tor/ everyday-christian/test/prayer_streak_test.dart -p vm --plain-name 'PrayerStreakService Tests Record Prayer Activity should record activity on different days'
00:11 +443 ~5 -59: /Users/kcdacre8tor/ everyday-christian/test/prayer_streak_test.dart: PrayerStreakService Tests Current Streak Calculation should return 0 streak when no activity                   
ℹ️ [2025-10-17 18:19:31.327] [INFO   ] [DatabaseHelper] Initializing database at: :memory:
ℹ️ [2025-10-17 18:19:31.329] [INFO   ] [DatabaseHelper] Creating database schema v5
00:11 +443 ~5 -59: /Users/kcdacre8tor/ everyday-christian/test/bible_loader_service_test.dart: BibleLoaderService Loading Progress should return zero for unloaded versions                            
ℹ️ [2025-10-17 18:19:31.346] [INFO   ] [DatabaseHelper] Database schema created successfully
📦 Running database migrations from v1 to v2
🔄 Migrating to schema v2...
  → Fixing favorite_verses foreign key...
  → Fixing daily_verses foreign key...
  → Fixing verse_bookmarks foreign key...
00:11 +443 ~5 -59: /Users/kcdacre8tor/ everyday-christian/test/prayer_streak_test.dart: PrayerStreakService Tests Current Streak Calculation should return 0 streak when no activity                   
ℹ️ [2025-10-17 18:19:31.361] [INFO   ] [DatabaseHelper] Database schema created successfully
00:11 +443 ~5 -59: /Users/kcdacre8tor/ everyday-christian/test/bible_loader_service_test.dart: BibleLoaderService Loading Progress should return zero for unloaded versions                            
  → Removing duplicate column from prayer_categories...
00:11 +443 ~5 -59: /Users/kcdacre8tor/ everyday-christian/test/prayer_streak_test.dart: PrayerStreakService Tests Current Streak Calculation should return 0 streak when no activity                   
📦 Running database migrations from v1 to v2
🔄 Migrating to schema v2...
00:11 +443 ~5 -59: /Users/kcdacre8tor/ everyday-christian/test/bible_loader_service_test.dart: BibleLoaderService Loading Progress should return zero for unloaded versions                            
  → Creating performance indexes...
00:11 +443 ~5 -59: /Users/kcdacre8tor/ everyday-christian/test/prayer_streak_test.dart: PrayerStreakService Tests Current Streak Calculation should return 0 streak when no activity                   
  → Fixing favorite_verses foreign key...
00:11 +443 ~5 -59: /Users/kcdacre8tor/ everyday-christian/test/bible_loader_service_test.dart: BibleLoaderService Loading Progress should return zero for unloaded versions                            
  → Creating timestamp triggers...
00:11 +443 ~5 -59: /Users/kcdacre8tor/ everyday-christian/test/prayer_streak_test.dart: PrayerStreakService Tests Current Streak Calculation should return 0 streak when no activity                   
  → Fixing daily_verses foreign key...
00:11 +443 ~5 -59: /Users/kcdacre8tor/ everyday-christian/test/bible_loader_service_test.dart: BibleLoaderService Loading Progress should return zero for unloaded versions                            
✅ Schema v2 migration complete!
00:11 +443 ~5 -59: /Users/kcdacre8tor/ everyday-christian/test/prayer_streak_test.dart: PrayerStreakService Tests Current Streak Calculation should return 0 streak when no activity                   
  → Fixing verse_bookmarks foreign key...
00:11 +443 ~5 -59: /Users/kcdacre8tor/ everyday-christian/test/bible_loader_service_test.dart: BibleLoaderService Loading Progress should return zero for unloaded versions                            
✅ Database integrity verified
✅ Database migrations complete!
00:11 +443 ~5 -60: /Users/kcdacre8tor/ everyday-christian/test/prayer_streak_test.dart: PrayerStreakService Tests Current Streak Calculation should return 0 streak when no activity                   
  → Removing duplicate column from prayer_categories...
00:11 +443 ~5 -60: /Users/kcdacre8tor/ everyday-christian/test/bible_loader_service_test.dart: BibleLoaderService Loading Progress should return zero for unloaded versions [E]                        
  Expected: a value greater than or equal to <0>
    Actual: <null>
     Which: is not a value greater than or equal to <0>
  NoSuchMethodError: The method '<' was called on null.
  Receiver: null
  Tried calling: <(0) at #0      Object.noSuchMethod (dart:core-patch/object_patch.dart:38:5)
  #1      _OrderingMatcher.matches (package:matcher/src/order_matchers.dart:81:34)
  #2      _expect (package:matcher/src/expect/expect.dart:138:30)
  #3      expect (package:matcher/src/expect/expect.dart:56:3)
  #4      expect (package:flutter_test/src/widget_tester.dart:473:18)
  #5      main.<anonymous closure>.<anonymous closure>.<anonymous closure> (file:///Users/kcdacre8tor/%20everyday-christian/test/bible_loader_service_test.dart:110:9)
  <asynchronous suspension>
  #6      Declarer.test.<anonymous closure>.<anonymous closure> (package:test_api/src/backend/declarer.dart:242:9)
  <asynchronous suspension>
  #7      Declarer.test.<anonymous closure> (package:test_api/src/backend/declarer.dart:240:7)
  <asynchronous suspension>
  #8      Invoker._waitForOutstandingCallbacks.<anonymous closure> (package:test_api/src/backend/invoker.dart:282:9)
  <asynchronous suspension>
  
  
  package:matcher                                     expect
  package:flutter_test/src/widget_tester.dart 473:18  expect
  test/bible_loader_service_test.dart 110:9           main.<fn>.<fn>.<fn>
  
00:11 +443 ~5 -60: /Users/kcdacre8tor/ everyday-christian/test/prayer_streak_test.dart: PrayerStreakService Tests Current Streak Calculation should return 0 streak when no activity                   
  → Creating performance indexes...

To run this test again: /Users/kcdacre8tor/flutter/bin/cache/dart-sdk/bin/dart test /Users/kcdacre8tor/ everyday-christian/test/bible_loader_service_test.dart -p vm --plain-name 'BibleLoaderService Loading Progress should return zero for unloaded versions'
00:11 +443 ~5 -60: /Users/kcdacre8tor/ everyday-christian/test/bible_loader_service_test.dart: BibleLoaderService Book Name Conversion should convert Genesis abbreviation to full name                
ℹ️ [2025-10-17 18:19:31.387] [INFO   ] [DatabaseHelper] Initializing database at: :memory:
ℹ️ [2025-10-17 18:19:31.391] [INFO   ] [DatabaseHelper] Creating database schema v5
00:11 +443 ~5 -60: /Users/kcdacre8tor/ everyday-christian/test/prayer_streak_test.dart: PrayerStreakService Tests Current Streak Calculation should return 0 streak when no activity                   
  → Creating timestamp triggers...
✅ Schema v2 migration complete!
✅ Database integrity verified
✅ Database migrations complete!
00:11 +443 ~5 -61: /Users/kcdacre8tor/ everyday-christian/test/prayer_streak_test.dart: PrayerStreakService Tests Current Streak Calculation should return 0 streak when no activity [E]               
  MissingPluginException(No implementation found for method getApplicationDocumentsDirectory on channel plugins.flutter.io/path_provider)
  package:flutter/src/services/platform_channel.dart 365:7  MethodChannel._invokeMethod
  ===== asynchronous gap ===========================
  dart:async                                                _CustomZone.registerBinaryCallback
  test/prayer_streak_test.dart 32:7                         main.<fn>.<fn>
  

To run this test again: /Users/kcdacre8tor/flutter/bin/cache/dart-sdk/bin/dart test /Users/kcdacre8tor/ everyday-christian/test/prayer_streak_test.dart -p vm --plain-name 'PrayerStreakService Tests Current Streak Calculation should return 0 streak when no activity'
00:11 +443 ~5 -61: /Users/kcdacre8tor/ everyday-christian/test/prayer_streak_test.dart: PrayerStreakService Tests Current Streak Calculation should return 1 for single day activity                   
ℹ️ [2025-10-17 18:19:31.415] [INFO   ] [DatabaseHelper] Initializing database at: :memory:
ℹ️ [2025-10-17 18:19:31.420] [INFO   ] [DatabaseHelper] Creating database schema v5
00:11 +443 ~5 -61: /Users/kcdacre8tor/ everyday-christian/test/bible_loader_service_test.dart: BibleLoaderService Book Name Conversion should convert Genesis abbreviation to full name                
ℹ️ [2025-10-17 18:19:31.435] [INFO   ] [DatabaseHelper] Database schema created successfully
📦 Running database migrations from v1 to v2
🔄 Migrating to schema v2...
  → Fixing favorite_verses foreign key...
  → Fixing daily_verses foreign key...
  → Fixing verse_bookmarks foreign key...
  → Removing duplicate column from prayer_categories...
  → Creating performance indexes...
00:11 +443 ~5 -61: /Users/kcdacre8tor/ everyday-christian/test/prayer_streak_test.dart: PrayerStreakService Tests Current Streak Calculation should return 1 for single day activity                   
ℹ️ [2025-10-17 18:19:31.462] [INFO   ] [DatabaseHelper] Database schema created successfully
📦 Running database migrations from v1 to v2
🔄 Migrating to schema v2...
  → Fixing favorite_verses foreign key...
00:11 +443 ~5 -61: /Users/kcdacre8tor/ everyday-christian/test/bible_loader_service_test.dart: BibleLoaderService Book Name Conversion should convert Genesis abbreviation to full name                
  → Creating timestamp triggers...
00:11 +443 ~5 -61: /Users/kcdacre8tor/ everyday-christian/test/prayer_streak_test.dart: PrayerStreakService Tests Current Streak Calculation should return 1 for single day activity                   
  → Fixing daily_verses foreign key...
00:11 +443 ~5 -61: /Users/kcdacre8tor/ everyday-christian/test/bible_loader_service_test.dart: BibleLoaderService Book Name Conversion should convert Genesis abbreviation to full name                
✅ Schema v2 migration complete!
✅ Database integrity verified
✅ Database migrations complete!
00:11 +443 ~5 -61: /Users/kcdacre8tor/ everyday-christian/test/prayer_streak_test.dart: PrayerStreakService Tests Current Streak Calculation should return 1 for single day activity                   
  → Fixing verse_bookmarks foreign key...
  → Removing duplicate column from prayer_categories...
00:11 +444 ~5 -61: /Users/kcdacre8tor/ everyday-christian/test/glass_card_test.dart: GlassContainer should render with default properties                                                              00:11 +444 ~5 -61: /Users/kcdacre8tor/ everyday-christian/test/prayer_streak_test.dart: PrayerStreakService Tests Current Streak Calculation should return 1 for single day activity                   
  → Creating performance indexes...
00:11 +444 ~5 -61: /Users/kcdacre8tor/ everyday-christian/test/bible_loader_service_test.dart: BibleLoaderService Book Name Conversion should handle Old Testament book names                          
ℹ️ [2025-10-17 18:19:31.486] [INFO   ] [DatabaseHelper] Initializing database at: :memory:
ℹ️ [2025-10-17 18:19:31.492] [INFO   ] [DatabaseHelper] Creating database schema v5
00:11 +444 ~5 -61: /Users/kcdacre8tor/ everyday-christian/test/prayer_streak_test.dart: PrayerStreakService Tests Current Streak Calculation should return 1 for single day activity                   
  → Creating timestamp triggers...
✅ Schema v2 migration complete!
00:11 +445 ~5 -61: /Users/kcdacre8tor/ everyday-christian/test/prayer_streak_test.dart: PrayerStreakService Tests Current Streak Calculation should return 1 for single day activity                   00:11 +445 ~5 -61: /Users/kcdacre8tor/ everyday-christian/test/prayer_streak_test.dart: PrayerStreakService Tests Current Streak Calculation should return 1 for single day activity                   
✅ Database integrity verified
✅ Database migrations complete!
00:11 +445 ~5 -62: /Users/kcdacre8tor/ everyday-christian/test/prayer_streak_test.dart: PrayerStreakService Tests Current Streak Calculation should return 1 for single day activity [E]               
  MissingPluginException(No implementation found for method getApplicationDocumentsDirectory on channel plugins.flutter.io/path_provider)
  package:flutter/src/services/platform_channel.dart 365:7  MethodChannel._invokeMethod
  ===== asynchronous gap ===========================
  dart:async                                                _CustomZone.registerBinaryCallback
  test/prayer_streak_test.dart 32:7                         main.<fn>.<fn>
  

To run this test again: /Users/kcdacre8tor/flutter/bin/cache/dart-sdk/bin/dart test /Users/kcdacre8tor/ everyday-christian/test/prayer_streak_test.dart -p vm --plain-name 'PrayerStreakService Tests Current Streak Calculation should return 1 for single day activity'
00:11 +445 ~5 -62: /Users/kcdacre8tor/ everyday-christian/test/prayer_streak_test.dart: PrayerStreakService Tests Current Streak Calculation should calculate consecutive days correctly               
ℹ️ [2025-10-17 18:19:31.504] [INFO   ] [DatabaseHelper] Initializing database at: :memory:
ℹ️ [2025-10-17 18:19:31.506] [INFO   ] [DatabaseHelper] Creating database schema v5
00:11 +445 ~5 -62: /Users/kcdacre8tor/ everyday-christian/test/bible_loader_service_test.dart: BibleLoaderService Book Name Conversion should handle Old Testament book names                          
ℹ️ [2025-10-17 18:19:31.509] [INFO   ] [DatabaseHelper] Database schema created successfully
📦 Running database migrations from v1 to v2
🔄 Migrating to schema v2...
  → Fixing favorite_verses foreign key...
  → Fixing daily_verses foreign key...
  → Fixing verse_bookmarks foreign key...
  → Removing duplicate column from prayer_categories...
00:11 +446 ~5 -62: /Users/kcdacre8tor/ everyday-christian/test/bible_loader_service_test.dart: BibleLoaderService Book Name Conversion should handle Old Testament book names                          00:11 +446 ~5 -62: /Users/kcdacre8tor/ everyday-christian/test/bible_loader_service_test.dart: BibleLoaderService Book Name Conversion should handle Old Testament book names                          
  → Creating performance indexes...
  → Creating timestamp triggers...
✅ Schema v2 migration complete!
00:11 +446 ~5 -62: /Users/kcdacre8tor/ everyday-christian/test/prayer_streak_test.dart: PrayerStreakService Tests Current Streak Calculation should calculate consecutive days correctly               
ℹ️ [2025-10-17 18:19:31.522] [INFO   ] [DatabaseHelper] Database schema created successfully
00:11 +446 ~5 -62: /Users/kcdacre8tor/ everyday-christian/test/bible_loader_service_test.dart: BibleLoaderService Book Name Conversion should handle Old Testament book names                          
✅ Database integrity verified
✅ Database migrations complete!
00:11 +446 ~5 -62: /Users/kcdacre8tor/ everyday-christian/test/prayer_streak_test.dart: PrayerStreakService Tests Current Streak Calculation should calculate consecutive days correctly               
📦 Running database migrations from v1 to v2
🔄 Migrating to schema v2...
  → Fixing favorite_verses foreign key...
  → Fixing daily_verses foreign key...
00:11 +447 ~5 -62: /Users/kcdacre8tor/ everyday-christian/test/prayer_streak_test.dart: PrayerStreakService Tests Current Streak Calculation should calculate consecutive days correctly               00:11 +447 ~5 -62: /Users/kcdacre8tor/ everyday-christian/test/prayer_streak_test.dart: PrayerStreakService Tests Current Streak Calculation should calculate consecutive days correctly               
  → Fixing verse_bookmarks foreign key...
00:11 +447 ~5 -62: /Users/kcdacre8tor/ everyday-christian/test/bible_loader_service_test.dart: BibleLoaderService Book Name Conversion should handle New Testament book names                          
ℹ️ [2025-10-17 18:19:31.527] [INFO   ] [DatabaseHelper] Initializing database at: :memory:
00:11 +447 ~5 -62: /Users/kcdacre8tor/ everyday-christian/test/prayer_streak_test.dart: PrayerStreakService Tests Current Streak Calculation should calculate consecutive days correctly               
  → Removing duplicate column from prayer_categories...
00:11 +447 ~5 -62: /Users/kcdacre8tor/ everyday-christian/test/bible_loader_service_test.dart: BibleLoaderService Book Name Conversion should handle New Testament book names                          
ℹ️ [2025-10-17 18:19:31.528] [INFO   ] [DatabaseHelper] Creating database schema v5
00:11 +447 ~5 -62: /Users/kcdacre8tor/ everyday-christian/test/prayer_streak_test.dart: PrayerStreakService Tests Current Streak Calculation should calculate consecutive days correctly               
  → Creating performance indexes...
  → Creating timestamp triggers...
✅ Schema v2 migration complete!
✅ Database integrity verified
✅ Database migrations complete!
00:11 +448 ~5 -62: /Users/kcdacre8tor/ everyday-christian/test/prayer_streak_test.dart: PrayerStreakService Tests Current Streak Calculation should calculate consecutive days correctly               00:11 +448 ~5 -63: /Users/kcdacre8tor/ everyday-christian/test/prayer_streak_test.dart: PrayerStreakService Tests Current Streak Calculation should calculate consecutive days correctly [E]           
  MissingPluginException(No implementation found for method getApplicationDocumentsDirectory on channel plugins.flutter.io/path_provider)
  package:flutter/src/services/platform_channel.dart 365:7  MethodChannel._invokeMethod
  ===== asynchronous gap ===========================
  dart:async                                                _CustomZone.registerBinaryCallback
  test/prayer_streak_test.dart 32:7                         main.<fn>.<fn>
  

To run this test again: /Users/kcdacre8tor/flutter/bin/cache/dart-sdk/bin/dart test /Users/kcdacre8tor/ everyday-christian/test/prayer_streak_test.dart -p vm --plain-name 'PrayerStreakService Tests Current Streak Calculation should calculate consecutive days correctly'
00:11 +448 ~5 -63: /Users/kcdacre8tor/ everyday-christian/test/bible_loader_service_test.dart: BibleLoaderService Book Name Conversion should handle New Testament book names                          
ℹ️ [2025-10-17 18:19:31.539] [INFO   ] [DatabaseHelper] Database schema created successfully
📦 Running database migrations from v1 to v2
00:11 +448 ~5 -63: /Users/kcdacre8tor/ everyday-christian/test/prayer_streak_test.dart: PrayerStreakService Tests Current Streak Calculation should handle gaps in activity correctly                  
ℹ️ [2025-10-17 18:19:31.540] [INFO   ] [DatabaseHelper] Initializing database at: :memory:
00:11 +448 ~5 -63: /Users/kcdacre8tor/ everyday-christian/test/bible_loader_service_test.dart: BibleLoaderService Book Name Conversion should handle New Testament book names                          
🔄 Migrating to schema v2...
  → Fixing favorite_verses foreign key...
00:11 +448 ~5 -63: /Users/kcdacre8tor/ everyday-christian/test/prayer_streak_test.dart: PrayerStreakService Tests Current Streak Calculation should handle gaps in activity correctly                  
ℹ️ [2025-10-17 18:19:31.542] [INFO   ] [DatabaseHelper] Creating database schema v5
00:11 +448 ~5 -63: /Users/kcdacre8tor/ everyday-christian/test/bible_loader_service_test.dart: BibleLoaderService Book Name Conversion should handle New Testament book names                          
  → Fixing daily_verses foreign key...
  → Fixing verse_bookmarks foreign key...
  → Removing duplicate column from prayer_categories...
  → Creating performance indexes...
00:11 +449 ~5 -63: /Users/kcdacre8tor/ everyday-christian/test/bible_loader_service_test.dart: BibleLoaderService Book Name Conversion should handle New Testament book names                          00:11 +449 ~5 -63: /Users/kcdacre8tor/ everyday-christian/test/bible_loader_service_test.dart: BibleLoaderService Book Name Conversion should handle New Testament book names                          
  → Creating timestamp triggers...
✅ Schema v2 migration complete!
✅ Database integrity verified
✅ Database migrations complete!
00:11 +449 ~5 -63: /Users/kcdacre8tor/ everyday-christian/test/prayer_streak_test.dart: PrayerStreakService Tests Current Streak Calculation should handle gaps in activity correctly                  
ℹ️ [2025-10-17 18:19:31.555] [INFO   ] [DatabaseHelper] Database schema created successfully
00:11 +450 ~5 -63: /Users/kcdacre8tor/ everyday-christian/test/prayer_streak_test.dart: PrayerStreakService Tests Current Streak Calculation should handle gaps in activity correctly                  00:11 +450 ~5 -63: /Users/kcdacre8tor/ everyday-christian/test/prayer_streak_test.dart: PrayerStreakService Tests Current Streak Calculation should handle gaps in activity correctly                  
📦 Running database migrations from v1 to v2
🔄 Migrating to schema v2...
00:11 +450 ~5 -63: /Users/kcdacre8tor/ everyday-christian/test/bible_loader_service_test.dart: BibleLoaderService Database Integration should insert verses into database                              
ℹ️ [2025-10-17 18:19:31.556] [INFO   ] [DatabaseHelper] Initializing database at: :memory:
00:11 +450 ~5 -63: /Users/kcdacre8tor/ everyday-christian/test/prayer_streak_test.dart: PrayerStreakService Tests Current Streak Calculation should handle gaps in activity correctly                  
  → Fixing favorite_verses foreign key...
00:11 +450 ~5 -63: /Users/kcdacre8tor/ everyday-christian/test/bible_loader_service_test.dart: BibleLoaderService Database Integration should insert verses into database                              
ℹ️ [2025-10-17 18:19:31.557] [INFO   ] [DatabaseHelper] Creating database schema v5
00:11 +450 ~5 -63: /Users/kcdacre8tor/ everyday-christian/test/prayer_streak_test.dart: PrayerStreakService Tests Current Streak Calculation should handle gaps in activity correctly                  
  → Fixing daily_verses foreign key...
  → Fixing verse_bookmarks foreign key...
  → Removing duplicate column from prayer_categories...
  → Creating performance indexes...
  → Creating timestamp triggers...
✅ Schema v2 migration complete!
✅ Database integrity verified
✅ Database migrations complete!
00:11 +451 ~5 -63: /Users/kcdacre8tor/ everyday-christian/test/prayer_streak_test.dart: PrayerStreakService Tests Current Streak Calculation should handle gaps in activity correctly                  00:11 +451 ~5 -64: /Users/kcdacre8tor/ everyday-christian/test/bible_loader_service_test.dart: BibleLoaderService Database Integration should insert verses into database                              
ℹ️ [2025-10-17 18:19:31.573] [INFO   ] [DatabaseHelper] Database schema created successfully
00:11 +451 ~5 -64: /Users/kcdacre8tor/ everyday-christian/test/prayer_streak_test.dart: PrayerStreakService Tests Current Streak Calculation should handle gaps in activity correctly [E]              
  MissingPluginException(No implementation found for method getApplicationDocumentsDirectory on channel plugins.flutter.io/path_provider)
  package:flutter/src/services/platform_channel.dart 365:7  MethodChannel._invokeMethod
  ===== asynchronous gap ===========================
  dart:async                                                _CustomZone.registerBinaryCallback
  test/prayer_streak_test.dart 32:7                         main.<fn>.<fn>
  

To run this test again: /Users/kcdacre8tor/flutter/bin/cache/dart-sdk/bin/dart test /Users/kcdacre8tor/ everyday-christian/test/prayer_streak_test.dart -p vm --plain-name 'PrayerStreakService Tests Current Streak Calculation should handle gaps in activity correctly'
00:11 +451 ~5 -64: /Users/kcdacre8tor/ everyday-christian/test/bible_loader_service_test.dart: BibleLoaderService Database Integration should insert verses into database                              
📦 Running database migrations from v1 to v2
🔄 Migrating to schema v2...
  → Fixing favorite_verses foreign key...
00:11 +451 ~5 -64: /Users/kcdacre8tor/ everyday-christian/test/prayer_streak_test.dart: PrayerStreakService Tests Current Streak Calculation should return 0 if last activity was not today or yesterday
ℹ️ [2025-10-17 18:19:31.576] [INFO   ] [DatabaseHelper] Initializing database at: :memory:
00:11 +451 ~5 -64: /Users/kcdacre8tor/ everyday-christian/test/bible_loader_service_test.dart: BibleLoaderService Database Integration should insert verses into database                              
  → Fixing daily_verses foreign key...
00:11 +451 ~5 -64: /Users/kcdacre8tor/ everyday-christian/test/prayer_streak_test.dart: PrayerStreakService Tests Current Streak Calculation should return 0 if last activity was not today or yesterday
ℹ️ [2025-10-17 18:19:31.577] [INFO   ] [DatabaseHelper] Creating database schema v5
00:11 +451 ~5 -64: /Users/kcdacre8tor/ everyday-christian/test/bible_loader_service_test.dart: BibleLoaderService Database Integration should insert verses into database                              
  → Fixing verse_bookmarks foreign key...
  → Removing duplicate column from prayer_categories...
  → Creating performance indexes...
  → Creating timestamp triggers...
✅ Schema v2 migration complete!
✅ Database integrity verified
✅ Database migrations complete!
00:11 +452 ~5 -64: /Users/kcdacre8tor/ everyday-christian/test/bible_loader_service_test.dart: BibleLoaderService Database Integration should insert verses into database                              00:12 +452 ~5 -64: /Users/kcdacre8tor/ everyday-christian/test/bible_loader_service_test.dart: BibleLoaderService Database Integration should insert verses into database                              00:12 +453 ~5 -64: /Users/kcdacre8tor/ ... PrayerStreakService Tests Current Streak Calculation should return 0 if last activity was not today or yesterday                                            00:12 +453 ~5 -64: /Users/kcdacre8tor/ everyday-christian/test/bible_loader_service_test.dart: BibleLoaderService Database Integration should handle multiple verses from same book                    
ℹ️ [2025-10-17 18:19:31.589] [INFO   ] [DatabaseHelper] Initializing database at: :memory:
00:12 +453 ~5 -64: /Users/kcdacre8tor/ everyday-christian/test/prayer_streak_test.dart: PrayerStreakService Tests Current Streak Calculation should return 0 if last activity was not today or yesterday
ℹ️ [2025-10-17 18:19:31.590] [INFO   ] [DatabaseHelper] Database schema created successfully
00:12 +453 ~5 -64: /Users/kcdacre8tor/ everyday-christian/test/bible_loader_service_test.dart: BibleLoaderService Database Integration should handle multiple verses from same book                    
ℹ️ [2025-10-17 18:19:31.591] [INFO   ] [DatabaseHelper] Creating database schema v5
00:12 +453 ~5 -64: /Users/kcdacre8tor/ everyday-christian/test/prayer_streak_test.dart: PrayerStreakService Tests Current Streak Calculation should return 0 if last activity was not today or yesterday
📦 Running database migrations from v1 to v2
🔄 Migrating to schema v2...
  → Fixing favorite_verses foreign key...
  → Fixing daily_verses foreign key...
  → Fixing verse_bookmarks foreign key...
  → Removing duplicate column from prayer_categories...
  → Creating performance indexes...
00:12 +454 ~5 -64: /Users/kcdacre8tor/ ... PrayerStreakService Tests Current Streak Calculation should return 0 if last activity was not today or yesterday                                            00:12 +454 ~5 -64: /Users/kcdacre8tor/ everyday-christian/test/prayer_streak_test.dart: PrayerStreakService Tests Current Streak Calculation should return 0 if last activity was not today or yesterday
  → Creating timestamp triggers...
✅ Schema v2 migration complete!
✅ Database integrity verified
00:12 +454 ~5 -64: /Users/kcdacre8tor/ everyday-christian/test/bible_loader_service_test.dart: BibleLoaderService Database Integration should handle multiple verses from same book                    
ℹ️ [2025-10-17 18:19:31.603] [INFO   ] [DatabaseHelper] Database schema created successfully
00:12 +454 ~5 -64: /Users/kcdacre8tor/ everyday-christian/test/prayer_streak_test.dart: PrayerStreakService Tests Current Streak Calculation should return 0 if last activity was not today or yesterday
✅ Database migrations complete!
00:12 +454 ~5 -64: /Users/kcdacre8tor/ everyday-christian/test/bible_loader_service_test.dart: BibleLoaderService Database Integration should handle multiple verses from same book                    
📦 Running database migrations from v1 to v2
🔄 Migrating to schema v2...
  → Fixing favorite_verses foreign key...
00:12 +454 ~5 -65: /Users/kcdacre8tor/ everyday-christian/test/bible_loader_service_test.dart: BibleLoaderService Database Integration should handle multiple verses from same book                    
  → Fixing daily_verses foreign key...
  → Fixing verse_bookmarks foreign key...
00:12 +454 ~5 -65: /Users/kcdacre8tor/ everyday-christian/test/prayer_streak_test.dart: PrayerStreakService Tests Current Streak Calculation should return 0 if last activity was not today or yesterday [E]
  MissingPluginException(No implementation found for method getApplicationDocumentsDirectory on channel plugins.flutter.io/path_provider)
  package:flutter/src/services/platform_channel.dart 365:7  MethodChannel._invokeMethod
  ===== asynchronous gap ===========================
  dart:async                                                _CustomZone.registerBinaryCallback
  test/prayer_streak_test.dart 32:7                         main.<fn>.<fn>
  

To run this test again: /Users/kcdacre8tor/flutter/bin/cache/dart-sdk/bin/dart test /Users/kcdacre8tor/ everyday-christian/test/prayer_streak_test.dart -p vm --plain-name 'PrayerStreakService Tests Current Streak Calculation should return 0 if last activity was not today or yesterday'
00:12 +454 ~5 -65: /Users/kcdacre8tor/ everyday-christian/test/bible_loader_service_test.dart: BibleLoaderService Database Integration should handle multiple verses from same book                    
  → Removing duplicate column from prayer_categories...
00:12 +454 ~5 -65: /Users/kcdacre8tor/ everyday-christian/test/prayer_streak_test.dart: PrayerStreakService Tests Longest Streak Calculation should return 0 when no activity                          
ℹ️ [2025-10-17 18:19:31.610] [INFO   ] [DatabaseHelper] Initializing database at: :memory:
00:12 +454 ~5 -65: /Users/kcdacre8tor/ everyday-christian/test/bible_loader_service_test.dart: BibleLoaderService Database Integration should handle multiple verses from same book                    
  → Creating performance indexes...
00:12 +454 ~5 -65: /Users/kcdacre8tor/ everyday-christian/test/prayer_streak_test.dart: PrayerStreakService Tests Longest Streak Calculation should return 0 when no activity                          
ℹ️ [2025-10-17 18:19:31.611] [INFO   ] [DatabaseHelper] Creating database schema v5
00:12 +454 ~5 -65: /Users/kcdacre8tor/ everyday-christian/test/bible_loader_service_test.dart: BibleLoaderService Database Integration should handle multiple verses from same book                    
  → Creating timestamp triggers...
✅ Schema v2 migration complete!
✅ Database integrity verified
✅ Database migrations complete!
00:12 +455 ~5 -65: /Users/kcdacre8tor/ everyday-christian/test/bible_loader_service_test.dart: BibleLoaderService Database Integration should handle multiple verses from same book                    00:12 +456 ~5 -65: /Users/kcdacre8tor/ everyday-christian/test/prayer_streak_test.dart: PrayerStreakService Tests Longest Streak Calculation should return 0 when no activity                          00:12 +456 ~5 -65: /Users/kcdacre8tor/ everyday-christian/test/bible_loader_service_test.dart: BibleLoaderService Database Integration should handle multiple chapters from same book                  
ℹ️ [2025-10-17 18:19:31.620] [INFO   ] [DatabaseHelper] Initializing database at: :memory:
ℹ️ [2025-10-17 18:19:31.622] [INFO   ] [DatabaseHelper] Creating database schema v5
00:12 +456 ~5 -65: /Users/kcdacre8tor/ everyday-christian/test/prayer_streak_test.dart: PrayerStreakService Tests Longest Streak Calculation should return 0 when no activity                          
ℹ️ [2025-10-17 18:19:31.625] [INFO   ] [DatabaseHelper] Database schema created successfully
📦 Running database migrations from v1 to v2
🔄 Migrating to schema v2...
  → Fixing favorite_verses foreign key...
  → Fixing daily_verses foreign key...
  → Fixing verse_bookmarks foreign key...
  → Removing duplicate column from prayer_categories...
00:12 +457 ~5 -65: /Users/kcdacre8tor/ everyday-christian/test/prayer_streak_test.dart: PrayerStreakService Tests Longest Streak Calculation should return 0 when no activity                          00:12 +457 ~5 -65: /Users/kcdacre8tor/ everyday-christian/test/prayer_streak_test.dart: PrayerStreakService Tests Longest Streak Calculation should return 0 when no activity                          
  → Creating performance indexes...
00:12 +457 ~5 -65: /Users/kcdacre8tor/ everyday-christian/test/bible_loader_service_test.dart: BibleLoaderService Database Integration should handle multiple chapters from same book                  
ℹ️ [2025-10-17 18:19:31.635] [INFO   ] [DatabaseHelper] Database schema created successfully
📦 Running database migrations from v1 to v2
00:12 +457 ~5 -65: /Users/kcdacre8tor/ everyday-christian/test/prayer_streak_test.dart: PrayerStreakService Tests Longest Streak Calculation should return 0 when no activity                          
  → Creating timestamp triggers...
00:12 +457 ~5 -65: /Users/kcdacre8tor/ everyday-christian/test/bible_loader_service_test.dart: BibleLoaderService Database Integration should handle multiple chapters from same book                  
🔄 Migrating to schema v2...
  → Fixing favorite_verses foreign key...
00:12 +457 ~5 -65: /Users/kcdacre8tor/ everyday-christian/test/prayer_streak_test.dart: PrayerStreakService Tests Longest Streak Calculation should return 0 when no activity                          
✅ Schema v2 migration complete!
✅ Database integrity verified
✅ Database migrations complete!
00:12 +457 ~5 -65: /Users/kcdacre8tor/ everyday-christian/test/bible_loader_service_test.dart: BibleLoaderService Database Integration should handle multiple chapters from same book                  
  → Fixing daily_verses foreign key...
00:12 +457 ~5 -66: /Users/kcdacre8tor/ everyday-christian/test/bible_loader_service_test.dart: BibleLoaderService Database Integration should handle multiple chapters from same book                  
  → Fixing verse_bookmarks foreign key...
  → Removing duplicate column from prayer_categories...
00:12 +457 ~5 -66: /Users/kcdacre8tor/ everyday-christian/test/prayer_streak_test.dart: PrayerStreakService Tests Longest Streak Calculation should return 0 when no activity [E]                      
  MissingPluginException(No implementation found for method getApplicationDocumentsDirectory on channel plugins.flutter.io/path_provider)
  package:flutter/src/services/platform_channel.dart 365:7  MethodChannel._invokeMethod
  ===== asynchronous gap ===========================
  dart:async                                                _CustomZone.registerBinaryCallback
  test/prayer_streak_test.dart 32:7                         main.<fn>.<fn>
  

To run this test again: /Users/kcdacre8tor/flutter/bin/cache/dart-sdk/bin/dart test /Users/kcdacre8tor/ everyday-christian/test/prayer_streak_test.dart -p vm --plain-name 'PrayerStreakService Tests Longest Streak Calculation should return 0 when no activity'
00:12 +457 ~5 -66: /Users/kcdacre8tor/ everyday-christian/test/bible_loader_service_test.dart: BibleLoaderService Database Integration should handle multiple chapters from same book                  
  → Creating performance indexes...
00:12 +457 ~5 -66: /Users/kcdacre8tor/ everyday-christian/test/prayer_streak_test.dart: PrayerStreakService Tests Longest Streak Calculation should return 1 for single day activity                   
ℹ️ [2025-10-17 18:19:31.645] [INFO   ] [DatabaseHelper] Initializing database at: :memory:
00:12 +457 ~5 -66: /Users/kcdacre8tor/ everyday-christian/test/bible_loader_service_test.dart: BibleLoaderService Database Integration should handle multiple chapters from same book                  
  → Creating timestamp triggers...
✅ Schema v2 migration complete!
00:12 +457 ~5 -66: /Users/kcdacre8tor/ everyday-christian/test/prayer_streak_test.dart: PrayerStreakService Tests Longest Streak Calculation should return 1 for single day activity                   
ℹ️ [2025-10-17 18:19:31.647] [INFO   ] [DatabaseHelper] Creating database schema v5
00:12 +457 ~5 -66: /Users/kcdacre8tor/ everyday-christian/test/bible_loader_service_test.dart: BibleLoaderService Database Integration should handle multiple chapters from same book                  
✅ Database integrity verified
✅ Database migrations complete!
00:12 +458 ~5 -66: /Users/kcdacre8tor/ everyday-christian/test/bible_loader_service_test.dart: BibleLoaderService Database Integration should handle multiple chapters from same book                  00:12 +459 ~5 -66: /Users/kcdacre8tor/ everyday-christian/test/prayer_streak_test.dart: PrayerStreakService Tests Longest Streak Calculation should return 1 for single day activity                   00:12 +459 ~5 -66: /Users/kcdacre8tor/ everyday-christian/test/bible_loader_service_test.dart: BibleLoaderService Database Integration should support multiple Bible versions                          
ℹ️ [2025-10-17 18:19:31.653] [INFO   ] [DatabaseHelper] Initializing database at: :memory:
ℹ️ [2025-10-17 18:19:31.654] [INFO   ] [DatabaseHelper] Creating database schema v5
00:12 +459 ~5 -66: /Users/kcdacre8tor/ everyday-christian/test/prayer_streak_test.dart: PrayerStreakService Tests Longest Streak Calculation should return 1 for single day activity                   
ℹ️ [2025-10-17 18:19:31.661] [INFO   ] [DatabaseHelper] Database schema created successfully
📦 Running database migrations from v1 to v2
🔄 Migrating to schema v2...
  → Fixing favorite_verses foreign key...
00:12 +460 ~5 -66: /Users/kcdacre8tor/ everyday-christian/test/prayer_streak_test.dart: PrayerStreakService Tests Longest Streak Calculation should return 1 for single day activity                   00:12 +460 ~5 -66: /Users/kcdacre8tor/ everyday-christian/test/prayer_streak_test.dart: PrayerStreakService Tests Longest Streak Calculation should return 1 for single day activity                   
  → Fixing daily_verses foreign key...
  → Fixing verse_bookmarks foreign key...
00:12 +460 ~5 -66: /Users/kcdacre8tor/ everyday-christian/test/bible_loader_service_test.dart: BibleLoaderService Database Integration should support multiple Bible versions                          
ℹ️ [2025-10-17 18:19:31.673] [INFO   ] [DatabaseHelper] Database schema created successfully
00:12 +460 ~5 -66: /Users/kcdacre8tor/ everyday-christian/test/prayer_streak_test.dart: PrayerStreakService Tests Longest Streak Calculation should return 1 for single day activity                   
  → Removing duplicate column from prayer_categories...
00:12 +460 ~5 -66: /Users/kcdacre8tor/ everyday-christian/test/bible_loader_service_test.dart: BibleLoaderService Database Integration should support multiple Bible versions                          
📦 Running database migrations from v1 to v2
🔄 Migrating to schema v2...
  → Fixing favorite_verses foreign key...
00:12 +460 ~5 -66: /Users/kcdacre8tor/ everyday-christian/test/prayer_streak_test.dart: PrayerStreakService Tests Longest Streak Calculation should return 1 for single day activity                   
  → Creating performance indexes...
00:12 +460 ~5 -66: /Users/kcdacre8tor/ everyday-christian/test/bible_loader_service_test.dart: BibleLoaderService Database Integration should support multiple Bible versions                          
  → Fixing daily_verses foreign key...
00:12 +460 ~5 -66: /Users/kcdacre8tor/ everyday-christian/test/prayer_streak_test.dart: PrayerStreakService Tests Longest Streak Calculation should return 1 for single day activity                   
  → Creating timestamp triggers...
✅ Schema v2 migration complete!
00:12 +460 ~5 -66: /Users/kcdacre8tor/ everyday-christian/test/bible_loader_service_test.dart: BibleLoaderService Database Integration should support multiple Bible versions                          
  → Fixing verse_bookmarks foreign key...
00:12 +460 ~5 -66: /Users/kcdacre8tor/ everyday-christian/test/prayer_streak_test.dart: PrayerStreakService Tests Longest Streak Calculation should return 1 for single day activity                   
✅ Database integrity verified
✅ Database migrations complete!
00:12 +460 ~5 -66: /Users/kcdacre8tor/ everyday-christian/test/bible_loader_service_test.dart: BibleLoaderService Database Integration should support multiple Bible versions                          
  → Removing duplicate column from prayer_categories...
  → Creating performance indexes...
00:12 +460 ~5 -67: /Users/kcdacre8tor/ everyday-christian/test/bible_loader_service_test.dart: BibleLoaderService Database Integration should support multiple Bible versions                          
  → Creating timestamp triggers...
00:12 +460 ~5 -67: /Users/kcdacre8tor/ everyday-christian/test/prayer_streak_test.dart: PrayerStreakService Tests Longest Streak Calculation should return 1 for single day activity [E]               
  MissingPluginException(No implementation found for method getApplicationDocumentsDirectory on channel plugins.flutter.io/path_provider)
  package:flutter/src/services/platform_channel.dart 365:7  MethodChannel._invokeMethod
  ===== asynchronous gap ===========================
  dart:async                                                _CustomZone.registerBinaryCallback
  test/prayer_streak_test.dart 32:7                         main.<fn>.<fn>
  

To run this test again: /Users/kcdacre8tor/flutter/bin/cache/dart-sdk/bin/dart test /Users/kcdacre8tor/ everyday-christian/test/prayer_streak_test.dart -p vm --plain-name 'PrayerStreakService Tests Longest Streak Calculation should return 1 for single day activity'
00:12 +460 ~5 -67: /Users/kcdacre8tor/ everyday-christian/test/bible_loader_service_test.dart: BibleLoaderService Database Integration should support multiple Bible versions                          
✅ Schema v2 migration complete!
00:12 +460 ~5 -67: /Users/kcdacre8tor/ everyday-christian/test/prayer_streak_test.dart: PrayerStreakService Tests Longest Streak Calculation should find longest streak in history                     
ℹ️ [2025-10-17 18:19:31.694] [INFO   ] [DatabaseHelper] Initializing database at: :memory:
00:12 +460 ~5 -67: /Users/kcdacre8tor/ everyday-christian/test/bible_loader_service_test.dart: BibleLoaderService Database Integration should support multiple Bible versions                          
✅ Database integrity verified
00:12 +461 ~5 -67: /Users/kcdacre8tor/ everyday-christian/test/bible_loader_service_test.dart: BibleLoaderService Database Integration should support multiple Bible versions                          00:12 +461 ~5 -67: /Users/kcdacre8tor/ everyday-christian/test/bible_loader_service_test.dart: BibleLoaderService Database Integration should support multiple Bible versions                          
✅ Database migrations complete!
00:12 +461 ~5 -67: /Users/kcdacre8tor/ everyday-christian/test/prayer_streak_test.dart: PrayerStreakService Tests Longest Streak Calculation should find longest streak in history                     
ℹ️ [2025-10-17 18:19:31.696] [INFO   ] [DatabaseHelper] Creating database schema v5
00:12 +462 ~5 -67: /Users/kcdacre8tor/ everyday-christian/test/prayer_streak_test.dart: PrayerStreakService Tests Longest Streak Calculation should find longest streak in history                     00:12 +462 ~5 -67: /Users/kcdacre8tor/ everyday-christian/test/bible_loader_service_test.dart: BibleLoaderService Database Integration should support multiple languages                               
ℹ️ [2025-10-17 18:19:31.702] [INFO   ] [DatabaseHelper] Initializing database at: :memory:
ℹ️ [2025-10-17 18:19:31.705] [INFO   ] [DatabaseHelper] Creating database schema v5
00:12 +462 ~5 -67: /Users/kcdacre8tor/ everyday-christian/test/prayer_streak_test.dart: PrayerStreakService Tests Longest Streak Calculation should find longest streak in history                     
ℹ️ [2025-10-17 18:19:31.720] [INFO   ] [DatabaseHelper] Database schema created successfully
📦 Running database migrations from v1 to v2
🔄 Migrating to schema v2...
  → Fixing favorite_verses foreign key...
00:12 +463 ~5 -67: /Users/kcdacre8tor/ everyday-christian/test/prayer_streak_test.dart: PrayerStreakService Tests Longest Streak Calculation should find longest streak in history                     00:12 +463 ~5 -67: /Users/kcdacre8tor/ everyday-christian/test/prayer_streak_test.dart: PrayerStreakService Tests Longest Streak Calculation should find longest streak in history                     
  → Fixing daily_verses foreign key...
00:12 +463 ~5 -67: /Users/kcdacre8tor/ everyday-christian/test/bible_loader_service_test.dart: BibleLoaderService Database Integration should support multiple languages                               
ℹ️ [2025-10-17 18:19:31.727] [INFO   ] [DatabaseHelper] Database schema created successfully
00:12 +463 ~5 -67: /Users/kcdacre8tor/ everyday-christian/test/prayer_streak_test.dart: PrayerStreakService Tests Longest Streak Calculation should find longest streak in history                     
  → Fixing verse_bookmarks foreign key...
00:12 +463 ~5 -67: /Users/kcdacre8tor/ everyday-christian/test/bible_loader_service_test.dart: BibleLoaderService Database Integration should support multiple languages                               
📦 Running database migrations from v1 to v2
🔄 Migrating to schema v2...
  → Fixing favorite_verses foreign key...
  → Fixing daily_verses foreign key...
00:12 +463 ~5 -67: /Users/kcdacre8tor/ everyday-christian/test/prayer_streak_test.dart: PrayerStreakService Tests Longest Streak Calculation should find longest streak in history                     
  → Removing duplicate column from prayer_categories...
  → Creating performance indexes...
00:12 +463 ~5 -67: /Users/kcdacre8tor/ everyday-christian/test/bible_loader_service_test.dart: BibleLoaderService Database Integration should support multiple languages                               
  → Fixing verse_bookmarks foreign key...
  → Removing duplicate column from prayer_categories...
  → Creating performance indexes...
00:12 +463 ~5 -67: /Users/kcdacre8tor/ everyday-christian/test/prayer_streak_test.dart: PrayerStreakService Tests Longest Streak Calculation should find longest streak in history                     
  → Creating timestamp triggers...
✅ Schema v2 migration complete!
✅ Database integrity verified
✅ Database migrations complete!
00:12 +463 ~5 -67: /Users/kcdacre8tor/ everyday-christian/test/bible_loader_service_test.dart: BibleLoaderService Database Integration should support multiple languages                               
  → Creating timestamp triggers...
✅ Schema v2 migration complete!
✅ Database integrity verified
✅ Database migrations complete!
00:12 +464 ~5 -68: /Users/kcdacre8tor/ everyday-christian/test/bible_loader_service_test.dart: BibleLoaderService Database Integration should support multiple languages                               00:12 +464 ~5 -68: /Users/kcdacre8tor/ everyday-christian/test/prayer_streak_test.dart: PrayerStreakService Tests Longest Streak Calculation should find longest streak in history [E]                 
  MissingPluginException(No implementation found for method getApplicationDocumentsDirectory on channel plugins.flutter.io/path_provider)
  package:flutter/src/services/platform_channel.dart 365:7  MethodChannel._invokeMethod
  ===== asynchronous gap ===========================
  dart:async                                                _CustomZone.registerBinaryCallback
  test/prayer_streak_test.dart 32:7                         main.<fn>.<fn>
  
00:12 +465 ~5 -68: /Users/kcdacre8tor/ everyday-christian/test/glass_card_test.dart: GlassCard should accept custom border radius                                                                      
To run this test again: /Users/kcdacre8tor/flutter/bin/cache/dart-sdk/bin/dart test /Users/kcdacre8tor/ everyday-christian/test/prayer_streak_test.dart -p vm --plain-name 'PrayerStreakService Tests Longest Streak Calculation should find longest streak in history'
00:12 +465 ~5 -68: /Users/kcdacre8tor/ everyday-christian/test/prayer_streak_test.dart: PrayerStreakService Tests Longest Streak Calculation should handle consecutive days at year boundary           
ℹ️ [2025-10-17 18:19:31.753] [INFO   ] [DatabaseHelper] Initializing database at: :memory:
00:12 +465 ~5 -68: /Users/kcdacre8tor/ everyday-christian/test/bible_loader_service_test.dart: BibleLoaderService Database Integration should replace verses on conflict                               
ℹ️ [2025-10-17 18:19:31.754] [INFO   ] [DatabaseHelper] Initializing database at: :memory:
00:12 +465 ~5 -68: /Users/kcdacre8tor/ everyday-christian/test/prayer_streak_test.dart: PrayerStreakService Tests Longest Streak Calculation should handle consecutive days at year boundary           
ℹ️ [2025-10-17 18:19:31.755] [INFO   ] [DatabaseHelper] Creating database schema v5
00:12 +465 ~5 -68: /Users/kcdacre8tor/ everyday-christian/test/bible_loader_service_test.dart: BibleLoaderService Database Integration should replace verses on conflict                               
ℹ️ [2025-10-17 18:19:31.757] [INFO   ] [DatabaseHelper] Creating database schema v5
00:12 +466 ~5 -68: /Users/kcdacre8tor/ everyday-christian/test/bible_loader_service_test.dart: BibleLoaderService Database Integration should replace verses on conflict                               00:12 +466 ~5 -68: /Users/kcdacre8tor/ everyday-christian/test/prayer_streak_test.dart: PrayerStreakService Tests Longest Streak Calculation should handle consecutive days at year boundary           
ℹ️ [2025-10-17 18:19:31.775] [INFO   ] [DatabaseHelper] Database schema created successfully
00:12 +466 ~5 -68: /Users/kcdacre8tor/ everyday-christian/test/bible_loader_service_test.dart: BibleLoaderService Database Integration should replace verses on conflict                               
ℹ️ [2025-10-17 18:19:31.777] [INFO   ] [DatabaseHelper] Database schema created successfully
00:12 +466 ~5 -68: /Users/kcdacre8tor/ everyday-christian/test/prayer_streak_test.dart: PrayerStreakService Tests Longest Streak Calculation should handle consecutive days at year boundary           
📦 Running database migrations from v1 to v2
🔄 Migrating to schema v2...
  → Fixing favorite_verses foreign key...
00:12 +466 ~5 -68: /Users/kcdacre8tor/ everyday-christian/test/bible_loader_service_test.dart: BibleLoaderService Database Integration should replace verses on conflict                               
📦 Running database migrations from v1 to v2
🔄 Migrating to schema v2...
  → Fixing favorite_verses foreign key...
00:12 +466 ~5 -68: /Users/kcdacre8tor/ everyday-christian/test/prayer_streak_test.dart: PrayerStreakService Tests Longest Streak Calculation should handle consecutive days at year boundary           
  → Fixing daily_verses foreign key...
00:12 +466 ~5 -68: /Users/kcdacre8tor/ everyday-christian/test/bible_loader_service_test.dart: BibleLoaderService Database Integration should replace verses on conflict                               
  → Fixing daily_verses foreign key...
00:12 +466 ~5 -68: /Users/kcdacre8tor/ everyday-christian/test/prayer_streak_test.dart: PrayerStreakService Tests Longest Streak Calculation should handle consecutive days at year boundary           
  → Fixing verse_bookmarks foreign key...
00:12 +466 ~5 -68: /Users/kcdacre8tor/ everyday-christian/test/bible_loader_service_test.dart: BibleLoaderService Database Integration should replace verses on conflict                               
  → Fixing verse_bookmarks foreign key...
00:12 +466 ~5 -68: /Users/kcdacre8tor/ everyday-christian/test/prayer_streak_test.dart: PrayerStreakService Tests Longest Streak Calculation should handle consecutive days at year boundary           
  → Removing duplicate column from prayer_categories...
00:12 +466 ~5 -68: /Users/kcdacre8tor/ everyday-christian/test/bible_loader_service_test.dart: BibleLoaderService Database Integration should replace verses on conflict                               
  → Removing duplicate column from prayer_categories...
00:12 +466 ~5 -68: /Users/kcdacre8tor/ everyday-christian/test/prayer_streak_test.dart: PrayerStreakService Tests Longest Streak Calculation should handle consecutive days at year boundary           
  → Creating performance indexes...
00:12 +466 ~5 -68: /Users/kcdacre8tor/ everyday-christian/test/bible_loader_service_test.dart: BibleLoaderService Database Integration should replace verses on conflict                               
  → Creating performance indexes...
00:12 +466 ~5 -68: /Users/kcdacre8tor/ everyday-christian/test/prayer_streak_test.dart: PrayerStreakService Tests Longest Streak Calculation should handle consecutive days at year boundary           
  → Creating timestamp triggers...
00:12 +467 ~5 -68: /Users/kcdacre8tor/ everyday-christian/test/bible_loader_service_test.dart: BibleLoaderService Database Integration should replace verses on conflict                               00:12 +467 ~5 -68: /Users/kcdacre8tor/ everyday-christian/test/prayer_streak_test.dart: PrayerStreakService Tests Longest Streak Calculation should handle consecutive days at year boundary           
✅ Schema v2 migration complete!
00:12 +467 ~5 -68: /Users/kcdacre8tor/ everyday-christian/test/bible_loader_service_test.dart: BibleLoaderService Database Integration should replace verses on conflict                               
  → Creating timestamp triggers...
✅ Schema v2 migration complete!
00:12 +467 ~5 -68: /Users/kcdacre8tor/ everyday-christian/test/prayer_streak_test.dart: PrayerStreakService Tests Longest Streak Calculation should handle consecutive days at year boundary           
✅ Database integrity verified
00:12 +467 ~5 -68: /Users/kcdacre8tor/ everyday-christian/test/bible_loader_service_test.dart: BibleLoaderService Database Integration should replace verses on conflict                               
✅ Database integrity verified
00:12 +467 ~5 -68: /Users/kcdacre8tor/ everyday-christian/test/prayer_streak_test.dart: PrayerStreakService Tests Longest Streak Calculation should handle consecutive days at year boundary           
✅ Database migrations complete!
00:12 +467 ~5 -68: /Users/kcdacre8tor/ everyday-christian/test/bible_loader_service_test.dart: BibleLoaderService Database Integration should replace verses on conflict                               
✅ Database migrations complete!
00:12 +468 ~5 -69: /Users/kcdacre8tor/ everyday-christian/test/glass_card_test.dart: GlassCard should accept custom padding                                                                            00:12 +468 ~5 -69: /Users/kcdacre8tor/ everyday-christian/test/prayer_streak_test.dart: PrayerStreakService Tests Longest Streak Calculation should handle consecutive days at year boundary [E]       
  MissingPluginException(No implementation found for method getApplicationDocumentsDirectory on channel plugins.flutter.io/path_provider)
  package:flutter/src/services/platform_channel.dart 365:7  MethodChannel._invokeMethod
  ===== asynchronous gap ===========================
  dart:async                                                _CustomZone.registerBinaryCallback
  test/prayer_streak_test.dart 32:7                         main.<fn>.<fn>
  
00:12 +468 ~5 -69: /Users/kcdacre8tor/ everyday-christian/test/bible_loader_service_test.dart: BibleLoaderService Edge Cases should handle empty version check                                         
ℹ️ [2025-10-17 18:19:31.798] [INFO   ] [DatabaseHelper] Initializing database at: :memory:

To run this test again: /Users/kcdacre8tor/flutter/bin/cache/dart-sdk/bin/dart test /Users/kcdacre8tor/ everyday-christian/test/prayer_streak_test.dart -p vm --plain-name 'PrayerStreakService Tests Longest Streak Calculation should handle consecutive days at year boundary'
00:12 +468 ~5 -69: /Users/kcdacre8tor/ everyday-christian/test/prayer_streak_test.dart: PrayerStreakService Tests Has Prayed Today should return false when no activity today                          
ℹ️ [2025-10-17 18:19:31.800] [INFO   ] [DatabaseHelper] Initializing database at: :memory:
00:12 +468 ~5 -69: /Users/kcdacre8tor/ everyday-christian/test/bible_loader_service_test.dart: BibleLoaderService Edge Cases should handle empty version check                                         
ℹ️ [2025-10-17 18:19:31.801] [INFO   ] [DatabaseHelper] Creating database schema v5
00:12 +468 ~5 -69: /Users/kcdacre8tor/ everyday-christian/test/prayer_streak_test.dart: PrayerStreakService Tests Has Prayed Today should return false when no activity today                          
ℹ️ [2025-10-17 18:19:31.804] [INFO   ] [DatabaseHelper] Creating database schema v5
00:12 +469 ~5 -69: /Users/kcdacre8tor/ everyday-christian/test/bible_loader_service_test.dart: BibleLoaderService Edge Cases should handle empty version check                                         00:12 +469 ~5 -69: /Users/kcdacre8tor/ everyday-christian/test/bible_loader_service_test.dart: BibleLoaderService Edge Cases should handle empty version check                                         
ℹ️ [2025-10-17 18:19:31.819] [INFO   ] [DatabaseHelper] Database schema created successfully
00:12 +469 ~5 -69: /Users/kcdacre8tor/ everyday-christian/test/prayer_streak_test.dart: PrayerStreakService Tests Has Prayed Today should return false when no activity today                          
ℹ️ [2025-10-17 18:19:31.822] [INFO   ] [DatabaseHelper] Database schema created successfully
00:12 +469 ~5 -69: /Users/kcdacre8tor/ everyday-christian/test/bible_loader_service_test.dart: BibleLoaderService Edge Cases should handle empty version check                                         
📦 Running database migrations from v1 to v2
🔄 Migrating to schema v2...
  → Fixing favorite_verses foreign key...
00:12 +469 ~5 -69: /Users/kcdacre8tor/ everyday-christian/test/prayer_streak_test.dart: PrayerStreakService Tests Has Prayed Today should return false when no activity today                          
📦 Running database migrations from v1 to v2
🔄 Migrating to schema v2...
  → Fixing favorite_verses foreign key...
00:12 +469 ~5 -69: /Users/kcdacre8tor/ everyday-christian/test/bible_loader_service_test.dart: BibleLoaderService Edge Cases should handle empty version check                                         
  → Fixing daily_verses foreign key...
00:12 +469 ~5 -69: /Users/kcdacre8tor/ everyday-christian/test/prayer_streak_test.dart: PrayerStreakService Tests Has Prayed Today should return false when no activity today                          
  → Fixing daily_verses foreign key...
00:12 +469 ~5 -69: /Users/kcdacre8tor/ everyday-christian/test/bible_loader_service_test.dart: BibleLoaderService Edge Cases should handle empty version check                                         
  → Fixing verse_bookmarks foreign key...
00:12 +470 ~5 -69: /Users/kcdacre8tor/ everyday-christian/test/bible_loader_service_test.dart: BibleLoaderService Edge Cases should handle empty version check                                         00:12 +470 ~5 -69: /Users/kcdacre8tor/ everyday-christian/test/prayer_streak_test.dart: PrayerStreakService Tests Has Prayed Today should return false when no activity today                          
  → Fixing verse_bookmarks foreign key...
00:12 +470 ~5 -69: /Users/kcdacre8tor/ everyday-christian/test/bible_loader_service_test.dart: BibleLoaderService Edge Cases should handle empty version check                                         
  → Removing duplicate column from prayer_categories...
00:12 +470 ~5 -69: /Users/kcdacre8tor/ everyday-christian/test/prayer_streak_test.dart: PrayerStreakService Tests Has Prayed Today should return false when no activity today                          
  → Removing duplicate column from prayer_categories...
00:12 +470 ~5 -69: /Users/kcdacre8tor/ everyday-christian/test/bible_loader_service_test.dart: BibleLoaderService Edge Cases should handle empty version check                                         
  → Creating performance indexes...
00:12 +470 ~5 -69: /Users/kcdacre8tor/ everyday-christian/test/prayer_streak_test.dart: PrayerStreakService Tests Has Prayed Today should return false when no activity today                          
  → Creating performance indexes...
00:12 +470 ~5 -69: /Users/kcdacre8tor/ everyday-christian/test/bible_loader_service_test.dart: BibleLoaderService Edge Cases should handle empty version check                                         
  → Creating timestamp triggers...
00:12 +470 ~5 -69: /Users/kcdacre8tor/ everyday-christian/test/prayer_streak_test.dart: PrayerStreakService Tests Has Prayed Today should return false when no activity today                          
  → Creating timestamp triggers...
00:12 +470 ~5 -69: /Users/kcdacre8tor/ everyday-christian/test/bible_loader_service_test.dart: BibleLoaderService Edge Cases should handle empty version check                                         
✅ Schema v2 migration complete!
00:12 +470 ~5 -69: /Users/kcdacre8tor/ everyday-christian/test/prayer_streak_test.dart: PrayerStreakService Tests Has Prayed Today should return false when no activity today                          
✅ Schema v2 migration complete!
00:12 +470 ~5 -69: /Users/kcdacre8tor/ everyday-christian/test/bible_loader_service_test.dart: BibleLoaderService Edge Cases should handle empty version check                                         
✅ Database integrity verified
00:12 +470 ~5 -69: /Users/kcdacre8tor/ everyday-christian/test/prayer_streak_test.dart: PrayerStreakService Tests Has Prayed Today should return false when no activity today                          
✅ Database integrity verified
✅ Database migrations complete!
00:12 +470 ~5 -69: /Users/kcdacre8tor/ everyday-christian/test/bible_loader_service_test.dart: BibleLoaderService Edge Cases should handle empty version check                                         
✅ Database migrations complete!
00:12 +471 ~5 -69: /Users/kcdacre8tor/ everyday-christian/test/prayer_streak_test.dart: PrayerStreakService Tests Has Prayed Today should return false when no activity today                          00:12 +471 ~5 -70: /Users/kcdacre8tor/ everyday-christian/test/bible_loader_service_test.dart: BibleLoaderService Edge Cases should handle null-like version strings                                   
ℹ️ [2025-10-17 18:19:31.841] [INFO   ] [DatabaseHelper] Initializing database at: :memory:
00:12 +471 ~5 -70: /Users/kcdacre8tor/ everyday-christian/test/prayer_streak_test.dart: PrayerStreakService Tests Has Prayed Today should return false when no activity today [E]                      
  MissingPluginException(No implementation found for method getApplicationDocumentsDirectory on channel plugins.flutter.io/path_provider)
  package:flutter/src/services/platform_channel.dart 365:7  MethodChannel._invokeMethod
  ===== asynchronous gap ===========================
  dart:async                                                _CustomZone.registerBinaryCallback
  test/prayer_streak_test.dart 32:7                         main.<fn>.<fn>
  
00:12 +471 ~5 -70: /Users/kcdacre8tor/ everyday-christian/test/bible_loader_service_test.dart: BibleLoaderService Edge Cases should handle null-like version strings                                   
ℹ️ [2025-10-17 18:19:31.842] [INFO   ] [DatabaseHelper] Creating database schema v5

To run this test again: /Users/kcdacre8tor/flutter/bin/cache/dart-sdk/bin/dart test /Users/kcdacre8tor/ everyday-christian/test/prayer_streak_test.dart -p vm --plain-name 'PrayerStreakService Tests Has Prayed Today should return false when no activity today'
00:12 +472 ~5 -70: /Users/kcdacre8tor/ everyday-christian/test/bible_loader_service_test.dart: BibleLoaderService Edge Cases should handle null-like version strings                                   00:12 +472 ~5 -70: /Users/kcdacre8tor/ everyday-christian/test/prayer_streak_test.dart: PrayerStreakService Tests Has Prayed Today should return true after recording activity                         
ℹ️ [2025-10-17 18:19:31.844] [INFO   ] [DatabaseHelper] Initializing database at: :memory:
ℹ️ [2025-10-17 18:19:31.846] [INFO   ] [DatabaseHelper] Creating database schema v5
00:12 +472 ~5 -70: /Users/kcdacre8tor/ everyday-christian/test/bible_loader_service_test.dart: BibleLoaderService Edge Cases should handle null-like version strings                                   
ℹ️ [2025-10-17 18:19:31.857] [INFO   ] [DatabaseHelper] Database schema created successfully
📦 Running database migrations from v1 to v2
🔄 Migrating to schema v2...
  → Fixing favorite_verses foreign key...
00:12 +472 ~5 -70: /Users/kcdacre8tor/ everyday-christian/test/prayer_streak_test.dart: PrayerStreakService Tests Has Prayed Today should return true after recording activity                         
ℹ️ [2025-10-17 18:19:31.860] [INFO   ] [DatabaseHelper] Database schema created successfully
00:12 +473 ~5 -70: /Users/kcdacre8tor/ everyday-christian/test/bible_loader_service_test.dart: BibleLoaderService Edge Cases should handle null-like version strings                                   00:12 +473 ~5 -70: /Users/kcdacre8tor/ everyday-christian/test/prayer_streak_test.dart: PrayerStreakService Tests Has Prayed Today should return true after recording activity                         
📦 Running database migrations from v1 to v2
🔄 Migrating to schema v2...
00:12 +473 ~5 -70: /Users/kcdacre8tor/ everyday-christian/test/bible_loader_service_test.dart: BibleLoaderService Edge Cases should handle null-like version strings                                   
  → Fixing daily_verses foreign key...
00:12 +473 ~5 -70: /Users/kcdacre8tor/ everyday-christian/test/prayer_streak_test.dart: PrayerStreakService Tests Has Prayed Today should return true after recording activity                         
  → Fixing favorite_verses foreign key...
00:12 +473 ~5 -70: /Users/kcdacre8tor/ everyday-christian/test/bible_loader_service_test.dart: BibleLoaderService Edge Cases should handle null-like version strings                                   
  → Fixing verse_bookmarks foreign key...
00:12 +473 ~5 -70: /Users/kcdacre8tor/ everyday-christian/test/prayer_streak_test.dart: PrayerStreakService Tests Has Prayed Today should return true after recording activity                         
  → Fixing daily_verses foreign key...
00:12 +473 ~5 -70: /Users/kcdacre8tor/ everyday-christian/test/bible_loader_service_test.dart: BibleLoaderService Edge Cases should handle null-like version strings                                   
  → Removing duplicate column from prayer_categories...
00:12 +473 ~5 -70: /Users/kcdacre8tor/ everyday-christian/test/prayer_streak_test.dart: PrayerStreakService Tests Has Prayed Today should return true after recording activity                         
  → Fixing verse_bookmarks foreign key...
00:12 +473 ~5 -70: /Users/kcdacre8tor/ everyday-christian/test/bible_loader_service_test.dart: BibleLoaderService Edge Cases should handle null-like version strings                                   
  → Creating performance indexes...
00:12 +473 ~5 -70: /Users/kcdacre8tor/ everyday-christian/test/prayer_streak_test.dart: PrayerStreakService Tests Has Prayed Today should return true after recording activity                         
  → Removing duplicate column from prayer_categories...
00:12 +473 ~5 -70: /Users/kcdacre8tor/ everyday-christian/test/bible_loader_service_test.dart: BibleLoaderService Edge Cases should handle null-like version strings                                   
  → Creating timestamp triggers...
✅ Schema v2 migration complete!
00:12 +473 ~5 -70: /Users/kcdacre8tor/ everyday-christian/test/prayer_streak_test.dart: PrayerStreakService Tests Has Prayed Today should return true after recording activity                         
  → Creating performance indexes...
00:12 +473 ~5 -70: /Users/kcdacre8tor/ everyday-christian/test/bible_loader_service_test.dart: BibleLoaderService Edge Cases should handle null-like version strings                                   
✅ Database integrity verified
✅ Database migrations complete!
00:12 +473 ~5 -70: /Users/kcdacre8tor/ everyday-christian/test/prayer_streak_test.dart: PrayerStreakService Tests Has Prayed Today should return true after recording activity                         
  → Creating timestamp triggers...
✅ Schema v2 migration complete!
00:12 +474 ~5 -70: /Users/kcdacre8tor/ everyday-christian/test/prayer_streak_test.dart: PrayerStreakService Tests Has Prayed Today should return true after recording activity                         00:12 +475 ~5 -70: /Users/kcdacre8tor/ everyday-christian/test/prayer_streak_test.dart: PrayerStreakService Tests Has Prayed Today should return true after recording activity                         00:12 +475 ~5 -70: /Users/kcdacre8tor/ everyday-christian/test/prayer_streak_test.dart: PrayerStreakService Tests Has Prayed Today should return true after recording activity                         
✅ Database integrity verified
00:12 +475 ~5 -70: /Users/kcdacre8tor/ everyday-christian/test/bible_loader_service_test.dart: BibleLoaderService Edge Cases should handle case-sensitive version names                                
ℹ️ [2025-10-17 18:19:31.876] [INFO   ] [DatabaseHelper] Initializing database at: :memory:
00:12 +475 ~5 -70: /Users/kcdacre8tor/ everyday-christian/test/prayer_streak_test.dart: PrayerStreakService Tests Has Prayed Today should return true after recording activity                         
✅ Database migrations complete!
00:12 +475 ~5 -70: /Users/kcdacre8tor/ everyday-christian/test/bible_loader_service_test.dart: BibleLoaderService Edge Cases should handle case-sensitive version names                                
ℹ️ [2025-10-17 18:19:31.878] [INFO   ] [DatabaseHelper] Creating database schema v5
00:12 +475 ~5 -71: /Users/kcdacre8tor/ everyday-christian/test/prayer_streak_test.dart: PrayerStreakService Tests Has Prayed Today should return true after recording activity [E]                     
  MissingPluginException(No implementation found for method getApplicationDocumentsDirectory on channel plugins.flutter.io/path_provider)
  package:flutter/src/services/platform_channel.dart 365:7  MethodChannel._invokeMethod
  ===== asynchronous gap ===========================
  dart:async                                                _CustomZone.registerBinaryCallback
  test/prayer_streak_test.dart 32:7                         main.<fn>.<fn>
  

To run this test again: /Users/kcdacre8tor/flutter/bin/cache/dart-sdk/bin/dart test /Users/kcdacre8tor/ everyday-christian/test/prayer_streak_test.dart -p vm --plain-name 'PrayerStreakService Tests Has Prayed Today should return true after recording activity'
00:12 +475 ~5 -71: /Users/kcdacre8tor/ everyday-christian/test/prayer_streak_test.dart: PrayerStreakService Tests Has Prayed Today should return false for past day activity                           
ℹ️ [2025-10-17 18:19:31.883] [INFO   ] [DatabaseHelper] Initializing database at: :memory:
ℹ️ [2025-10-17 18:19:31.885] [INFO   ] [DatabaseHelper] Creating database schema v5
00:12 +475 ~5 -71: /Users/kcdacre8tor/ everyday-christian/test/bible_loader_service_test.dart: BibleLoaderService Edge Cases should handle case-sensitive version names                                
ℹ️ [2025-10-17 18:19:31.893] [INFO   ] [DatabaseHelper] Database schema created successfully
00:12 +476 ~5 -71: /Users/kcdacre8tor/ everyday-christian/test/bible_loader_service_test.dart: BibleLoaderService Edge Cases should handle case-sensitive version names                                00:12 +476 ~5 -71: /Users/kcdacre8tor/ everyday-christian/test/bible_loader_service_test.dart: BibleLoaderService Edge Cases should handle case-sensitive version names                                
📦 Running database migrations from v1 to v2
🔄 Migrating to schema v2...
  → Fixing favorite_verses foreign key...
  → Fixing daily_verses foreign key...
  → Fixing verse_bookmarks foreign key...
  → Removing duplicate column from prayer_categories...
00:12 +476 ~5 -71: /Users/kcdacre8tor/ everyday-christian/test/prayer_streak_test.dart: PrayerStreakService Tests Has Prayed Today should return false for past day activity                           
ℹ️ [2025-10-17 18:19:31.900] [INFO   ] [DatabaseHelper] Database schema created successfully
00:12 +476 ~5 -71: /Users/kcdacre8tor/ everyday-christian/test/bible_loader_service_test.dart: BibleLoaderService Edge Cases should handle case-sensitive version names                                
  → Creating performance indexes...
00:12 +476 ~5 -71: /Users/kcdacre8tor/ everyday-christian/test/prayer_streak_test.dart: PrayerStreakService Tests Has Prayed Today should return false for past day activity                           
📦 Running database migrations from v1 to v2
🔄 Migrating to schema v2...
  → Fixing favorite_verses foreign key...
00:12 +476 ~5 -71: /Users/kcdacre8tor/ everyday-christian/test/bible_loader_service_test.dart: BibleLoaderService Edge Cases should handle case-sensitive version names                                
  → Creating timestamp triggers...
00:12 +476 ~5 -71: /Users/kcdacre8tor/ everyday-christian/test/prayer_streak_test.dart: PrayerStreakService Tests Has Prayed Today should return false for past day activity                           
  → Fixing daily_verses foreign key...
00:12 +476 ~5 -71: /Users/kcdacre8tor/ everyday-christian/test/bible_loader_service_test.dart: BibleLoaderService Edge Cases should handle case-sensitive version names                                
✅ Schema v2 migration complete!
✅ Database integrity verified
00:12 +476 ~5 -71: /Users/kcdacre8tor/ everyday-christian/test/prayer_streak_test.dart: PrayerStreakService Tests Has Prayed Today should return false for past day activity                           
  → Fixing verse_bookmarks foreign key...
00:12 +476 ~5 -71: /Users/kcdacre8tor/ everyday-christian/test/bible_loader_service_test.dart: BibleLoaderService Edge Cases should handle case-sensitive version names                                
✅ Database migrations complete!
00:12 +476 ~5 -71: /Users/kcdacre8tor/ everyday-christian/test/prayer_streak_test.dart: PrayerStreakService Tests Has Prayed Today should return false for past day activity                           
  → Removing duplicate column from prayer_categories...
00:12 +477 ~5 -71: /Users/kcdacre8tor/ everyday-christian/test/prayer_streak_test.dart: PrayerStreakService Tests Has Prayed Today should return false for past day activity                           00:12 +478 ~5 -71: /Users/kcdacre8tor/ everyday-christian/test/prayer_streak_test.dart: PrayerStreakService Tests Has Prayed Today should return false for past day activity                           00:12 +478 ~5 -71: /Users/kcdacre8tor/ everyday-christian/test/prayer_streak_test.dart: PrayerStreakService Tests Has Prayed Today should return false for past day activity                           
  → Creating performance indexes...
00:12 +478 ~5 -71: /Users/kcdacre8tor/ everyday-christian/test/bible_loader_service_test.dart: BibleLoaderService Edge Cases should return consistent progress counts                                  
ℹ️ [2025-10-17 18:19:31.910] [INFO   ] [DatabaseHelper] Initializing database at: :memory:
ℹ️ [2025-10-17 18:19:31.912] [INFO   ] [DatabaseHelper] Creating database schema v5
00:12 +478 ~5 -71: /Users/kcdacre8tor/ everyday-christian/test/prayer_streak_test.dart: PrayerStreakService Tests Has Prayed Today should return false for past day activity                           
  → Creating timestamp triggers...
✅ Schema v2 migration complete!
✅ Database integrity verified
✅ Database migrations complete!
00:12 +478 ~5 -72: /Users/kcdacre8tor/ everyday-christian/test/prayer_streak_test.dart: PrayerStreakService Tests Has Prayed Today should return false for past day activity [E]                       
  MissingPluginException(No implementation found for method getApplicationDocumentsDirectory on channel plugins.flutter.io/path_provider)
  package:flutter/src/services/platform_channel.dart 365:7  MethodChannel._invokeMethod
  ===== asynchronous gap ===========================
  dart:async                                                _CustomZone.registerBinaryCallback
  test/prayer_streak_test.dart 32:7                         main.<fn>.<fn>
  

To run this test again: /Users/kcdacre8tor/flutter/bin/cache/dart-sdk/bin/dart test /Users/kcdacre8tor/ everyday-christian/test/prayer_streak_test.dart -p vm --plain-name 'PrayerStreakService Tests Has Prayed Today should return false for past day activity'
00:12 +478 ~5 -72: /Users/kcdacre8tor/ everyday-christian/test/prayer_streak_test.dart: PrayerStreakService Tests Total Days Prayed should return 0 when no activity                                   
ℹ️ [2025-10-17 18:19:31.921] [INFO   ] [DatabaseHelper] Initializing database at: :memory:
ℹ️ [2025-10-17 18:19:31.922] [INFO   ] [DatabaseHelper] Creating database schema v5
00:12 +478 ~5 -72: /Users/kcdacre8tor/ everyday-christian/test/bible_loader_service_test.dart: BibleLoaderService Edge Cases should return consistent progress counts                                  
ℹ️ [2025-10-17 18:19:31.924] [INFO   ] [DatabaseHelper] Database schema created successfully
📦 Running database migrations from v1 to v2
🔄 Migrating to schema v2...
  → Fixing favorite_verses foreign key...
  → Fixing daily_verses foreign key...
  → Fixing verse_bookmarks foreign key...
  → Removing duplicate column from prayer_categories...
  → Creating performance indexes...
00:12 +478 ~5 -72: /Users/kcdacre8tor/ everyday-christian/test/prayer_streak_test.dart: PrayerStreakService Tests Total Days Prayed should return 0 when no activity                                   
ℹ️ [2025-10-17 18:19:31.933] [INFO   ] [DatabaseHelper] Database schema created successfully
00:12 +478 ~5 -72: /Users/kcdacre8tor/ everyday-christian/test/bible_loader_service_test.dart: BibleLoaderService Edge Cases should return consistent progress counts                                  
  → Creating timestamp triggers...
✅ Schema v2 migration complete!
✅ Database integrity verified
00:12 +478 ~5 -72: /Users/kcdacre8tor/ everyday-christian/test/prayer_streak_test.dart: PrayerStreakService Tests Total Days Prayed should return 0 when no activity                                   
📦 Running database migrations from v1 to v2
🔄 Migrating to schema v2...
00:12 +478 ~5 -72: /Users/kcdacre8tor/ everyday-christian/test/bible_loader_service_test.dart: BibleLoaderService Edge Cases should return consistent progress counts                                  
✅ Database migrations complete!
00:12 +478 ~5 -72: /Users/kcdacre8tor/ everyday-christian/test/prayer_streak_test.dart: PrayerStreakService Tests Total Days Prayed should return 0 when no activity                                   
  → Fixing favorite_verses foreign key...
00:12 +479 ~5 -72: /Users/kcdacre8tor/ everyday-christian/test/prayer_streak_test.dart: PrayerStreakService Tests Total Days Prayed should return 0 when no activity                                   00:12 +479 ~5 -72: /Users/kcdacre8tor/ everyday-christian/test/prayer_streak_test.dart: PrayerStreakService Tests Total Days Prayed should return 0 when no activity                                   
  → Fixing daily_verses foreign key...
  → Fixing verse_bookmarks foreign key...
00:12 +479 ~5 -72: /Users/kcdacre8tor/ everyday-christian/test/bible_loader_service_test.dart: BibleLoaderService Book Name Mapping should map all Old Testament abbreviations correctly               
ℹ️ [2025-10-17 18:19:31.938] [INFO   ] [DatabaseHelper] Initializing database at: :memory:
00:12 +479 ~5 -72: /Users/kcdacre8tor/ everyday-christian/test/prayer_streak_test.dart: PrayerStreakService Tests Total Days Prayed should return 0 when no activity                                   
  → Removing duplicate column from prayer_categories...
00:12 +479 ~5 -72: /Users/kcdacre8tor/ everyday-christian/test/bible_loader_service_test.dart: BibleLoaderService Book Name Mapping should map all Old Testament abbreviations correctly               
ℹ️ [2025-10-17 18:19:31.939] [INFO   ] [DatabaseHelper] Creating database schema v5
00:12 +479 ~5 -72: /Users/kcdacre8tor/ everyday-christian/test/prayer_streak_test.dart: PrayerStreakService Tests Total Days Prayed should return 0 when no activity                                   
  → Creating performance indexes...
  → Creating timestamp triggers...
✅ Schema v2 migration complete!
✅ Database integrity verified
✅ Database migrations complete!
00:12 +479 ~5 -73: /Users/kcdacre8tor/ everyday-christian/test/prayer_streak_test.dart: PrayerStreakService Tests Total Days Prayed should return 0 when no activity [E]                               
  MissingPluginException(No implementation found for method getApplicationDocumentsDirectory on channel plugins.flutter.io/path_provider)
  package:flutter/src/services/platform_channel.dart 365:7  MethodChannel._invokeMethod
  ===== asynchronous gap ===========================
  dart:async                                                _CustomZone.registerBinaryCallback
  test/prayer_streak_test.dart 32:7                         main.<fn>.<fn>
  

To run this test again: /Users/kcdacre8tor/flutter/bin/cache/dart-sdk/bin/dart test /Users/kcdacre8tor/ everyday-christian/test/prayer_streak_test.dart -p vm --plain-name 'PrayerStreakService Tests Total Days Prayed should return 0 when no activity'
00:12 +479 ~5 -73: /Users/kcdacre8tor/ everyday-christian/test/prayer_streak_test.dart: PrayerStreakService Tests Total Days Prayed should count all unique days                                       
ℹ️ [2025-10-17 18:19:31.948] [INFO   ] [DatabaseHelper] Initializing database at: :memory:
00:12 +479 ~5 -73: /Users/kcdacre8tor/ everyday-christian/test/bible_loader_service_test.dart: BibleLoaderService Book Name Mapping should map all Old Testament abbreviations correctly               
ℹ️ [2025-10-17 18:19:31.949] [INFO   ] [DatabaseHelper] Database schema created successfully
00:12 +479 ~5 -73: /Users/kcdacre8tor/ everyday-christian/test/prayer_streak_test.dart: PrayerStreakService Tests Total Days Prayed should count all unique days                                       
ℹ️ [2025-10-17 18:19:31.950] [INFO   ] [DatabaseHelper] Creating database schema v5
00:12 +479 ~5 -73: /Users/kcdacre8tor/ everyday-christian/test/bible_loader_service_test.dart: BibleLoaderService Book Name Mapping should map all Old Testament abbreviations correctly               
📦 Running database migrations from v1 to v2
🔄 Migrating to schema v2...
  → Fixing favorite_verses foreign key...
  → Fixing daily_verses foreign key...
  → Fixing verse_bookmarks foreign key...
  → Removing duplicate column from prayer_categories...
  → Creating performance indexes...
  → Creating timestamp triggers...
✅ Schema v2 migration complete!
✅ Database integrity verified
✅ Database migrations complete!
00:12 +479 ~5 -73: /Users/kcdacre8tor/ everyday-christian/test/prayer_streak_test.dart: PrayerStreakService Tests Total Days Prayed should count all unique days                                       
ℹ️ [2025-10-17 18:19:31.960] [INFO   ] [DatabaseHelper] Database schema created successfully
00:12 +480 ~5 -73: /Users/kcdacre8tor/ everyday-christian/test/prayer_streak_test.dart: PrayerStreakService Tests Total Days Prayed should count all unique days                                       00:12 +480 ~5 -73: /Users/kcdacre8tor/ everyday-christian/test/prayer_streak_test.dart: PrayerStreakService Tests Total Days Prayed should count all unique days                                       
📦 Running database migrations from v1 to v2
🔄 Migrating to schema v2...
00:12 +480 ~5 -73: /Users/kcdacre8tor/ everyday-christian/test/bible_loader_service_test.dart: BibleLoaderService Book Name Mapping should map all New Testament abbreviations correctly               
ℹ️ [2025-10-17 18:19:31.962] [INFO   ] [DatabaseHelper] Initializing database at: :memory:
00:12 +480 ~5 -73: /Users/kcdacre8tor/ everyday-christian/test/prayer_streak_test.dart: PrayerStreakService Tests Total Days Prayed should count all unique days                                       
  → Fixing favorite_verses foreign key...
00:12 +480 ~5 -73: /Users/kcdacre8tor/ everyday-christian/test/bible_loader_service_test.dart: BibleLoaderService Book Name Mapping should map all New Testament abbreviations correctly               
ℹ️ [2025-10-17 18:19:31.963] [INFO   ] [DatabaseHelper] Creating database schema v5
00:12 +480 ~5 -73: /Users/kcdacre8tor/ everyday-christian/test/prayer_streak_test.dart: PrayerStreakService Tests Total Days Prayed should count all unique days                                       
  → Fixing daily_verses foreign key...
  → Fixing verse_bookmarks foreign key...
  → Removing duplicate column from prayer_categories...
  → Creating performance indexes...
  → Creating timestamp triggers...
✅ Schema v2 migration complete!
✅ Database integrity verified
✅ Database migrations complete!
00:12 +480 ~5 -73: /Users/kcdacre8tor/ everyday-christian/test/bible_loader_service_test.dart: BibleLoaderService Book Name Mapping should map all New Testament abbreviations correctly               
ℹ️ [2025-10-17 18:19:31.977] [INFO   ] [DatabaseHelper] Database schema created successfully
📦 Running database migrations from v1 to v2
00:12 +480 ~5 -74: /Users/kcdacre8tor/ everyday-christian/test/bible_loader_service_test.dart: BibleLoaderService Book Name Mapping should map all New Testament abbreviations correctly               
🔄 Migrating to schema v2...
  → Fixing favorite_verses foreign key...
00:12 +480 ~5 -74: /Users/kcdacre8tor/ everyday-christian/test/prayer_streak_test.dart: PrayerStreakService Tests Total Days Prayed should count all unique days [E]                                   
  MissingPluginException(No implementation found for method getApplicationDocumentsDirectory on channel plugins.flutter.io/path_provider)
  package:flutter/src/services/platform_channel.dart 365:7  MethodChannel._invokeMethod
  ===== asynchronous gap ===========================
  dart:async                                                _CustomZone.registerBinaryCallback
  test/prayer_streak_test.dart 32:7                         main.<fn>.<fn>
  

To run this test again: /Users/kcdacre8tor/flutter/bin/cache/dart-sdk/bin/dart test /Users/kcdacre8tor/ everyday-christian/test/prayer_streak_test.dart -p vm --plain-name 'PrayerStreakService Tests Total Days Prayed should count all unique days'
00:12 +480 ~5 -74: /Users/kcdacre8tor/ everyday-christian/test/bible_loader_service_test.dart: BibleLoaderService Book Name Mapping should map all New Testament abbreviations correctly               
  → Fixing daily_verses foreign key...
  → Fixing verse_bookmarks foreign key...
00:12 +480 ~5 -74: /Users/kcdacre8tor/ everyday-christian/test/prayer_streak_test.dart: PrayerStreakService Tests Get All Activity Dates should return empty list when no activity                     
ℹ️ [2025-10-17 18:19:31.985] [INFO   ] [DatabaseHelper] Initializing database at: :memory:
00:12 +480 ~5 -74: /Users/kcdacre8tor/ everyday-christian/test/bible_loader_service_test.dart: BibleLoaderService Book Name Mapping should map all New Testament abbreviations correctly               
  → Removing duplicate column from prayer_categories...
00:12 +480 ~5 -74: /Users/kcdacre8tor/ everyday-christian/test/prayer_streak_test.dart: PrayerStreakService Tests Get All Activity Dates should return empty list when no activity                     
ℹ️ [2025-10-17 18:19:31.987] [INFO   ] [DatabaseHelper] Creating database schema v5
00:12 +480 ~5 -74: /Users/kcdacre8tor/ everyday-christian/test/bible_loader_service_test.dart: BibleLoaderService Book Name Mapping should map all New Testament abbreviations correctly               
  → Creating performance indexes...
  → Creating timestamp triggers...
✅ Schema v2 migration complete!
✅ Database integrity verified
✅ Database migrations complete!
00:12 +481 ~5 -74: /Users/kcdacre8tor/ everyday-christian/test/prayer_streak_test.dart: PrayerStreakService Tests Get All Activity Dates should return empty list when no activity                     00:12 +481 ~5 -74: /Users/kcdacre8tor/ everyday-christian/test/bible_loader_service_test.dart: BibleLoaderService Book Name Mapping should handle unknown book abbreviations                           
ℹ️ [2025-10-17 18:19:31.994] [INFO   ] [DatabaseHelper] Initializing database at: :memory:
ℹ️ [2025-10-17 18:19:31.996] [INFO   ] [DatabaseHelper] Creating database schema v5
00:12 +481 ~5 -74: /Users/kcdacre8tor/ everyday-christian/test/prayer_streak_test.dart: PrayerStreakService Tests Get All Activity Dates should return empty list when no activity                     
ℹ️ [2025-10-17 18:19:31.998] [INFO   ] [DatabaseHelper] Database schema created successfully
📦 Running database migrations from v1 to v2
🔄 Migrating to schema v2...
  → Fixing favorite_verses foreign key...
  → Fixing daily_verses foreign key...
  → Fixing verse_bookmarks foreign key...
  → Removing duplicate column from prayer_categories...
00:12 +481 ~5 -74: /Users/kcdacre8tor/ everyday-christian/test/bible_loader_service_test.dart: BibleLoaderService Book Name Mapping should handle unknown book abbreviations                           
ℹ️ [2025-10-17 18:19:32.009] [INFO   ] [DatabaseHelper] Database schema created successfully
00:12 +481 ~5 -74: /Users/kcdacre8tor/ everyday-christian/test/prayer_streak_test.dart: PrayerStreakService Tests Get All Activity Dates should return empty list when no activity                     
  → Creating performance indexes...
00:12 +481 ~5 -74: /Users/kcdacre8tor/ everyday-christian/test/bible_loader_service_test.dart: BibleLoaderService Book Name Mapping should handle unknown book abbreviations                           
📦 Running database migrations from v1 to v2
🔄 Migrating to schema v2...
  → Fixing favorite_verses foreign key...
00:12 +481 ~5 -74: /Users/kcdacre8tor/ everyday-christian/test/prayer_streak_test.dart: PrayerStreakService Tests Get All Activity Dates should return empty list when no activity                     
  → Creating timestamp triggers...
✅ Schema v2 migration complete!
00:12 +481 ~5 -74: /Users/kcdacre8tor/ everyday-christian/test/bible_loader_service_test.dart: BibleLoaderService Book Name Mapping should handle unknown book abbreviations                           
  → Fixing daily_verses foreign key...
00:12 +481 ~5 -74: /Users/kcdacre8tor/ everyday-christian/test/prayer_streak_test.dart: PrayerStreakService Tests Get All Activity Dates should return empty list when no activity                     
✅ Database integrity verified
00:12 +481 ~5 -74: /Users/kcdacre8tor/ everyday-christian/test/bible_loader_service_test.dart: BibleLoaderService Book Name Mapping should handle unknown book abbreviations                           
  → Fixing verse_bookmarks foreign key...
00:12 +481 ~5 -74: /Users/kcdacre8tor/ everyday-christian/test/prayer_streak_test.dart: PrayerStreakService Tests Get All Activity Dates should return empty list when no activity                     
✅ Database migrations complete!
00:12 +481 ~5 -74: /Users/kcdacre8tor/ everyday-christian/test/bible_loader_service_test.dart: BibleLoaderService Book Name Mapping should handle unknown book abbreviations                           
  → Removing duplicate column from prayer_categories...
00:12 +481 ~5 -75: /Users/kcdacre8tor/ everyday-christian/test/bible_loader_service_test.dart: BibleLoaderService Book Name Mapping should handle unknown book abbreviations                           
  → Creating performance indexes...
00:12 +481 ~5 -75: /Users/kcdacre8tor/ everyday-christian/test/prayer_streak_test.dart: PrayerStreakService Tests Get All Activity Dates should return empty list when no activity [E]                 
  MissingPluginException(No implementation found for method getApplicationDocumentsDirectory on channel plugins.flutter.io/path_provider)
  package:flutter/src/services/platform_channel.dart 365:7  MethodChannel._invokeMethod
  ===== asynchronous gap ===========================
  dart:async                                                _CustomZone.registerBinaryCallback
  test/prayer_streak_test.dart 32:7                         main.<fn>.<fn>
  

To run this test again: /Users/kcdacre8tor/flutter/bin/cache/dart-sdk/bin/dart test /Users/kcdacre8tor/ everyday-christian/test/prayer_streak_test.dart -p vm --plain-name 'PrayerStreakService Tests Get All Activity Dates should return empty list when no activity'
00:12 +481 ~5 -75: /Users/kcdacre8tor/ everyday-christian/test/bible_loader_service_test.dart: BibleLoaderService Book Name Mapping should handle unknown book abbreviations                           
  → Creating timestamp triggers...
✅ Schema v2 migration complete!
✅ Database integrity verified
00:12 +481 ~5 -75: /Users/kcdacre8tor/ everyday-christian/test/prayer_streak_test.dart: PrayerStreakService Tests Get All Activity Dates should return all activity dates in descending order          
ℹ️ [2025-10-17 18:19:32.023] [INFO   ] [DatabaseHelper] Initializing database at: :memory:
00:12 +481 ~5 -75: /Users/kcdacre8tor/ everyday-christian/test/bible_loader_service_test.dart: BibleLoaderService Book Name Mapping should handle unknown book abbreviations                           
✅ Database migrations complete!
00:12 +481 ~5 -75: /Users/kcdacre8tor/ everyday-christian/test/prayer_streak_test.dart: PrayerStreakService Tests Get All Activity Dates should return all activity dates in descending order          
ℹ️ [2025-10-17 18:19:32.025] [INFO   ] [DatabaseHelper] Creating database schema v5
00:12 +482 ~5 -75: /Users/kcdacre8tor/ everyday-christian/test/prayer_streak_test.dart: PrayerStreakService Tests Get All Activity Dates should return all activity dates in descending order          00:12 +482 ~5 -75: /Users/kcdacre8tor/ everyday-christian/test/bible_loader_service_test.dart: BibleLoaderService Error Handling should handle database errors gracefully                              
ℹ️ [2025-10-17 18:19:32.026] [INFO   ] [DatabaseHelper] Initializing database at: :memory:
ℹ️ [2025-10-17 18:19:32.029] [INFO   ] [DatabaseHelper] Creating database schema v5
00:12 +482 ~5 -75: /Users/kcdacre8tor/ everyday-christian/test/prayer_streak_test.dart: PrayerStreakService Tests Get All Activity Dates should return all activity dates in descending order          
ℹ️ [2025-10-17 18:19:32.047] [INFO   ] [DatabaseHelper] Database schema created successfully
📦 Running database migrations from v1 to v2
🔄 Migrating to schema v2...
00:12 +482 ~5 -75: /Users/kcdacre8tor/ everyday-christian/test/bible_loader_service_test.dart: BibleLoaderService Error Handling should handle database errors gracefully                              
ℹ️ [2025-10-17 18:19:32.049] [INFO   ] [DatabaseHelper] Database schema created successfully
00:12 +482 ~5 -75: /Users/kcdacre8tor/ everyday-christian/test/prayer_streak_test.dart: PrayerStreakService Tests Get All Activity Dates should return all activity dates in descending order          
  → Fixing favorite_verses foreign key...
  → Fixing daily_verses foreign key...
00:12 +482 ~5 -75: /Users/kcdacre8tor/ everyday-christian/test/bible_loader_service_test.dart: BibleLoaderService Error Handling should handle database errors gracefully                              
📦 Running database migrations from v1 to v2
🔄 Migrating to schema v2...
  → Fixing favorite_verses foreign key...
00:12 +482 ~5 -75: /Users/kcdacre8tor/ everyday-christian/test/prayer_streak_test.dart: PrayerStreakService Tests Get All Activity Dates should return all activity dates in descending order          
  → Fixing verse_bookmarks foreign key...
00:12 +482 ~5 -75: /Users/kcdacre8tor/ everyday-christian/test/bible_loader_service_test.dart: BibleLoaderService Error Handling should handle database errors gracefully                              
  → Fixing daily_verses foreign key...
00:12 +482 ~5 -75: /Users/kcdacre8tor/ everyday-christian/test/prayer_streak_test.dart: PrayerStreakService Tests Get All Activity Dates should return all activity dates in descending order          
  → Removing duplicate column from prayer_categories...
00:12 +482 ~5 -75: /Users/kcdacre8tor/ everyday-christian/test/bible_loader_service_test.dart: BibleLoaderService Error Handling should handle database errors gracefully                              
  → Fixing verse_bookmarks foreign key...
00:12 +482 ~5 -75: /Users/kcdacre8tor/ everyday-christian/test/prayer_streak_test.dart: PrayerStreakService Tests Get All Activity Dates should return all activity dates in descending order          
  → Creating performance indexes...
00:12 +482 ~5 -75: /Users/kcdacre8tor/ everyday-christian/test/bible_loader_service_test.dart: BibleLoaderService Error Handling should handle database errors gracefully                              
  → Removing duplicate column from prayer_categories...
00:12 +482 ~5 -75: /Users/kcdacre8tor/ everyday-christian/test/prayer_streak_test.dart: PrayerStreakService Tests Get All Activity Dates should return all activity dates in descending order          
  → Creating timestamp triggers...
00:12 +482 ~5 -75: /Users/kcdacre8tor/ everyday-christian/test/bible_loader_service_test.dart: BibleLoaderService Error Handling should handle database errors gracefully                              
  → Creating performance indexes...
00:12 +482 ~5 -75: /Users/kcdacre8tor/ everyday-christian/test/prayer_streak_test.dart: PrayerStreakService Tests Get All Activity Dates should return all activity dates in descending order          
✅ Schema v2 migration complete!
✅ Database integrity verified
✅ Database migrations complete!
00:12 +482 ~5 -75: /Users/kcdacre8tor/ everyday-christian/test/bible_loader_service_test.dart: BibleLoaderService Error Handling should handle database errors gracefully                              
  → Creating timestamp triggers...
✅ Schema v2 migration complete!
✅ Database integrity verified
✅ Database migrations complete!
00:12 +483 ~5 -75: /Users/kcdacre8tor/ everyday-christian/test/prayer_streak_test.dart: PrayerStreakService Tests Get All Activity Dates should return all activity dates in descending order          00:12 +483 ~5 -76: /Users/kcdacre8tor/ everyday-christian/test/bible_loader_service_test.dart: BibleLoaderService Error Handling should handle concurrent progress queries                             00:12 +483 ~5 -76: /Users/kcdacre8tor/ everyday-christian/test/bible_loader_service_test.dart: BibleLoaderService Error Handling should handle concurrent progress queries                             
ℹ️ [2025-10-17 18:19:32.073] [INFO   ] [DatabaseHelper] Initializing database at: :memory:
00:12 +483 ~5 -76: /Users/kcdacre8tor/ everyday-christian/test/prayer_streak_test.dart: PrayerStreakService Tests Get All Activity Dates should return all activity dates in descending order [E]      
  MissingPluginException(No implementation found for method getApplicationDocumentsDirectory on channel plugins.flutter.io/path_provider)
  package:flutter/src/services/platform_channel.dart 365:7  MethodChannel._invokeMethod
  ===== asynchronous gap ===========================
  dart:async                                                _CustomZone.registerBinaryCallback
  test/prayer_streak_test.dart 32:7                         main.<fn>.<fn>
  

To run this test again: /Users/kcdacre8tor/flutter/bin/cache/dart-sdk/bin/dart test /Users/kcdacre8tor/ everyday-christian/test/prayer_streak_test.dart -p vm --plain-name 'PrayerStreakService Tests Get All Activity Dates should return all activity dates in descending order'
00:12 +483 ~5 -76: /Users/kcdacre8tor/ everyday-christian/test/bible_loader_service_test.dart: BibleLoaderService Error Handling should handle concurrent progress queries                             
ℹ️ [2025-10-17 18:19:32.075] [INFO   ] [DatabaseHelper] Creating database schema v5
00:12 +483 ~5 -76: /Users/kcdacre8tor/ everyday-christian/test/prayer_streak_test.dart: PrayerStreakService Tests Clear All Streak Data should remove all streak data                                  
ℹ️ [2025-10-17 18:19:32.077] [INFO   ] [DatabaseHelper] Initializing database at: :memory:
ℹ️ [2025-10-17 18:19:32.081] [INFO   ] [DatabaseHelper] Creating database schema v5
00:12 +483 ~5 -76: /Users/kcdacre8tor/ everyday-christian/test/bible_loader_service_test.dart: BibleLoaderService Error Handling should handle concurrent progress queries                             
ℹ️ [2025-10-17 18:19:32.106] [INFO   ] [DatabaseHelper] Database schema created successfully
📦 Running database migrations from v1 to v2
🔄 Migrating to schema v2...
  → Fixing favorite_verses foreign key...
00:12 +483 ~5 -76: /Users/kcdacre8tor/ everyday-christian/test/prayer_streak_test.dart: PrayerStreakService Tests Clear All Streak Data should remove all streak data                                  
ℹ️ [2025-10-17 18:19:32.111] [INFO   ] [DatabaseHelper] Database schema created successfully
00:12 +483 ~5 -76: /Users/kcdacre8tor/ everyday-christian/test/bible_loader_service_test.dart: BibleLoaderService Error Handling should handle concurrent progress queries                             
  → Fixing daily_verses foreign key...
00:12 +483 ~5 -76: /Users/kcdacre8tor/ everyday-christian/test/prayer_streak_test.dart: PrayerStreakService Tests Clear All Streak Data should remove all streak data                                  
📦 Running database migrations from v1 to v2
🔄 Migrating to schema v2...
00:12 +483 ~5 -76: /Users/kcdacre8tor/ everyday-christian/test/bible_loader_service_test.dart: BibleLoaderService Error Handling should handle concurrent progress queries                             
  → Fixing verse_bookmarks foreign key...
00:12 +483 ~5 -76: /Users/kcdacre8tor/ everyday-christian/test/prayer_streak_test.dart: PrayerStreakService Tests Clear All Streak Data should remove all streak data                                  
  → Fixing favorite_verses foreign key...
  → Fixing daily_verses foreign key...
00:12 +483 ~5 -76: /Users/kcdacre8tor/ everyday-christian/test/bible_loader_service_test.dart: BibleLoaderService Error Handling should handle concurrent progress queries                             
  → Removing duplicate column from prayer_categories...
00:12 +483 ~5 -76: /Users/kcdacre8tor/ everyday-christian/test/prayer_streak_test.dart: PrayerStreakService Tests Clear All Streak Data should remove all streak data                                  
  → Fixing verse_bookmarks foreign key...
00:12 +483 ~5 -76: /Users/kcdacre8tor/ everyday-christian/test/bible_loader_service_test.dart: BibleLoaderService Error Handling should handle concurrent progress queries                             
  → Creating performance indexes...
00:12 +483 ~5 -76: /Users/kcdacre8tor/ everyday-christian/test/prayer_streak_test.dart: PrayerStreakService Tests Clear All Streak Data should remove all streak data                                  
  → Removing duplicate column from prayer_categories...
00:12 +483 ~5 -76: /Users/kcdacre8tor/ everyday-christian/test/bible_loader_service_test.dart: BibleLoaderService Error Handling should handle concurrent progress queries                             
  → Creating timestamp triggers...
00:12 +483 ~5 -76: /Users/kcdacre8tor/ everyday-christian/test/prayer_streak_test.dart: PrayerStreakService Tests Clear All Streak Data should remove all streak data                                  
  → Creating performance indexes...
00:12 +483 ~5 -76: /Users/kcdacre8tor/ everyday-christian/test/bible_loader_service_test.dart: BibleLoaderService Error Handling should handle concurrent progress queries                             
✅ Schema v2 migration complete!
✅ Database integrity verified
✅ Database migrations complete!
00:12 +483 ~5 -76: /Users/kcdacre8tor/ everyday-christian/test/prayer_streak_test.dart: PrayerStreakService Tests Clear All Streak Data should remove all streak data                                  
  → Creating timestamp triggers...
✅ Schema v2 migration complete!
✅ Database integrity verified
00:12 +483 ~5 -77: /Users/kcdacre8tor/ everyday-christian/test/prayer_streak_test.dart: PrayerStreakService Tests Clear All Streak Data should remove all streak data                                  
✅ Database migrations complete!
00:12 +483 ~5 -77: /Users/kcdacre8tor/ everyday-christian/test/bible_loader_service_test.dart: BibleLoaderService Error Handling should handle concurrent progress queries [E]                         
  Expected: true
    Actual: <false>
  
  package:matcher                                     expect
  package:flutter_test/src/widget_tester.dart 473:18  expect
  test/bible_loader_service_test.dart 588:11          main.<fn>.<fn>.<fn>
  

To run this test again: /Users/kcdacre8tor/flutter/bin/cache/dart-sdk/bin/dart test /Users/kcdacre8tor/ everyday-christian/test/bible_loader_service_test.dart -p vm --plain-name 'BibleLoaderService Error Handling should handle concurrent progress queries'
00:12 +483 ~5 -78: /Users/kcdacre8tor/ everyday-christian/test/bible_loader_service_test.dart: BibleLoaderService Error Handling should handle multiple isBibleLoaded queries concurrently             
ℹ️ [2025-10-17 18:19:32.134] [INFO   ] [DatabaseHelper] Initializing database at: :memory:
00:12 +483 ~5 -78: /Users/kcdacre8tor/ everyday-christian/test/prayer_streak_test.dart: PrayerStreakService Tests Clear All Streak Data should remove all streak data [E]                              
  MissingPluginException(No implementation found for method getApplicationDocumentsDirectory on channel plugins.flutter.io/path_provider)
  package:flutter/src/services/platform_channel.dart 365:7  MethodChannel._invokeMethod
  ===== asynchronous gap ===========================
  dart:async                                                _CustomZone.registerBinaryCallback
  test/prayer_streak_test.dart 32:7                         main.<fn>.<fn>
  

To run this test again: /Users/kcdacre8tor/flutter/bin/cache/dart-sdk/bin/dart test /Users/kcdacre8tor/ everyday-christian/test/prayer_streak_test.dart -p vm --plain-name 'PrayerStreakService Tests Clear All Streak Data should remove all streak data'
00:12 +483 ~5 -78: /Users/kcdacre8tor/ everyday-christian/test/bible_loader_service_test.dart: BibleLoaderService Error Handling should handle multiple isBibleLoaded queries concurrently             
ℹ️ [2025-10-17 18:19:32.136] [INFO   ] [DatabaseHelper] Creating database schema v5
00:12 +483 ~5 -78: /Users/kcdacre8tor/ everyday-christian/test/prayer_streak_test.dart: PrayerStreakService Tests Edge Cases should handle month boundaries correctly                                  
ℹ️ [2025-10-17 18:19:32.138] [INFO   ] [DatabaseHelper] Initializing database at: :memory:
ℹ️ [2025-10-17 18:19:32.140] [INFO   ] [DatabaseHelper] Creating database schema v5
00:12 +483 ~5 -78: /Users/kcdacre8tor/ everyday-christian/test/bible_loader_service_test.dart: BibleLoaderService Error Handling should handle multiple isBibleLoaded queries concurrently             
ℹ️ [2025-10-17 18:19:32.154] [INFO   ] [DatabaseHelper] Database schema created successfully
00:12 +483 ~5 -78: /Users/kcdacre8tor/ everyday-christian/test/prayer_streak_test.dart: PrayerStreakService Tests Edge Cases should handle month boundaries correctly                                  
ℹ️ [2025-10-17 18:19:32.159] [INFO   ] [DatabaseHelper] Database schema created successfully
00:12 +483 ~5 -78: /Users/kcdacre8tor/ everyday-christian/test/bible_loader_service_test.dart: BibleLoaderService Error Handling should handle multiple isBibleLoaded queries concurrently             
📦 Running database migrations from v1 to v2
🔄 Migrating to schema v2...
00:12 +483 ~5 -78: /Users/kcdacre8tor/ everyday-christian/test/prayer_streak_test.dart: PrayerStreakService Tests Edge Cases should handle month boundaries correctly                                  
📦 Running database migrations from v1 to v2
🔄 Migrating to schema v2...
00:12 +483 ~5 -78: /Users/kcdacre8tor/ everyday-christian/test/bible_loader_service_test.dart: BibleLoaderService Error Handling should handle multiple isBibleLoaded queries concurrently             
  → Fixing favorite_verses foreign key...
00:12 +483 ~5 -78: /Users/kcdacre8tor/ everyday-christian/test/prayer_streak_test.dart: PrayerStreakService Tests Edge Cases should handle month boundaries correctly                                  
  → Fixing favorite_verses foreign key...
  → Fixing daily_verses foreign key...
00:12 +483 ~5 -78: /Users/kcdacre8tor/ everyday-christian/test/bible_loader_service_test.dart: BibleLoaderService Error Handling should handle multiple isBibleLoaded queries concurrently             
  → Fixing daily_verses foreign key...
00:12 +483 ~5 -78: /Users/kcdacre8tor/ everyday-christian/test/prayer_streak_test.dart: PrayerStreakService Tests Edge Cases should handle month boundaries correctly                                  
  → Fixing verse_bookmarks foreign key...
00:12 +483 ~5 -78: /Users/kcdacre8tor/ everyday-christian/test/bible_loader_service_test.dart: BibleLoaderService Error Handling should handle multiple isBibleLoaded queries concurrently             
  → Fixing verse_bookmarks foreign key...
00:12 +483 ~5 -78: /Users/kcdacre8tor/ everyday-christian/test/prayer_streak_test.dart: PrayerStreakService Tests Edge Cases should handle month boundaries correctly                                  
  → Removing duplicate column from prayer_categories...
00:12 +483 ~5 -78: /Users/kcdacre8tor/ everyday-christian/test/bible_loader_service_test.dart: BibleLoaderService Error Handling should handle multiple isBibleLoaded queries concurrently             
  → Removing duplicate column from prayer_categories...
00:12 +483 ~5 -78: /Users/kcdacre8tor/ everyday-christian/test/prayer_streak_test.dart: PrayerStreakService Tests Edge Cases should handle month boundaries correctly                                  
  → Creating performance indexes...
00:12 +483 ~5 -78: /Users/kcdacre8tor/ everyday-christian/test/bible_loader_service_test.dart: BibleLoaderService Error Handling should handle multiple isBibleLoaded queries concurrently             
  → Creating performance indexes...
00:12 +483 ~5 -78: /Users/kcdacre8tor/ everyday-christian/test/prayer_streak_test.dart: PrayerStreakService Tests Edge Cases should handle month boundaries correctly                                  
  → Creating timestamp triggers...
✅ Schema v2 migration complete!
✅ Database integrity verified
00:12 +483 ~5 -78: /Users/kcdacre8tor/ everyday-christian/test/bible_loader_service_test.dart: BibleLoaderService Error Handling should handle multiple isBibleLoaded queries concurrently             
  → Creating timestamp triggers...
00:12 +483 ~5 -78: /Users/kcdacre8tor/ everyday-christian/test/prayer_streak_test.dart: PrayerStreakService Tests Edge Cases should handle month boundaries correctly                                  
✅ Database migrations complete!
00:12 +483 ~5 -78: /Users/kcdacre8tor/ everyday-christian/test/bible_loader_service_test.dart: BibleLoaderService Error Handling should handle multiple isBibleLoaded queries concurrently             
✅ Schema v2 migration complete!
✅ Database integrity verified
✅ Database migrations complete!
00:12 +483 ~5 -79: /Users/kcdacre8tor/ everyday-christian/test/prayer_streak_test.dart: PrayerStreakService Tests Edge Cases should handle month boundaries correctly [E]                              
  MissingPluginException(No implementation found for method getApplicationDocumentsDirectory on channel plugins.flutter.io/path_provider)
  package:flutter/src/services/platform_channel.dart 365:7  MethodChannel._invokeMethod
  ===== asynchronous gap ===========================
  dart:async                                                _CustomZone.registerBinaryCallback
  test/prayer_streak_test.dart 32:7                         main.<fn>.<fn>
  

To run this test again: /Users/kcdacre8tor/flutter/bin/cache/dart-sdk/bin/dart test /Users/kcdacre8tor/ everyday-christian/test/prayer_streak_test.dart -p vm --plain-name 'PrayerStreakService Tests Edge Cases should handle month boundaries correctly'
00:12 +483 ~5 -79: /Users/kcdacre8tor/ everyday-christian/test/prayer_streak_test.dart: PrayerStreakService Tests Edge Cases should handle leap year correctly                                         
ℹ️ [2025-10-17 18:19:32.186] [INFO   ] [DatabaseHelper] Initializing database at: :memory:
00:12 +484 ~5 -79: /Users/kcdacre8tor/ everyday-christian/test/prayer_streak_test.dart: PrayerStreakService Tests Edge Cases should handle leap year correctly                                         00:12 +484 ~5 -79: /Users/kcdacre8tor/ everyday-christian/test/prayer_streak_test.dart: PrayerStreakService Tests Edge Cases should handle leap year correctly                                         
ℹ️ [2025-10-17 18:19:32.187] [INFO   ] [DatabaseHelper] Creating database schema v5
00:12 +484 ~5 -79: /Users/kcdacre8tor/ everyday-christian/test/bible_loader_service_test.dart: BibleLoaderService Service Integration should work with fresh database instance                         
ℹ️ [2025-10-17 18:19:32.187] [INFO   ] [DatabaseHelper] Initializing database at: :memory:
ℹ️ [2025-10-17 18:19:32.190] [INFO   ] [DatabaseHelper] Creating database schema v5
ℹ️ [2025-10-17 18:19:32.206] [INFO   ] [DatabaseHelper] Database schema created successfully
00:12 +484 ~5 -79: /Users/kcdacre8tor/ everyday-christian/test/prayer_streak_test.dart: PrayerStreakService Tests Edge Cases should handle leap year correctly                                         
ℹ️ [2025-10-17 18:19:32.206] [INFO   ] [DatabaseHelper] Database schema created successfully
00:12 +484 ~5 -79: /Users/kcdacre8tor/ everyday-christian/test/bible_loader_service_test.dart: BibleLoaderService Service Integration should work with fresh database instance                         
📦 Running database migrations from v1 to v2
🔄 Migrating to schema v2...
00:12 +484 ~5 -79: /Users/kcdacre8tor/ everyday-christian/test/prayer_streak_test.dart: PrayerStreakService Tests Edge Cases should handle leap year correctly                                         
📦 Running database migrations from v1 to v2
🔄 Migrating to schema v2...
00:12 +484 ~5 -79: /Users/kcdacre8tor/ everyday-christian/test/bible_loader_service_test.dart: BibleLoaderService Service Integration should work with fresh database instance                         
  → Fixing favorite_verses foreign key...
00:12 +484 ~5 -79: /Users/kcdacre8tor/ everyday-christian/test/prayer_streak_test.dart: PrayerStreakService Tests Edge Cases should handle leap year correctly                                         
  → Fixing favorite_verses foreign key...
00:12 +484 ~5 -79: /Users/kcdacre8tor/ everyday-christian/test/bible_loader_service_test.dart: BibleLoaderService Service Integration should work with fresh database instance                         
  → Fixing daily_verses foreign key...
00:12 +484 ~5 -79: /Users/kcdacre8tor/ everyday-christian/test/prayer_streak_test.dart: PrayerStreakService Tests Edge Cases should handle leap year correctly                                         
  → Fixing daily_verses foreign key...
  → Fixing verse_bookmarks foreign key...
00:12 +484 ~5 -79: /Users/kcdacre8tor/ everyday-christian/test/bible_loader_service_test.dart: BibleLoaderService Service Integration should work with fresh database instance                         
  → Fixing verse_bookmarks foreign key...
00:12 +484 ~5 -79: /Users/kcdacre8tor/ everyday-christian/test/prayer_streak_test.dart: PrayerStreakService Tests Edge Cases should handle leap year correctly                                         
  → Removing duplicate column from prayer_categories...
00:12 +484 ~5 -79: /Users/kcdacre8tor/ everyday-christian/test/bible_loader_service_test.dart: BibleLoaderService Service Integration should work with fresh database instance                         
  → Removing duplicate column from prayer_categories...
00:12 +484 ~5 -79: /Users/kcdacre8tor/ everyday-christian/test/prayer_streak_test.dart: PrayerStreakService Tests Edge Cases should handle leap year correctly                                         
  → Creating performance indexes...
00:12 +484 ~5 -79: /Users/kcdacre8tor/ everyday-christian/test/bible_loader_service_test.dart: BibleLoaderService Service Integration should work with fresh database instance                         
  → Creating performance indexes...
00:12 +484 ~5 -79: /Users/kcdacre8tor/ everyday-christian/test/prayer_streak_test.dart: PrayerStreakService Tests Edge Cases should handle leap year correctly                                         
  → Creating timestamp triggers...
00:12 +484 ~5 -79: /Users/kcdacre8tor/ everyday-christian/test/bible_loader_service_test.dart: BibleLoaderService Service Integration should work with fresh database instance                         
  → Creating timestamp triggers...
00:12 +484 ~5 -79: /Users/kcdacre8tor/ everyday-christian/test/prayer_streak_test.dart: PrayerStreakService Tests Edge Cases should handle leap year correctly                                         
✅ Schema v2 migration complete!
00:12 +484 ~5 -79: /Users/kcdacre8tor/ everyday-christian/test/bible_loader_service_test.dart: BibleLoaderService Service Integration should work with fresh database instance                         
✅ Schema v2 migration complete!
00:12 +484 ~5 -79: /Users/kcdacre8tor/ everyday-christian/test/prayer_streak_test.dart: PrayerStreakService Tests Edge Cases should handle leap year correctly                                         
✅ Database integrity verified
00:12 +484 ~5 -79: /Users/kcdacre8tor/ everyday-christian/test/bible_loader_service_test.dart: BibleLoaderService Service Integration should work with fresh database instance                         
✅ Database integrity verified
00:12 +484 ~5 -79: /Users/kcdacre8tor/ everyday-christian/test/prayer_streak_test.dart: PrayerStreakService Tests Edge Cases should handle leap year correctly                                         
✅ Database migrations complete!
00:12 +484 ~5 -79: /Users/kcdacre8tor/ everyday-christian/test/bible_loader_service_test.dart: BibleLoaderService Service Integration should work with fresh database instance                         
✅ Database migrations complete!
ℹ️ [2025-10-17 18:19:32.222] [INFO   ] [DatabaseHelper] Initializing database at: :memory:
00:12 +485 ~5 -79: /Users/kcdacre8tor/ everyday-christian/test/prayer_streak_test.dart: PrayerStreakService Tests Edge Cases should handle leap year correctly                                         00:12 +485 ~5 -80: /Users/kcdacre8tor/ everyday-christian/test/bible_loader_service_test.dart: BibleLoaderService Service Integration should handle multiple service instances                         
ℹ️ [2025-10-17 18:19:32.226] [INFO   ] [DatabaseHelper] Initializing database at: :memory:
00:12 +485 ~5 -80: /Users/kcdacre8tor/ everyday-christian/test/prayer_streak_test.dart: PrayerStreakService Tests Edge Cases should handle leap year correctly [E]                                     
  MissingPluginException(No implementation found for method getApplicationDocumentsDirectory on channel plugins.flutter.io/path_provider)
  package:flutter/src/services/platform_channel.dart 365:7  MethodChannel._invokeMethod
  ===== asynchronous gap ===========================
  dart:async                                                _CustomZone.registerBinaryCallback
  test/prayer_streak_test.dart 32:7                         main.<fn>.<fn>
  

To run this test again: /Users/kcdacre8tor/flutter/bin/cache/dart-sdk/bin/dart test /Users/kcdacre8tor/ everyday-christian/test/prayer_streak_test.dart -p vm --plain-name 'PrayerStreakService Tests Edge Cases should handle leap year correctly'
00:12 +485 ~5 -80: /Users/kcdacre8tor/ everyday-christian/test/bible_loader_service_test.dart: BibleLoaderService Service Integration should handle multiple service instances                         
ℹ️ [2025-10-17 18:19:32.228] [INFO   ] [DatabaseHelper] Creating database schema v5
00:12 +485 ~5 -80: /Users/kcdacre8tor/ everyday-christian/test/prayer_streak_test.dart: PrayerStreakService Tests Edge Cases should handle database errors gracefully                                  
ℹ️ [2025-10-17 18:19:32.229] [INFO   ] [DatabaseHelper] Initializing database at: :memory:
ℹ️ [2025-10-17 18:19:32.231] [INFO   ] [DatabaseHelper] Creating database schema v5
00:12 +485 ~5 -80: /Users/kcdacre8tor/ everyday-christian/test/bible_loader_service_test.dart: BibleLoaderService Service Integration should handle multiple service instances                         
ℹ️ [2025-10-17 18:19:32.243] [INFO   ] [DatabaseHelper] Database schema created successfully
00:12 +485 ~5 -80: /Users/kcdacre8tor/ everyday-christian/test/prayer_streak_test.dart: PrayerStreakService Tests Edge Cases should handle database errors gracefully                                  
ℹ️ [2025-10-17 18:19:32.244] [INFO   ] [DatabaseHelper] Database schema created successfully
00:12 +485 ~5 -80: /Users/kcdacre8tor/ everyday-christian/test/bible_loader_service_test.dart: BibleLoaderService Service Integration should handle multiple service instances                         
📦 Running database migrations from v1 to v2
🔄 Migrating to schema v2...
00:12 +485 ~5 -80: /Users/kcdacre8tor/ everyday-christian/test/prayer_streak_test.dart: PrayerStreakService Tests Edge Cases should handle database errors gracefully                                  
📦 Running database migrations from v1 to v2
00:12 +485 ~5 -80: /Users/kcdacre8tor/ everyday-christian/test/bible_loader_service_test.dart: BibleLoaderService Service Integration should handle multiple service instances                         
  → Fixing favorite_verses foreign key...
00:12 +485 ~5 -80: /Users/kcdacre8tor/ everyday-christian/test/prayer_streak_test.dart: PrayerStreakService Tests Edge Cases should handle database errors gracefully                                  
🔄 Migrating to schema v2...
  → Fixing favorite_verses foreign key...
00:12 +485 ~5 -80: /Users/kcdacre8tor/ everyday-christian/test/bible_loader_service_test.dart: BibleLoaderService Service Integration should handle multiple service instances                         
  → Fixing daily_verses foreign key...
00:12 +485 ~5 -80: /Users/kcdacre8tor/ everyday-christian/test/prayer_streak_test.dart: PrayerStreakService Tests Edge Cases should handle database errors gracefully                                  
  → Fixing daily_verses foreign key...
00:12 +485 ~5 -80: /Users/kcdacre8tor/ everyday-christian/test/bible_loader_service_test.dart: BibleLoaderService Service Integration should handle multiple service instances                         
  → Fixing verse_bookmarks foreign key...
00:12 +485 ~5 -80: /Users/kcdacre8tor/ everyday-christian/test/prayer_streak_test.dart: PrayerStreakService Tests Edge Cases should handle database errors gracefully                                  
  → Fixing verse_bookmarks foreign key...
00:12 +485 ~5 -80: /Users/kcdacre8tor/ everyday-christian/test/bible_loader_service_test.dart: BibleLoaderService Service Integration should handle multiple service instances                         
  → Removing duplicate column from prayer_categories...
00:12 +485 ~5 -80: /Users/kcdacre8tor/ everyday-christian/test/prayer_streak_test.dart: PrayerStreakService Tests Edge Cases should handle database errors gracefully                                  
  → Removing duplicate column from prayer_categories...
00:12 +485 ~5 -80: /Users/kcdacre8tor/ everyday-christian/test/bible_loader_service_test.dart: BibleLoaderService Service Integration should handle multiple service instances                         
  → Creating performance indexes...
00:12 +485 ~5 -80: /Users/kcdacre8tor/ everyday-christian/test/prayer_streak_test.dart: PrayerStreakService Tests Edge Cases should handle database errors gracefully                                  
  → Creating performance indexes...
00:12 +485 ~5 -80: /Users/kcdacre8tor/ everyday-christian/test/bible_loader_service_test.dart: BibleLoaderService Service Integration should handle multiple service instances                         
  → Creating timestamp triggers...
00:12 +485 ~5 -80: /Users/kcdacre8tor/ everyday-christian/test/prayer_streak_test.dart: PrayerStreakService Tests Edge Cases should handle database errors gracefully                                  
  → Creating timestamp triggers...
✅ Schema v2 migration complete!
00:12 +485 ~5 -80: /Users/kcdacre8tor/ everyday-christian/test/bible_loader_service_test.dart: BibleLoaderService Service Integration should handle multiple service instances                         
✅ Schema v2 migration complete!
00:12 +485 ~5 -80: /Users/kcdacre8tor/ everyday-christian/test/prayer_streak_test.dart: PrayerStreakService Tests Edge Cases should handle database errors gracefully                                  
✅ Database integrity verified
00:12 +485 ~5 -80: /Users/kcdacre8tor/ everyday-christian/test/bible_loader_service_test.dart: BibleLoaderService Service Integration should handle multiple service instances                         
✅ Database integrity verified
00:12 +485 ~5 -80: /Users/kcdacre8tor/ everyday-christian/test/prayer_streak_test.dart: PrayerStreakService Tests Edge Cases should handle database errors gracefully                                  
✅ Database migrations complete!
00:12 +485 ~5 -80: /Users/kcdacre8tor/ everyday-christian/test/bible_loader_service_test.dart: BibleLoaderService Service Integration should handle multiple service instances                         
✅ Database migrations complete!
00:12 +485 ~5 -80: /Users/kcdacre8tor/ everyday-christian/test/prayer_streak_test.dart: PrayerStreakService Tests Edge Cases should handle database errors gracefully                                  
ℹ️ [2025-10-17 18:19:32.258] [INFO   ] [DatabaseHelper] Initializing database at: :memory:
00:12 +486 ~5 -80: /Users/kcdacre8tor/ everyday-christian/test/prayer_streak_test.dart: PrayerStreakService Tests Edge Cases should handle database errors gracefully                                  00:12 +486 ~5 -80: /Users/kcdacre8tor/ everyday-christian/test/bible_loader_service_test.dart: BibleLoaderService Service Integration should maintain state across method calls                        
ℹ️ [2025-10-17 18:19:32.259] [INFO   ] [DatabaseHelper] Initializing database at: :memory:
00:12 +486 ~5 -80: /Users/kcdacre8tor/ everyday-christian/test/prayer_streak_test.dart: PrayerStreakService Tests Edge Cases should handle database errors gracefully                                  
ℹ️ [2025-10-17 18:19:32.259] [INFO   ] [DatabaseHelper] Creating database schema v5
00:12 +486 ~5 -80: /Users/kcdacre8tor/ everyday-christian/test/bible_loader_service_test.dart: BibleLoaderService Service Integration should maintain state across method calls                        
ℹ️ [2025-10-17 18:19:32.261] [INFO   ] [DatabaseHelper] Creating database schema v5
00:12 +486 ~5 -80: /Users/kcdacre8tor/ everyday-christian/test/prayer_streak_test.dart: PrayerStreakService Tests Edge Cases should handle database errors gracefully                                  
ℹ️ [2025-10-17 18:19:32.275] [INFO   ] [DatabaseHelper] Database schema created successfully
00:12 +486 ~5 -80: /Users/kcdacre8tor/ everyday-christian/test/bible_loader_service_test.dart: BibleLoaderService Service Integration should maintain state across method calls                        
ℹ️ [2025-10-17 18:19:32.276] [INFO   ] [DatabaseHelper] Database schema created successfully
00:12 +486 ~5 -80: /Users/kcdacre8tor/ everyday-christian/test/prayer_streak_test.dart: PrayerStreakService Tests Edge Cases should handle database errors gracefully                                  
📦 Running database migrations from v1 to v2
🔄 Migrating to schema v2...
  → Fixing favorite_verses foreign key...
00:12 +486 ~5 -80: /Users/kcdacre8tor/ everyday-christian/test/bible_loader_service_test.dart: BibleLoaderService Service Integration should maintain state across method calls                        
📦 Running database migrations from v1 to v2
🔄 Migrating to schema v2...
  → Fixing favorite_verses foreign key...
00:12 +486 ~5 -80: /Users/kcdacre8tor/ everyday-christian/test/prayer_streak_test.dart: PrayerStreakService Tests Edge Cases should handle database errors gracefully                                  
  → Fixing daily_verses foreign key...
00:12 +486 ~5 -80: /Users/kcdacre8tor/ everyday-christian/test/bible_loader_service_test.dart: BibleLoaderService Service Integration should maintain state across method calls                        
  → Fixing daily_verses foreign key...
00:12 +486 ~5 -80: /Users/kcdacre8tor/ everyday-christian/test/prayer_streak_test.dart: PrayerStreakService Tests Edge Cases should handle database errors gracefully                                  
  → Fixing verse_bookmarks foreign key...
  → Removing duplicate column from prayer_categories...
00:12 +486 ~5 -80: /Users/kcdacre8tor/ everyday-christian/test/bible_loader_service_test.dart: BibleLoaderService Service Integration should maintain state across method calls                        
  → Fixing verse_bookmarks foreign key...
00:12 +486 ~5 -80: /Users/kcdacre8tor/ everyday-christian/test/prayer_streak_test.dart: PrayerStreakService Tests Edge Cases should handle database errors gracefully                                  
  → Creating performance indexes...
00:12 +486 ~5 -80: /Users/kcdacre8tor/ everyday-christian/test/bible_loader_service_test.dart: BibleLoaderService Service Integration should maintain state across method calls                        
  → Removing duplicate column from prayer_categories...
  → Creating performance indexes...
00:12 +486 ~5 -80: /Users/kcdacre8tor/ everyday-christian/test/prayer_streak_test.dart: PrayerStreakService Tests Edge Cases should handle database errors gracefully                                  
  → Creating timestamp triggers...
✅ Schema v2 migration complete!
✅ Database integrity verified
00:12 +486 ~5 -80: /Users/kcdacre8tor/ everyday-christian/test/bible_loader_service_test.dart: BibleLoaderService Service Integration should maintain state across method calls                        
  → Creating timestamp triggers...
00:12 +486 ~5 -80: /Users/kcdacre8tor/ everyday-christian/test/prayer_streak_test.dart: PrayerStreakService Tests Edge Cases should handle database errors gracefully                                  
✅ Database migrations complete!
00:12 +486 ~5 -80: /Users/kcdacre8tor/ everyday-christian/test/bible_loader_service_test.dart: BibleLoaderService Service Integration should maintain state across method calls                        
✅ Schema v2 migration complete!
✅ Database integrity verified
00:12 +486 ~5 -81: /Users/kcdacre8tor/ everyday-christian/test/bible_loader_service_test.dart: BibleLoaderService Service Integration should maintain state across method calls                        
✅ Database migrations complete!
00:12 +486 ~5 -81: /Users/kcdacre8tor/ everyday-christian/test/prayer_streak_test.dart: PrayerStreakService Tests Edge Cases should handle database errors gracefully [E]                              
  MissingPluginException(No implementation found for method getApplicationDocumentsDirectory on channel plugins.flutter.io/path_provider)
  package:flutter/src/services/platform_channel.dart 365:7  MethodChannel._invokeMethod
  ===== asynchronous gap ===========================
  dart:async                                                _CustomZone.registerBinaryCallback
  test/prayer_streak_test.dart 32:7                         main.<fn>.<fn>
  

To run this test again: /Users/kcdacre8tor/flutter/bin/cache/dart-sdk/bin/dart test /Users/kcdacre8tor/ everyday-christian/test/prayer_streak_test.dart -p vm --plain-name 'PrayerStreakService Tests Edge Cases should handle database errors gracefully'
00:12 +487 ~5 -81: /Users/kcdacre8tor/ ... PrayerStreakService Tests Integration with Prayer Actions should increment streak when prayers added on consecutive days                                    00:12 +487 ~5 -81: /Users/kcdacre8tor/ everyday-christian/test/prayer_streak_test.dart: PrayerStreakService Tests Integration with Prayer Actions should increment streak when prayers added on consecutive days
ℹ️ [2025-10-17 18:19:32.300] [INFO   ] [DatabaseHelper] Initializing database at: :memory:
00:12 +487 ~5 -81: /Users/kcdacre8tor/ everyday-christian/test/bible_loader_service_test.dart: BibleLoaderService Progress Tracking should return zero progress for empty database                     
ℹ️ [2025-10-17 18:19:32.303] [INFO   ] [DatabaseHelper] Initializing database at: :memory:
00:12 +487 ~5 -81: /Users/kcdacre8tor/ everyday-christian/test/prayer_streak_test.dart: PrayerStreakService Tests Integration with Prayer Actions should increment streak when prayers added on consecutive days
ℹ️ [2025-10-17 18:19:32.303] [INFO   ] [DatabaseHelper] Creating database schema v5
00:12 +487 ~5 -81: /Users/kcdacre8tor/ everyday-christian/test/bible_loader_service_test.dart: BibleLoaderService Progress Tracking should return zero progress for empty database                     
ℹ️ [2025-10-17 18:19:32.305] [INFO   ] [DatabaseHelper] Creating database schema v5
00:12 +487 ~5 -81: /Users/kcdacre8tor/ everyday-christian/test/prayer_streak_test.dart: PrayerStreakService Tests Integration with Prayer Actions should increment streak when prayers added on consecutive days
ℹ️ [2025-10-17 18:19:32.318] [INFO   ] [DatabaseHelper] Database schema created successfully
00:12 +487 ~5 -81: /Users/kcdacre8tor/ everyday-christian/test/bible_loader_service_test.dart: BibleLoaderService Progress Tracking should return zero progress for empty database                     
ℹ️ [2025-10-17 18:19:32.319] [INFO   ] [DatabaseHelper] Database schema created successfully
00:12 +487 ~5 -81: /Users/kcdacre8tor/ everyday-christian/test/prayer_streak_test.dart: PrayerStreakService Tests Integration with Prayer Actions should increment streak when prayers added on consecutive days
📦 Running database migrations from v1 to v2
🔄 Migrating to schema v2...
  → Fixing favorite_verses foreign key...
00:12 +487 ~5 -81: /Users/kcdacre8tor/ everyday-christian/test/bible_loader_service_test.dart: BibleLoaderService Progress Tracking should return zero progress for empty database                     
📦 Running database migrations from v1 to v2
🔄 Migrating to schema v2...
  → Fixing favorite_verses foreign key...
00:12 +487 ~5 -81: /Users/kcdacre8tor/ everyday-christian/test/prayer_streak_test.dart: PrayerStreakService Tests Integration with Prayer Actions should increment streak when prayers added on consecutive days
  → Fixing daily_verses foreign key...
00:12 +487 ~5 -81: /Users/kcdacre8tor/ everyday-christian/test/bible_loader_service_test.dart: BibleLoaderService Progress Tracking should return zero progress for empty database                     
  → Fixing daily_verses foreign key...
00:12 +487 ~5 -81: /Users/kcdacre8tor/ everyday-christian/test/prayer_streak_test.dart: PrayerStreakService Tests Integration with Prayer Actions should increment streak when prayers added on consecutive days
  → Fixing verse_bookmarks foreign key...
00:12 +487 ~5 -81: /Users/kcdacre8tor/ everyday-christian/test/bible_loader_service_test.dart: BibleLoaderService Progress Tracking should return zero progress for empty database                     
  → Fixing verse_bookmarks foreign key...
00:12 +487 ~5 -81: /Users/kcdacre8tor/ everyday-christian/test/prayer_streak_test.dart: PrayerStreakService Tests Integration with Prayer Actions should increment streak when prayers added on consecutive days
  → Removing duplicate column from prayer_categories...
00:12 +487 ~5 -81: /Users/kcdacre8tor/ everyday-christian/test/bible_loader_service_test.dart: BibleLoaderService Progress Tracking should return zero progress for empty database                     
  → Removing duplicate column from prayer_categories...
00:12 +487 ~5 -81: /Users/kcdacre8tor/ everyday-christian/test/prayer_streak_test.dart: PrayerStreakService Tests Integration with Prayer Actions should increment streak when prayers added on consecutive days
  → Creating performance indexes...
00:12 +487 ~5 -81: /Users/kcdacre8tor/ everyday-christian/test/bible_loader_service_test.dart: BibleLoaderService Progress Tracking should return zero progress for empty database                     
  → Creating performance indexes...
00:12 +487 ~5 -81: /Users/kcdacre8tor/ everyday-christian/test/prayer_streak_test.dart: PrayerStreakService Tests Integration with Prayer Actions should increment streak when prayers added on consecutive days
  → Creating timestamp triggers...
✅ Schema v2 migration complete!
00:12 +487 ~5 -81: /Users/kcdacre8tor/ everyday-christian/test/bible_loader_service_test.dart: BibleLoaderService Progress Tracking should return zero progress for empty database                     
  → Creating timestamp triggers...
00:12 +487 ~5 -81: /Users/kcdacre8tor/ everyday-christian/test/prayer_streak_test.dart: PrayerStreakService Tests Integration with Prayer Actions should increment streak when prayers added on consecutive days
✅ Database integrity verified
00:12 +487 ~5 -81: /Users/kcdacre8tor/ everyday-christian/test/bible_loader_service_test.dart: BibleLoaderService Progress Tracking should return zero progress for empty database                     
✅ Schema v2 migration complete!
00:12 +487 ~5 -81: /Users/kcdacre8tor/ everyday-christian/test/prayer_streak_test.dart: PrayerStreakService Tests Integration with Prayer Actions should increment streak when prayers added on consecutive days
✅ Database migrations complete!
00:12 +487 ~5 -81: /Users/kcdacre8tor/ everyday-christian/test/bible_loader_service_test.dart: BibleLoaderService Progress Tracking should return zero progress for empty database                     
✅ Database integrity verified
✅ Database migrations complete!
ℹ️ [2025-10-17 18:19:32.339] [INFO   ] [DatabaseHelper] Initializing database at: :memory:
00:12 +487 ~5 -83: /Users/kcdacre8tor/ everyday-christian/test/bible_loader_service_test.dart: BibleLoaderService Progress Tracking should return zero progress for empty database [E]                 
  Expected: a value greater than or equal to <0>
    Actual: <null>
     Which: is not a value greater than or equal to <0>
  NoSuchMethodError: The method '<' was called on null.
  Receiver: null
  Tried calling: <(0) at #0      Object.noSuchMethod (dart:core-patch/object_patch.dart:38:5)
  #1      _OrderingMatcher.matches (package:matcher/src/order_matchers.dart:81:34)
  #2      _expect (package:matcher/src/expect/expect.dart:138:30)
  #3      expect (package:matcher/src/expect/expect.dart:56:3)
  #4      expect (package:flutter_test/src/widget_tester.dart:473:18)
  #5      main.<anonymous closure>.<anonymous closure>.<anonymous closure> (file:///Users/kcdacre8tor/%20everyday-christian/test/bible_loader_service_test.dart:659:11)
  <asynchronous suspension>
  #6      Declarer.test.<anonymous closure>.<anonymous closure> (package:test_api/src/backend/declarer.dart:242:9)
  <asynchronous suspension>
  #7      Declarer.test.<anonymous closure> (package:test_api/src/backend/declarer.dart:240:7)
  <asynchronous suspension>
  #8      Invoker._waitForOutstandingCallbacks.<anonymous closure> (package:test_api/src/backend/invoker.dart:282:9)
  <asynchronous suspension>
  
  
  package:matcher                                     expect
  package:flutter_test/src/widget_tester.dart 473:18  expect
  test/bible_loader_service_test.dart 659:11          main.<fn>.<fn>.<fn>
  

To run this test again: /Users/kcdacre8tor/flutter/bin/cache/dart-sdk/bin/dart test /Users/kcdacre8tor/ everyday-christian/test/bible_loader_service_test.dart -p vm --plain-name 'BibleLoaderService Progress Tracking should return zero progress for empty database'
00:12 +487 ~5 -83: /Users/kcdacre8tor/ everyday-christian/test/bible_loader_service_test.dart: BibleLoaderService Progress Tracking should track progress after inserting verses                       00:12 +487 ~5 -83: /Users/kcdacre8tor/ everyday-christian/test/prayer_streak_test.dart: PrayerStreakService Tests Integration with Prayer Actions should increment streak when prayers added on consecutive days [E]
  MissingPluginException(No implementation found for method getApplicationDocumentsDirectory on channel plugins.flutter.io/path_provider)
  package:flutter/src/services/platform_channel.dart 365:7  MethodChannel._invokeMethod
  ===== asynchronous gap ===========================
  dart:async                                                _CustomZone.registerBinaryCallback
  test/prayer_streak_test.dart 32:7                         main.<fn>.<fn>
  

To run this test again: /Users/kcdacre8tor/flutter/bin/cache/dart-sdk/bin/dart test /Users/kcdacre8tor/ everyday-christian/test/prayer_streak_test.dart -p vm --plain-name 'PrayerStreakService Tests Integration with Prayer Actions should increment streak when prayers added on consecutive days'
00:12 +487 ~5 -83: /Users/kcdacre8tor/ everyday-christian/test/bible_loader_service_test.dart: BibleLoaderService Progress Tracking should track progress after inserting verses                       
ℹ️ [2025-10-17 18:19:32.344] [INFO   ] [DatabaseHelper] Initializing database at: :memory:
00:12 +487 ~5 -83: /Users/kcdacre8tor/ everyday-christian/test/prayer_streak_test.dart: PrayerStreakService Tests Integration with Prayer Actions should maintain correct stats after multiple activities
ℹ️ [2025-10-17 18:19:32.345] [INFO   ] [DatabaseHelper] Initializing database at: :memory:
00:12 +487 ~5 -83: /Users/kcdacre8tor/ everyday-christian/test/bible_loader_service_test.dart: BibleLoaderService Progress Tracking should track progress after inserting verses                       
ℹ️ [2025-10-17 18:19:32.346] [INFO   ] [DatabaseHelper] Creating database schema v5
00:12 +487 ~5 -83: /Users/kcdacre8tor/ everyday-christian/test/prayer_streak_test.dart: PrayerStreakService Tests Integration with Prayer Actions should maintain correct stats after multiple activities
ℹ️ [2025-10-17 18:19:32.347] [INFO   ] [DatabaseHelper] Creating database schema v5
00:12 +487 ~5 -83: /Users/kcdacre8tor/ everyday-christian/test/bible_loader_service_test.dart: BibleLoaderService Progress Tracking should track progress after inserting verses                       
ℹ️ [2025-10-17 18:19:32.360] [INFO   ] [DatabaseHelper] Database schema created successfully
📦 Running database migrations from v1 to v2
🔄 Migrating to schema v2...
00:12 +487 ~5 -83: /Users/kcdacre8tor/ everyday-christian/test/prayer_streak_test.dart: PrayerStreakService Tests Integration with Prayer Actions should maintain correct stats after multiple activities
ℹ️ [2025-10-17 18:19:32.364] [INFO   ] [DatabaseHelper] Database schema created successfully
00:12 +487 ~5 -83: /Users/kcdacre8tor/ everyday-christian/test/bible_loader_service_test.dart: BibleLoaderService Progress Tracking should track progress after inserting verses                       
  → Fixing favorite_verses foreign key...
00:12 +487 ~5 -83: /Users/kcdacre8tor/ everyday-christian/test/prayer_streak_test.dart: PrayerStreakService Tests Integration with Prayer Actions should maintain correct stats after multiple activities
📦 Running database migrations from v1 to v2
🔄 Migrating to schema v2...
00:12 +487 ~5 -83: /Users/kcdacre8tor/ everyday-christian/test/bible_loader_service_test.dart: BibleLoaderService Progress Tracking should track progress after inserting verses                       
  → Fixing daily_verses foreign key...
00:12 +487 ~5 -83: /Users/kcdacre8tor/ everyday-christian/test/prayer_streak_test.dart: PrayerStreakService Tests Integration with Prayer Actions should maintain correct stats after multiple activities
  → Fixing favorite_verses foreign key...
00:12 +487 ~5 -83: /Users/kcdacre8tor/ everyday-christian/test/bible_loader_service_test.dart: BibleLoaderService Progress Tracking should track progress after inserting verses                       
  → Fixing verse_bookmarks foreign key...
00:12 +487 ~5 -83: /Users/kcdacre8tor/ everyday-christian/test/prayer_streak_test.dart: PrayerStreakService Tests Integration with Prayer Actions should maintain correct stats after multiple activities
  → Fixing daily_verses foreign key...
00:12 +487 ~5 -83: /Users/kcdacre8tor/ everyday-christian/test/bible_loader_service_test.dart: BibleLoaderService Progress Tracking should track progress after inserting verses                       
  → Removing duplicate column from prayer_categories...
00:12 +487 ~5 -83: /Users/kcdacre8tor/ everyday-christian/test/prayer_streak_test.dart: PrayerStreakService Tests Integration with Prayer Actions should maintain correct stats after multiple activities
  → Fixing verse_bookmarks foreign key...
00:12 +487 ~5 -83: /Users/kcdacre8tor/ everyday-christian/test/bible_loader_service_test.dart: BibleLoaderService Progress Tracking should track progress after inserting verses                       
  → Creating performance indexes...
00:12 +487 ~5 -83: /Users/kcdacre8tor/ everyday-christian/test/prayer_streak_test.dart: PrayerStreakService Tests Integration with Prayer Actions should maintain correct stats after multiple activities
  → Removing duplicate column from prayer_categories...
00:12 +487 ~5 -83: /Users/kcdacre8tor/ everyday-christian/test/bible_loader_service_test.dart: BibleLoaderService Progress Tracking should track progress after inserting verses                       
  → Creating timestamp triggers...
00:12 +487 ~5 -83: /Users/kcdacre8tor/ everyday-christian/test/prayer_streak_test.dart: PrayerStreakService Tests Integration with Prayer Actions should maintain correct stats after multiple activities
  → Creating performance indexes...
00:12 +487 ~5 -83: /Users/kcdacre8tor/ everyday-christian/test/bible_loader_service_test.dart: BibleLoaderService Progress Tracking should track progress after inserting verses                       
✅ Schema v2 migration complete!
✅ Database integrity verified
✅ Database migrations complete!
00:12 +487 ~5 -83: /Users/kcdacre8tor/ everyday-christian/test/prayer_streak_test.dart: PrayerStreakService Tests Integration with Prayer Actions should maintain correct stats after multiple activities
  → Creating timestamp triggers...
00:12 +487 ~5 -84: /Users/kcdacre8tor/ everyday-christian/test/prayer_streak_test.dart: PrayerStreakService Tests Integration with Prayer Actions should maintain correct stats after multiple activities
✅ Schema v2 migration complete!
✅ Database integrity verified
00:12 +487 ~5 -84: /Users/kcdacre8tor/ everyday-christian/test/bible_loader_service_test.dart: BibleLoaderService Progress Tracking should track progress after inserting verses [E]                   
  type 'Null' is not a subtype of type 'int' in type cast
  test/bible_loader_service_test.dart 672:56  main.<fn>.<fn>.<fn>
  
00:12 +487 ~5 -84: /Users/kcdacre8tor/ everyday-christian/test/prayer_streak_test.dart: PrayerStreakService Tests Integration with Prayer Actions should maintain correct stats after multiple activities
✅ Database migrations complete!

To run this test again: /Users/kcdacre8tor/flutter/bin/cache/dart-sdk/bin/dart test /Users/kcdacre8tor/ everyday-christian/test/bible_loader_service_test.dart -p vm --plain-name 'BibleLoaderService Progress Tracking should track progress after inserting verses'
00:12 +487 ~5 -84: /Users/kcdacre8tor/ everyday-christian/test/bible_loader_service_test.dart: BibleLoaderService Progress Tracking should calculate total correctly with multiple versions            
ℹ️ [2025-10-17 18:19:32.381] [INFO   ] [DatabaseHelper] Initializing database at: :memory:
ℹ️ [2025-10-17 18:19:32.383] [INFO   ] [DatabaseHelper] Creating database schema v5
00:12 +487 ~5 -85: /Users/kcdacre8tor/ everyday-christian/test/prayer_streak_test.dart: PrayerStreakService Tests Integration with Prayer Actions should maintain correct stats after multiple activities [E]
  MissingPluginException(No implementation found for method getApplicationDocumentsDirectory on channel plugins.flutter.io/path_provider)
  package:flutter/src/services/platform_channel.dart 365:7  MethodChannel._invokeMethod
  ===== asynchronous gap ===========================
  dart:async                                                _CustomZone.registerBinaryCallback
  test/prayer_streak_test.dart 32:7                         main.<fn>.<fn>
  

To run this test again: /Users/kcdacre8tor/flutter/bin/cache/dart-sdk/bin/dart test /Users/kcdacre8tor/ everyday-christian/test/prayer_streak_test.dart -p vm --plain-name 'PrayerStreakService Tests Integration with Prayer Actions should maintain correct stats after multiple activities'
00:12 +487 ~5 -85: /Users/kcdacre8tor/ everyday-christian/test/bible_loader_service_test.dart: BibleLoaderService Progress Tracking should calculate total correctly with multiple versions            00:12 +487 ~5 -85: /Users/kcdacre8tor/ everyday-christian/test/bible_loader_service_test.dart: BibleLoaderService Progress Tracking should calculate total correctly with multiple versions            
ℹ️ [2025-10-17 18:19:32.399] [INFO   ] [DatabaseHelper] Database schema created successfully
📦 Running database migrations from v1 to v2
🔄 Migrating to schema v2...
  → Fixing favorite_verses foreign key...
  → Fixing daily_verses foreign key...
  → Fixing verse_bookmarks foreign key...
  → Removing duplicate column from prayer_categories...
  → Creating performance indexes...
  → Creating timestamp triggers...
✅ Schema v2 migration complete!
✅ Database integrity verified
✅ Database migrations complete!
00:12 +487 ~5 -86: /Users/kcdacre8tor/ everyday-christian/test/bible_loader_service_test.dart: BibleLoaderService Progress Tracking should calculate total correctly with multiple versions [E]        
  NoSuchMethodError: The method '+' was called on null.
  Receiver: null
  Tried calling: +(0)
  dart:core                                   Object.noSuchMethod
  test/bible_loader_service_test.dart 723:34  main.<fn>.<fn>.<fn>
  

To run this test again: /Users/kcdacre8tor/flutter/bin/cache/dart-sdk/bin/dart test /Users/kcdacre8tor/ everyday-christian/test/bible_loader_service_test.dart -p vm --plain-name 'BibleLoaderService Progress Tracking should calculate total correctly with multiple versions'
00:12 +487 ~5 -86: /Users/kcdacre8tor/ everyday-christian/test/bible_loader_service_test.dart: BibleLoaderService Version Detection should detect loaded version immediately after insert              
ℹ️ [2025-10-17 18:19:32.418] [INFO   ] [DatabaseHelper] Initializing database at: :memory:
ℹ️ [2025-10-17 18:19:32.420] [INFO   ] [DatabaseHelper] Creating database schema v5
ℹ️ [2025-10-17 18:19:32.431] [INFO   ] [DatabaseHelper] Database schema created successfully
📦 Running database migrations from v1 to v2
🔄 Migrating to schema v2...
  → Fixing favorite_verses foreign key...
  → Fixing daily_verses foreign key...
  → Fixing verse_bookmarks foreign key...
  → Removing duplicate column from prayer_categories...
  → Creating performance indexes...
  → Creating timestamp triggers...
✅ Schema v2 migration complete!
✅ Database integrity verified
✅ Database migrations complete!
00:12 +488 ~5 -86: /Users/kcdacre8tor/ everyday-christian/test/widget_test.dart: AuthScreen renders without crashing                                                                                   00:12 +488 ~5 -86: /Users/kcdacre8tor/ everyday-christian/test/bible_loader_service_test.dart: BibleLoaderService Version Detection should handle version names with special characters                
ℹ️ [2025-10-17 18:19:32.447] [INFO   ] [DatabaseHelper] Initializing database at: :memory:
ℹ️ [2025-10-17 18:19:32.449] [INFO   ] [DatabaseHelper] Creating database schema v5
ℹ️ [2025-10-17 18:19:32.459] [INFO   ] [DatabaseHelper] Database schema created successfully
📦 Running database migrations from v1 to v2
🔄 Migrating to schema v2...
  → Fixing favorite_verses foreign key...
  → Fixing daily_verses foreign key...
  → Fixing verse_bookmarks foreign key...
  → Removing duplicate column from prayer_categories...
  → Creating performance indexes...
  → Creating timestamp triggers...
✅ Schema v2 migration complete!
✅ Database integrity verified
✅ Database migrations complete!
00:12 +489 ~5 -86: /Users/kcdacre8tor/ everyday-christian/test/widget_test.dart: AuthScreen renders without crashing                                                                                   00:12 +489 ~5 -86: /Users/kcdacre8tor/ everyday-christian/test/bible_loader_service_test.dart: BibleLoaderService Version Detection should differentiate between similar version names                 
ℹ️ [2025-10-17 18:19:32.479] [INFO   ] [DatabaseHelper] Initializing database at: :memory:
ℹ️ [2025-10-17 18:19:32.482] [INFO   ] [DatabaseHelper] Creating database schema v5
ℹ️ [2025-10-17 18:19:32.505] [INFO   ] [DatabaseHelper] Database schema created successfully
📦 Running database migrations from v1 to v2
🔄 Migrating to schema v2...
  → Fixing favorite_verses foreign key...
  → Fixing daily_verses foreign key...
  → Fixing verse_bookmarks foreign key...
00:12 +489 ~5 -86: /Users/kcdacre8tor/ everyday-christian/test/widget_test.dart: AuthScreen renders without crashing                                                                                   00:12 +489 ~5 -86: /Users/kcdacre8tor/ everyday-christian/test/bible_loader_service_test.dart: BibleLoaderService Version Detection should differentiate between similar version names                 
  → Removing duplicate column from prayer_categories...
  → Creating performance indexes...
  → Creating timestamp triggers...
✅ Schema v2 migration complete!
✅ Database integrity verified
✅ Database migrations complete!
00:12 +490 ~5 -86: /Users/kcdacre8tor/ everyday-christian/test/widget_test.dart: AuthScreen renders without crashing                                                                                   00:12 +491 ~5 -86: /Users/kcdacre8tor/ everyday-christian/test/widget_test.dart: AuthScreen renders without crashing                                                                                   00:12 +492 ~5 -86: /Users/kcdacre8tor/ everyday-christian/test/widget_test.dart: AuthScreen renders without crashing                                                                                   00:12 +493 ~5 -86: /Users/kcdacre8tor/ everyday-christian/test/widget_test.dart: AuthScreen renders without crashing                                                                                   00:12 +494 ~5 -86: /Users/kcdacre8tor/ everyday-christian/test/widget_test.dart: AuthScreen renders without crashing                                                                                   00:12 +495 ~5 -86: /Users/kcdacre8tor/ everyday-christian/test/widget_test.dart: AuthScreen renders without crashing                                                                                   00:12 +496 ~5 -86: /Users/kcdacre8tor/ everyday-christian/test/widget_test.dart: AuthScreen renders without crashing                                                                                   00:12 +497 ~5 -86: /Users/kcdacre8tor/ everyday-christian/test/widget_test.dart: AuthScreen renders without crashing                                                                                   00:12 +498 ~5 -86: /Users/kcdacre8tor/ everyday-christian/test/widget_test.dart: AuthScreen renders without crashing                                                                                   00:12 +499 ~5 -86: /Users/kcdacre8tor/ everyday-christian/test/widget_test.dart: AuthScreen renders without crashing                                                                                   00:12 +500 ~5 -86: /Users/kcdacre8tor/ everyday-christian/test/widget_test.dart: AuthScreen renders without crashing                                                                                   00:12 +501 ~5 -86: /Users/kcdacre8tor/ everyday-christian/test/widget_test.dart: AuthScreen renders without crashing                                                                                   00:12 +502 ~5 -86: /Users/kcdacre8tor/ everyday-christian/test/widget_test.dart: AuthScreen renders without crashing                                                                                   00:12 +503 ~5 -86: /Users/kcdacre8tor/ everyday-christian/test/widget_test.dart: AuthScreen renders without crashing                                                                                   00:12 +504 ~5 -86: /Users/kcdacre8tor/ everyday-christian/test/widget_test.dart: AuthScreen renders without crashing                                                                                   00:12 +505 ~5 -86: /Users/kcdacre8tor/ everyday-christian/test/widget_test.dart: AuthScreen renders without crashing                                                                                   00:12 +506 ~5 -86: /Users/kcdacre8tor/ everyday-christian/test/widget_test.dart: AuthScreen renders without crashing                                                                                   00:13 +506 ~5 -86: /Users/kcdacre8tor/ everyday-christian/test/widget_test.dart: AuthScreen renders without crashing                                                                                   00:13 +507 ~5 -86: /Users/kcdacre8tor/ everyday-christian/test/widget_test.dart: AuthScreen renders without crashing                                                                                   00:13 +508 ~5 -86: /Users/kcdacre8tor/ everyday-christian/test/widget_test.dart: AuthScreen renders without crashing                                                                                   00:13 +509 ~5 -86: /Users/kcdacre8tor/ everyday-christian/test/widget_test.dart: AuthScreen renders without crashing                                                                                   00:13 +510 ~5 -86: /Users/kcdacre8tor/ everyday-christian/test/widget_test.dart: AuthScreen renders without crashing                                                                                   00:13 +511 ~5 -86: /Users/kcdacre8tor/ everyday-christian/test/widget_test.dart: AuthScreen renders without crashing                                                                                   00:13 +512 ~5 -86: /Users/kcdacre8tor/ everyday-christian/test/widget_test.dart: AuthScreen renders without crashing                                                                                   00:13 +513 ~5 -86: /Users/kcdacre8tor/ everyday-christian/test/widget_test.dart: AuthScreen renders without crashing                                                                                   00:13 +514 ~5 -86: /Users/kcdacre8tor/ everyday-christian/test/widget_test.dart: AuthScreen renders without crashing                                                                                   00:13 +515 ~5 -86: /Users/kcdacre8tor/ everyday-christian/test/widget_test.dart: AuthScreen renders without crashing                                                                                   00:13 +516 ~5 -86: /Users/kcdacre8tor/ everyday-christian/test/widget_test.dart: AuthScreen renders without crashing                                                                                   00:13 +517 ~5 -86: /Users/kcdacre8tor/ everyday-christian/test/widget_test.dart: AuthScreen renders without crashing                                                                                   00:13 +518 ~5 -86: /Users/kcdacre8tor/ everyday-christian/test/widget_test.dart: AuthScreen renders without crashing                                                                                   00:13 +519 ~5 -86: /Users/kcdacre8tor/ everyday-christian/test/widget_test.dart: AuthScreen renders without crashing                                                                                   00:13 +520 ~5 -86: /Users/kcdacre8tor/ everyday-christian/test/widget_test.dart: AuthScreen renders without crashing                                                                                   00:13 +521 ~5 -86: /Users/kcdacre8tor/ everyday-christian/test/widget_test.dart: AuthScreen renders without crashing                                                                                   00:13 +522 ~5 -86: /Users/kcdacre8tor/ everyday-christian/test/widget_test.dart: AuthScreen renders without crashing                                                                                   00:13 +523 ~5 -86: /Users/kcdacre8tor/ everyday-christian/test/widget_test.dart: AuthScreen renders without crashing                                                                                   00:13 +524 ~5 -86: /Users/kcdacre8tor/ everyday-christian/test/widget_test.dart: AuthScreen renders without crashing                                                                                   00:13 +525 ~5 -86: /Users/kcdacre8tor/ everyday-christian/test/widget_test.dart: AuthScreen renders without crashing                                                                                   00:13 +526 ~5 -86: /Users/kcdacre8tor/ everyday-christian/test/widget_test.dart: AuthScreen renders without crashing                                                                                   00:13 +527 ~5 -86: /Users/kcdacre8tor/ everyday-christian/test/widget_test.dart: AuthScreen renders without crashing                                                                                   00:13 +528 ~5 -86: /Users/kcdacre8tor/ everyday-christian/test/widget_test.dart: AuthScreen renders without crashing                                                                                   00:13 +529 ~5 -86: /Users/kcdacre8tor/ everyday-christian/test/widget_test.dart: AuthScreen renders without crashing                                                                                   00:13 +530 ~5 -86: /Users/kcdacre8tor/ everyday-christian/test/widget_test.dart: AuthScreen renders without crashing                                                                                   00:13 +531 ~5 -86: /Users/kcdacre8tor/ everyday-christian/test/widget_test.dart: AuthScreen renders without crashing                                                                                   00:13 +532 ~5 -86: /Users/kcdacre8tor/ everyday-christian/test/widget_test.dart: AuthScreen renders without crashing                                                                                   00:13 +533 ~5 -86: /Users/kcdacre8tor/ everyday-christian/test/widget_test.dart: AuthScreen renders without crashing                                                                                   00:13 +534 ~5 -86: /Users/kcdacre8tor/ everyday-christian/test/widget_test.dart: AuthScreen renders without crashing                                                                                   00:13 +535 ~5 -86: /Users/kcdacre8tor/ everyday-christian/test/widget_test.dart: AuthScreen renders without crashing                                                                                   00:13 +536 ~5 -86: /Users/kcdacre8tor/ everyday-christian/test/widget_test.dart: AuthScreen renders without crashing                                                                                   00:13 +537 ~5 -86: /Users/kcdacre8tor/ everyday-christian/test/widget_test.dart: AuthScreen renders without crashing                                                                                   00:13 +538 ~5 -86: /Users/kcdacre8tor/ everyday-christian/test/widget_test.dart: AuthScreen renders without crashing                                                                                   00:13 +539 ~5 -86: /Users/kcdacre8tor/ everyday-christian/test/widget_test.dart: AuthScreen renders without crashing                                                                                   00:13 +540 ~5 -86: /Users/kcdacre8tor/ everyday-christian/test/widget_test.dart: AuthScreen renders without crashing                                                                                   00:13 +541 ~5 -86: /Users/kcdacre8tor/ everyday-christian/test/widget_test.dart: AuthScreen renders without crashing                                                                                   00:13 +542 ~5 -86: /Users/kcdacre8tor/ everyday-christian/test/widget_test.dart: AuthScreen renders without crashing                                                                                   00:13 +543 ~5 -86: /Users/kcdacre8tor/ everyday-christian/test/widget_test.dart: AuthScreen renders without crashing                                                                                   00:13 +544 ~5 -86: /Users/kcdacre8tor/ everyday-christian/test/widget_test.dart: AuthScreen renders without crashing                                                                                   00:13 +545 ~5 -86: /Users/kcdacre8tor/ everyday-christian/test/widget_test.dart: AuthScreen renders without crashing                                                                                   00:13 +546 ~5 -86: /Users/kcdacre8tor/ everyday-christian/test/widget_test.dart: AuthScreen renders without crashing                                                                                   00:13 +547 ~5 -86: /Users/kcdacre8tor/ everyday-christian/test/widget_test.dart: AuthScreen renders without crashing                                                                                   00:13 +547 ~5 -86: /Users/kcdacre8tor/ everyday-christian/test/widget_test.dart: AuthScreen renders without crashing                                                                                   
ℹ️ [2025-10-17 18:19:32.853] [INFO   ] [DatabaseHelper] Initializing database at: :memory:
00:13 +548 ~5 -86: /Users/kcdacre8tor/ everyday-christian/test/widget_test.dart: AuthScreen renders without crashing                                                                                   00:13 +548 ~5 -86: /Users/kcdacre8tor/ everyday-christian/test/widget_test.dart: AuthScreen displays welcome message after animations                                                                  00:13 +548 ~5 -86: /Users/kcdacre8tor/ everyday-christian/test/widget_test.dart: AuthScreen displays welcome message after animations                                                                  
ℹ️ [2025-10-17 18:19:33.324] [INFO   ] [DatabaseHelper] Initializing database at: :memory:
00:14 +549 ~5 -86: /Users/kcdacre8tor/ everyday-christian/test/widget_test.dart: AuthScreen displays welcome message after animations                                                                  00:14 +549 ~5 -86: /Users/kcdacre8tor/ everyday-christian/test/widget_test.dart: AuthScreen has sign in and sign up tabs                                                                               00:14 +549 ~5 -86: /Users/kcdacre8tor/ everyday-christian/test/widget_test.dart: AuthScreen has sign in and sign up tabs                                                                               
ℹ️ [2025-10-17 18:19:33.633] [INFO   ] [DatabaseHelper] Initializing database at: :memory:
00:14 +550 ~5 -86: /Users/kcdacre8tor/ everyday-christian/test/widget_test.dart: AuthScreen has sign in and sign up tabs                                                                               00:14 +550 ~5 -86: /Users/kcdacre8tor/ everyday-christian/test/widget_test.dart: AuthScreen contains authentication form                                                                               00:14 +550 ~5 -86: /Users/kcdacre8tor/ everyday-christian/test/widget_test.dart: AuthScreen contains authentication form                                                                               
ℹ️ [2025-10-17 18:19:34.026] [INFO   ] [DatabaseHelper] Initializing database at: :memory:
00:15 +551 ~5 -86: /Users/kcdacre8tor/ everyday-christian/test/widget_test.dart: AuthScreen contains authentication form                                                                               00:15 +551 ~5 -86: /Users/kcdacre8tor/ everyday-christian/test/widget_test.dart: Email and password fields are present after animations                                                                00:15 +551 ~5 -86: /Users/kcdacre8tor/ everyday-christian/test/widget_test.dart: AuthScreen renders without crashing                                                                                   
ℹ️ [2025-10-17 18:19:34.596] [INFO   ] [DatabaseHelper] Creating database schema v5
00:15 +551 ~5 -86: /Users/kcdacre8tor/ everyday-christian/test/widget_test.dart: Email and password fields are present after animations                                                                
ℹ️ [2025-10-17 18:19:34.698] [INFO   ] [DatabaseHelper] Initializing database at: :memory:
00:15 +551 ~5 -86: /Users/kcdacre8tor/ everyday-christian/test/database_service_test.dart: Database Initialization should initialize database successfully                                             
ℹ️ [2025-10-17 18:19:34.794] [INFO   ] [DatabaseHelper] Initializing database at: :memory:
ℹ️ [2025-10-17 18:19:34.883] [INFO   ] [DatabaseHelper] Creating database schema v5
00:15 +551 ~5 -86: /Users/kcdacre8tor/ everyday-christian/test/widget_test.dart: Email and password fields are present after animations                                                                00:15 +551 ~5 -86: /Users/kcdacre8tor/ everyday-christian/test/database_service_test.dart: Database Initialization should initialize database successfully                                             
ℹ️ [2025-10-17 18:19:34.959] [INFO   ] [DatabaseHelper] Database schema created successfully
📦 Running database migrations from v1 to v2
🔄 Migrating to schema v2...
  → Fixing favorite_verses foreign key...
  → Fixing daily_verses foreign key...
  → Fixing verse_bookmarks foreign key...
  → Removing duplicate column from prayer_categories...
  → Creating performance indexes...
  → Creating timestamp triggers...
✅ Schema v2 migration complete!
✅ Database integrity verified
✅ Database migrations complete!
00:15 +552 ~5 -86: /Users/kcdacre8tor/ everyday-christian/test/widget_test.dart: Email and password fields are present after animations                                                                00:15 +552 ~5 -86: /Users/kcdacre8tor/ everyday-christian/test/database_service_test.dart: Database Initialization should create database with correct version                                         
ℹ️ [2025-10-17 18:19:35.029] [INFO   ] [DatabaseHelper] Initializing database at: :memory:
ℹ️ [2025-10-17 18:19:35.038] [INFO   ] [DatabaseHelper] Creating database schema v5
ℹ️ [2025-10-17 18:19:35.065] [INFO   ] [DatabaseHelper] Database schema created successfully
📦 Running database migrations from v1 to v2
🔄 Migrating to schema v2...
  → Fixing favorite_verses foreign key...
  → Fixing daily_verses foreign key...
  → Fixing verse_bookmarks foreign key...
  → Removing duplicate column from prayer_categories...
  → Creating performance indexes...
  → Creating timestamp triggers...
✅ Schema v2 migration complete!
✅ Database integrity verified
✅ Database migrations complete!
00:15 +553 ~5 -86: /Users/kcdacre8tor/ everyday-christian/test/widget_test.dart: Email and password fields are present after animations                                                                00:15 +553 ~5 -86: /Users/kcdacre8tor/ everyday-christian/test/database_service_test.dart: Database Initialization should return same database instance on multiple calls                              
ℹ️ [2025-10-17 18:19:35.112] [INFO   ] [DatabaseHelper] Initializing database at: :memory:
ℹ️ [2025-10-17 18:19:35.116] [INFO   ] [DatabaseHelper] Creating database schema v5
ℹ️ [2025-10-17 18:19:35.153] [INFO   ] [DatabaseHelper] Database schema created successfully
📦 Running database migrations from v1 to v2
🔄 Migrating to schema v2...
  → Fixing favorite_verses foreign key...
  → Fixing daily_verses foreign key...
  → Fixing verse_bookmarks foreign key...
  → Removing duplicate column from prayer_categories...
00:15 +554 ~5 -86: /Users/kcdacre8tor/ everyday-christian/test/screens/home_screen_test.dart: HomeScreen Widget Tests should render home screen with all main elements                                 00:15 +554 ~5 -86: /Users/kcdacre8tor/ everyday-christian/test/database_service_test.dart: Database Initialization should return same database instance on multiple calls                              
  → Creating performance indexes...
  → Creating timestamp triggers...
✅ Schema v2 migration complete!
✅ Database integrity verified
✅ Database migrations complete!
00:15 +555 ~5 -86: /Users/kcdacre8tor/ everyday-christian/test/screens/home_screen_test.dart: HomeScreen Widget Tests should render home screen with all main elements                                 00:15 +555 ~5 -86: /Users/kcdacre8tor/ everyday-christian/test/database_service_test.dart: Database Initialization should use test database path when set                                              
ℹ️ [2025-10-17 18:19:35.207] [INFO   ] [DatabaseHelper] Initializing database at: :memory:
ℹ️ [2025-10-17 18:19:35.212] [INFO   ] [DatabaseHelper] Creating database schema v5
00:15 +555 ~5 -86: /Users/kcdacre8tor/ everyday-christian/test/screens/home_screen_test.dart: HomeScreen Widget Tests should render home screen with all main elements                                 00:15 +555 ~5 -86: /Users/kcdacre8tor/ everyday-christian/test/database_service_test.dart: Database Initialization should use test database path when set                                              
ℹ️ [2025-10-17 18:19:35.260] [INFO   ] [DatabaseHelper] Database schema created successfully
📦 Running database migrations from v1 to v2
🔄 Migrating to schema v2...
  → Fixing favorite_verses foreign key...
  → Fixing daily_verses foreign key...
  → Fixing verse_bookmarks foreign key...
  → Removing duplicate column from prayer_categories...
  → Creating performance indexes...
  → Creating timestamp triggers...
✅ Schema v2 migration complete!
✅ Database integrity verified
✅ Database migrations complete!
ℹ️ [2025-10-17 18:19:35.285] [INFO   ] [DatabaseHelper] Initializing database at: :memory:
00:15 +556 ~5 -86: /Users/kcdacre8tor/ everyday-christian/test/screens/home_screen_test.dart: HomeScreen Widget Tests should render home screen with all main elements                                 00:15 +556 ~5 -86: /Users/kcdacre8tor/ everyday-christian/test/database_service_test.dart: Table Creation should create prayer_requests table                                                          
ℹ️ [2025-10-17 18:19:35.288] [INFO   ] [DatabaseHelper] Initializing database at: :memory:
ℹ️ [2025-10-17 18:19:35.290] [INFO   ] [DatabaseHelper] Creating database schema v5
ℹ️ [2025-10-17 18:19:35.315] [INFO   ] [DatabaseHelper] Database schema created successfully
📦 Running database migrations from v1 to v2
🔄 Migrating to schema v2...
  → Fixing favorite_verses foreign key...
  → Fixing daily_verses foreign key...
  → Fixing verse_bookmarks foreign key...
  → Removing duplicate column from prayer_categories...
  → Creating performance indexes...
  → Creating timestamp triggers...
✅ Schema v2 migration complete!
✅ Database integrity verified
✅ Database migrations complete!
00:15 +557 ~5 -86: /Users/kcdacre8tor/ everyday-christian/test/screens/home_screen_test.dart: HomeScreen Widget Tests should render home screen with all main elements                                 00:15 +557 ~5 -86: /Users/kcdacre8tor/ everyday-christian/test/database_service_test.dart: Table Creation should create bible_verses table                                                             
ℹ️ [2025-10-17 18:19:35.336] [INFO   ] [DatabaseHelper] Initializing database at: :memory:
ℹ️ [2025-10-17 18:19:35.338] [INFO   ] [DatabaseHelper] Creating database schema v5
00:15 +557 ~5 -86: /Users/kcdacre8tor/ everyday-christian/test/screens/home_screen_test.dart: HomeScreen Widget Tests should render home screen with all main elements                                 00:15 +557 ~5 -86: /Users/kcdacre8tor/ everyday-christian/test/database_service_test.dart: Table Creation should create bible_verses table                                                             
ℹ️ [2025-10-17 18:19:35.373] [INFO   ] [DatabaseHelper] Database schema created successfully
📦 Running database migrations from v1 to v2
🔄 Migrating to schema v2...
  → Fixing favorite_verses foreign key...
  → Fixing daily_verses foreign key...
  → Fixing verse_bookmarks foreign key...
  → Removing duplicate column from prayer_categories...
  → Creating performance indexes...
  → Creating timestamp triggers...
✅ Schema v2 migration complete!
✅ Database integrity verified
✅ Database migrations complete!
00:15 +558 ~5 -86: /Users/kcdacre8tor/ everyday-christian/test/screens/home_screen_test.dart: HomeScreen Widget Tests should render home screen with all main elements                                 00:15 +558 ~5 -86: /Users/kcdacre8tor/ everyday-christian/test/database_service_test.dart: Table Creation should create favorite_verses table                                                          
ℹ️ [2025-10-17 18:19:35.404] [INFO   ] [DatabaseHelper] Initializing database at: :memory:
ℹ️ [2025-10-17 18:19:35.409] [INFO   ] [DatabaseHelper] Creating database schema v5
ℹ️ [2025-10-17 18:19:35.435] [INFO   ] [DatabaseHelper] Database schema created successfully
📦 Running database migrations from v1 to v2
🔄 Migrating to schema v2...
  → Fixing favorite_verses foreign key...
  → Fixing daily_verses foreign key...
  → Fixing verse_bookmarks foreign key...
  → Removing duplicate column from prayer_categories...
  → Creating performance indexes...
  → Creating timestamp triggers...
00:15 +558 ~5 -86: /Users/kcdacre8tor/ everyday-christian/test/screens/home_screen_test.dart: HomeScreen Widget Tests should render home screen with all main elements                                 00:15 +558 ~5 -86: /Users/kcdacre8tor/ everyday-christian/test/database_service_test.dart: Table Creation should create favorite_verses table                                                          
✅ Schema v2 migration complete!
✅ Database integrity verified
✅ Database migrations complete!
00:15 +559 ~5 -86: /Users/kcdacre8tor/ everyday-christian/test/screens/home_screen_test.dart: HomeScreen Widget Tests should render home screen with all main elements                                 00:15 +559 ~5 -86: /Users/kcdacre8tor/ everyday-christian/test/database_service_test.dart: Table Creation should create devotionals table                                                              
ℹ️ [2025-10-17 18:19:35.460] [INFO   ] [DatabaseHelper] Initializing database at: :memory:
ℹ️ [2025-10-17 18:19:35.462] [INFO   ] [DatabaseHelper] Creating database schema v5
00:15 +560 ~5 -86: /Users/kcdacre8tor/ everyday-christian/test/screens/home_screen_test.dart: HomeScreen Widget Tests should render home screen with all main elements                                 00:15 +561 ~5 -86: /Users/kcdacre8tor/ everyday-christian/test/screens/home_screen_test.dart: HomeScreen Widget Tests should render home screen with all main elements                                 00:15 +562 ~5 -86: /Users/kcdacre8tor/ everyday-christian/test/screens/home_screen_test.dart: HomeScreen Widget Tests should render home screen with all main elements                                 00:15 +563 ~5 -86: /Users/kcdacre8tor/ everyday-christian/test/screens/home_screen_test.dart: HomeScreen Widget Tests should render home screen with all main elements                                 00:15 +564 ~5 -86: /Users/kcdacre8tor/ everyday-christian/test/screens/home_screen_test.dart: HomeScreen Widget Tests should render home screen with all main elements                                 00:15 +564 ~5 -86: /Users/kcdacre8tor/ everyday-christian/test/database_service_test.dart: Table Creation should create devotionals table                                                              
ℹ️ [2025-10-17 18:19:35.485] [INFO   ] [DatabaseHelper] Database schema created successfully
00:15 +565 ~5 -86: /Users/kcdacre8tor/ everyday-christian/test/screens/home_screen_test.dart: HomeScreen Widget Tests should render home screen with all main elements                                 00:15 +565 ~5 -86: /Users/kcdacre8tor/ everyday-christian/test/database_service_test.dart: Table Creation should create devotionals table                                                              
📦 Running database migrations from v1 to v2
🔄 Migrating to schema v2...
  → Fixing favorite_verses foreign key...
00:15 +566 ~5 -86: /Users/kcdacre8tor/ everyday-christian/test/screens/home_screen_test.dart: HomeScreen Widget Tests should render home screen with all main elements                                 00:15 +566 ~5 -86: /Users/kcdacre8tor/ everyday-christian/test/database_service_test.dart: Table Creation should create devotionals table                                                              
  → Fixing daily_verses foreign key...
00:15 +567 ~5 -86: /Users/kcdacre8tor/ everyday-christian/test/screens/home_screen_test.dart: HomeScreen Widget Tests should render home screen with all main elements                                 00:15 +568 ~5 -86: /Users/kcdacre8tor/ everyday-christian/test/screens/home_screen_test.dart: HomeScreen Widget Tests should render home screen with all main elements                                 00:15 +568 ~5 -86: /Users/kcdacre8tor/ everyday-christian/test/database_service_test.dart: Table Creation should create devotionals table                                                              
  → Fixing verse_bookmarks foreign key...
00:15 +569 ~5 -86: /Users/kcdacre8tor/ everyday-christian/test/screens/home_screen_test.dart: HomeScreen Widget Tests should render home screen with all main elements                                 00:15 +570 ~5 -86: /Users/kcdacre8tor/ everyday-christian/test/screens/home_screen_test.dart: HomeScreen Widget Tests should render home screen with all main elements                                 00:15 +570 ~5 -86: /Users/kcdacre8tor/ everyday-christian/test/database_service_test.dart: Table Creation should create devotionals table                                                              
  → Removing duplicate column from prayer_categories...
00:15 +571 ~5 -86: /Users/kcdacre8tor/ everyday-christian/test/screens/home_screen_test.dart: HomeScreen Widget Tests should render home screen with all main elements                                 00:15 +572 ~5 -86: /Users/kcdacre8tor/ everyday-christian/test/screens/home_screen_test.dart: HomeScreen Widget Tests should render home screen with all main elements                                 00:15 +572 ~5 -86: /Users/kcdacre8tor/ everyday-christian/test/database_service_test.dart: Table Creation should create devotionals table                                                              
  → Creating performance indexes...
00:15 +573 ~5 -86: /Users/kcdacre8tor/ everyday-christian/test/screens/home_screen_test.dart: HomeScreen Widget Tests should render home screen with all main elements                                 00:15 +573 ~5 -86: /Users/kcdacre8tor/ everyday-christian/test/database_service_test.dart: Table Creation should create devotionals table                                                              
  → Creating timestamp triggers...
00:15 +574 ~5 -86: /Users/kcdacre8tor/ everyday-christian/test/screens/home_screen_test.dart: HomeScreen Widget Tests should render home screen with all main elements                                 00:15 +574 ~5 -86: /Users/kcdacre8tor/ everyday-christian/test/database_service_test.dart: Table Creation should create devotionals table                                                              
✅ Schema v2 migration complete!
✅ Database integrity verified
00:15 +575 ~5 -86: /Users/kcdacre8tor/ everyday-christian/test/screens/home_screen_test.dart: HomeScreen Widget Tests should render home screen with all main elements                                 00:15 +575 ~5 -86: /Users/kcdacre8tor/ everyday-christian/test/database_service_test.dart: Table Creation should create devotionals table                                                              
✅ Database migrations complete!
00:15 +576 ~5 -86: /Users/kcdacre8tor/ everyday-christian/test/screens/home_screen_test.dart: HomeScreen Widget Tests should render home screen with all main elements                                 00:15 +577 ~5 -86: /Users/kcdacre8tor/ everyday-christian/test/screens/home_screen_test.dart: HomeScreen Widget Tests should render home screen with all main elements                                 00:15 +577 ~5 -86: /Users/kcdacre8tor/ everyday-christian/test/database_service_test.dart: Table Creation should create reading_plans table                                                            
ℹ️ [2025-10-17 18:19:35.513] [INFO   ] [DatabaseHelper] Initializing database at: :memory:
00:15 +578 ~5 -86: /Users/kcdacre8tor/ everyday-christian/test/screens/home_screen_test.dart: HomeScreen Widget Tests should render home screen with all main elements                                 00:15 +579 ~5 -86: /Users/kcdacre8tor/ everyday-christian/test/screens/home_screen_test.dart: HomeScreen Widget Tests should render home screen with all main elements                                 00:15 +579 ~5 -86: /Users/kcdacre8tor/ everyday-christian/test/database_service_test.dart: Table Creation should create reading_plans table                                                            
ℹ️ [2025-10-17 18:19:35.515] [INFO   ] [DatabaseHelper] Creating database schema v5
00:15 +580 ~5 -86: /Users/kcdacre8tor/ everyday-christian/test/screens/home_screen_test.dart: HomeScreen Widget Tests should render home screen with all main elements                                 00:15 +581 ~5 -86: /Users/kcdacre8tor/ everyday-christian/test/screens/home_screen_test.dart: HomeScreen Widget Tests should render home screen with all main elements                                 00:15 +582 ~5 -86: /Users/kcdacre8tor/ everyday-christian/test/screens/home_screen_test.dart: HomeScreen Widget Tests should render home screen with all main elements                                 00:15 +583 ~5 -86: /Users/kcdacre8tor/ everyday-christian/test/screens/home_screen_test.dart: HomeScreen Widget Tests should render home screen with all main elements                                 00:15 +584 ~5 -86: /Users/kcdacre8tor/ everyday-christian/test/screens/home_screen_test.dart: HomeScreen Widget Tests should render home screen with all main elements                                 00:15 +585 ~5 -86: /Users/kcdacre8tor/ everyday-christian/test/screens/home_screen_test.dart: HomeScreen Widget Tests should render home screen with all main elements                                 00:15 +586 ~5 -86: /Users/kcdacre8tor/ everyday-christian/test/screens/home_screen_test.dart: HomeScreen Widget Tests should render home screen with all main elements                                 00:15 +587 ~5 -86: /Users/kcdacre8tor/ everyday-christian/test/screens/home_screen_test.dart: HomeScreen Widget Tests should render home screen with all main elements                                 00:15 +588 ~5 -86: /Users/kcdacre8tor/ everyday-christian/test/screens/home_screen_test.dart: HomeScreen Widget Tests should render home screen with all main elements                                 00:15 +589 ~5 -86: /Users/kcdacre8tor/ everyday-christian/test/screens/home_screen_test.dart: HomeScreen Widget Tests should render home screen with all main elements                                 00:15 +590 ~5 -86: /Users/kcdacre8tor/ everyday-christian/test/screens/home_screen_test.dart: HomeScreen Widget Tests should render home screen with all main elements                                 00:15 +591 ~5 -86: /Users/kcdacre8tor/ everyday-christian/test/screens/home_screen_test.dart: HomeScreen Widget Tests should render home screen with all main elements                                 00:15 +592 ~5 -86: /Users/kcdacre8tor/ everyday-christian/test/screens/home_screen_test.dart: HomeScreen Widget Tests should render home screen with all main elements                                 00:15 +592 ~5 -86: /Users/kcdacre8tor/ everyday-christian/test/database_service_test.dart: Table Creation should create reading_plans table                                                            
ℹ️ [2025-10-17 18:19:35.541] [INFO   ] [DatabaseHelper] Database schema created successfully
00:15 +593 ~5 -86: /Users/kcdacre8tor/ everyday-christian/test/screens/home_screen_test.dart: HomeScreen Widget Tests should render home screen with all main elements                                 00:15 +593 ~5 -86: /Users/kcdacre8tor/ everyday-christian/test/database_service_test.dart: Table Creation should create reading_plans table                                                            
📦 Running database migrations from v1 to v2
🔄 Migrating to schema v2...
  → Fixing favorite_verses foreign key...
00:15 +594 ~5 -86: /Users/kcdacre8tor/ everyday-christian/test/screens/home_screen_test.dart: HomeScreen Widget Tests should render home screen with all main elements                                 00:15 +594 ~5 -86: /Users/kcdacre8tor/ everyday-christian/test/database_service_test.dart: Table Creation should create reading_plans table                                                            
  → Fixing daily_verses foreign key...
00:15 +595 ~5 -86: /Users/kcdacre8tor/ everyday-christian/test/screens/home_screen_test.dart: HomeScreen Widget Tests should render home screen with all main elements                                 00:15 +595 ~5 -86: /Users/kcdacre8tor/ everyday-christian/test/database_service_test.dart: Table Creation should create reading_plans table                                                            
  → Fixing verse_bookmarks foreign key...
00:15 +596 ~5 -86: /Users/kcdacre8tor/ everyday-christian/test/screens/home_screen_test.dart: HomeScreen Widget Tests should render home screen with all main elements                                 00:15 +597 ~5 -86: /Users/kcdacre8tor/ everyday-christian/test/screens/home_screen_test.dart: HomeScreen Widget Tests should render home screen with all main elements                                 00:15 +597 ~5 -86: /Users/kcdacre8tor/ everyday-christian/test/database_service_test.dart: Table Creation should create reading_plans table                                                            
  → Removing duplicate column from prayer_categories...
00:15 +598 ~5 -86: /Users/kcdacre8tor/ everyday-christian/test/screens/home_screen_test.dart: HomeScreen Widget Tests should render home screen with all main elements                                 00:15 +598 ~5 -86: /Users/kcdacre8tor/ everyday-christian/test/database_service_test.dart: Table Creation should create reading_plans table                                                            
  → Creating performance indexes...
00:15 +599 ~5 -86: /Users/kcdacre8tor/ everyday-christian/test/screens/home_screen_test.dart: HomeScreen Widget Tests should render home screen with all main elements                                 00:15 +599 ~5 -86: /Users/kcdacre8tor/ everyday-christian/test/database_service_test.dart: Table Creation should create reading_plans table                                                            
  → Creating timestamp triggers...
00:15 +600 ~5 -86: /Users/kcdacre8tor/ everyday-christian/test/screens/home_screen_test.dart: HomeScreen Widget Tests should render home screen with all main elements                                 00:15 +600 ~5 -86: /Users/kcdacre8tor/ everyday-christian/test/database_service_test.dart: Table Creation should create reading_plans table                                                            
✅ Schema v2 migration complete!
00:15 +601 ~5 -86: /Users/kcdacre8tor/ everyday-christian/test/screens/home_screen_test.dart: HomeScreen Widget Tests should render home screen with all main elements                                 00:15 +601 ~5 -86: /Users/kcdacre8tor/ everyday-christian/test/database_service_test.dart: Table Creation should create reading_plans table                                                            
✅ Database integrity verified
✅ Database migrations complete!
00:15 +602 ~5 -86: /Users/kcdacre8tor/ everyday-christian/test/screens/home_screen_test.dart: HomeScreen Widget Tests should render home screen with all main elements                                 00:15 +602 ~5 -86: /Users/kcdacre8tor/ everyday-christian/test/database_service_test.dart: Table Creation should create daily_readings table                                                           
ℹ️ [2025-10-17 18:19:35.564] [INFO   ] [DatabaseHelper] Initializing database at: :memory:
ℹ️ [2025-10-17 18:19:35.566] [INFO   ] [DatabaseHelper] Creating database schema v5
ℹ️ [2025-10-17 18:19:35.582] [INFO   ] [DatabaseHelper] Database schema created successfully
📦 Running database migrations from v1 to v2
🔄 Migrating to schema v2...
  → Fixing favorite_verses foreign key...
  → Fixing daily_verses foreign key...
  → Fixing verse_bookmarks foreign key...
  → Removing duplicate column from prayer_categories...
  → Creating performance indexes...
  → Creating timestamp triggers...
✅ Schema v2 migration complete!
✅ Database integrity verified
✅ Database migrations complete!
00:16 +603 ~5 -86: /Users/kcdacre8tor/ everyday-christian/test/screens/home_screen_test.dart: HomeScreen Widget Tests should render home screen with all main elements                                 00:16 +603 ~5 -86: /Users/kcdacre8tor/ everyday-christian/test/database_service_test.dart: Table Creation should create prayer_streak_activity table                                                   
ℹ️ [2025-10-17 18:19:35.600] [INFO   ] [DatabaseHelper] Initializing database at: :memory:
ℹ️ [2025-10-17 18:19:35.603] [INFO   ] [DatabaseHelper] Creating database schema v5
ℹ️ [2025-10-17 18:19:35.619] [INFO   ] [DatabaseHelper] Database schema created successfully
📦 Running database migrations from v1 to v2
🔄 Migrating to schema v2...
  → Fixing favorite_verses foreign key...
  → Fixing daily_verses foreign key...
  → Fixing verse_bookmarks foreign key...
  → Removing duplicate column from prayer_categories...
  → Creating performance indexes...
  → Creating timestamp triggers...
✅ Schema v2 migration complete!
✅ Database integrity verified
✅ Database migrations complete!
00:16 +604 ~5 -86: /Users/kcdacre8tor/ everyday-christian/test/screens/home_screen_test.dart: HomeScreen Widget Tests should render home screen with all main elements                                 00:16 +604 ~5 -86: /Users/kcdacre8tor/ everyday-christian/test/database_service_test.dart: Table Creation should create verse_bookmarks table                                                          
ℹ️ [2025-10-17 18:19:35.646] [INFO   ] [DatabaseHelper] Initializing database at: :memory:
ℹ️ [2025-10-17 18:19:35.649] [INFO   ] [DatabaseHelper] Creating database schema v5
ℹ️ [2025-10-17 18:19:35.679] [INFO   ] [DatabaseHelper] Database schema created successfully
📦 Running database migrations from v1 to v2
🔄 Migrating to schema v2...
  → Fixing favorite_verses foreign key...
  → Fixing daily_verses foreign key...
  → Fixing verse_bookmarks foreign key...
  → Removing duplicate column from prayer_categories...
  → Creating performance indexes...
  → Creating timestamp triggers...
✅ Schema v2 migration complete!
✅ Database integrity verified
✅ Database migrations complete!
00:16 +605 ~5 -86: /Users/kcdacre8tor/ everyday-christian/test/screens/home_screen_test.dart: HomeScreen Widget Tests should render home screen with all main elements                                 00:16 +605 ~5 -86: /Users/kcdacre8tor/ everyday-christian/test/database_service_test.dart: Table Creation should create search_history table                                                           
ℹ️ [2025-10-17 18:19:35.700] [INFO   ] [DatabaseHelper] Initializing database at: :memory:
ℹ️ [2025-10-17 18:19:35.702] [INFO   ] [DatabaseHelper] Creating database schema v5
ℹ️ [2025-10-17 18:19:35.716] [INFO   ] [DatabaseHelper] Database schema created successfully
📦 Running database migrations from v1 to v2
🔄 Migrating to schema v2...
  → Fixing favorite_verses foreign key...
  → Fixing daily_verses foreign key...
  → Fixing verse_bookmarks foreign key...
  → Removing duplicate column from prayer_categories...
  → Creating performance indexes...
  → Creating timestamp triggers...
✅ Schema v2 migration complete!
✅ Database integrity verified
✅ Database migrations complete!
00:16 +606 ~5 -86: /Users/kcdacre8tor/ everyday-christian/test/screens/home_screen_test.dart: HomeScreen Widget Tests should render home screen with all main elements                                 00:16 +606 ~5 -86: /Users/kcdacre8tor/ everyday-christian/test/database_service_test.dart: Table Creation should create daily_verse_history table                                                      
ℹ️ [2025-10-17 18:19:35.735] [INFO   ] [DatabaseHelper] Initializing database at: :memory:
ℹ️ [2025-10-17 18:19:35.738] [INFO   ] [DatabaseHelper] Creating database schema v5
ℹ️ [2025-10-17 18:19:35.757] [INFO   ] [DatabaseHelper] Database schema created successfully
📦 Running database migrations from v1 to v2
🔄 Migrating to schema v2...
  → Fixing favorite_verses foreign key...
  → Fixing daily_verses foreign key...
  → Fixing verse_bookmarks foreign key...
  → Removing duplicate column from prayer_categories...
  → Creating performance indexes...
  → Creating timestamp triggers...
✅ Schema v2 migration complete!
✅ Database integrity verified
✅ Database migrations complete!
00:16 +607 ~5 -86: /Users/kcdacre8tor/ everyday-christian/test/screens/home_screen_test.dart: HomeScreen Widget Tests should render home screen with all main elements                                 00:16 +607 ~5 -86: /Users/kcdacre8tor/ everyday-christian/test/database_service_test.dart: Table Creation should create verse_preferences table                                                        
ℹ️ [2025-10-17 18:19:35.780] [INFO   ] [DatabaseHelper] Initializing database at: :memory:
ℹ️ [2025-10-17 18:19:35.783] [INFO   ] [DatabaseHelper] Creating database schema v5
ℹ️ [2025-10-17 18:19:35.804] [INFO   ] [DatabaseHelper] Database schema created successfully
📦 Running database migrations from v1 to v2
🔄 Migrating to schema v2...
  → Fixing favorite_verses foreign key...
  → Fixing daily_verses foreign key...
  → Fixing verse_bookmarks foreign key...
  → Removing duplicate column from prayer_categories...
  → Creating performance indexes...
  → Creating timestamp triggers...
✅ Schema v2 migration complete!
✅ Database integrity verified
✅ Database migrations complete!
00:16 +608 ~5 -86: /Users/kcdacre8tor/ everyday-christian/test/screens/home_screen_test.dart: HomeScreen Widget Tests should render home screen with all main elements                                 00:16 +608 ~5 -86: /Users/kcdacre8tor/ everyday-christian/test/database_service_test.dart: FTS5 Virtual Table should create bible_verses_fts virtual table                                             
ℹ️ [2025-10-17 18:19:35.829] [INFO   ] [DatabaseHelper] Initializing database at: :memory:
ℹ️ [2025-10-17 18:19:35.832] [INFO   ] [DatabaseHelper] Creating database schema v5
ℹ️ [2025-10-17 18:19:35.855] [INFO   ] [DatabaseHelper] Database schema created successfully
📦 Running database migrations from v1 to v2
🔄 Migrating to schema v2...
  → Fixing favorite_verses foreign key...
  → Fixing daily_verses foreign key...
  → Fixing verse_bookmarks foreign key...
  → Removing duplicate column from prayer_categories...
  → Creating performance indexes...
  → Creating timestamp triggers...
✅ Schema v2 migration complete!
✅ Database integrity verified
✅ Database migrations complete!
00:16 +609 ~5 -86: /Users/kcdacre8tor/ everyday-christian/test/screens/home_screen_test.dart: HomeScreen Widget Tests should render home screen with all main elements                                 00:16 +609 ~5 -86: /Users/kcdacre8tor/ everyday-christian/test/database_service_test.dart: FTS5 Virtual Table FTS table should sync with bible_verses on insert                                        
ℹ️ [2025-10-17 18:19:35.877] [INFO   ] [DatabaseHelper] Initializing database at: :memory:
ℹ️ [2025-10-17 18:19:35.880] [INFO   ] [DatabaseHelper] Creating database schema v5
ℹ️ [2025-10-17 18:19:35.912] [INFO   ] [DatabaseHelper] Database schema created successfully
📦 Running database migrations from v1 to v2
🔄 Migrating to schema v2...
  → Fixing favorite_verses foreign key...
  → Fixing daily_verses foreign key...
  → Fixing verse_bookmarks foreign key...
  → Removing duplicate column from prayer_categories...
  → Creating performance indexes...
  → Creating timestamp triggers...
✅ Schema v2 migration complete!
✅ Database integrity verified
✅ Database migrations complete!
00:16 +610 ~5 -86: /Users/kcdacre8tor/ everyday-christian/test/screens/home_screen_test.dart: HomeScreen Widget Tests should render home screen with all main elements                                 00:16 +610 ~5 -86: /Users/kcdacre8tor/ everyday-christian/test/database_service_test.dart: Indexes should create bible_verses version index                                                            
ℹ️ [2025-10-17 18:19:35.951] [INFO   ] [DatabaseHelper] Initializing database at: :memory:
ℹ️ [2025-10-17 18:19:35.953] [INFO   ] [DatabaseHelper] Creating database schema v5
ℹ️ [2025-10-17 18:19:35.978] [INFO   ] [DatabaseHelper] Database schema created successfully
📦 Running database migrations from v1 to v2
🔄 Migrating to schema v2...
  → Fixing favorite_verses foreign key...
  → Fixing daily_verses foreign key...
  → Fixing verse_bookmarks foreign key...
  → Removing duplicate column from prayer_categories...
  → Creating performance indexes...
  → Creating timestamp triggers...
✅ Schema v2 migration complete!
✅ Database integrity verified
✅ Database migrations complete!
00:16 +611 ~5 -86: /Users/kcdacre8tor/ everyday-christian/test/screens/home_screen_test.dart: HomeScreen Widget Tests should render home screen with all main elements                                 00:16 +611 ~5 -86: /Users/kcdacre8tor/ everyday-christian/test/database_service_test.dart: Indexes should create bible_verses book_chapter index                                                       
ℹ️ [2025-10-17 18:19:36.028] [INFO   ] [DatabaseHelper] Initializing database at: :memory:
ℹ️ [2025-10-17 18:19:36.030] [INFO   ] [DatabaseHelper] Creating database schema v5
00:16 +611 ~5 -86: /Users/kcdacre8tor/ everyday-christian/test/screens/home_screen_test.dart: HomeScreen Widget Tests should render home screen with all main elements                                 00:16 +611 ~5 -86: /Users/kcdacre8tor/ everyday-christian/test/database_service_test.dart: Indexes should create bible_verses book_chapter index                                                       
ℹ️ [2025-10-17 18:19:36.075] [INFO   ] [DatabaseHelper] Database schema created successfully
📦 Running database migrations from v1 to v2
🔄 Migrating to schema v2...
  → Fixing favorite_verses foreign key...
  → Fixing daily_verses foreign key...
00:16 +612 ~5 -86: /Users/kcdacre8tor/ everyday-christian/test/screens/home_screen_test.dart: HomeScreen Widget Tests should render home screen with all main elements                                 00:16 +612 ~5 -86: /Users/kcdacre8tor/ everyday-christian/test/database_service_test.dart: Indexes should create bible_verses book_chapter index                                                       
  → Fixing verse_bookmarks foreign key...
00:16 +613 ~5 -86: /Users/kcdacre8tor/ everyday-christian/test/screens/home_screen_test.dart: HomeScreen Widget Tests should render home screen with all main elements                                 00:16 +613 ~5 -86: /Users/kcdacre8tor/ everyday-christian/test/database_service_test.dart: Indexes should create bible_verses book_chapter index                                                       
  → Removing duplicate column from prayer_categories...
00:16 +614 ~5 -86: /Users/kcdacre8tor/ everyday-christian/test/screens/home_screen_test.dart: HomeScreen Widget Tests should render home screen with all main elements                                 00:16 +614 ~5 -86: /Users/kcdacre8tor/ everyday-christian/test/database_service_test.dart: Indexes should create bible_verses book_chapter index                                                       
  → Creating performance indexes...
00:16 +615 ~5 -86: /Users/kcdacre8tor/ everyday-christian/test/screens/home_screen_test.dart: HomeScreen Widget Tests should render home screen with all main elements                                 00:16 +616 ~5 -86: /Users/kcdacre8tor/ everyday-christian/test/screens/home_screen_test.dart: HomeScreen Widget Tests should render home screen with all main elements                                 00:16 +616 ~5 -86: /Users/kcdacre8tor/ everyday-christian/test/database_service_test.dart: Indexes should create bible_verses book_chapter index                                                       
  → Creating timestamp triggers...
00:16 +617 ~5 -86: /Users/kcdacre8tor/ everyday-christian/test/screens/home_screen_test.dart: HomeScreen Widget Tests should render home screen with all main elements                                 00:16 +617 ~5 -86: /Users/kcdacre8tor/ everyday-christian/test/database_service_test.dart: Indexes should create bible_verses book_chapter index                                                       
✅ Schema v2 migration complete!
✅ Database integrity verified
00:16 +618 ~5 -86: /Users/kcdacre8tor/ everyday-christian/test/screens/home_screen_test.dart: HomeScreen Widget Tests should render home screen with all main elements                                 00:16 +618 ~5 -86: /Users/kcdacre8tor/ everyday-christian/test/database_service_test.dart: Indexes should create bible_verses book_chapter index                                                       
✅ Database migrations complete!
00:16 +619 ~5 -86: /Users/kcdacre8tor/ everyday-christian/test/screens/home_screen_test.dart: HomeScreen Widget Tests should render home screen with all main elements                                 00:16 +619 ~5 -86: /Users/kcdacre8tor/ everyday-christian/test/database_service_test.dart: Indexes should create bible_verses search index                                                             
ℹ️ [2025-10-17 18:19:36.123] [INFO   ] [DatabaseHelper] Initializing database at: :memory:
ℹ️ [2025-10-17 18:19:36.126] [INFO   ] [DatabaseHelper] Creating database schema v5
ℹ️ [2025-10-17 18:19:36.154] [INFO   ] [DatabaseHelper] Database schema created successfully
📦 Running database migrations from v1 to v2
🔄 Migrating to schema v2...
  → Fixing favorite_verses foreign key...
  → Fixing daily_verses foreign key...
  → Fixing verse_bookmarks foreign key...
  → Removing duplicate column from prayer_categories...
  → Creating performance indexes...
  → Creating timestamp triggers...
✅ Schema v2 migration complete!
✅ Database integrity verified
✅ Database migrations complete!
00:16 +620 ~5 -86: /Users/kcdacre8tor/ everyday-christian/test/screens/home_screen_test.dart: HomeScreen Widget Tests should render home screen with all main elements                                 00:16 +620 ~5 -86: /Users/kcdacre8tor/ everyday-christian/test/database_service_test.dart: Indexes should create prayer_activity_date index                                                            
ℹ️ [2025-10-17 18:19:36.176] [INFO   ] [DatabaseHelper] Initializing database at: :memory:
ℹ️ [2025-10-17 18:19:36.178] [INFO   ] [DatabaseHelper] Creating database schema v5
ℹ️ [2025-10-17 18:19:36.197] [INFO   ] [DatabaseHelper] Database schema created successfully
📦 Running database migrations from v1 to v2
🔄 Migrating to schema v2...
  → Fixing favorite_verses foreign key...
  → Fixing daily_verses foreign key...
  → Fixing verse_bookmarks foreign key...
  → Removing duplicate column from prayer_categories...
  → Creating performance indexes...
  → Creating timestamp triggers...
✅ Schema v2 migration complete!
✅ Database integrity verified
✅ Database migrations complete!
00:16 +621 ~5 -86: /Users/kcdacre8tor/ everyday-christian/test/screens/home_screen_test.dart: HomeScreen Widget Tests should render home screen with all main elements                                 00:16 +621 ~5 -86: /Users/kcdacre8tor/ everyday-christian/test/database_service_test.dart: Indexes should create bookmarks_created index                                                               
ℹ️ [2025-10-17 18:19:36.220] [INFO   ] [DatabaseHelper] Initializing database at: :memory:
ℹ️ [2025-10-17 18:19:36.221] [INFO   ] [DatabaseHelper] Creating database schema v5
ℹ️ [2025-10-17 18:19:36.242] [INFO   ] [DatabaseHelper] Database schema created successfully
📦 Running database migrations from v1 to v2
🔄 Migrating to schema v2...
  → Fixing favorite_verses foreign key...
  → Fixing daily_verses foreign key...
  → Fixing verse_bookmarks foreign key...
  → Removing duplicate column from prayer_categories...
  → Creating performance indexes...
  → Creating timestamp triggers...
✅ Schema v2 migration complete!
✅ Database integrity verified
✅ Database migrations complete!
test/prayer_service_test.dart:33:19: Error: Undefined name 'PrayerCategory'.
        category: PrayerCategory.general,
                  ^^^^^^^^^^^^^^
test/prayer_service_test.dart:39:38: Error: Undefined name 'PrayerCategory'.
      expect(prayer.category, equals(PrayerCategory.general));
                                     ^^^^^^^^^^^^^^
test/prayer_service_test.dart:46:9: Error: Undefined name 'PrayerCategory'.
        PrayerCategory.health,
        ^^^^^^^^^^^^^^
test/prayer_service_test.dart:47:9: Error: Undefined name 'PrayerCategory'.
        PrayerCategory.family,
        ^^^^^^^^^^^^^^
test/prayer_service_test.dart:48:9: Error: Undefined name 'PrayerCategory'.
        PrayerCategory.work,
        ^^^^^^^^^^^^^^
test/prayer_service_test.dart:49:9: Error: Undefined name 'PrayerCategory'.
        PrayerCategory.protection,
        ^^^^^^^^^^^^^^
test/prayer_service_test.dart:50:9: Error: Undefined name 'PrayerCategory'.
        PrayerCategory.guidance,
        ^^^^^^^^^^^^^^
test/prayer_service_test.dart:51:9: Error: Undefined name 'PrayerCategory'.
        PrayerCategory.gratitude,
        ^^^^^^^^^^^^^^
test/prayer_service_test.dart:69:19: Error: Undefined name 'PrayerCategory'.
        category: PrayerCategory.family,
                  ^^^^^^^^^^^^^^
test/prayer_service_test.dart:69:9: Error: No named parameter with the name 'category'.
        category: PrayerCategory.family,
        ^^^^^^^^
lib/core/models/prayer_request.dart:8:17: Context: Found this candidate, but the arguments don't match.
  const factory PrayerRequest({
                ^
test/prayer_service_test.dart:82:19: Error: Undefined name 'PrayerCategory'.
        category: PrayerCategory.general,
                  ^^^^^^^^^^^^^^
test/prayer_service_test.dart:102:19: Error: Undefined name 'PrayerCategory'.
        category: PrayerCategory.general,
                  ^^^^^^^^^^^^^^
test/prayer_service_test.dart:116:19: Error: Undefined name 'PrayerCategory'.
        category: PrayerCategory.health,
                  ^^^^^^^^^^^^^^
test/prayer_service_test.dart:136:19: Error: Undefined name 'PrayerCategory'.
        category: PrayerCategory.general,
                  ^^^^^^^^^^^^^^
test/prayer_service_test.dart:142:19: Error: Undefined name 'PrayerCategory'.
        category: PrayerCategory.guidance,
                  ^^^^^^^^^^^^^^
test/prayer_service_test.dart:159:19: Error: Undefined name 'PrayerCategory'.
        category: PrayerCategory.protection,
                  ^^^^^^^^^^^^^^
test/prayer_service_test.dart:165:19: Error: Undefined name 'PrayerCategory'.
        category: PrayerCategory.general,
                  ^^^^^^^^^^^^^^
test/prayer_service_test.dart:179:19: Error: Undefined name 'PrayerCategory'.
        category: PrayerCategory.general,
                  ^^^^^^^^^^^^^^
test/prayer_service_test.dart:187:19: Error: Undefined name 'PrayerCategory'.
        category: PrayerCategory.general,
                  ^^^^^^^^^^^^^^
test/prayer_service_test.dart:204:19: Error: Undefined name 'PrayerCategory'.
        category: PrayerCategory.general,
                  ^^^^^^^^^^^^^^
test/prayer_service_test.dart:210:19: Error: Undefined name 'PrayerCategory'.
        category: PrayerCategory.family,
                  ^^^^^^^^^^^^^^
test/prayer_service_test.dart:221:19: Error: Undefined name 'PrayerCategory'.
        category: PrayerCategory.general,
                  ^^^^^^^^^^^^^^
test/prayer_service_test.dart:229:19: Error: Undefined name 'PrayerCategory'.
        category: PrayerCategory.general,
                  ^^^^^^^^^^^^^^
test/prayer_service_test.dart:243:19: Error: Undefined name 'PrayerCategory'.
        category: PrayerCategory.general,
                  ^^^^^^^^^^^^^^
test/prayer_service_test.dart:254:19: Error: Undefined name 'PrayerCategory'.
        category: PrayerCategory.general,
                  ^^^^^^^^^^^^^^
test/prayer_service_test.dart:260:19: Error: Undefined name 'PrayerCategory'.
        category: PrayerCategory.general,
                  ^^^^^^^^^^^^^^
test/prayer_service_test.dart:280:26: Error: Undefined name 'PrayerCategory'.
      final categories = PrayerCategory.values;
                         ^^^^^^^^^^^^^^
test/prayer_service_test.dart:300:19: Error: Undefined name 'PrayerCategory'.
        category: PrayerCategory.health,
                  ^^^^^^^^^^^^^^
test/prayer_service_test.dart:308:37: Error: Undefined name 'PrayerCategory'.
      expect(found.category, equals(PrayerCategory.health));
                                    ^^^^^^^^^^^^^^
test/prayer_service_test.dart:312:14: Error: Undefined name 'PrayerCategory'.
      expect(PrayerCategory.general.displayName, equals('General'));
             ^^^^^^^^^^^^^^
test/prayer_service_test.dart:313:14: Error: Undefined name 'PrayerCategory'.
      expect(PrayerCategory.health.displayName, equals('Health'));
             ^^^^^^^^^^^^^^
test/prayer_service_test.dart:314:14: Error: Undefined name 'PrayerCategory'.
      expect(PrayerCategory.family.displayName, equals('Family'));
             ^^^^^^^^^^^^^^
test/prayer_service_test.dart:315:14: Error: Undefined name 'PrayerCategory'.
      expect(PrayerCategory.work.displayName, equals('Work/Career'));
             ^^^^^^^^^^^^^^
test/prayer_service_test.dart:316:14: Error: Undefined name 'PrayerCategory'.
      expect(PrayerCategory.protection.displayName, equals('Protection'));
             ^^^^^^^^^^^^^^
test/prayer_service_test.dart:317:14: Error: Undefined name 'PrayerCategory'.
      expect(PrayerCategory.guidance.displayName, equals('Guidance'));
             ^^^^^^^^^^^^^^
test/prayer_service_test.dart:318:14: Error: Undefined name 'PrayerCategory'.
      expect(PrayerCategory.gratitude.displayName, equals('Gratitude'));
             ^^^^^^^^^^^^^^
test/prayer_service_test.dart:327:19: Error: Undefined name 'PrayerCategory'.
        category: PrayerCategory.guidance,
                  ^^^^^^^^^^^^^^
test/prayer_service_test.dart:347:19: Error: Undefined name 'PrayerCategory'.
        category: PrayerCategory.general,
                  ^^^^^^^^^^^^^^
test/prayer_service_test.dart:347:9: Error: No named parameter with the name 'category'.
        category: PrayerCategory.general,
        ^^^^^^^^
lib/core/models/prayer_request.dart:8:17: Context: Found this candidate, but the arguments don't match.
  const factory PrayerRequest({
                ^
test/prayer_service_test.dart:368:19: Error: Undefined name 'PrayerCategory'.
        category: PrayerCategory.general,
                  ^^^^^^^^^^^^^^
test/prayer_service_test.dart:380:19: Error: Undefined name 'PrayerCategory'.
        category: PrayerCategory.general,
                  ^^^^^^^^^^^^^^
test/prayer_service_test.dart:391:19: Error: Undefined name 'PrayerCategory'.
        category: PrayerCategory.general,
                  ^^^^^^^^^^^^^^
test/prayer_service_test.dart:404:19: Error: Undefined name 'PrayerCategory'.
        category: PrayerCategory.general,
                  ^^^^^^^^^^^^^^
test/prayer_service_test.dart:424:19: Error: Undefined name 'PrayerCategory'.
        category: PrayerCategory.general,
                  ^^^^^^^^^^^^^^
test/prayer_service_test.dart:441:21: Error: Undefined name 'PrayerCategory'.
          category: PrayerCategory.general,
                    ^^^^^^^^^^^^^^
test/prayer_service_test.dart:460:21: Error: Undefined name 'PrayerCategory'.
          category: PrayerCategory.general,
                    ^^^^^^^^^^^^^^
test/prayer_service_test.dart:478:19: Error: Undefined name 'PrayerCategory'.
        category: PrayerCategory.guidance,
                  ^^^^^^^^^^^^^^
test/prayer_service_test.dart:33:9: Error: No named parameter with the name 'category'.
        category: PrayerCategory.general,
        ^^^^^^^^
test/prayer_service_test.dart:58:11: Error: No named parameter with the name 'category'.
          category: category,
          ^^^^^^^^
test/prayer_service_test.dart:82:9: Error: No named parameter with the name 'category'.
        category: PrayerCategory.general,
        ^^^^^^^^
test/prayer_service_test.dart:102:9: Error: No named parameter with the name 'category'.
        category: PrayerCategory.general,
        ^^^^^^^^
test/prayer_service_test.dart:116:9: Error: No named parameter with the name 'category'.
        category: PrayerCategory.health,
        ^^^^^^^^
test/prayer_service_test.dart:136:9: Error: No named parameter with the name 'category'.
        category: PrayerCategory.general,
        ^^^^^^^^
test/prayer_service_test.dart:142:9: Error: No named parameter with the name 'category'.
        category: PrayerCategory.guidance,
        ^^^^^^^^
test/prayer_service_test.dart:159:9: Error: No named parameter with the name 'category'.
        category: PrayerCategory.protection,
        ^^^^^^^^
test/prayer_service_test.dart:165:9: Error: No named parameter with the name 'category'.
        category: PrayerCategory.general,
        ^^^^^^^^
test/prayer_service_test.dart:179:9: Error: No named parameter with the name 'category'.
        category: PrayerCategory.general,
        ^^^^^^^^
test/prayer_service_test.dart:187:9: Error: No named parameter with the name 'category'.
        category: PrayerCategory.general,
        ^^^^^^^^
test/prayer_service_test.dart:204:9: Error: No named parameter with the name 'category'.
        category: PrayerCategory.general,
        ^^^^^^^^
test/prayer_service_test.dart:210:9: Error: No named parameter with the name 'category'.
        category: PrayerCategory.family,
        ^^^^^^^^
test/prayer_service_test.dart:221:9: Error: No named parameter with the name 'category'.
        category: PrayerCategory.general,
        ^^^^^^^^
test/prayer_service_test.dart:229:9: Error: No named parameter with the name 'category'.
        category: PrayerCategory.general,
        ^^^^^^^^
test/prayer_service_test.dart:243:9: Error: No named parameter with the name 'category'.
        category: PrayerCategory.general,
        ^^^^^^^^
test/prayer_service_test.dart:254:9: Error: No named parameter with the name 'category'.
        category: PrayerCategory.general,
        ^^^^^^^^
test/prayer_service_test.dart:260:9: Error: No named parameter with the name 'category'.
        category: PrayerCategory.general,
        ^^^^^^^^
test/prayer_service_test.dart:286:11: Error: No named parameter with the name 'category'.
          category: category,
          ^^^^^^^^
test/prayer_service_test.dart:300:9: Error: No named parameter with the name 'category'.
        category: PrayerCategory.health,
        ^^^^^^^^
test/prayer_service_test.dart:308:20: Error: The getter 'category' isn't defined for the type 'PrayerRequest'.
 - 'PrayerRequest' is from 'package:everyday_christian/core/models/prayer_request.dart' ('lib/core/models/prayer_request.dart').
Try correcting the name to the name of an existing getter, or defining a getter or field named 'category'.
      expect(found.category, equals(PrayerCategory.health));
                   ^^^^^^^^
test/prayer_service_test.dart:327:9: Error: No named parameter with the name 'category'.
        category: PrayerCategory.guidance,
        ^^^^^^^^
test/prayer_service_test.dart:337:20: Error: The getter 'category' isn't defined for the type 'PrayerRequest'.
 - 'PrayerRequest' is from 'package:everyday_christian/core/models/prayer_request.dart' ('lib/core/models/prayer_request.dart').
Try correcting the name to the name of an existing getter, or defining a getter or field named 'category'.
      expect(found.category, equals(prayer.category));
                   ^^^^^^^^
test/prayer_service_test.dart:368:9: Error: No named parameter with the name 'category'.
        category: PrayerCategory.general,
        ^^^^^^^^
test/prayer_service_test.dart:380:9: Error: No named parameter with the name 'category'.
        category: PrayerCategory.general,
        ^^^^^^^^
test/prayer_service_test.dart:391:9: Error: No named parameter with the name 'category'.
        category: PrayerCategory.general,
        ^^^^^^^^
test/prayer_service_test.dart:404:9: Error: No named parameter with the name 'category'.
        category: PrayerCategory.general,
        ^^^^^^^^
test/prayer_service_test.dart:424:9: Error: No named parameter with the name 'category'.
        category: PrayerCategory.general,
        ^^^^^^^^
test/prayer_service_test.dart:441:11: Error: No named parameter with the name 'category'.
          category: PrayerCategory.general,
          ^^^^^^^^
test/prayer_service_test.dart:445:41: Error: The argument type 'List<dynamic>' can't be assigned to the parameter type 'Iterable<Future<dynamic>>'.
 - 'List' is from 'dart:core'.
 - 'Iterable' is from 'dart:core'.
 - 'Future' is from 'dart:async'.
      final prayers = await Future.wait(futures);
                                        ^
test/prayer_service_test.dart:460:11: Error: No named parameter with the name 'category'.
          category: PrayerCategory.general,
          ^^^^^^^^
test/prayer_service_test.dart:478:9: Error: No named parameter with the name 'category'.
        category: PrayerCategory.guidance,
        ^^^^^^^^
00:16 +621 ~5 -87: /Users/kcdacre8tor/ everyday-christian/test/screens/home_screen_test.dart: HomeScreen Widget Tests should render home screen with all main elements                                 00:16 +621 ~5 -88: loading /Users/kcdacre8tor/ everyday-christian/test/prayer_service_test.dart [E]                                                                                                    
  Failed to load "/Users/kcdacre8tor/ everyday-christian/test/prayer_service_test.dart":
  Compilation failed for testPath=/Users/kcdacre8tor/ everyday-christian/test/prayer_service_test.dart: test/prayer_service_test.dart:33:19: Error: Undefined name 'PrayerCategory'.
          category: PrayerCategory.general,
                    ^^^^^^^^^^^^^^
  test/prayer_service_test.dart:39:38: Error: Undefined name 'PrayerCategory'.
        expect(prayer.category, equals(PrayerCategory.general));
                                       ^^^^^^^^^^^^^^
  test/prayer_service_test.dart:46:9: Error: Undefined name 'PrayerCategory'.
          PrayerCategory.health,
          ^^^^^^^^^^^^^^
  test/prayer_service_test.dart:47:9: Error: Undefined name 'PrayerCategory'.
          PrayerCategory.family,
          ^^^^^^^^^^^^^^
  test/prayer_service_test.dart:48:9: Error: Undefined name 'PrayerCategory'.
          PrayerCategory.work,
          ^^^^^^^^^^^^^^
  test/prayer_service_test.dart:49:9: Error: Undefined name 'PrayerCategory'.
          PrayerCategory.protection,
          ^^^^^^^^^^^^^^
  test/prayer_service_test.dart:50:9: Error: Undefined name 'PrayerCategory'.
          PrayerCategory.guidance,
          ^^^^^^^^^^^^^^
  test/prayer_service_test.dart:51:9: Error: Undefined name 'PrayerCategory'.
          PrayerCategory.gratitude,
          ^^^^^^^^^^^^^^
  test/prayer_service_test.dart:69:19: Error: Undefined name 'PrayerCategory'.
          category: PrayerCategory.family,
                    ^^^^^^^^^^^^^^
  test/prayer_service_test.dart:69:9: Error: No named parameter with the name 'category'.
          category: PrayerCategory.family,
          ^^^^^^^^
  lib/core/models/prayer_request.dart:8:17: Context: Found this candidate, but the arguments don't match.
    const factory PrayerRequest({
                  ^
  test/prayer_service_test.dart:82:19: Error: Undefined name 'PrayerCategory'.
          category: PrayerCategory.general,
                    ^^^^^^^^^^^^^^
  test/prayer_service_test.dart:102:19: Error: Undefined name 'PrayerCategory'.
          category: PrayerCategory.general,
                    ^^^^^^^^^^^^^^
  test/prayer_service_test.dart:116:19: Error: Undefined name 'PrayerCategory'.
          category: PrayerCategory.health,
                    ^^^^^^^^^^^^^^
  test/prayer_service_test.dart:136:19: Error: Undefined name 'PrayerCategory'.
          category: PrayerCategory.general,
                    ^^^^^^^^^^^^^^
  test/prayer_service_test.dart:142:19: Error: Undefined name 'PrayerCategory'.
          category: PrayerCategory.guidance,
                    ^^^^^^^^^^^^^^
  test/prayer_service_test.dart:159:19: Error: Undefined name 'PrayerCategory'.
          category: PrayerCategory.protection,
                    ^^^^^^^^^^^^^^
  test/prayer_service_test.dart:165:19: Error: Undefined name 'PrayerCategory'.
          category: PrayerCategory.general,
                    ^^^^^^^^^^^^^^
  test/prayer_service_test.dart:179:19: Error: Undefined name 'PrayerCategory'.
          category: PrayerCategory.general,
                    ^^^^^^^^^^^^^^
  test/prayer_service_test.dart:187:19: Error: Undefined name 'PrayerCategory'.
          category: PrayerCategory.general,
                    ^^^^^^^^^^^^^^
  test/prayer_service_test.dart:204:19: Error: Undefined name 'PrayerCategory'.
          category: PrayerCategory.general,
                    ^^^^^^^^^^^^^^
  test/prayer_service_test.dart:210:19: Error: Undefined name 'PrayerCategory'.
          category: PrayerCategory.family,
                    ^^^^^^^^^^^^^^
  test/prayer_service_test.dart:221:19: Error: Undefined name 'PrayerCategory'.
          category: PrayerCategory.general,
                    ^^^^^^^^^^^^^^
  test/prayer_service_test.dart:229:19: Error: Undefined name 'PrayerCategory'.
          category: PrayerCategory.general,
                    ^^^^^^^^^^^^^^
  test/prayer_service_test.dart:243:19: Error: Undefined name 'PrayerCategory'.
          category: PrayerCategory.general,
                    ^^^^^^^^^^^^^^
  test/prayer_service_test.dart:254:19: Error: Undefined name 'PrayerCategory'.
          category: PrayerCategory.general,
                    ^^^^^^^^^^^^^^
  test/prayer_service_test.dart:260:19: Error: Undefined name 'PrayerCategory'.
          category: PrayerCategory.general,
                    ^^^^^^^^^^^^^^
  test/prayer_service_test.dart:280:26: Error: Undefined name 'PrayerCategory'.
        final categories = PrayerCategory.values;
                           ^^^^^^^^^^^^^^
  test/prayer_service_test.dart:300:19: Error: Undefined name 'PrayerCategory'.
          category: PrayerCategory.health,
                    ^^^^^^^^^^^^^^
  test/prayer_service_test.dart:308:37: Error: Undefined name 'PrayerCategory'.
        expect(found.category, equals(PrayerCategory.health));
                                      ^^^^^^^^^^^^^^
  test/prayer_service_test.dart:312:14: Error: Undefined name 'PrayerCategory'.
        expect(PrayerCategory.general.displayName, equals('General'));
               ^^^^^^^^^^^^^^
  test/prayer_service_test.dart:313:14: Error: Undefined name 'PrayerCategory'.
        expect(PrayerCategory.health.displayName, equals('Health'));
               ^^^^^^^^^^^^^^
  test/prayer_service_test.dart:314:14: Error: Undefined name 'PrayerCategory'.
        expect(PrayerCategory.family.displayName, equals('Family'));
               ^^^^^^^^^^^^^^
  test/prayer_service_test.dart:315:14: Error: Undefined name 'PrayerCategory'.
        expect(PrayerCategory.work.displayName, equals('Work/Career'));
               ^^^^^^^^^^^^^^
  test/prayer_service_test.dart:316:14: Error: Undefined name 'PrayerCategory'.
        expect(PrayerCategory.protection.displayName, equals('Protection'));
               ^^^^^^^^^^^^^^
  test/prayer_service_test.dart:317:14: Error: Undefined name 'PrayerCategory'.
        expect(PrayerCategory.guidance.displayName, equals('Guidance'));
               ^^^^^^^^^^^^^^
  test/prayer_service_test.dart:318:14: Error: Undefined name 'PrayerCategory'.
        expect(PrayerCategory.gratitude.displayName, equals('Gratitude'));
               ^^^^^^^^^^^^^^
  test/prayer_service_test.dart:327:19: Error: Undefined name 'PrayerCategory'.
          category: PrayerCategory.guidance,
                    ^^^^^^^^^^^^^^
  test/prayer_service_test.dart:347:19: Error: Undefined name 'PrayerCategory'.
          category: PrayerCategory.general,
                    ^^^^^^^^^^^^^^
  test/prayer_service_test.dart:347:9: Error: No named parameter with the name 'category'.
          category: PrayerCategory.general,
          ^^^^^^^^
  lib/core/models/prayer_request.dart:8:17: Context: Found this candidate, but the arguments don't match.
    const factory PrayerRequest({
                  ^
  test/prayer_service_test.dart:368:19: Error: Undefined name 'PrayerCategory'.
          category: PrayerCategory.general,
                    ^^^^^^^^^^^^^^
  test/prayer_service_test.dart:380:19: Error: Undefined name 'PrayerCategory'.
          category: PrayerCategory.general,
                    ^^^^^^^^^^^^^^
  test/prayer_service_test.dart:391:19: Error: Undefined name 'PrayerCategory'.
          category: PrayerCategory.general,
                    ^^^^^^^^^^^^^^
  test/prayer_service_test.dart:404:19: Error: Undefined name 'PrayerCategory'.
          category: PrayerCategory.general,
                    ^^^^^^^^^^^^^^
  test/prayer_service_test.dart:424:19: Error: Undefined name 'PrayerCategory'.
          category: PrayerCategory.general,
                    ^^^^^^^^^^^^^^
  test/prayer_service_test.dart:441:21: Error: Undefined name 'PrayerCategory'.
            category: PrayerCategory.general,
                      ^^^^^^^^^^^^^^
  test/prayer_service_test.dart:460:21: Error: Undefined name 'PrayerCategory'.
            category: PrayerCategory.general,
                      ^^^^^^^^^^^^^^
  test/prayer_service_test.dart:478:19: Error: Undefined name 'PrayerCategory'.
          category: PrayerCategory.guidance,
                    ^^^^^^^^^^^^^^
  test/prayer_service_test.dart:33:9: Error: No named parameter with the name 'category'.
          category: PrayerCategory.general,
          ^^^^^^^^
  test/prayer_service_test.dart:58:11: Error: No named parameter with the name 'category'.
            category: category,
            ^^^^^^^^
  test/prayer_service_test.dart:82:9: Error: No named parameter with the name 'category'.
          category: PrayerCategory.general,
          ^^^^^^^^
  test/prayer_service_test.dart:102:9: Error: No named parameter with the name 'category'.
          category: PrayerCategory.general,
          ^^^^^^^^
  test/prayer_service_test.dart:116:9: Error: No named parameter with the name 'category'.
          category: PrayerCategory.health,
          ^^^^^^^^
  test/prayer_service_test.dart:136:9: Error: No named parameter with the name 'category'.
          category: PrayerCategory.general,
          ^^^^^^^^
  test/prayer_service_test.dart:142:9: Error: No named parameter with the name 'category'.
          category: PrayerCategory.guidance,
          ^^^^^^^^
  test/prayer_service_test.dart:159:9: Error: No named parameter with the name 'category'.
          category: PrayerCategory.protection,
          ^^^^^^^^
  test/prayer_service_test.dart:165:9: Error: No named parameter with the name 'category'.
          category: PrayerCategory.general,
          ^^^^^^^^
  test/prayer_service_test.dart:179:9: Error: No named parameter with the name 'category'.
          category: PrayerCategory.general,
          ^^^^^^^^
  test/prayer_service_test.dart:187:9: Error: No named parameter with the name 'category'.
          category: PrayerCategory.general,
          ^^^^^^^^
  test/prayer_service_test.dart:204:9: Error: No named parameter with the name 'category'.
          category: PrayerCategory.general,
          ^^^^^^^^
  test/prayer_service_test.dart:210:9: Error: No named parameter with the name 'category'.
          category: PrayerCategory.family,
          ^^^^^^^^
  test/prayer_service_test.dart:221:9: Error: No named parameter with the name 'category'.
          category: PrayerCategory.general,
          ^^^^^^^^
  test/prayer_service_test.dart:229:9: Error: No named parameter with the name 'category'.
          category: PrayerCategory.general,
          ^^^^^^^^
  test/prayer_service_test.dart:243:9: Error: No named parameter with the name 'category'.
          category: PrayerCategory.general,
          ^^^^^^^^
  test/prayer_service_test.dart:254:9: Error: No named parameter with the name 'category'.
          category: PrayerCategory.general,
          ^^^^^^^^
  test/prayer_service_test.dart:260:9: Error: No named parameter with the name 'category'.
          category: PrayerCategory.general,
          ^^^^^^^^
  test/prayer_service_test.dart:286:11: Error: No named parameter with the name 'category'.
            category: category,
            ^^^^^^^^
  test/prayer_service_test.dart:300:9: Error: No named parameter with the name 'category'.
          category: PrayerCategory.health,
          ^^^^^^^^
  test/prayer_service_test.dart:308:20: Error: The getter 'category' isn't defined for the type 'PrayerRequest'.
   - 'PrayerRequest' is from 'package:everyday_christian/core/models/prayer_request.dart' ('lib/core/models/prayer_request.dart').
  Try correcting the name to the name of an existing getter, or defining a getter or field named 'category'.
        expect(found.category, equals(PrayerCategory.health));
                     ^^^^^^^^
  test/prayer_service_test.dart:327:9: Error: No named parameter with the name 'category'.
          category: PrayerCategory.guidance,
          ^^^^^^^^
  test/prayer_service_test.dart:337:20: Error: The getter 'category' isn't defined for the type 'PrayerRequest'.
   - 'PrayerRequest' is from 'package:everyday_christian/core/models/prayer_request.dart' ('lib/core/models/prayer_request.dart').
  Try correcting the name to the name of an existing getter, or defining a getter or field named 'category'.
        expect(found.category, equals(prayer.category));
                     ^^^^^^^^
  test/prayer_service_test.dart:368:9: Error: No named parameter with the name 'category'.
          category: PrayerCategory.general,
          ^^^^^^^^
  test/prayer_service_test.dart:380:9: Error: No named parameter with the name 'category'.
          category: PrayerCategory.general,
          ^^^^^^^^
  test/prayer_service_test.dart:391:9: Error: No named parameter with the name 'category'.
          category: PrayerCategory.general,
          ^^^^^^^^
  test/prayer_service_test.dart:404:9: Error: No named parameter with the name 'category'.
          category: PrayerCategory.general,
          ^^^^^^^^
  test/prayer_service_test.dart:424:9: Error: No named parameter with the name 'category'.
          category: PrayerCategory.general,
          ^^^^^^^^
  test/prayer_service_test.dart:441:11: Error: No named parameter with the name 'category'.
            category: PrayerCategory.general,
            ^^^^^^^^
  test/prayer_service_test.dart:445:41: Error: The argument type 'List<dynamic>' can't be assigned to the parameter type 'Iterable<Future<dynamic>>'.
   - 'List' is from 'dart:core'.
   - 'Iterable' is from 'dart:core'.
   - 'Future' is from 'dart:async'.
        final prayers = await Future.wait(futures);
                                          ^
  test/prayer_service_test.dart:460:11: Error: No named parameter with the name 'category'.
            category: PrayerCategory.general,
            ^^^^^^^^
  test/prayer_service_test.dart:478:9: Error: No named parameter with the name 'category'.
          category: PrayerCategory.guidance,
          ^^^^^^^^
  .

To run this test again: /Users/kcdacre8tor/flutter/bin/cache/dart-sdk/bin/dart test /Users/kcdacre8tor/ everyday-christian/test/prayer_service_test.dart -p vm --plain-name 'loading /Users/kcdacre8tor/ everyday-christian/test/prayer_service_test.dart'
00:16 +621 ~5 -88: /Users/kcdacre8tor/ everyday-christian/test/category_service_test.dart: CategoryService Tests should get all active categories                                                      
ℹ️ [2025-10-17 18:19:36.316] [INFO   ] [DatabaseHelper] Initializing database at: :memory:
00:16 +621 ~5 -88: /Users/kcdacre8tor/ everyday-christian/test/database_service_test.dart: Indexes should create bookmarks_created index [E]                                                           
  Expected: <1>
    Actual: <0>
  
  package:matcher                                     expect
  package:flutter_test/src/widget_tester.dart 473:18  expect
  test/database_service_test.dart 207:7               main.<fn>.<fn>
  

To run this test again: /Users/kcdacre8tor/flutter/bin/cache/dart-sdk/bin/dart test /Users/kcdacre8tor/ everyday-christian/test/database_service_test.dart -p vm --plain-name 'Indexes should create bookmarks_created index'
00:16 +621 ~5 -88: /Users/kcdacre8tor/ everyday-christian/test/database_service_test.dart: Indexes should create search_history index                                                                  
ℹ️ [2025-10-17 18:19:36.338] [INFO   ] [DatabaseHelper] Initializing database at: :memory:
ℹ️ [2025-10-17 18:19:36.341] [INFO   ] [DatabaseHelper] Creating database schema v5
ℹ️ [2025-10-17 18:19:36.378] [INFO   ] [DatabaseHelper] Database schema created successfully
📦 Running database migrations from v1 to v2
🔄 Migrating to schema v2...
  → Fixing favorite_verses foreign key...
  → Fixing daily_verses foreign key...
00:16 +621 ~5 -88: /Users/kcdacre8tor/ everyday-christian/test/category_service_test.dart: CategoryService Tests should get all active categories                                                      
ℹ️ [2025-10-17 18:19:36.383] [INFO   ] [DatabaseHelper] Creating database schema v5
00:16 +621 ~5 -88: /Users/kcdacre8tor/ everyday-christian/test/database_service_test.dart: Indexes should create search_history index                                                                  
  → Fixing verse_bookmarks foreign key...
  → Removing duplicate column from prayer_categories...
  → Creating performance indexes...
  → Creating timestamp triggers...
✅ Schema v2 migration complete!
✅ Database integrity verified
✅ Database migrations complete!
00:16 +622 ~5 -88: /Users/kcdacre8tor/ everyday-christian/test/screens/home_screen_test.dart: HomeScreen Widget Tests should render home screen with all main elements                                 00:16 +622 ~5 -88: /Users/kcdacre8tor/ everyday-christian/test/database_service_test.dart: Indexes should create daily_verse_date index                                                                
ℹ️ [2025-10-17 18:19:36.416] [INFO   ] [DatabaseHelper] Initializing database at: :memory:
ℹ️ [2025-10-17 18:19:36.418] [INFO   ] [DatabaseHelper] Creating database schema v5
ℹ️ [2025-10-17 18:19:36.442] [INFO   ] [DatabaseHelper] Database schema created successfully
📦 Running database migrations from v1 to v2
🔄 Migrating to schema v2...
  → Fixing favorite_verses foreign key...
  → Fixing daily_verses foreign key...
00:16 +622 ~5 -88: /Users/kcdacre8tor/ everyday-christian/test/category_service_test.dart: CategoryService Tests should get all active categories                                                      
ℹ️ [2025-10-17 18:19:36.452] [INFO   ] [DatabaseHelper] Database schema created successfully
00:16 +622 ~5 -88: /Users/kcdacre8tor/ everyday-christian/test/database_service_test.dart: Indexes should create daily_verse_date index                                                                
  → Fixing verse_bookmarks foreign key...
  → Removing duplicate column from prayer_categories...
  → Creating performance indexes...
00:16 +622 ~5 -88: /Users/kcdacre8tor/ everyday-christian/test/category_service_test.dart: CategoryService Tests should get all active categories                                                      
📦 Running database migrations from v1 to v2
🔄 Migrating to schema v2...
  → Fixing favorite_verses foreign key...
00:16 +622 ~5 -88: /Users/kcdacre8tor/ everyday-christian/test/database_service_test.dart: Indexes should create daily_verse_date index                                                                
  → Creating timestamp triggers...
✅ Schema v2 migration complete!
00:16 +622 ~5 -88: /Users/kcdacre8tor/ everyday-christian/test/category_service_test.dart: CategoryService Tests should get all active categories                                                      
  → Fixing daily_verses foreign key...
00:16 +622 ~5 -88: /Users/kcdacre8tor/ everyday-christian/test/settings_data_privacy_test.dart: Data & Privacy Settings Tests Settings screen displays Data & Privacy section                          
══╡ EXCEPTION CAUGHT BY FLUTTER TEST FRAMEWORK ╞════════════════════════════════════════════════════
The following TestFailure was thrown running a test:
Expected: exactly one matching candidate
  Actual: _TextWidgetFinder:<Found 0 widgets with text "Offline Mode": []>
   Which: means none were found but one was expected

When the exception was thrown, this was the stack:
#4      main.<anonymous closure>.<anonymous closure> (file:///Users/kcdacre8tor/%20everyday-christian/test/settings_data_privacy_test.dart:82:7)
<asynchronous suspension>
#5      testWidgets.<anonymous closure>.<anonymous closure> (package:flutter_test/src/widget_tester.dart:192:15)
<asynchronous suspension>
#6      TestWidgetsFlutterBinding._runTestBody (package:flutter_test/src/binding.dart:1059:5)
<asynchronous suspension>
<asynchronous suspension>
(elided one frame from package:stack_trace)

This was caught by the test expectation on the following line:
  file:///Users/kcdacre8tor/%20everyday-christian/test/settings_data_privacy_test.dart line 82
The test description was:
  Settings screen displays Data & Privacy section
════════════════════════════════════════════════════════════════════════════════════════════════════
00:16 +622 ~5 -88: /Users/kcdacre8tor/ everyday-christian/test/database_service_test.dart: Indexes should create daily_verse_date index                                                                
✅ Database integrity verified
00:16 +622 ~5 -89: /Users/kcdacre8tor/ everyday-christian/test/category_service_test.dart: CategoryService Tests should get all active categories                                                      
  → Fixing verse_bookmarks foreign key...
00:16 +622 ~5 -89: /Users/kcdacre8tor/ everyday-christian/test/database_service_test.dart: Indexes should create daily_verse_date index                                                                
✅ Database migrations complete!
00:16 +622 ~5 -89: /Users/kcdacre8tor/ everyday-christian/test/settings_data_privacy_test.dart: Data & Privacy Settings Tests Settings screen displays Data & Privacy section [E]                      
  Test failed. See exception logs above.
  The test description was: Settings screen displays Data & Privacy section
  
00:16 +623 ~5 -89: /Users/kcdacre8tor/ everyday-christian/test/screens/home_screen_test.dart: HomeScreen Widget Tests should render home screen with all main elements                                 00:16 +623 ~5 -89: /Users/kcdacre8tor/ everyday-christian/test/category_service_test.dart: CategoryService Tests should get all active categories                                                      
  → Removing duplicate column from prayer_categories...
00:16 +623 ~5 -89: /Users/kcdacre8tor/ everyday-christian/test/database_service_test.dart: Triggers should create bible_verses_ai trigger                                                              
ℹ️ [2025-10-17 18:19:36.476] [INFO   ] [DatabaseHelper] Initializing database at: :memory:
ℹ️ [2025-10-17 18:19:36.477] [INFO   ] [DatabaseHelper] Creating database schema v5
00:16 +623 ~5 -89: /Users/kcdacre8tor/ everyday-christian/test/category_service_test.dart: CategoryService Tests should get all active categories                                                      
  → Creating performance indexes...
  → Creating timestamp triggers...
✅ Schema v2 migration complete!
✅ Database integrity verified
✅ Database migrations complete!

To run this test again: /Users/kcdacre8tor/flutter/bin/cache/dart-sdk/bin/dart test /Users/kcdacre8tor/ everyday-christian/test/settings_data_privacy_test.dart -p vm --plain-name 'Data & Privacy Settings Tests Settings screen displays Data & Privacy section'
00:16 +623 ~5 -89: /Users/kcdacre8tor/ everyday-christian/test/database_service_test.dart: Triggers should create bible_verses_ai trigger                                                              
ℹ️ [2025-10-17 18:19:36.499] [INFO   ] [DatabaseHelper] Database schema created successfully
📦 Running database migrations from v1 to v2
🔄 Migrating to schema v2...
  → Fixing favorite_verses foreign key...
00:16 +624 ~5 -89: /Users/kcdacre8tor/ everyday-christian/test/screens/home_screen_test.dart: HomeScreen Widget Tests should render home screen with all main elements                                 00:16 +624 ~5 -89: /Users/kcdacre8tor/ everyday-christian/test/category_service_test.dart: CategoryService Tests should get default categories                                                         
ℹ️ [2025-10-17 18:19:36.503] [INFO   ] [DatabaseHelper] Initializing database at: :memory:
00:16 +624 ~5 -89: /Users/kcdacre8tor/ everyday-christian/test/database_service_test.dart: Triggers should create bible_verses_ai trigger                                                              
  → Fixing daily_verses foreign key...
  → Fixing verse_bookmarks foreign key...
  → Removing duplicate column from prayer_categories...
00:16 +624 ~5 -89: /Users/kcdacre8tor/ everyday-christian/test/category_service_test.dart: CategoryService Tests should get default categories                                                         
ℹ️ [2025-10-17 18:19:36.508] [INFO   ] [DatabaseHelper] Creating database schema v5
00:16 +624 ~5 -89: /Users/kcdacre8tor/ everyday-christian/test/database_service_test.dart: Triggers should create bible_verses_ai trigger                                                              
  → Creating performance indexes...
  → Creating timestamp triggers...
✅ Schema v2 migration complete!
✅ Database integrity verified
✅ Database migrations complete!
00:16 +625 ~5 -89: /Users/kcdacre8tor/ everyday-christian/test/screens/home_screen_test.dart: HomeScreen Widget Tests should render home screen with all main elements                                 00:16 +625 ~5 -89: /Users/kcdacre8tor/ everyday-christian/test/database_service_test.dart: Triggers should create bible_verses_ad trigger                                                              
ℹ️ [2025-10-17 18:19:36.516] [INFO   ] [DatabaseHelper] Initializing database at: :memory:
ℹ️ [2025-10-17 18:19:36.517] [INFO   ] [DatabaseHelper] Creating database schema v5
00:16 +625 ~5 -89: /Users/kcdacre8tor/ everyday-christian/test/category_service_test.dart: CategoryService Tests should get default categories                                                         
ℹ️ [2025-10-17 18:19:36.531] [INFO   ] [DatabaseHelper] Database schema created successfully
00:16 +625 ~5 -89: /Users/kcdacre8tor/ everyday-christian/test/database_service_test.dart: Triggers should create bible_verses_ad trigger                                                              
ℹ️ [2025-10-17 18:19:36.535] [INFO   ] [DatabaseHelper] Database schema created successfully
00:16 +625 ~5 -89: /Users/kcdacre8tor/ everyday-christian/test/category_service_test.dart: CategoryService Tests should get default categories                                                         
📦 Running database migrations from v1 to v2
🔄 Migrating to schema v2...
  → Fixing favorite_verses foreign key...
00:16 +625 ~5 -89: /Users/kcdacre8tor/ everyday-christian/test/database_service_test.dart: Triggers should create bible_verses_ad trigger                                                              
📦 Running database migrations from v1 to v2
🔄 Migrating to schema v2...
00:16 +625 ~5 -89: /Users/kcdacre8tor/ everyday-christian/test/category_service_test.dart: CategoryService Tests should get default categories                                                         
  → Fixing daily_verses foreign key...
00:16 +625 ~5 -89: /Users/kcdacre8tor/ everyday-christian/test/database_service_test.dart: Triggers should create bible_verses_ad trigger                                                              
  → Fixing favorite_verses foreign key...
  → Fixing daily_verses foreign key...
00:17 +625 ~5 -89: /Users/kcdacre8tor/ everyday-christian/test/category_service_test.dart: CategoryService Tests should get default categories                                                         
  → Fixing verse_bookmarks foreign key...
  → Removing duplicate column from prayer_categories...
00:17 +625 ~5 -89: /Users/kcdacre8tor/ everyday-christian/test/database_service_test.dart: Triggers should create bible_verses_ad trigger                                                              
  → Fixing verse_bookmarks foreign key...
00:17 +625 ~5 -89: /Users/kcdacre8tor/ everyday-christian/test/category_service_test.dart: CategoryService Tests should get default categories                                                         
  → Creating performance indexes...
00:17 +625 ~5 -89: /Users/kcdacre8tor/ everyday-christian/test/database_service_test.dart: Triggers should create bible_verses_ad trigger                                                              
  → Removing duplicate column from prayer_categories...
  → Creating performance indexes...
00:17 +625 ~5 -89: /Users/kcdacre8tor/ everyday-christian/test/category_service_test.dart: CategoryService Tests should get default categories                                                         
  → Creating timestamp triggers...
00:17 +625 ~5 -89: /Users/kcdacre8tor/ everyday-christian/test/database_service_test.dart: Triggers should create bible_verses_ad trigger                                                              
  → Creating timestamp triggers...
00:17 +625 ~5 -89: /Users/kcdacre8tor/ everyday-christian/test/category_service_test.dart: CategoryService Tests should get default categories                                                         
✅ Schema v2 migration complete!
00:17 +625 ~5 -89: /Users/kcdacre8tor/ everyday-christian/test/database_service_test.dart: Triggers should create bible_verses_ad trigger                                                              
✅ Schema v2 migration complete!
00:17 +625 ~5 -89: /Users/kcdacre8tor/ everyday-christian/test/category_service_test.dart: CategoryService Tests should get default categories                                                         
✅ Database integrity verified
00:17 +625 ~5 -89: /Users/kcdacre8tor/ everyday-christian/test/database_service_test.dart: Triggers should create bible_verses_ad trigger                                                              
✅ Database integrity verified
✅ Database migrations complete!
00:17 +625 ~5 -89: /Users/kcdacre8tor/ everyday-christian/test/category_service_test.dart: CategoryService Tests should get default categories                                                         
✅ Database migrations complete!
00:17 +626 ~5 -89: /Users/kcdacre8tor/ everyday-christian/test/screens/home_screen_test.dart: HomeScreen Widget Tests should render home screen with all main elements                                 00:17 +627 ~5 -89: /Users/kcdacre8tor/ everyday-christian/test/screens/home_screen_test.dart: HomeScreen Widget Tests should render home screen with all main elements                                 00:17 +627 ~5 -89: /Users/kcdacre8tor/ everyday-christian/test/database_service_test.dart: Triggers should create bible_verses_au trigger                                                              
ℹ️ [2025-10-17 18:19:36.904] [INFO   ] [DatabaseHelper] Initializing database at: :memory:
00:17 +627 ~5 -89: /Users/kcdacre8tor/ everyday-christian/test/category_service_test.dart: CategoryService Tests should create custom category                                                         
ℹ️ [2025-10-17 18:19:36.904] [INFO   ] [DatabaseHelper] Initializing database at: :memory:
00:17 +627 ~5 -89: /Users/kcdacre8tor/ everyday-christian/test/database_service_test.dart: Triggers should create bible_verses_au trigger                                                              
ℹ️ [2025-10-17 18:19:36.913] [INFO   ] [DatabaseHelper] Creating database schema v5
00:17 +627 ~5 -89: /Users/kcdacre8tor/ everyday-christian/test/category_service_test.dart: CategoryService Tests should create custom category                                                         
ℹ️ [2025-10-17 18:19:36.914] [INFO   ] [DatabaseHelper] Creating database schema v5
00:17 +627 ~5 -89: /Users/kcdacre8tor/ everyday-christian/test/database_service_test.dart: Triggers should create bible_verses_au trigger                                                              
ℹ️ [2025-10-17 18:19:37.004] [INFO   ] [DatabaseHelper] Database schema created successfully
📦 Running database migrations from v1 to v2
🔄 Migrating to schema v2...
  → Fixing favorite_verses foreign key...
00:17 +627 ~5 -89: /Users/kcdacre8tor/ everyday-christian/test/category_service_test.dart: CategoryService Tests should create custom category                                                         
ℹ️ [2025-10-17 18:19:37.012] [INFO   ] [DatabaseHelper] Database schema created successfully
00:17 +627 ~5 -89: /Users/kcdacre8tor/ everyday-christian/test/database_service_test.dart: Triggers should create bible_verses_au trigger                                                              
  → Fixing daily_verses foreign key...
  → Fixing verse_bookmarks foreign key...
00:17 +627 ~5 -89: /Users/kcdacre8tor/ everyday-christian/test/category_service_test.dart: CategoryService Tests should create custom category                                                         
📦 Running database migrations from v1 to v2
🔄 Migrating to schema v2...
  → Fixing favorite_verses foreign key...
00:17 +627 ~5 -89: /Users/kcdacre8tor/ everyday-christian/test/database_service_test.dart: Triggers should create bible_verses_au trigger                                                              
  → Removing duplicate column from prayer_categories...
00:17 +627 ~5 -89: /Users/kcdacre8tor/ everyday-christian/test/category_service_test.dart: CategoryService Tests should create custom category                                                         
  → Fixing daily_verses foreign key...
00:17 +627 ~5 -89: /Users/kcdacre8tor/ everyday-christian/test/database_service_test.dart: Triggers should create bible_verses_au trigger                                                              
  → Creating performance indexes...
00:17 +627 ~5 -89: /Users/kcdacre8tor/ everyday-christian/test/category_service_test.dart: CategoryService Tests should create custom category                                                         
  → Fixing verse_bookmarks foreign key...
00:17 +627 ~5 -89: /Users/kcdacre8tor/ everyday-christian/test/database_service_test.dart: Triggers should create bible_verses_au trigger                                                              
  → Creating timestamp triggers...
✅ Schema v2 migration complete!
00:17 +627 ~5 -89: /Users/kcdacre8tor/ everyday-christian/test/category_service_test.dart: CategoryService Tests should create custom category                                                         
  → Removing duplicate column from prayer_categories...
00:17 +627 ~5 -89: /Users/kcdacre8tor/ everyday-christian/test/database_service_test.dart: Triggers should create bible_verses_au trigger                                                              
✅ Database integrity verified
✅ Database migrations complete!
00:17 +627 ~5 -89: /Users/kcdacre8tor/ everyday-christian/test/category_service_test.dart: CategoryService Tests should create custom category                                                         
  → Creating performance indexes...
00:17 +628 ~5 -89: /Users/kcdacre8tor/ everyday-christian/test/screens/home_screen_test.dart: HomeScreen Widget Tests should render home screen with all main elements                                 00:17 +628 ~5 -89: /Users/kcdacre8tor/ everyday-christian/test/database_service_test.dart: Initial Data should insert sample favorite verses                                                           
ℹ️ [2025-10-17 18:19:37.037] [INFO   ] [DatabaseHelper] Initializing database at: :memory:
00:17 +628 ~5 -89: /Users/kcdacre8tor/ everyday-christian/test/category_service_test.dart: CategoryService Tests should create custom category                                                         
  → Creating timestamp triggers...
✅ Schema v2 migration complete!
00:17 +628 ~5 -89: /Users/kcdacre8tor/ everyday-christian/test/database_service_test.dart: Initial Data should insert sample favorite verses                                                           
ℹ️ [2025-10-17 18:19:37.040] [INFO   ] [DatabaseHelper] Creating database schema v5
00:17 +628 ~5 -89: /Users/kcdacre8tor/ everyday-christian/test/category_service_test.dart: CategoryService Tests should create custom category                                                         
✅ Database integrity verified
✅ Database migrations complete!
00:17 +629 ~5 -89: /Users/kcdacre8tor/ everyday-christian/test/screens/home_screen_test.dart: HomeScreen Widget Tests should render home screen with all main elements                                 00:17 +629 ~5 -89: /Users/kcdacre8tor/ everyday-christian/test/category_service_test.dart: CategoryService Tests should not create duplicate category                                                  
ℹ️ [2025-10-17 18:19:37.055] [INFO   ] [DatabaseHelper] Initializing database at: :memory:
ℹ️ [2025-10-17 18:19:37.061] [INFO   ] [DatabaseHelper] Creating database schema v5
00:17 +629 ~5 -89: /Users/kcdacre8tor/ everyday-christian/test/database_service_test.dart: Initial Data should insert sample favorite verses                                                           
ℹ️ [2025-10-17 18:19:37.072] [INFO   ] [DatabaseHelper] Database schema created successfully
📦 Running database migrations from v1 to v2
🔄 Migrating to schema v2...
  → Fixing favorite_verses foreign key...
  → Fixing daily_verses foreign key...
  → Fixing verse_bookmarks foreign key...
  → Removing duplicate column from prayer_categories...
  → Creating performance indexes...
  → Creating timestamp triggers...
✅ Schema v2 migration complete!
✅ Database integrity verified
✅ Database migrations complete!
00:17 +629 ~5 -90: /Users/kcdacre8tor/ everyday-christian/test/category_service_test.dart: CategoryService Tests should not create duplicate category                                                  
ℹ️ [2025-10-17 18:19:37.110] [INFO   ] [DatabaseHelper] Database schema created successfully
00:17 +629 ~5 -90: /Users/kcdacre8tor/ everyday-christian/test/database_service_test.dart: Initial Data should insert sample favorite verses [E]                                                       
  Expected: <2>
    Actual: <0>
  
  package:matcher                                     expect
  package:flutter_test/src/widget_tester.dart 473:18  expect
  test/database_service_test.dart 257:7               main.<fn>.<fn>
  

To run this test again: /Users/kcdacre8tor/flutter/bin/cache/dart-sdk/bin/dart test /Users/kcdacre8tor/ everyday-christian/test/database_service_test.dart -p vm --plain-name 'Initial Data should insert sample favorite verses'
00:17 +629 ~5 -90: /Users/kcdacre8tor/ everyday-christian/test/category_service_test.dart: CategoryService Tests should not create duplicate category                                                  
📦 Running database migrations from v1 to v2
🔄 Migrating to schema v2...
  → Fixing favorite_verses foreign key...
00:17 +629 ~5 -90: /Users/kcdacre8tor/ everyday-christian/test/database_service_test.dart: Initial Data should insert default verse preferences                                                        
ℹ️ [2025-10-17 18:19:37.126] [INFO   ] [DatabaseHelper] Initializing database at: :memory:
00:17 +629 ~5 -90: /Users/kcdacre8tor/ everyday-christian/test/category_service_test.dart: CategoryService Tests should not create duplicate category                                                  
  → Fixing daily_verses foreign key...
  → Fixing verse_bookmarks foreign key...
00:17 +629 ~5 -90: /Users/kcdacre8tor/ everyday-christian/test/database_service_test.dart: Initial Data should insert default verse preferences                                                        
ℹ️ [2025-10-17 18:19:37.129] [INFO   ] [DatabaseHelper] Creating database schema v5
00:17 +629 ~5 -90: /Users/kcdacre8tor/ everyday-christian/test/category_service_test.dart: CategoryService Tests should not create duplicate category                                                  
  → Removing duplicate column from prayer_categories...
  → Creating performance indexes...
  → Creating timestamp triggers...
✅ Schema v2 migration complete!
✅ Database integrity verified
✅ Database migrations complete!
00:17 +630 ~5 -90: /Users/kcdacre8tor/ everyday-christian/test/screens/home_screen_test.dart: HomeScreen Widget Tests should render home screen with all main elements                                 00:17 +630 ~5 -90: /Users/kcdacre8tor/ everyday-christian/test/category_service_test.dart: CategoryService Tests should get category by ID                                                             
ℹ️ [2025-10-17 18:19:37.162] [INFO   ] [DatabaseHelper] Initializing database at: :memory:
00:17 +630 ~5 -90: /Users/kcdacre8tor/ everyday-christian/test/database_service_test.dart: Initial Data should insert default verse preferences                                                        
ℹ️ [2025-10-17 18:19:37.162] [INFO   ] [DatabaseHelper] Database schema created successfully
00:17 +630 ~5 -90: /Users/kcdacre8tor/ everyday-christian/test/category_service_test.dart: CategoryService Tests should get category by ID                                                             
ℹ️ [2025-10-17 18:19:37.164] [INFO   ] [DatabaseHelper] Creating database schema v5
00:17 +630 ~5 -90: /Users/kcdacre8tor/ everyday-christian/test/database_service_test.dart: Initial Data should insert default verse preferences                                                        
📦 Running database migrations from v1 to v2
🔄 Migrating to schema v2...
  → Fixing favorite_verses foreign key...
  → Fixing daily_verses foreign key...
  → Fixing verse_bookmarks foreign key...
  → Removing duplicate column from prayer_categories...
  → Creating performance indexes...
  → Creating timestamp triggers...
✅ Schema v2 migration complete!
✅ Database integrity verified
✅ Database migrations complete!
00:17 +631 ~5 -90: /Users/kcdacre8tor/ everyday-christian/test/screens/home_screen_test.dart: HomeScreen Widget Tests should render home screen with all main elements                                 00:17 +631 ~5 -90: /Users/kcdacre8tor/ everyday-christian/test/database_service_test.dart: Initial Data should have preferred_themes preference                                                        
ℹ️ [2025-10-17 18:19:37.198] [INFO   ] [DatabaseHelper] Initializing database at: :memory:
ℹ️ [2025-10-17 18:19:37.200] [INFO   ] [DatabaseHelper] Creating database schema v5
00:17 +631 ~5 -90: /Users/kcdacre8tor/ everyday-christian/test/category_service_test.dart: CategoryService Tests should get category by ID                                                             
ℹ️ [2025-10-17 18:19:37.203] [INFO   ] [DatabaseHelper] Database schema created successfully
📦 Running database migrations from v1 to v2
🔄 Migrating to schema v2...
  → Fixing favorite_verses foreign key...
  → Fixing daily_verses foreign key...
  → Fixing verse_bookmarks foreign key...
  → Removing duplicate column from prayer_categories...
  → Creating performance indexes...
  → Creating timestamp triggers...
✅ Schema v2 migration complete!
✅ Database integrity verified
00:17 +631 ~5 -90: /Users/kcdacre8tor/ everyday-christian/test/database_service_test.dart: Initial Data should have preferred_themes preference                                                        
ℹ️ [2025-10-17 18:19:37.234] [INFO   ] [DatabaseHelper] Database schema created successfully
00:17 +631 ~5 -90: /Users/kcdacre8tor/ everyday-christian/test/category_service_test.dart: CategoryService Tests should get category by ID                                                             
✅ Database migrations complete!
00:17 +631 ~5 -90: /Users/kcdacre8tor/ everyday-christian/test/database_service_test.dart: Initial Data should have preferred_themes preference                                                        
📦 Running database migrations from v1 to v2
🔄 Migrating to schema v2...
  → Fixing favorite_verses foreign key...
00:17 +632 ~5 -90: /Users/kcdacre8tor/ everyday-christian/test/screens/home_screen_test.dart: HomeScreen Widget Tests should render home screen with all main elements                                 00:17 +632 ~5 -90: /Users/kcdacre8tor/ everyday-christian/test/database_service_test.dart: Initial Data should have preferred_themes preference                                                        
  → Fixing daily_verses foreign key...
00:17 +632 ~5 -90: /Users/kcdacre8tor/ everyday-christian/test/category_service_test.dart: CategoryService Tests should get category by name                                                           
ℹ️ [2025-10-17 18:19:37.249] [INFO   ] [DatabaseHelper] Initializing database at: :memory:
00:17 +632 ~5 -90: /Users/kcdacre8tor/ everyday-christian/test/database_service_test.dart: Initial Data should have preferred_themes preference                                                        
  → Fixing verse_bookmarks foreign key...
00:17 +632 ~5 -90: /Users/kcdacre8tor/ everyday-christian/test/category_service_test.dart: CategoryService Tests should get category by name                                                           
ℹ️ [2025-10-17 18:19:37.253] [INFO   ] [DatabaseHelper] Creating database schema v5
00:17 +632 ~5 -90: /Users/kcdacre8tor/ everyday-christian/test/database_service_test.dart: Initial Data should have preferred_themes preference                                                        
  → Removing duplicate column from prayer_categories...
  → Creating performance indexes...
  → Creating timestamp triggers...
✅ Schema v2 migration complete!
✅ Database integrity verified
✅ Database migrations complete!
00:17 +633 ~5 -90: /Users/kcdacre8tor/ everyday-christian/test/screens/home_screen_test.dart: HomeScreen Widget Tests should render home screen with all main elements                                 00:17 +633 ~5 -90: /Users/kcdacre8tor/ everyday-christian/test/database_service_test.dart: Initial Data should have avoid_recent_days preference                                                       
ℹ️ [2025-10-17 18:19:37.277] [INFO   ] [DatabaseHelper] Initializing database at: :memory:
ℹ️ [2025-10-17 18:19:37.280] [INFO   ] [DatabaseHelper] Creating database schema v5
00:17 +633 ~5 -90: /Users/kcdacre8tor/ everyday-christian/test/category_service_test.dart: CategoryService Tests should get category by name                                                           
ℹ️ [2025-10-17 18:19:37.291] [INFO   ] [DatabaseHelper] Database schema created successfully
📦 Running database migrations from v1 to v2
🔄 Migrating to schema v2...
  → Fixing favorite_verses foreign key...
  → Fixing daily_verses foreign key...
  → Fixing verse_bookmarks foreign key...
00:17 +633 ~5 -90: /Users/kcdacre8tor/ everyday-christian/test/database_service_test.dart: Initial Data should have avoid_recent_days preference                                                       
ℹ️ [2025-10-17 18:19:37.313] [INFO   ] [DatabaseHelper] Database schema created successfully
00:17 +633 ~5 -90: /Users/kcdacre8tor/ everyday-christian/test/category_service_test.dart: CategoryService Tests should get category by name                                                           
  → Removing duplicate column from prayer_categories...
00:17 +633 ~5 -90: /Users/kcdacre8tor/ everyday-christian/test/database_service_test.dart: Initial Data should have avoid_recent_days preference                                                       
📦 Running database migrations from v1 to v2
🔄 Migrating to schema v2...
00:17 +633 ~5 -90: /Users/kcdacre8tor/ everyday-christian/test/category_service_test.dart: CategoryService Tests should get category by name                                                           
  → Creating performance indexes...
00:17 +633 ~5 -90: /Users/kcdacre8tor/ everyday-christian/test/database_service_test.dart: Initial Data should have avoid_recent_days preference                                                       
  → Fixing favorite_verses foreign key...
  → Fixing daily_verses foreign key...
00:17 +633 ~5 -90: /Users/kcdacre8tor/ everyday-christian/test/category_service_test.dart: CategoryService Tests should get category by name                                                           
  → Creating timestamp triggers...
✅ Schema v2 migration complete!
00:17 +633 ~5 -90: /Users/kcdacre8tor/ everyday-christian/test/database_service_test.dart: Initial Data should have avoid_recent_days preference                                                       
  → Fixing verse_bookmarks foreign key...
00:17 +633 ~5 -90: /Users/kcdacre8tor/ everyday-christian/test/category_service_test.dart: CategoryService Tests should get category by name                                                           
✅ Database integrity verified
00:17 +633 ~5 -90: /Users/kcdacre8tor/ everyday-christian/test/database_service_test.dart: Initial Data should have avoid_recent_days preference                                                       
  → Removing duplicate column from prayer_categories...
00:17 +633 ~5 -90: /Users/kcdacre8tor/ everyday-christian/test/category_service_test.dart: CategoryService Tests should get category by name                                                           
✅ Database migrations complete!
00:17 +634 ~5 -90: /Users/kcdacre8tor/ everyday-christian/test/screens/home_screen_test.dart: HomeScreen Widget Tests should render home screen with all main elements                                 00:17 +634 ~5 -90: /Users/kcdacre8tor/ everyday-christian/test/database_service_test.dart: Initial Data should have avoid_recent_days preference                                                       
  → Creating performance indexes...
00:17 +634 ~5 -90: /Users/kcdacre8tor/ everyday-christian/test/category_service_test.dart: CategoryService Tests should update category                                                                
ℹ️ [2025-10-17 18:19:37.335] [INFO   ] [DatabaseHelper] Initializing database at: :memory:
00:17 +634 ~5 -90: /Users/kcdacre8tor/ everyday-christian/test/database_service_test.dart: Initial Data should have avoid_recent_days preference                                                       
  → Creating timestamp triggers...
00:17 +634 ~5 -90: /Users/kcdacre8tor/ everyday-christian/test/category_service_test.dart: CategoryService Tests should update category                                                                
ℹ️ [2025-10-17 18:19:37.336] [INFO   ] [DatabaseHelper] Creating database schema v5
00:17 +634 ~5 -90: /Users/kcdacre8tor/ everyday-christian/test/database_service_test.dart: Initial Data should have avoid_recent_days preference                                                       
✅ Schema v2 migration complete!
✅ Database integrity verified
✅ Database migrations complete!
00:17 +635 ~5 -90: /Users/kcdacre8tor/ everyday-christian/test/screens/home_screen_test.dart: HomeScreen Widget Tests should render home screen with all main elements                                 00:17 +635 ~5 -90: /Users/kcdacre8tor/ everyday-christian/test/database_service_test.dart: Initial Data should have preferred_version preference                                                       
ℹ️ [2025-10-17 18:19:37.344] [INFO   ] [DatabaseHelper] Initializing database at: :memory:
ℹ️ [2025-10-17 18:19:37.348] [INFO   ] [DatabaseHelper] Creating database schema v5
00:17 +635 ~5 -90: /Users/kcdacre8tor/ everyday-christian/test/category_service_test.dart: CategoryService Tests should update category                                                                
ℹ️ [2025-10-17 18:19:37.370] [INFO   ] [DatabaseHelper] Database schema created successfully
📦 Running database migrations from v1 to v2
🔄 Migrating to schema v2...
  → Fixing favorite_verses foreign key...
  → Fixing daily_verses foreign key...
00:17 +635 ~5 -90: /Users/kcdacre8tor/ everyday-christian/test/database_service_test.dart: Initial Data should have preferred_version preference                                                       
ℹ️ [2025-10-17 18:19:37.376] [INFO   ] [DatabaseHelper] Database schema created successfully
00:17 +635 ~5 -90: /Users/kcdacre8tor/ everyday-christian/test/category_service_test.dart: CategoryService Tests should update category                                                                
  → Fixing verse_bookmarks foreign key...
00:17 +635 ~5 -90: /Users/kcdacre8tor/ everyday-christian/test/database_service_test.dart: Initial Data should have preferred_version preference                                                       
📦 Running database migrations from v1 to v2
🔄 Migrating to schema v2...
  → Fixing favorite_verses foreign key...
00:17 +635 ~5 -90: /Users/kcdacre8tor/ everyday-christian/test/category_service_test.dart: CategoryService Tests should update category                                                                
  → Removing duplicate column from prayer_categories...
00:17 +635 ~5 -90: /Users/kcdacre8tor/ everyday-christian/test/database_service_test.dart: Initial Data should have preferred_version preference                                                       
  → Fixing daily_verses foreign key...
00:17 +635 ~5 -90: /Users/kcdacre8tor/ everyday-christian/test/category_service_test.dart: CategoryService Tests should update category                                                                
  → Creating performance indexes...
00:17 +635 ~5 -90: /Users/kcdacre8tor/ everyday-christian/test/database_service_test.dart: Initial Data should have preferred_version preference                                                       
  → Fixing verse_bookmarks foreign key...
  → Removing duplicate column from prayer_categories...
00:17 +635 ~5 -90: /Users/kcdacre8tor/ everyday-christian/test/category_service_test.dart: CategoryService Tests should update category                                                                
  → Creating timestamp triggers...
✅ Schema v2 migration complete!
00:17 +635 ~5 -90: /Users/kcdacre8tor/ everyday-christian/test/database_service_test.dart: Initial Data should have preferred_version preference                                                       
  → Creating performance indexes...
00:17 +635 ~5 -90: /Users/kcdacre8tor/ everyday-christian/test/category_service_test.dart: CategoryService Tests should update category                                                                
✅ Database integrity verified
✅ Database migrations complete!
00:17 +635 ~5 -90: /Users/kcdacre8tor/ everyday-christian/test/database_service_test.dart: Initial Data should have preferred_version preference                                                       
  → Creating timestamp triggers...
✅ Schema v2 migration complete!
✅ Database integrity verified
✅ Database migrations complete!
00:17 +635 ~5 -90: /Users/kcdacre8tor/ everyday-christian/test/settings_data_privacy_test.dart: Data & Privacy Settings Tests Data & Privacy section has correct subtitles                             
══╡ EXCEPTION CAUGHT BY FLUTTER TEST FRAMEWORK ╞════════════════════════════════════════════════════
The following TestFailure was thrown running a test:
Expected: exactly one matching candidate
  Actual: _TextWidgetFinder:<Found 0 widgets with text "Use app without internet connection": []>
   Which: means none were found but one was expected

When the exception was thrown, this was the stack:
#4      main.<anonymous closure>.<anonymous closure> (file:///Users/kcdacre8tor/%20everyday-christian/test/settings_data_privacy_test.dart:107:7)
<asynchronous suspension>
#5      testWidgets.<anonymous closure>.<anonymous closure> (package:flutter_test/src/widget_tester.dart:192:15)
<asynchronous suspension>
#6      TestWidgetsFlutterBinding._runTestBody (package:flutter_test/src/binding.dart:1059:5)
<asynchronous suspension>
<asynchronous suspension>
(elided one frame from package:stack_trace)

This was caught by the test expectation on the following line:
  file:///Users/kcdacre8tor/%20everyday-christian/test/settings_data_privacy_test.dart line 107
The test description was:
  Data & Privacy section has correct subtitles
════════════════════════════════════════════════════════════════════════════════════════════════════
00:17 +635 ~5 -91: /Users/kcdacre8tor/ everyday-christian/test/settings_data_privacy_test.dart: Data & Privacy Settings Tests Data & Privacy section has correct subtitles [E]                         
  Test failed. See exception logs above.
  The test description was: Data & Privacy section has correct subtitles
  
00:17 +636 ~5 -91: /Users/kcdacre8tor/ everyday-christian/test/screens/home_screen_test.dart: HomeScreen Widget Tests should render home screen with all main elements                                 
To run this test again: /Users/kcdacre8tor/flutter/bin/cache/dart-sdk/bin/dart test /Users/kcdacre8tor/ everyday-christian/test/settings_data_privacy_test.dart -p vm --plain-name 'Data & Privacy Settings Tests Data & Privacy section has correct subtitles'
00:17 +636 ~5 -92: /Users/kcdacre8tor/ everyday-christian/test/category_service_test.dart: CategoryService Tests should delete custom category                                                         
ℹ️ [2025-10-17 18:19:37.402] [INFO   ] [DatabaseHelper] Initializing database at: :memory:
00:17 +636 ~5 -92: /Users/kcdacre8tor/ everyday-christian/test/database_service_test.dart: Initial Data should have preferred_version preference [E]                                                   
  Expected: 'KJV'
    Actual: 'WEB'
     Which: is different.
            Expected: KJV
              Actual: WEB
                      ^
             Differ at offset 0
  
  package:matcher                                     expect
  package:flutter_test/src/widget_tester.dart 473:18  expect
  test/database_service_test.dart 288:7               main.<fn>.<fn>
  
00:17 +636 ~5 -92: /Users/kcdacre8tor/ everyday-christian/test/category_service_test.dart: CategoryService Tests should delete custom category                                                         
ℹ️ [2025-10-17 18:19:37.404] [INFO   ] [DatabaseHelper] Creating database schema v5

To run this test again: /Users/kcdacre8tor/flutter/bin/cache/dart-sdk/bin/dart test /Users/kcdacre8tor/ everyday-christian/test/database_service_test.dart -p vm --plain-name 'Initial Data should have preferred_version preference'
00:17 +636 ~5 -92: /Users/kcdacre8tor/ everyday-christian/test/database_service_test.dart: Initial Data should insert sample reading plan                                                              
ℹ️ [2025-10-17 18:19:37.406] [INFO   ] [DatabaseHelper] Initializing database at: :memory:
ℹ️ [2025-10-17 18:19:37.408] [INFO   ] [DatabaseHelper] Creating database schema v5
00:17 +636 ~5 -92: /Users/kcdacre8tor/ everyday-christian/test/category_service_test.dart: CategoryService Tests should delete custom category                                                         
ℹ️ [2025-10-17 18:19:37.431] [INFO   ] [DatabaseHelper] Database schema created successfully
📦 Running database migrations from v1 to v2
🔄 Migrating to schema v2...
00:17 +636 ~5 -92: /Users/kcdacre8tor/ everyday-christian/test/database_service_test.dart: Initial Data should insert sample reading plan                                                              
ℹ️ [2025-10-17 18:19:37.433] [INFO   ] [DatabaseHelper] Database schema created successfully
00:17 +636 ~5 -92: /Users/kcdacre8tor/ everyday-christian/test/category_service_test.dart: CategoryService Tests should delete custom category                                                         
  → Fixing favorite_verses foreign key...
00:17 +636 ~5 -92: /Users/kcdacre8tor/ everyday-christian/test/database_service_test.dart: Initial Data should insert sample reading plan                                                              
📦 Running database migrations from v1 to v2
🔄 Migrating to schema v2...
  → Fixing favorite_verses foreign key...
00:17 +636 ~5 -92: /Users/kcdacre8tor/ everyday-christian/test/category_service_test.dart: CategoryService Tests should delete custom category                                                         
  → Fixing daily_verses foreign key...
00:17 +636 ~5 -92: /Users/kcdacre8tor/ everyday-christian/test/database_service_test.dart: Initial Data should insert sample reading plan                                                              
  → Fixing daily_verses foreign key...
00:17 +636 ~5 -92: /Users/kcdacre8tor/ everyday-christian/test/category_service_test.dart: CategoryService Tests should delete custom category                                                         
  → Fixing verse_bookmarks foreign key...
00:17 +636 ~5 -92: /Users/kcdacre8tor/ everyday-christian/test/database_service_test.dart: Initial Data should insert sample reading plan                                                              
  → Fixing verse_bookmarks foreign key...
00:17 +636 ~5 -92: /Users/kcdacre8tor/ everyday-christian/test/category_service_test.dart: CategoryService Tests should delete custom category                                                         
  → Removing duplicate column from prayer_categories...
00:17 +636 ~5 -92: /Users/kcdacre8tor/ everyday-christian/test/database_service_test.dart: Initial Data should insert sample reading plan                                                              
  → Removing duplicate column from prayer_categories...
00:17 +636 ~5 -92: /Users/kcdacre8tor/ everyday-christian/test/category_service_test.dart: CategoryService Tests should delete custom category                                                         
  → Creating performance indexes...
00:17 +636 ~5 -92: /Users/kcdacre8tor/ everyday-christian/test/database_service_test.dart: Initial Data should insert sample reading plan                                                              
  → Creating performance indexes...
00:17 +636 ~5 -92: /Users/kcdacre8tor/ everyday-christian/test/category_service_test.dart: CategoryService Tests should delete custom category                                                         
  → Creating timestamp triggers...
00:17 +636 ~5 -92: /Users/kcdacre8tor/ everyday-christian/test/database_service_test.dart: Initial Data should insert sample reading plan                                                              
  → Creating timestamp triggers...
00:17 +636 ~5 -92: /Users/kcdacre8tor/ everyday-christian/test/category_service_test.dart: CategoryService Tests should delete custom category                                                         
✅ Schema v2 migration complete!
00:17 +636 ~5 -92: /Users/kcdacre8tor/ everyday-christian/test/database_service_test.dart: Initial Data should insert sample reading plan                                                              
✅ Schema v2 migration complete!
00:17 +636 ~5 -92: /Users/kcdacre8tor/ everyday-christian/test/category_service_test.dart: CategoryService Tests should delete custom category                                                         
✅ Database integrity verified
00:17 +636 ~5 -92: /Users/kcdacre8tor/ everyday-christian/test/database_service_test.dart: Initial Data should insert sample reading plan                                                              
✅ Database integrity verified
✅ Database migrations complete!
00:17 +636 ~5 -92: /Users/kcdacre8tor/ everyday-christian/test/category_service_test.dart: CategoryService Tests should delete custom category                                                         
✅ Database migrations complete!
00:17 +636 ~5 -93: /Users/kcdacre8tor/ everyday-christian/test/database_service_test.dart: Initial Data should insert sample reading plan [E]                                                          
  Expected: <1>
    Actual: <6>
  
  package:matcher                                     expect
  package:flutter_test/src/widget_tester.dart 473:18  expect
  test/database_service_test.dart 294:7               main.<fn>.<fn>
  

To run this test again: /Users/kcdacre8tor/flutter/bin/cache/dart-sdk/bin/dart test /Users/kcdacre8tor/ everyday-christian/test/database_service_test.dart -p vm --plain-name 'Initial Data should insert sample reading plan'
00:17 +636 ~5 -93: /Users/kcdacre8tor/ everyday-christian/test/database_service_test.dart: Database Lifecycle should close database connection                                                         
ℹ️ [2025-10-17 18:19:37.465] [INFO   ] [DatabaseHelper] Initializing database at: :memory:
00:17 +637 ~5 -93: /Users/kcdacre8tor/ everyday-christian/test/screens/home_screen_test.dart: HomeScreen Widget Tests should render home screen with all main elements                                 00:17 +637 ~5 -93: /Users/kcdacre8tor/ everyday-christian/test/database_service_test.dart: Database Lifecycle should close database connection                                                         
ℹ️ [2025-10-17 18:19:37.468] [INFO   ] [DatabaseHelper] Creating database schema v5
00:17 +637 ~5 -93: /Users/kcdacre8tor/ everyday-christian/test/category_service_test.dart: CategoryService Tests should not delete default category                                                    
ℹ️ [2025-10-17 18:19:37.469] [INFO   ] [DatabaseHelper] Initializing database at: :memory:
ℹ️ [2025-10-17 18:19:37.471] [INFO   ] [DatabaseHelper] Creating database schema v5
00:17 +637 ~5 -93: /Users/kcdacre8tor/ everyday-christian/test/database_service_test.dart: Database Lifecycle should close database connection                                                         
ℹ️ [2025-10-17 18:19:37.497] [INFO   ] [DatabaseHelper] Database schema created successfully
📦 Running database migrations from v1 to v2
🔄 Migrating to schema v2...
  → Fixing favorite_verses foreign key...
00:17 +637 ~5 -93: /Users/kcdacre8tor/ everyday-christian/test/category_service_test.dart: CategoryService Tests should not delete default category                                                    
ℹ️ [2025-10-17 18:19:37.502] [INFO   ] [DatabaseHelper] Database schema created successfully
📦 Running database migrations from v1 to v2
🔄 Migrating to schema v2...
00:17 +637 ~5 -93: /Users/kcdacre8tor/ everyday-christian/test/database_service_test.dart: Database Lifecycle should close database connection                                                         
  → Fixing daily_verses foreign key...
00:17 +637 ~5 -93: /Users/kcdacre8tor/ everyday-christian/test/category_service_test.dart: CategoryService Tests should not delete default category                                                    
  → Fixing favorite_verses foreign key...
00:17 +637 ~5 -93: /Users/kcdacre8tor/ everyday-christian/test/database_service_test.dart: Database Lifecycle should close database connection                                                         
  → Fixing verse_bookmarks foreign key...
00:17 +637 ~5 -93: /Users/kcdacre8tor/ everyday-christian/test/category_service_test.dart: CategoryService Tests should not delete default category                                                    
  → Fixing daily_verses foreign key...
00:17 +637 ~5 -93: /Users/kcdacre8tor/ everyday-christian/test/database_service_test.dart: Database Lifecycle should close database connection                                                         
  → Removing duplicate column from prayer_categories...
00:17 +637 ~5 -93: /Users/kcdacre8tor/ everyday-christian/test/category_service_test.dart: CategoryService Tests should not delete default category                                                    
  → Fixing verse_bookmarks foreign key...
00:17 +637 ~5 -93: /Users/kcdacre8tor/ everyday-christian/test/database_service_test.dart: Database Lifecycle should close database connection                                                         
  → Creating performance indexes...
00:17 +637 ~5 -93: /Users/kcdacre8tor/ everyday-christian/test/category_service_test.dart: CategoryService Tests should not delete default category                                                    
  → Removing duplicate column from prayer_categories...
  → Creating performance indexes...
00:17 +637 ~5 -93: /Users/kcdacre8tor/ everyday-christian/test/database_service_test.dart: Database Lifecycle should close database connection                                                         
  → Creating timestamp triggers...
✅ Schema v2 migration complete!
✅ Database integrity verified
✅ Database migrations complete!
00:17 +637 ~5 -93: /Users/kcdacre8tor/ everyday-christian/test/category_service_test.dart: CategoryService Tests should not delete default category                                                    
  → Creating timestamp triggers...
✅ Schema v2 migration complete!
00:17 +638 ~5 -93: /Users/kcdacre8tor/ everyday-christian/test/screens/home_screen_test.dart: HomeScreen Widget Tests should render home screen with all main elements                                 00:17 +638 ~5 -93: /Users/kcdacre8tor/ everyday-christian/test/category_service_test.dart: CategoryService Tests should not delete default category                                                    
✅ Database integrity verified
00:17 +638 ~5 -93: /Users/kcdacre8tor/ everyday-christian/test/database_service_test.dart: Database Lifecycle should handle close when database is null                                                
ℹ️ [2025-10-17 18:19:37.534] [INFO   ] [DatabaseHelper] Initializing database at: :memory:
00:17 +638 ~5 -93: /Users/kcdacre8tor/ everyday-christian/test/category_service_test.dart: CategoryService Tests should not delete default category                                                    
✅ Database migrations complete!
00:17 +638 ~5 -93: /Users/kcdacre8tor/ everyday-christian/test/database_service_test.dart: Database Lifecycle should handle close when database is null                                                
ℹ️ [2025-10-17 18:19:37.537] [INFO   ] [DatabaseHelper] Creating database schema v5
00:17 +639 ~5 -93: /Users/kcdacre8tor/ everyday-christian/test/screens/home_screen_test.dart: HomeScreen Widget Tests should render home screen with all main elements                                 00:17 +639 ~5 -93: /Users/kcdacre8tor/ everyday-christian/test/category_service_test.dart: CategoryService Tests should toggle category active status                                                  
ℹ️ [2025-10-17 18:19:37.541] [INFO   ] [DatabaseHelper] Initializing database at: :memory:
ℹ️ [2025-10-17 18:19:37.542] [INFO   ] [DatabaseHelper] Creating database schema v5
00:17 +639 ~5 -93: /Users/kcdacre8tor/ everyday-christian/test/database_service_test.dart: Database Lifecycle should handle close when database is null                                                
ℹ️ [2025-10-17 18:19:37.555] [INFO   ] [DatabaseHelper] Database schema created successfully
📦 Running database migrations from v1 to v2
🔄 Migrating to schema v2...
  → Fixing favorite_verses foreign key...
  → Fixing daily_verses foreign key...
  → Fixing verse_bookmarks foreign key...
00:17 +639 ~5 -93: /Users/kcdacre8tor/ everyday-christian/test/category_service_test.dart: CategoryService Tests should toggle category active status                                                  
ℹ️ [2025-10-17 18:19:37.565] [INFO   ] [DatabaseHelper] Database schema created successfully
00:17 +639 ~5 -93: /Users/kcdacre8tor/ everyday-christian/test/database_service_test.dart: Database Lifecycle should handle close when database is null                                                
  → Removing duplicate column from prayer_categories...
00:17 +639 ~5 -93: /Users/kcdacre8tor/ everyday-christian/test/category_service_test.dart: CategoryService Tests should toggle category active status                                                  
📦 Running database migrations from v1 to v2
🔄 Migrating to schema v2...
00:17 +639 ~5 -93: /Users/kcdacre8tor/ everyday-christian/test/database_service_test.dart: Database Lifecycle should handle close when database is null                                                
  → Creating performance indexes...
00:17 +639 ~5 -93: /Users/kcdacre8tor/ everyday-christian/test/category_service_test.dart: CategoryService Tests should toggle category active status                                                  
  → Fixing favorite_verses foreign key...
  → Fixing daily_verses foreign key...
00:17 +639 ~5 -93: /Users/kcdacre8tor/ everyday-christian/test/database_service_test.dart: Database Lifecycle should handle close when database is null                                                
  → Creating timestamp triggers...
✅ Schema v2 migration complete!
✅ Database integrity verified
00:17 +639 ~5 -93: /Users/kcdacre8tor/ everyday-christian/test/category_service_test.dart: CategoryService Tests should toggle category active status                                                  
  → Fixing verse_bookmarks foreign key...
00:17 +639 ~5 -93: /Users/kcdacre8tor/ everyday-christian/test/database_service_test.dart: Database Lifecycle should handle close when database is null                                                
✅ Database migrations complete!
00:17 +639 ~5 -93: /Users/kcdacre8tor/ everyday-christian/test/category_service_test.dart: CategoryService Tests should toggle category active status                                                  
  → Removing duplicate column from prayer_categories...
00:17 +640 ~5 -93: /Users/kcdacre8tor/ everyday-christian/test/screens/home_screen_test.dart: HomeScreen Widget Tests should render home screen with all main elements                                 00:17 +641 ~5 -93: /Users/kcdacre8tor/ everyday-christian/test/screens/home_screen_test.dart: HomeScreen Widget Tests should render home screen with all main elements                                 00:17 +641 ~5 -93: /Users/kcdacre8tor/ everyday-christian/test/database_service_test.dart: Database Lifecycle should reset database and recreate tables                                                
ℹ️ [2025-10-17 18:19:37.582] [INFO   ] [DatabaseHelper] Initializing database at: :memory:
00:17 +641 ~5 -93: /Users/kcdacre8tor/ everyday-christian/test/category_service_test.dart: CategoryService Tests should toggle category active status                                                  
  → Creating performance indexes...
00:17 +641 ~5 -93: /Users/kcdacre8tor/ everyday-christian/test/database_service_test.dart: Database Lifecycle should reset database and recreate tables                                                
ℹ️ [2025-10-17 18:19:37.584] [INFO   ] [DatabaseHelper] Creating database schema v5
00:17 +641 ~5 -93: /Users/kcdacre8tor/ everyday-christian/test/category_service_test.dart: CategoryService Tests should toggle category active status                                                  
  → Creating timestamp triggers...
✅ Schema v2 migration complete!
✅ Database integrity verified
✅ Database migrations complete!
00:18 +642 ~5 -93: /Users/kcdacre8tor/ everyday-christian/test/screens/home_screen_test.dart: HomeScreen Widget Tests should render home screen with all main elements                                 00:18 +642 ~5 -93: /Users/kcdacre8tor/ everyday-christian/test/category_service_test.dart: CategoryService Tests should reorder categories                                                             
ℹ️ [2025-10-17 18:19:37.596] [INFO   ] [DatabaseHelper] Initializing database at: :memory:
ℹ️ [2025-10-17 18:19:37.599] [INFO   ] [DatabaseHelper] Creating database schema v5
00:18 +642 ~5 -93: /Users/kcdacre8tor/ everyday-christian/test/database_service_test.dart: Database Lifecycle should reset database and recreate tables                                                
ℹ️ [2025-10-17 18:19:37.603] [INFO   ] [DatabaseHelper] Database schema created successfully
📦 Running database migrations from v1 to v2
🔄 Migrating to schema v2...
  → Fixing favorite_verses foreign key...
  → Fixing daily_verses foreign key...
  → Fixing verse_bookmarks foreign key...
  → Removing duplicate column from prayer_categories...
00:18 +642 ~5 -93: /Users/kcdacre8tor/ everyday-christian/test/category_service_test.dart: CategoryService Tests should reorder categories                                                             
ℹ️ [2025-10-17 18:19:37.620] [INFO   ] [DatabaseHelper] Database schema created successfully
📦 Running database migrations from v1 to v2
🔄 Migrating to schema v2...
00:18 +642 ~5 -93: /Users/kcdacre8tor/ everyday-christian/test/database_service_test.dart: Database Lifecycle should reset database and recreate tables                                                
  → Creating performance indexes...
00:18 +642 ~5 -93: /Users/kcdacre8tor/ everyday-christian/test/category_service_test.dart: CategoryService Tests should reorder categories                                                             
  → Fixing favorite_verses foreign key...
  → Fixing daily_verses foreign key...
00:18 +642 ~5 -93: /Users/kcdacre8tor/ everyday-christian/test/database_service_test.dart: Database Lifecycle should reset database and recreate tables                                                
  → Creating timestamp triggers...
✅ Schema v2 migration complete!
00:18 +642 ~5 -93: /Users/kcdacre8tor/ everyday-christian/test/category_service_test.dart: CategoryService Tests should reorder categories                                                             
  → Fixing verse_bookmarks foreign key...
00:18 +642 ~5 -93: /Users/kcdacre8tor/ everyday-christian/test/database_service_test.dart: Database Lifecycle should reset database and recreate tables                                                
✅ Database integrity verified
✅ Database migrations complete!
00:18 +642 ~5 -93: /Users/kcdacre8tor/ everyday-christian/test/category_service_test.dart: CategoryService Tests should reorder categories                                                             
  → Removing duplicate column from prayer_categories...
00:18 +642 ~5 -94: /Users/kcdacre8tor/ everyday-christian/test/category_service_test.dart: CategoryService Tests should reorder categories                                                             
  → Creating performance indexes...
00:18 +642 ~5 -94: /Users/kcdacre8tor/ everyday-christian/test/database_service_test.dart: Database Lifecycle should reset database and recreate tables [E]                                            
  Expected: <3>
    Actual: <1>
  
  package:matcher                                     expect
  package:flutter_test/src/widget_tester.dart 473:18  expect
  test/database_service_test.dart 326:7               main.<fn>.<fn>
  
00:18 +642 ~5 -94: /Users/kcdacre8tor/ everyday-christian/test/category_service_test.dart: CategoryService Tests should reorder categories                                                             
  → Creating timestamp triggers...

To run this test again: /Users/kcdacre8tor/flutter/bin/cache/dart-sdk/bin/dart test /Users/kcdacre8tor/ everyday-christian/test/database_service_test.dart -p vm --plain-name 'Database Lifecycle should reset database and recreate tables'
✅ Schema v2 migration complete!
✅ Database integrity verified
00:18 +642 ~5 -94: /Users/kcdacre8tor/ everyday-christian/test/database_service_test.dart: Table Schema Validation prayer_requests table has correct columns                                           
ℹ️ [2025-10-17 18:19:37.640] [INFO   ] [DatabaseHelper] Initializing database at: :memory:
00:18 +642 ~5 -94: /Users/kcdacre8tor/ everyday-christian/test/category_service_test.dart: CategoryService Tests should reorder categories                                                             
✅ Database migrations complete!
00:18 +642 ~5 -94: /Users/kcdacre8tor/ everyday-christian/test/database_service_test.dart: Table Schema Validation prayer_requests table has correct columns                                           
ℹ️ [2025-10-17 18:19:37.644] [INFO   ] [DatabaseHelper] Creating database schema v5
00:18 +643 ~5 -94: /Users/kcdacre8tor/ everyday-christian/test/screens/home_screen_test.dart: HomeScreen Widget Tests should render home screen with all main elements                                 00:18 +643 ~5 -94: /Users/kcdacre8tor/ everyday-christian/test/category_service_test.dart: CategoryService Tests should get custom category count                                                      
ℹ️ [2025-10-17 18:19:37.648] [INFO   ] [DatabaseHelper] Initializing database at: :memory:
ℹ️ [2025-10-17 18:19:37.651] [INFO   ] [DatabaseHelper] Creating database schema v5
00:18 +643 ~5 -94: /Users/kcdacre8tor/ everyday-christian/test/database_service_test.dart: Table Schema Validation prayer_requests table has correct columns                                           
ℹ️ [2025-10-17 18:19:37.666] [INFO   ] [DatabaseHelper] Database schema created successfully
📦 Running database migrations from v1 to v2
🔄 Migrating to schema v2...
  → Fixing favorite_verses foreign key...
  → Fixing daily_verses foreign key...
00:18 +643 ~5 -94: /Users/kcdacre8tor/ everyday-christian/test/category_service_test.dart: CategoryService Tests should get custom category count                                                      
ℹ️ [2025-10-17 18:19:37.676] [INFO   ] [DatabaseHelper] Database schema created successfully
00:18 +643 ~5 -94: /Users/kcdacre8tor/ everyday-christian/test/database_service_test.dart: Table Schema Validation prayer_requests table has correct columns                                           
  → Fixing verse_bookmarks foreign key...
  → Removing duplicate column from prayer_categories...
00:18 +643 ~5 -94: /Users/kcdacre8tor/ everyday-christian/test/category_service_test.dart: CategoryService Tests should get custom category count                                                      
📦 Running database migrations from v1 to v2
🔄 Migrating to schema v2...
  → Fixing favorite_verses foreign key...
00:18 +643 ~5 -94: /Users/kcdacre8tor/ everyday-christian/test/database_service_test.dart: Table Schema Validation prayer_requests table has correct columns                                           
  → Creating performance indexes...
00:18 +643 ~5 -94: /Users/kcdacre8tor/ everyday-christian/test/category_service_test.dart: CategoryService Tests should get custom category count                                                      
  → Fixing daily_verses foreign key...
  → Fixing verse_bookmarks foreign key...
00:18 +643 ~5 -94: /Users/kcdacre8tor/ everyday-christian/test/database_service_test.dart: Table Schema Validation prayer_requests table has correct columns                                           
  → Creating timestamp triggers...
✅ Schema v2 migration complete!
✅ Database integrity verified
00:18 +643 ~5 -94: /Users/kcdacre8tor/ everyday-christian/test/category_service_test.dart: CategoryService Tests should get custom category count                                                      
  → Removing duplicate column from prayer_categories...
00:18 +643 ~5 -94: /Users/kcdacre8tor/ everyday-christian/test/database_service_test.dart: Table Schema Validation prayer_requests table has correct columns                                           
✅ Database migrations complete!
00:18 +643 ~5 -94: /Users/kcdacre8tor/ everyday-christian/test/category_service_test.dart: CategoryService Tests should get custom category count                                                      
  → Creating performance indexes...
00:18 +644 ~5 -94: /Users/kcdacre8tor/ everyday-christian/test/screens/home_screen_test.dart: HomeScreen Widget Tests should render home screen with all main elements                                 00:18 +644 ~5 -94: /Users/kcdacre8tor/ everyday-christian/test/category_service_test.dart: CategoryService Tests should get custom category count                                                      
  → Creating timestamp triggers...
00:18 +644 ~5 -94: /Users/kcdacre8tor/ everyday-christian/test/database_service_test.dart: Table Schema Validation bible_verses table has correct columns                                              
ℹ️ [2025-10-17 18:19:37.698] [INFO   ] [DatabaseHelper] Initializing database at: :memory:
00:18 +644 ~5 -94: /Users/kcdacre8tor/ everyday-christian/test/category_service_test.dart: CategoryService Tests should get custom category count                                                      
✅ Schema v2 migration complete!
✅ Database integrity verified
00:18 +644 ~5 -94: /Users/kcdacre8tor/ everyday-christian/test/database_service_test.dart: Table Schema Validation bible_verses table has correct columns                                              
ℹ️ [2025-10-17 18:19:37.702] [INFO   ] [DatabaseHelper] Creating database schema v5
00:18 +644 ~5 -94: /Users/kcdacre8tor/ everyday-christian/test/category_service_test.dart: CategoryService Tests should get custom category count                                                      
✅ Database migrations complete!
00:18 +645 ~5 -94: /Users/kcdacre8tor/ everyday-christian/test/screens/home_screen_test.dart: HomeScreen Widget Tests should render home screen with all main elements                                 00:18 +645 ~5 -94: /Users/kcdacre8tor/ everyday-christian/test/category_service_test.dart: CategoryService Tests should check category name availability                                               
ℹ️ [2025-10-17 18:19:37.711] [INFO   ] [DatabaseHelper] Initializing database at: :memory:
ℹ️ [2025-10-17 18:19:37.713] [INFO   ] [DatabaseHelper] Creating database schema v5
00:18 +645 ~5 -94: /Users/kcdacre8tor/ everyday-christian/test/database_service_test.dart: Table Schema Validation bible_verses table has correct columns                                              
ℹ️ [2025-10-17 18:19:37.733] [INFO   ] [DatabaseHelper] Database schema created successfully
📦 Running database migrations from v1 to v2
🔄 Migrating to schema v2...
  → Fixing favorite_verses foreign key...
  → Fixing daily_verses foreign key...
  → Fixing verse_bookmarks foreign key...
  → Removing duplicate column from prayer_categories...
  → Creating performance indexes...
00:18 +645 ~5 -94: /Users/kcdacre8tor/ everyday-christian/test/category_service_test.dart: CategoryService Tests should check category name availability                                               
ℹ️ [2025-10-17 18:19:37.759] [INFO   ] [DatabaseHelper] Database schema created successfully
📦 Running database migrations from v1 to v2
🔄 Migrating to schema v2...
00:18 +645 ~5 -94: /Users/kcdacre8tor/ everyday-christian/test/database_service_test.dart: Table Schema Validation bible_verses table has correct columns                                              
  → Creating timestamp triggers...
00:18 +645 ~5 -94: /Users/kcdacre8tor/ everyday-christian/test/category_service_test.dart: CategoryService Tests should check category name availability                                               
  → Fixing favorite_verses foreign key...
00:18 +645 ~5 -94: /Users/kcdacre8tor/ everyday-christian/test/database_service_test.dart: Table Schema Validation bible_verses table has correct columns                                              
✅ Schema v2 migration complete!
✅ Database integrity verified
✅ Database migrations complete!
00:18 +645 ~5 -94: /Users/kcdacre8tor/ everyday-christian/test/category_service_test.dart: CategoryService Tests should check category name availability                                               
  → Fixing daily_verses foreign key...
00:18 +646 ~5 -94: /Users/kcdacre8tor/ everyday-christian/test/screens/home_screen_test.dart: HomeScreen Widget Tests should render home screen with all main elements                                 00:18 +646 ~5 -94: /Users/kcdacre8tor/ everyday-christian/test/category_service_test.dart: CategoryService Tests should check category name availability                                               
  → Fixing verse_bookmarks foreign key...
00:18 +646 ~5 -94: /Users/kcdacre8tor/ everyday-christian/test/database_service_test.dart: Table Schema Validation verse_bookmarks table has correct columns                                           
ℹ️ [2025-10-17 18:19:37.778] [INFO   ] [DatabaseHelper] Initializing database at: :memory:
ℹ️ [2025-10-17 18:19:37.781] [INFO   ] [DatabaseHelper] Creating database schema v5
00:18 +646 ~5 -94: /Users/kcdacre8tor/ everyday-christian/test/category_service_test.dart: CategoryService Tests should check category name availability                                               
  → Removing duplicate column from prayer_categories...
  → Creating performance indexes...
  → Creating timestamp triggers...
✅ Schema v2 migration complete!
✅ Database integrity verified
✅ Database migrations complete!
00:18 +647 ~5 -94: /Users/kcdacre8tor/ everyday-christian/test/screens/home_screen_test.dart: HomeScreen Widget Tests should render home screen with all main elements                                 00:18 +647 ~5 -94: /Users/kcdacre8tor/ everyday-christian/test/category_service_test.dart: CategoryService Tests should reset to default categories                                                    
ℹ️ [2025-10-17 18:19:37.802] [INFO   ] [DatabaseHelper] Initializing database at: :memory:
ℹ️ [2025-10-17 18:19:37.806] [INFO   ] [DatabaseHelper] Creating database schema v5
00:18 +647 ~5 -94: /Users/kcdacre8tor/ everyday-christian/test/database_service_test.dart: Table Schema Validation verse_bookmarks table has correct columns                                           
ℹ️ [2025-10-17 18:19:37.810] [INFO   ] [DatabaseHelper] Database schema created successfully
📦 Running database migrations from v1 to v2
🔄 Migrating to schema v2...
  → Fixing favorite_verses foreign key...
  → Fixing daily_verses foreign key...
  → Fixing verse_bookmarks foreign key...
  → Removing duplicate column from prayer_categories...
  → Creating performance indexes...
  → Creating timestamp triggers...
✅ Schema v2 migration complete!
✅ Database integrity verified
✅ Database migrations complete!
00:18 +647 ~5 -94: /Users/kcdacre8tor/ everyday-christian/test/category_service_test.dart: CategoryService Tests should reset to default categories                                                    
ℹ️ [2025-10-17 18:19:37.839] [INFO   ] [DatabaseHelper] Database schema created successfully
00:18 +648 ~5 -94: /Users/kcdacre8tor/ everyday-christian/test/screens/home_screen_test.dart: HomeScreen Widget Tests should render home screen with all main elements                                 00:18 +648 ~5 -94: /Users/kcdacre8tor/ everyday-christian/test/category_service_test.dart: CategoryService Tests should reset to default categories                                                    
📦 Running database migrations from v1 to v2
🔄 Migrating to schema v2...
  → Fixing favorite_verses foreign key...
00:18 +648 ~5 -94: /Users/kcdacre8tor/ everyday-christian/test/database_service_test.dart: Foreign Keys daily_readings has foreign key to reading_plans                                                
ℹ️ [2025-10-17 18:19:37.844] [INFO   ] [DatabaseHelper] Initializing database at: :memory:
ℹ️ [2025-10-17 18:19:37.848] [INFO   ] [DatabaseHelper] Creating database schema v5
00:18 +648 ~5 -94: /Users/kcdacre8tor/ everyday-christian/test/category_service_test.dart: CategoryService Tests should reset to default categories                                                    
  → Fixing daily_verses foreign key...
  → Fixing verse_bookmarks foreign key...
  → Removing duplicate column from prayer_categories...
  → Creating performance indexes...
  → Creating timestamp triggers...
✅ Schema v2 migration complete!
✅ Database integrity verified
✅ Database migrations complete!
00:18 +648 ~5 -94: /Users/kcdacre8tor/ everyday-christian/test/database_service_test.dart: Foreign Keys daily_readings has foreign key to reading_plans                                                
ℹ️ [2025-10-17 18:19:37.882] [INFO   ] [DatabaseHelper] Database schema created successfully
📦 Running database migrations from v1 to v2
🔄 Migrating to schema v2...
  → Fixing favorite_verses foreign key...
00:18 +649 ~5 -94: /Users/kcdacre8tor/ everyday-christian/test/screens/home_screen_test.dart: HomeScreen Widget Tests should render home screen with all main elements                                 00:18 +649 ~5 -94: /Users/kcdacre8tor/ everyday-christian/test/database_service_test.dart: Foreign Keys daily_readings has foreign key to reading_plans                                                
  → Fixing daily_verses foreign key...
00:18 +649 ~5 -94: /Users/kcdacre8tor/ everyday-christian/test/category_service_test.dart: CategoryService Tests should get category statistics                                                        
ℹ️ [2025-10-17 18:19:37.888] [INFO   ] [DatabaseHelper] Initializing database at: :memory:
00:18 +649 ~5 -94: /Users/kcdacre8tor/ everyday-christian/test/database_service_test.dart: Foreign Keys daily_readings has foreign key to reading_plans                                                
  → Fixing verse_bookmarks foreign key...
00:18 +649 ~5 -94: /Users/kcdacre8tor/ everyday-christian/test/category_service_test.dart: CategoryService Tests should get category statistics                                                        
ℹ️ [2025-10-17 18:19:37.891] [INFO   ] [DatabaseHelper] Creating database schema v5
00:18 +649 ~5 -94: /Users/kcdacre8tor/ everyday-christian/test/database_service_test.dart: Foreign Keys daily_readings has foreign key to reading_plans                                                
  → Removing duplicate column from prayer_categories...
  → Creating performance indexes...
  → Creating timestamp triggers...
✅ Schema v2 migration complete!
✅ Database integrity verified
✅ Database migrations complete!
00:18 +649 ~5 -94: /Users/kcdacre8tor/ everyday-christian/test/settings_data_privacy_test.dart: Data & Privacy Settings Tests Data & Privacy UI elements are present                                   
══╡ EXCEPTION CAUGHT BY FLUTTER TEST FRAMEWORK ╞════════════════════════════════════════════════════
The following TestFailure was thrown running a test:
Expected: exactly one matching candidate
  Actual: _TextWidgetFinder:<Found 0 widgets with text "Offline Mode": []>
   Which: means none were found but one was expected

When the exception was thrown, this was the stack:
#4      main.<anonymous closure>.<anonymous closure> (file:///Users/kcdacre8tor/%20everyday-christian/test/settings_data_privacy_test.dart:157:7)
<asynchronous suspension>
#5      testWidgets.<anonymous closure>.<anonymous closure> (package:flutter_test/src/widget_tester.dart:192:15)
<asynchronous suspension>
#6      TestWidgetsFlutterBinding._runTestBody (package:flutter_test/src/binding.dart:1059:5)
<asynchronous suspension>
<asynchronous suspension>
(elided one frame from package:stack_trace)

This was caught by the test expectation on the following line:
  file:///Users/kcdacre8tor/%20everyday-christian/test/settings_data_privacy_test.dart line 157
The test description was:
  Data & Privacy UI elements are present
════════════════════════════════════════════════════════════════════════════════════════════════════
00:18 +649 ~5 -95: /Users/kcdacre8tor/ everyday-christian/test/settings_data_privacy_test.dart: Data & Privacy Settings Tests Data & Privacy UI elements are present [E]                               
  Test failed. See exception logs above.
  The test description was: Data & Privacy UI elements are present
  

To run this test again: /Users/kcdacre8tor/flutter/bin/cache/dart-sdk/bin/dart test /Users/kcdacre8tor/ everyday-christian/test/settings_data_privacy_test.dart -p vm --plain-name 'Data & Privacy Settings Tests Data & Privacy UI elements are present'
00:18 +650 ~5 -95: /Users/kcdacre8tor/ everyday-christian/test/screens/home_screen_test.dart: HomeScreen Widget Tests should render home screen with all main elements                                 00:18 +650 ~5 -95: /Users/kcdacre8tor/ everyday-christian/test/database_service_test.dart: Foreign Keys verse_bookmarks has foreign key to bible_verses                                                
ℹ️ [2025-10-17 18:19:37.906] [INFO   ] [DatabaseHelper] Initializing database at: :memory:
ℹ️ [2025-10-17 18:19:37.908] [INFO   ] [DatabaseHelper] Creating database schema v5
00:18 +651 ~5 -95: /Users/kcdacre8tor/ everyday-christian/test/screens/home_screen_test.dart: HomeScreen Widget Tests should render home screen with all main elements                                 00:18 +652 ~5 -95: /Users/kcdacre8tor/ everyday-christian/test/screens/home_screen_test.dart: HomeScreen Widget Tests should render home screen with all main elements                                 00:18 +652 ~5 -95: /Users/kcdacre8tor/ everyday-christian/test/category_service_test.dart: CategoryService Tests should get category statistics                                                        
ℹ️ [2025-10-17 18:19:37.914] [INFO   ] [DatabaseHelper] Database schema created successfully
📦 Running database migrations from v1 to v2
🔄 Migrating to schema v2...
  → Fixing favorite_verses foreign key...
00:18 +653 ~5 -95: /Users/kcdacre8tor/ everyday-christian/test/screens/home_screen_test.dart: HomeScreen Widget Tests should render home screen with all main elements                                 00:18 +653 ~5 -95: /Users/kcdacre8tor/ everyday-christian/test/category_service_test.dart: CategoryService Tests should get category statistics                                                        
  → Fixing daily_verses foreign key...
  → Fixing verse_bookmarks foreign key...
  → Removing duplicate column from prayer_categories...
00:18 +653 ~5 -95: /Users/kcdacre8tor/ everyday-christian/test/database_service_test.dart: Foreign Keys verse_bookmarks has foreign key to bible_verses                                                
ℹ️ [2025-10-17 18:19:37.924] [INFO   ] [DatabaseHelper] Database schema created successfully
00:18 +653 ~5 -95: /Users/kcdacre8tor/ everyday-christian/test/category_service_test.dart: CategoryService Tests should get category statistics                                                        
  → Creating performance indexes...
00:18 +653 ~5 -95: /Users/kcdacre8tor/ everyday-christian/test/database_service_test.dart: Foreign Keys verse_bookmarks has foreign key to bible_verses                                                
📦 Running database migrations from v1 to v2
🔄 Migrating to schema v2...
  → Fixing favorite_verses foreign key...
00:18 +654 ~5 -95: /Users/kcdacre8tor/ everyday-christian/test/screens/home_screen_test.dart: HomeScreen Widget Tests should render home screen with all main elements                                 00:18 +654 ~5 -95: /Users/kcdacre8tor/ everyday-christian/test/category_service_test.dart: CategoryService Tests should get category statistics                                                        
  → Creating timestamp triggers...
00:18 +654 ~5 -95: /Users/kcdacre8tor/ everyday-christian/test/database_service_test.dart: Foreign Keys verse_bookmarks has foreign key to bible_verses                                                
  → Fixing daily_verses foreign key...
00:18 +654 ~5 -95: /Users/kcdacre8tor/ everyday-christian/test/category_service_test.dart: CategoryService Tests should get category statistics                                                        
✅ Schema v2 migration complete!
✅ Database integrity verified
00:18 +655 ~5 -95: /Users/kcdacre8tor/ everyday-christian/test/screens/home_screen_test.dart: HomeScreen Widget Tests should render home screen with all main elements                                 00:18 +655 ~5 -95: /Users/kcdacre8tor/ everyday-christian/test/database_service_test.dart: Foreign Keys verse_bookmarks has foreign key to bible_verses                                                
  → Fixing verse_bookmarks foreign key...
00:18 +655 ~5 -95: /Users/kcdacre8tor/ everyday-christian/test/category_service_test.dart: CategoryService Tests should get category statistics                                                        
✅ Database migrations complete!
00:18 +655 ~5 -95: /Users/kcdacre8tor/ everyday-christian/test/database_service_test.dart: Foreign Keys verse_bookmarks has foreign key to bible_verses                                                
  → Removing duplicate column from prayer_categories...
  → Creating performance indexes...
00:18 +656 ~5 -95: /Users/kcdacre8tor/ everyday-christian/test/screens/home_screen_test.dart: HomeScreen Widget Tests should render home screen with all main elements                                 00:18 +657 ~5 -95: /Users/kcdacre8tor/ everyday-christian/test/screens/home_screen_test.dart: HomeScreen Widget Tests should render home screen with all main elements                                 00:18 +657 ~5 -95: /Users/kcdacre8tor/ everyday-christian/test/category_service_test.dart: CategoryService Tests should get all category statistics                                                    
ℹ️ [2025-10-17 18:19:37.939] [INFO   ] [DatabaseHelper] Initializing database at: :memory:
00:18 +657 ~5 -95: /Users/kcdacre8tor/ everyday-christian/test/database_service_test.dart: Foreign Keys verse_bookmarks has foreign key to bible_verses                                                
  → Creating timestamp triggers...
✅ Schema v2 migration complete!
00:18 +657 ~5 -95: /Users/kcdacre8tor/ everyday-christian/test/category_service_test.dart: CategoryService Tests should get all category statistics                                                    
ℹ️ [2025-10-17 18:19:37.941] [INFO   ] [DatabaseHelper] Creating database schema v5
00:18 +657 ~5 -95: /Users/kcdacre8tor/ everyday-christian/test/database_service_test.dart: Foreign Keys verse_bookmarks has foreign key to bible_verses                                                
✅ Database integrity verified
✅ Database migrations complete!
00:18 +658 ~5 -95: /Users/kcdacre8tor/ everyday-christian/test/screens/home_screen_test.dart: HomeScreen Widget Tests should render home screen with all main elements                                 00:18 +658 ~5 -95: /Users/kcdacre8tor/ everyday-christian/test/category_service_test.dart: CategoryService Tests should get all category statistics                                                    
ℹ️ [2025-10-17 18:19:37.993] [INFO   ] [DatabaseHelper] Database schema created successfully
📦 Running database migrations from v1 to v2
🔄 Migrating to schema v2...
  → Fixing favorite_verses foreign key...
  → Fixing daily_verses foreign key...
  → Fixing verse_bookmarks foreign key...
  → Removing duplicate column from prayer_categories...
  → Creating performance indexes...
  → Creating timestamp triggers...
✅ Schema v2 migration complete!
✅ Database integrity verified
✅ Database migrations complete!
00:18 +659 ~5 -95: /Users/kcdacre8tor/ everyday-christian/test/screens/home_screen_test.dart: HomeScreen Widget Tests should render home screen with all main elements                                 00:18 +659 ~5 -95: /Users/kcdacre8tor/ everyday-christian/test/category_service_test.dart: PrayerCategory Model Tests should create category from map                                                  
ℹ️ [2025-10-17 18:19:38.059] [INFO   ] [DatabaseHelper] Initializing database at: :memory:
ℹ️ [2025-10-17 18:19:38.062] [INFO   ] [DatabaseHelper] Creating database schema v5
ℹ️ [2025-10-17 18:19:38.096] [INFO   ] [DatabaseHelper] Database schema created successfully
📦 Running database migrations from v1 to v2
🔄 Migrating to schema v2...
  → Fixing favorite_verses foreign key...
  → Fixing daily_verses foreign key...
  → Fixing verse_bookmarks foreign key...
  → Removing duplicate column from prayer_categories...
  → Creating performance indexes...
  → Creating timestamp triggers...
✅ Schema v2 migration complete!
✅ Database integrity verified
✅ Database migrations complete!
00:18 +659 ~5 -96: /Users/kcdacre8tor/ everyday-christian/test/settings_data_privacy_test.dart: Data & Privacy Settings Tests Offline Mode switch is present                                           
══╡ EXCEPTION CAUGHT BY FLUTTER TEST FRAMEWORK ╞════════════════════════════════════════════════════
The following TestFailure was thrown running a test:
Expected: exactly one matching candidate
  Actual: _TextWidgetFinder:<Found 0 widgets with text "Offline Mode": []>
   Which: means none were found but one was expected

When the exception was thrown, this was the stack:
#4      main.<anonymous closure>.<anonymous closure> (file:///Users/kcdacre8tor/%20everyday-christian/test/settings_data_privacy_test.dart:265:7)
<asynchronous suspension>
#5      testWidgets.<anonymous closure>.<anonymous closure> (package:flutter_test/src/widget_tester.dart:192:15)
<asynchronous suspension>
#6      TestWidgetsFlutterBinding._runTestBody (package:flutter_test/src/binding.dart:1059:5)
<asynchronous suspension>
<asynchronous suspension>
(elided one frame from package:stack_trace)

This was caught by the test expectation on the following line:
  file:///Users/kcdacre8tor/%20everyday-christian/test/settings_data_privacy_test.dart line 265
The test description was:
  Offline Mode switch is present
════════════════════════════════════════════════════════════════════════════════════════════════════
00:18 +659 ~5 -97: /Users/kcdacre8tor/ everyday-christian/test/settings_data_privacy_test.dart: Data & Privacy Settings Tests Offline Mode switch is present [E]                                       
  Test failed. See exception logs above.
  The test description was: Offline Mode switch is present
  

To run this test again: /Users/kcdacre8tor/flutter/bin/cache/dart-sdk/bin/dart test /Users/kcdacre8tor/ everyday-christian/test/settings_data_privacy_test.dart -p vm --plain-name 'Data & Privacy Settings Tests Offline Mode switch is present'
00:18 +660 ~5 -97: /Users/kcdacre8tor/ everyday-christian/test/screens/home_screen_test.dart: HomeScreen Widget Tests should render home screen with all main elements                                 00:18 +660 ~5 -97: /Users/kcdacre8tor/ everyday-christian/test/category_service_test.dart: PrayerCategory Model Tests should create category from map [E]                                              
  type 'Null' is not a subtype of type 'int' in type cast
  package:everyday_christian/core/models/prayer_category.dart 57:74  PrayerCategoryExtension.fromMap
  test/category_service_test.dart 283:48                             main.<fn>.<fn>
  
00:18 +661 ~5 -97: /Users/kcdacre8tor/ everyday-christian/test/screens/home_screen_test.dart: HomeScreen Widget Tests should render home screen with all main elements                                 
To run this test again: /Users/kcdacre8tor/flutter/bin/cache/dart-sdk/bin/dart test /Users/kcdacre8tor/ everyday-christian/test/category_service_test.dart -p vm --plain-name 'PrayerCategory Model Tests should create category from map'
00:18 +662 ~5 -97: /Users/kcdacre8tor/ everyday-christian/test/screens/home_screen_test.dart: HomeScreen Widget Tests should render home screen with all main elements                                 00:18 +662 ~5 -97: /Users/kcdacre8tor/ everyday-christian/test/category_service_test.dart: PrayerCategory Model Tests should convert category to map                                                   
ℹ️ [2025-10-17 18:19:38.246] [INFO   ] [DatabaseHelper] Initializing database at: :memory:
ℹ️ [2025-10-17 18:19:38.248] [INFO   ] [DatabaseHelper] Creating database schema v5
ℹ️ [2025-10-17 18:19:38.271] [INFO   ] [DatabaseHelper] Database schema created successfully
📦 Running database migrations from v1 to v2
🔄 Migrating to schema v2...
  → Fixing favorite_verses foreign key...
  → Fixing daily_verses foreign key...
  → Fixing verse_bookmarks foreign key...
  → Removing duplicate column from prayer_categories...
  → Creating performance indexes...
  → Creating timestamp triggers...
✅ Schema v2 migration complete!
✅ Database integrity verified
✅ Database migrations complete!
00:18 +663 ~5 -97: /Users/kcdacre8tor/ everyday-christian/test/screens/home_screen_test.dart: HomeScreen Widget Tests should render home screen with all main elements                                 00:18 +663 ~5 -97: /Users/kcdacre8tor/ everyday-christian/test/category_service_test.dart: PrayerCategory Model Tests should get icon as IconData                                                      
ℹ️ [2025-10-17 18:19:38.287] [INFO   ] [DatabaseHelper] Initializing database at: :memory:
ℹ️ [2025-10-17 18:19:38.288] [INFO   ] [DatabaseHelper] Creating database schema v5
ℹ️ [2025-10-17 18:19:38.299] [INFO   ] [DatabaseHelper] Database schema created successfully
📦 Running database migrations from v1 to v2
🔄 Migrating to schema v2...
  → Fixing favorite_verses foreign key...
  → Fixing daily_verses foreign key...
  → Fixing verse_bookmarks foreign key...
  → Removing duplicate column from prayer_categories...
  → Creating performance indexes...
  → Creating timestamp triggers...
✅ Schema v2 migration complete!
✅ Database integrity verified
✅ Database migrations complete!
00:18 +664 ~5 -97: /Users/kcdacre8tor/ everyday-christian/test/screens/home_screen_test.dart: HomeScreen Widget Tests should render home screen with all main elements                                 00:18 +664 ~5 -97: /Users/kcdacre8tor/ everyday-christian/test/category_service_test.dart: PrayerCategory Model Tests should get color as Color object                                                 
ℹ️ [2025-10-17 18:19:38.316] [INFO   ] [DatabaseHelper] Initializing database at: :memory:
ℹ️ [2025-10-17 18:19:38.318] [INFO   ] [DatabaseHelper] Creating database schema v5
ℹ️ [2025-10-17 18:19:38.327] [INFO   ] [DatabaseHelper] Database schema created successfully
📦 Running database migrations from v1 to v2
🔄 Migrating to schema v2...
  → Fixing favorite_verses foreign key...
  → Fixing daily_verses foreign key...
  → Fixing verse_bookmarks foreign key...
  → Removing duplicate column from prayer_categories...
  → Creating performance indexes...
  → Creating timestamp triggers...
✅ Schema v2 migration complete!
✅ Database integrity verified
✅ Database migrations complete!
00:18 +665 ~5 -97: /Users/kcdacre8tor/ everyday-christian/test/screens/home_screen_test.dart: HomeScreen Widget Tests should render home screen with all main elements                                 00:18 +665 ~5 -97: /Users/kcdacre8tor/ everyday-christian/test/category_service_test.dart: CategoryStatistics Tests should create statistics from category                                             
ℹ️ [2025-10-17 18:19:38.345] [INFO   ] [DatabaseHelper] Initializing database at: :memory:
00:18 +666 ~5 -97: /Users/kcdacre8tor/ everyday-christian/test/screens/home_screen_test.dart: HomeScreen Widget Tests should render home screen with all main elements                                 00:18 +666 ~5 -97: /Users/kcdacre8tor/ everyday-christian/test/category_service_test.dart: CategoryStatistics Tests should create statistics from category                                             
ℹ️ [2025-10-17 18:19:38.347] [INFO   ] [DatabaseHelper] Creating database schema v5
ℹ️ [2025-10-17 18:19:38.357] [INFO   ] [DatabaseHelper] Database schema created successfully
📦 Running database migrations from v1 to v2
🔄 Migrating to schema v2...
  → Fixing favorite_verses foreign key...
  → Fixing daily_verses foreign key...
  → Fixing verse_bookmarks foreign key...
  → Removing duplicate column from prayer_categories...
  → Creating performance indexes...
  → Creating timestamp triggers...
✅ Schema v2 migration complete!
✅ Database integrity verified
✅ Database migrations complete!
00:18 +667 ~5 -97: /Users/kcdacre8tor/ everyday-christian/test/screens/home_screen_test.dart: HomeScreen Widget Tests should render home screen with all main elements                                 00:18 +667 ~5 -97: /Users/kcdacre8tor/ everyday-christian/test/category_service_test.dart: CategoryStatistics Tests should handle zero total prayers                                                   
ℹ️ [2025-10-17 18:19:38.370] [INFO   ] [DatabaseHelper] Initializing database at: :memory:
ℹ️ [2025-10-17 18:19:38.372] [INFO   ] [DatabaseHelper] Creating database schema v5
ℹ️ [2025-10-17 18:19:38.383] [INFO   ] [DatabaseHelper] Database schema created successfully
📦 Running database migrations from v1 to v2
🔄 Migrating to schema v2...
  → Fixing favorite_verses foreign key...
  → Fixing daily_verses foreign key...
  → Fixing verse_bookmarks foreign key...
  → Removing duplicate column from prayer_categories...
  → Creating performance indexes...
  → Creating timestamp triggers...
✅ Schema v2 migration complete!
✅ Database integrity verified
✅ Database migrations complete!
00:18 +668 ~5 -97: /Users/kcdacre8tor/ everyday-christian/test/screens/home_screen_test.dart: HomeScreen Widget Tests should render home screen with all main elements                                 00:18 +669 ~5 -97: /Users/kcdacre8tor/ everyday-christian/test/screens/home_screen_test.dart: HomeScreen Widget Tests should render home screen with all main elements                                 00:19 +669 ~5 -97: /Users/kcdacre8tor/ everyday-christian/test/screens/home_screen_test.dart: HomeScreen Widget Tests should render home screen with all main elements                                 00:19 +670 ~5 -97: /Users/kcdacre8tor/ everyday-christian/test/screens/home_screen_test.dart: HomeScreen Widget Tests should render home screen with all main elements                                 00:19 +671 ~5 -97: /Users/kcdacre8tor/ everyday-christian/test/screens/home_screen_test.dart: HomeScreen Widget Tests should render home screen with all main elements                                 00:19 +672 ~5 -97: /Users/kcdacre8tor/ everyday-christian/test/screens/home_screen_test.dart: HomeScreen Widget Tests should render home screen with all main elements                                 00:19 +673 ~5 -97: /Users/kcdacre8tor/ everyday-christian/test/screens/home_screen_test.dart: HomeScreen Widget Tests should render home screen with all main elements                                 00:19 +674 ~5 -97: /Users/kcdacre8tor/ everyday-christian/test/screens/home_screen_test.dart: HomeScreen Widget Tests should render home screen with all main elements                                 00:19 +675 ~5 -97: /Users/kcdacre8tor/ everyday-christian/test/screens/home_screen_test.dart: HomeScreen Widget Tests should render home screen with all main elements                                 00:19 +676 ~5 -97: /Users/kcdacre8tor/ everyday-christian/test/screens/home_screen_test.dart: HomeScreen Widget Tests should render home screen with all main elements                                 00:19 +677 ~5 -97: /Users/kcdacre8tor/ everyday-christian/test/screens/home_screen_test.dart: HomeScreen Widget Tests should render home screen with all main elements                                 00:19 +678 ~5 -97: /Users/kcdacre8tor/ everyday-christian/test/screens/home_screen_test.dart: HomeScreen Widget Tests should render home screen with all main elements                                 00:19 +679 ~5 -97: /Users/kcdacre8tor/ everyday-christian/test/screens/home_screen_test.dart: HomeScreen Widget Tests should render home screen with all main elements                                 00:19 +680 ~5 -97: /Users/kcdacre8tor/ everyday-christian/test/screens/home_screen_test.dart: HomeScreen Widget Tests should render home screen with all main elements                                 00:19 +681 ~5 -97: /Users/kcdacre8tor/ everyday-christian/test/screens/home_screen_test.dart: HomeScreen Widget Tests should render home screen with all main elements                                 00:19 +682 ~5 -97: /Users/kcdacre8tor/ everyday-christian/test/screens/home_screen_test.dart: HomeScreen Widget Tests should render home screen with all main elements                                 00:19 +683 ~5 -97: /Users/kcdacre8tor/ everyday-christian/test/screens/home_screen_test.dart: HomeScreen Widget Tests should render home screen with all main elements                                 00:19 +684 ~5 -97: /Users/kcdacre8tor/ everyday-christian/test/screens/home_screen_test.dart: HomeScreen Widget Tests should render home screen with all main elements                                 00:19 +685 ~5 -97: /Users/kcdacre8tor/ everyday-christian/test/screens/home_screen_test.dart: HomeScreen Widget Tests should render home screen with all main elements                                 00:19 +686 ~5 -97: /Users/kcdacre8tor/ everyday-christian/test/screens/home_screen_test.dart: HomeScreen Widget Tests should render home screen with all main elements                                 00:19 +687 ~5 -97: /Users/kcdacre8tor/ everyday-christian/test/screens/home_screen_test.dart: HomeScreen Widget Tests should render home screen with all main elements                                 00:19 +688 ~5 -97: /Users/kcdacre8tor/ everyday-christian/test/screens/home_screen_test.dart: HomeScreen Widget Tests should render home screen with all main elements                                 00:19 +689 ~5 -97: /Users/kcdacre8tor/ everyday-christian/test/screens/home_screen_test.dart: HomeScreen Widget Tests should render home screen with all main elements                                 00:19 +690 ~5 -97: /Users/kcdacre8tor/ everyday-christian/test/screens/home_screen_test.dart: HomeScreen Widget Tests should render home screen with all main elements                                 00:19 +691 ~5 -97: /Users/kcdacre8tor/ everyday-christian/test/screens/home_screen_test.dart: HomeScreen Widget Tests should render home screen with all main elements                                 00:19 +692 ~5 -97: /Users/kcdacre8tor/ everyday-christian/test/screens/home_screen_test.dart: HomeScreen Widget Tests should render home screen with all main elements                                 00:19 +693 ~5 -97: /Users/kcdacre8tor/ everyday-christian/test/screens/home_screen_test.dart: HomeScreen Widget Tests should render home screen with all main elements                                 00:19 +694 ~5 -97: /Users/kcdacre8tor/ everyday-christian/test/screens/home_screen_test.dart: HomeScreen Widget Tests should render home screen with all main elements                                 00:19 +695 ~5 -97: /Users/kcdacre8tor/ everyday-christian/test/screens/home_screen_test.dart: HomeScreen Widget Tests should render home screen with all main elements                                 00:19 +696 ~5 -97: /Users/kcdacre8tor/ everyday-christian/test/screens/home_screen_test.dart: HomeScreen Widget Tests should render home screen with all main elements                                 00:19 +697 ~5 -97: /Users/kcdacre8tor/ everyday-christian/test/screens/home_screen_test.dart: HomeScreen Widget Tests should render home screen with all main elements                                 00:19 +698 ~5 -97: /Users/kcdacre8tor/ everyday-christian/test/screens/home_screen_test.dart: HomeScreen Widget Tests should render home screen with all main elements                                 00:19 +699 ~5 -97: /Users/kcdacre8tor/ everyday-christian/test/screens/home_screen_test.dart: HomeScreen Widget Tests should render home screen with all main elements                                 test/conversation_service_test.dart:109:38: Error: Member not found: 'ChatMessage.assistant'.
        final message2 = ChatMessage.assistant(
                                     ^^^^^^^^^
test/conversation_service_test.dart:157:23: Error: Member not found: 'ChatMessage.assistant'.
          ChatMessage.assistant(content: 'Answer 1', sessionId: sessionId),
                      ^^^^^^^^^
test/conversation_service_test.dart:159:23: Error: Member not found: 'ChatMessage.assistant'.
          ChatMessage.assistant(content: 'Answer 2', sessionId: sessionId),
                      ^^^^^^^^^
test/conversation_service_test.dart:257:23: Error: Member not found: 'ChatMessage.assistant'.
          ChatMessage.assistant(content: 'Peace comes from trusting God.', sessionId: sessionId),
                      ^^^^^^^^^
test/conversation_service_test.dart:259:23: Error: Member not found: 'ChatMessage.assistant'.
          ChatMessage.assistant(content: 'Cast your anxiety on Him.', sessionId: sessionId),
                      ^^^^^^^^^
test/conversation_service_test.dart:300:23: Error: Member not found: 'ChatMessage.assistant'.
          ChatMessage.assistant(content: 'Hi there!', sessionId: sessionId),
                      ^^^^^^^^^
00:19 +699 ~5 -98: loading /Users/kcdacre8tor/ everyday-christian/test/conversation_service_test.dart [E]                                                                                              
  Failed to load "/Users/kcdacre8tor/ everyday-christian/test/conversation_service_test.dart":
  Compilation failed for testPath=/Users/kcdacre8tor/ everyday-christian/test/conversation_service_test.dart: test/conversation_service_test.dart:109:38: Error: Member not found: 'ChatMessage.assistant'.
          final message2 = ChatMessage.assistant(
                                       ^^^^^^^^^
  test/conversation_service_test.dart:157:23: Error: Member not found: 'ChatMessage.assistant'.
            ChatMessage.assistant(content: 'Answer 1', sessionId: sessionId),
                        ^^^^^^^^^
  test/conversation_service_test.dart:159:23: Error: Member not found: 'ChatMessage.assistant'.
            ChatMessage.assistant(content: 'Answer 2', sessionId: sessionId),
                        ^^^^^^^^^
  test/conversation_service_test.dart:257:23: Error: Member not found: 'ChatMessage.assistant'.
            ChatMessage.assistant(content: 'Peace comes from trusting God.', sessionId: sessionId),
                        ^^^^^^^^^
  test/conversation_service_test.dart:259:23: Error: Member not found: 'ChatMessage.assistant'.
            ChatMessage.assistant(content: 'Cast your anxiety on Him.', sessionId: sessionId),
                        ^^^^^^^^^
  test/conversation_service_test.dart:300:23: Error: Member not found: 'ChatMessage.assistant'.
            ChatMessage.assistant(content: 'Hi there!', sessionId: sessionId),
                        ^^^^^^^^^
  .

To run this test again: /Users/kcdacre8tor/flutter/bin/cache/dart-sdk/bin/dart test /Users/kcdacre8tor/ everyday-christian/test/conversation_service_test.dart -p vm --plain-name 'loading /Users/kcdacre8tor/ everyday-christian/test/conversation_service_test.dart'
00:19 +699 ~5 -98: /Users/kcdacre8tor/ everyday-christian/test/screens/home_screen_test.dart: HomeScreen Widget Tests should render home screen with all main elements                                 00:19 +700 ~5 -98: /Users/kcdacre8tor/ everyday-christian/test/screens/home_screen_test.dart: HomeScreen Widget Tests should render home screen with all main elements                                 00:19 +701 ~5 -98: /Users/kcdacre8tor/ everyday-christian/test/screens/home_screen_test.dart: HomeScreen Widget Tests should render home screen with all main elements                                 00:19 +702 ~5 -98: /Users/kcdacre8tor/ everyday-christian/test/screens/home_screen_test.dart: HomeScreen Widget Tests should render home screen with all main elements                                 00:19 +703 ~5 -98: /Users/kcdacre8tor/ everyday-christian/test/screens/home_screen_test.dart: HomeScreen Widget Tests should render home screen with all main elements                                 00:19 +704 ~5 -98: /Users/kcdacre8tor/ everyday-christian/test/screens/home_screen_test.dart: HomeScreen Widget Tests should render home screen with all main elements                                 00:19 +705 ~5 -98: /Users/kcdacre8tor/ everyday-christian/test/screens/home_screen_test.dart: HomeScreen Widget Tests should render home screen with all main elements                                 00:19 +706 ~5 -98: /Users/kcdacre8tor/ everyday-christian/test/screens/home_screen_test.dart: HomeScreen Widget Tests should render home screen with all main elements                                 00:19 +707 ~5 -98: /Users/kcdacre8tor/ everyday-christian/test/screens/home_screen_test.dart: HomeScreen Widget Tests should render home screen with all main elements                                 00:19 +708 ~5 -98: /Users/kcdacre8tor/ everyday-christian/test/screens/home_screen_test.dart: HomeScreen Widget Tests should render home screen with all main elements                                 00:19 +709 ~5 -98: /Users/kcdacre8tor/ everyday-christian/test/screens/home_screen_test.dart: HomeScreen Widget Tests should render home screen with all main elements                                 00:19 +710 ~5 -98: /Users/kcdacre8tor/ everyday-christian/test/screens/home_screen_test.dart: HomeScreen Widget Tests should render home screen with all main elements                                 00:19 +711 ~5 -98: /Users/kcdacre8tor/ everyday-christian/test/screens/home_screen_test.dart: HomeScreen Widget Tests should render home screen with all main elements                                 00:19 +712 ~5 -98: /Users/kcdacre8tor/ everyday-christian/test/screens/home_screen_test.dart: HomeScreen Widget Tests should render home screen with all main elements                                 00:19 +713 ~5 -98: /Users/kcdacre8tor/ everyday-christian/test/screens/home_screen_test.dart: HomeScreen Widget Tests should render home screen with all main elements                                 00:19 +714 ~5 -98: /Users/kcdacre8tor/ everyday-christian/test/screens/home_screen_test.dart: HomeScreen Widget Tests should render home screen with all main elements                                 00:19 +715 ~5 -98: /Users/kcdacre8tor/ everyday-christian/test/screens/home_screen_test.dart: HomeScreen Widget Tests should render home screen with all main elements                                 00:19 +716 ~5 -98: /Users/kcdacre8tor/ everyday-christian/test/screens/home_screen_test.dart: HomeScreen Widget Tests should render home screen with all main elements                                 00:19 +717 ~5 -98: /Users/kcdacre8tor/ everyday-christian/test/screens/home_screen_test.dart: HomeScreen Widget Tests should render home screen with all main elements                                 00:19 +718 ~5 -98: /Users/kcdacre8tor/ everyday-christian/test/screens/home_screen_test.dart: HomeScreen Widget Tests should render home screen with all main elements                                 00:19 +719 ~5 -98: /Users/kcdacre8tor/ everyday-christian/test/screens/home_screen_test.dart: HomeScreen Widget Tests should render home screen with all main elements                                 00:19 +720 ~5 -98: /Users/kcdacre8tor/ everyday-christian/test/screens/home_screen_test.dart: HomeScreen Widget Tests should render home screen with all main elements                                 00:19 +721 ~5 -98: /Users/kcdacre8tor/ everyday-christian/test/screens/home_screen_test.dart: HomeScreen Widget Tests should render home screen with all main elements                                 00:19 +722 ~5 -98: /Users/kcdacre8tor/ everyday-christian/test/screens/home_screen_test.dart: HomeScreen Widget Tests should render home screen with all main elements                                 00:19 +723 ~5 -98: /Users/kcdacre8tor/ everyday-christian/test/screens/home_screen_test.dart: HomeScreen Widget Tests should render home screen with all main elements                                 00:19 +724 ~5 -98: /Users/kcdacre8tor/ everyday-christian/test/screens/home_screen_test.dart: HomeScreen Widget Tests should render home screen with all main elements                                 00:19 +725 ~5 -98: /Users/kcdacre8tor/ everyday-christian/test/screens/home_screen_test.dart: HomeScreen Widget Tests should render home screen with all main elements                                 00:19 +726 ~5 -98: /Users/kcdacre8tor/ everyday-christian/test/screens/home_screen_test.dart: HomeScreen Widget Tests should render home screen with all main elements                                 00:19 +727 ~5 -98: /Users/kcdacre8tor/ everyday-christian/test/screens/home_screen_test.dart: HomeScreen Widget Tests should render home screen with all main elements                                 00:19 +728 ~5 -98: /Users/kcdacre8tor/ everyday-christian/test/screens/home_screen_test.dart: HomeScreen Widget Tests should render home screen with all main elements                                 00:19 +729 ~5 -98: /Users/kcdacre8tor/ everyday-christian/test/screens/home_screen_test.dart: HomeScreen Widget Tests should render home screen with all main elements                                 00:19 +730 ~5 -98: /Users/kcdacre8tor/ everyday-christian/test/screens/home_screen_test.dart: HomeScreen Widget Tests should render home screen with all main elements                                 00:19 +731 ~5 -98: /Users/kcdacre8tor/ everyday-christian/test/screens/home_screen_test.dart: HomeScreen Widget Tests should render home screen with all main elements                                 00:19 +732 ~5 -98: /Users/kcdacre8tor/ everyday-christian/test/screens/home_screen_test.dart: HomeScreen Widget Tests should render home screen with all main elements                                 00:19 +733 ~5 -98: /Users/kcdacre8tor/ everyday-christian/test/screens/home_screen_test.dart: HomeScreen Widget Tests should render home screen with all main elements                                 00:19 +734 ~5 -98: /Users/kcdacre8tor/ everyday-christian/test/screens/home_screen_test.dart: HomeScreen Widget Tests should render home screen with all main elements                                 00:19 +735 ~5 -98: /Users/kcdacre8tor/ everyday-christian/test/screens/home_screen_test.dart: HomeScreen Widget Tests should render home screen with all main elements                                 00:20 +735 ~5 -98: /Users/kcdacre8tor/ everyday-christian/test/screens/home_screen_test.dart: HomeScreen Widget Tests should render home screen with all main elements                                 00:20 +736 ~5 -98: /Users/kcdacre8tor/ everyday-christian/test/screens/home_screen_test.dart: HomeScreen Widget Tests should render home screen with all main elements                                 00:20 +737 ~5 -98: /Users/kcdacre8tor/ everyday-christian/test/screens/home_screen_test.dart: HomeScreen Widget Tests should render home screen with all main elements                                 00:20 +738 ~5 -98: /Users/kcdacre8tor/ everyday-christian/test/screens/home_screen_test.dart: HomeScreen Widget Tests should render home screen with all main elements                                 00:20 +739 ~5 -98: /Users/kcdacre8tor/ everyday-christian/test/screens/home_screen_test.dart: HomeScreen Widget Tests should render home screen with all main elements                                 00:20 +740 ~5 -98: /Users/kcdacre8tor/ everyday-christian/test/screens/home_screen_test.dart: HomeScreen Widget Tests should render home screen with all main elements                                 00:20 +741 ~5 -98: /Users/kcdacre8tor/ everyday-christian/test/screens/home_screen_test.dart: HomeScreen Widget Tests should render home screen with all main elements                                 00:20 +742 ~5 -98: /Users/kcdacre8tor/ everyday-christian/test/screens/home_screen_test.dart: HomeScreen Widget Tests should render home screen with all main elements                                 00:20 +743 ~5 -98: /Users/kcdacre8tor/ everyday-christian/test/screens/home_screen_test.dart: HomeScreen Widget Tests should render home screen with all main elements                                 00:20 +744 ~5 -98: /Users/kcdacre8tor/ everyday-christian/test/screens/home_screen_test.dart: HomeScreen Widget Tests should render home screen with all main elements                                 00:20 +745 ~5 -98: /Users/kcdacre8tor/ everyday-christian/test/screens/home_screen_test.dart: HomeScreen Widget Tests should render home screen with all main elements                                 00:20 +746 ~5 -98: /Users/kcdacre8tor/ everyday-christian/test/screens/home_screen_test.dart: HomeScreen Widget Tests should render home screen with all main elements                                 00:20 +747 ~5 -98: /Users/kcdacre8tor/ everyday-christian/test/screens/home_screen_test.dart: HomeScreen Widget Tests should render home screen with all main elements                                 00:20 +748 ~5 -98: /Users/kcdacre8tor/ everyday-christian/test/screens/home_screen_test.dart: HomeScreen Widget Tests should render home screen with all main elements                                 00:20 +748 ~5 -98: /Users/kcdacre8tor/ everyday-christian/test/screens/home_screen_test.dart: HomeScreen Widget Tests should render home screen with all main elements                                 
══╡ EXCEPTION CAUGHT BY FLUTTER TEST FRAMEWORK ╞════════════════════════════════════════════════════
The following assertion was thrown running a test:
pumpAndSettle timed out

When the exception was thrown, this was the stack:
#0      WidgetTester.pumpAndSettle.<anonymous closure> (package:flutter_test/src/widget_tester.dart:717:11)
<asynchronous suspension>
#1      TestAsyncUtils.guard.<anonymous closure> (package:flutter_test/src/test_async_utils.dart:130:27)
<asynchronous suspension>
#2      main.<anonymous closure>.<anonymous closure> (file:///Users/kcdacre8tor/%20everyday-christian/test/screens/home_screen_test.dart:27:7)
<asynchronous suspension>
#3      testWidgets.<anonymous closure>.<anonymous closure> (package:flutter_test/src/widget_tester.dart:192:15)
<asynchronous suspension>
#4      TestWidgetsFlutterBinding._runTestBody (package:flutter_test/src/binding.dart:1059:5)
<asynchronous suspension>
<asynchronous suspension>
(elided one frame from package:stack_trace)

The test description was:
  should render home screen with all main elements
════════════════════════════════════════════════════════════════════════════════════════════════════
00:20 +748 ~5 -99: /Users/kcdacre8tor/ everyday-christian/test/screens/home_screen_test.dart: HomeScreen Widget Tests should render home screen with all main elements [E]                             
  Test failed. See exception logs above.
  The test description was: should render home screen with all main elements
  

To run this test again: /Users/kcdacre8tor/flutter/bin/cache/dart-sdk/bin/dart test /Users/kcdacre8tor/ everyday-christian/test/screens/home_screen_test.dart -p vm --plain-name 'HomeScreen Widget Tests should render home screen with all main elements'
00:20 +749 ~5 -99: /Users/kcdacre8tor/ everyday-christian/test/screens/home_screen_test.dart: HomeScreen Widget Tests should display correct greeting based on time of day                             00:20 +750 ~5 -99: /Users/kcdacre8tor/ everyday-christian/test/screens/home_screen_test.dart: HomeScreen Widget Tests should display correct greeting based on time of day                             00:20 +751 ~5 -99: /Users/kcdacre8tor/ everyday-christian/test/screens/home_screen_test.dart: HomeScreen Widget Tests should display correct greeting based on time of day                             00:20 +752 ~5 -99: /Users/kcdacre8tor/ everyday-christian/test/screens/home_screen_test.dart: HomeScreen Widget Tests should display correct greeting based on time of day                             00:20 +753 ~5 -99: /Users/kcdacre8tor/ everyday-christian/test/screens/home_screen_test.dart: HomeScreen Widget Tests should display correct greeting based on time of day                             00:21 +753 ~5 -99: /Users/kcdacre8tor/ everyday-christian/test/screens/home_screen_test.dart: HomeScreen Widget Tests should display correct greeting based on time of day                             00:21 +754 ~5 -99: /Users/kcdacre8tor/ everyday-christian/test/screens/home_screen_test.dart: HomeScreen Widget Tests should display correct greeting based on time of day                             00:21 +755 ~5 -99: /Users/kcdacre8tor/ everyday-christian/test/screens/home_screen_test.dart: HomeScreen Widget Tests should display correct greeting based on time of day                             00:21 +756 ~5 -99: /Users/kcdacre8tor/ everyday-christian/test/screens/home_screen_test.dart: HomeScreen Widget Tests should display correct greeting based on time of day                             00:21 +757 ~5 -99: /Users/kcdacre8tor/ everyday-christian/test/screens/home_screen_test.dart: HomeScreen Widget Tests should display correct greeting based on time of day                             00:21 +758 ~5 -99: /Users/kcdacre8tor/ everyday-christian/test/screens/home_screen_test.dart: HomeScreen Widget Tests should display correct greeting based on time of day                             00:21 +759 ~5 -99: /Users/kcdacre8tor/ everyday-christian/test/screens/home_screen_test.dart: HomeScreen Widget Tests should display correct greeting based on time of day                             00:21 +759 ~5 -99: /Users/kcdacre8tor/ everyday-christian/test/reading_plan_progress_test.dart: ReadingPlanProgressService - Mark Day Complete/Incomplete should mark a day as complete                
ℹ️ [2025-10-17 18:19:41.265] [INFO   ] [DatabaseHelper] Initializing database at: :memory:
ℹ️ [2025-10-17 18:19:41.456] [INFO   ] [DatabaseHelper] Creating database schema v5
00:21 +760 ~5 -99: /Users/kcdacre8tor/ everyday-christian/test/screens/home_screen_test.dart: HomeScreen Widget Tests should display correct greeting based on time of day                             00:21 +760 ~5 -99: /Users/kcdacre8tor/ everyday-christian/test/reading_plan_progress_test.dart: ReadingPlanProgressService - Mark Day Complete/Incomplete should mark a day as complete                
ℹ️ [2025-10-17 18:19:41.520] [INFO   ] [DatabaseHelper] Database schema created successfully
📦 Running database migrations from v1 to v2
🔄 Migrating to schema v2...
  → Fixing favorite_verses foreign key...
  → Fixing daily_verses foreign key...
  → Fixing verse_bookmarks foreign key...
  → Removing duplicate column from prayer_categories...
  → Creating performance indexes...
  → Creating timestamp triggers...
✅ Schema v2 migration complete!
✅ Database integrity verified
✅ Database migrations complete!
00:22 +761 ~5 -100: /Users/kcdacre8tor/ everyday-christian/test/screens/home_screen_test.dart: HomeScreen Widget Tests should display correct greeting based on time of day                            00:22 +761 ~5 -100: /Users/kcdacre8tor/ everyday-christian/test/reading_plan_progress_test.dart: ReadingPlanProgressService - Mark Day Complete/Incomplete should mark a day as complete [E]           
  Binding has not yet been initialized.
  The "instance" getter on the ServicesBinding binding mixin is only available once that binding has been initialized.
  Typically, this is done by calling "WidgetsFlutterBinding.ensureInitialized()" or "runApp()" (the latter calls the former). Typically this call is done in the "void main()" method. The "ensureInitialized" method is idempotent; calling it multiple times is not harmful. After calling that method, the "instance" getter will return the binding.
  In a test, one can call "TestWidgetsFlutterBinding.ensureInitialized()" as the first line in the test's "main()" method to initialize the binding.
  If ServicesBinding is a custom binding mixin, there must also be a custom binding class, like WidgetsFlutterBinding, but that mixes in the selected binding, and that is the class that must be constructed before using the "instance" getter.
  package:flutter/src/foundation/binding.dart 314:9                                     BindingBase.checkInstance.<fn>
  package:flutter/src/foundation/binding.dart 401:6                                     BindingBase.checkInstance
  package:flutter/src/services/binding.dart 73:54                                       ServicesBinding.instance
  package:flutter/src/services/platform_channel.dart 179:25                             _findBinaryMessenger
  package:flutter/src/services/platform_channel.dart 320:56                             MethodChannel.binaryMessenger
  package:flutter/src/services/platform_channel.dart 360:17                             MethodChannel._invokeMethod
  package:flutter/src/services/platform_channel.dart 540:12                             MethodChannel.invokeMethod
  package:path_provider_platform_interface/src/method_channel_path_provider.dart 52:10  MethodChannelPathProvider.getApplicationDocumentsPath
  package:path_provider/path_provider.dart 121:40                                       getApplicationDocumentsDirectory
  package:everyday_christian/core/database/database_helper.dart 803:42                  DatabaseHelper.deleteDatabase
  package:everyday_christian/core/database/database_helper.dart 819:11                  DatabaseHelper.resetDatabase
  ===== asynchronous gap ===========================
  dart:async                                                                            _CustomZone.registerBinaryCallback
  test/reading_plan_progress_test.dart 42:5                                             main.<fn>
  

To run this test again: /Users/kcdacre8tor/flutter/bin/cache/dart-sdk/bin/dart test /Users/kcdacre8tor/ everyday-christian/test/reading_plan_progress_test.dart -p vm --plain-name 'ReadingPlanProgressService - Mark Day Complete/Incomplete should mark a day as complete'
00:22 +761 ~5 -100: /Users/kcdacre8tor/ everyday-christian/test/reading_plan_progress_test.dart: ReadingPlanProgressService - Mark Day Complete/Incomplete should mark a day as incomplete             
ℹ️ [2025-10-17 18:19:42.115] [INFO   ] [DatabaseHelper] Initializing database at: :memory:
ℹ️ [2025-10-17 18:19:42.122] [INFO   ] [DatabaseHelper] Creating database schema v5
00:22 +761 ~5 -100: /Users/kcdacre8tor/ everyday-christian/test/screens/home_screen_test.dart: HomeScreen Widget Tests should display correct greeting based on time of day                            00:22 +762 ~5 -100: /Users/kcdacre8tor/ everyday-christian/test/screens/home_screen_test.dart: HomeScreen Widget Tests should display correct greeting based on time of day                            00:22 +763 ~5 -100: /Users/kcdacre8tor/ everyday-christian/test/screens/home_screen_test.dart: HomeScreen Widget Tests should display correct greeting based on time of day                            00:22 +764 ~5 -100: /Users/kcdacre8tor/ everyday-christian/test/screens/home_screen_test.dart: HomeScreen Widget Tests should display correct greeting based on time of day                            00:22 +765 ~5 -100: /Users/kcdacre8tor/ everyday-christian/test/screens/home_screen_test.dart: HomeScreen Widget Tests should display correct greeting based on time of day                            00:22 +765 ~5 -100: /Users/kcdacre8tor/ everyday-christian/test/reading_plan_progress_test.dart: ReadingPlanProgressService - Mark Day Complete/Incomplete should mark a day as incomplete             
ℹ️ [2025-10-17 18:19:42.232] [INFO   ] [DatabaseHelper] Database schema created successfully
00:22 +766 ~5 -100: /Users/kcdacre8tor/ everyday-christian/test/screens/home_screen_test.dart: HomeScreen Widget Tests should display correct greeting based on time of day                            00:22 +766 ~5 -100: /Users/kcdacre8tor/ everyday-christian/test/reading_plan_progress_test.dart: ReadingPlanProgressService - Mark Day Complete/Incomplete should mark a day as incomplete             
📦 Running database migrations from v1 to v2
🔄 Migrating to schema v2...
  → Fixing favorite_verses foreign key...
00:22 +767 ~5 -100: /Users/kcdacre8tor/ everyday-christian/test/screens/home_screen_test.dart: HomeScreen Widget Tests should display correct greeting based on time of day                            00:22 +767 ~5 -100: /Users/kcdacre8tor/ everyday-christian/test/reading_plan_progress_test.dart: ReadingPlanProgressService - Mark Day Complete/Incomplete should mark a day as incomplete             
  → Fixing daily_verses foreign key...
00:22 +768 ~5 -100: /Users/kcdacre8tor/ everyday-christian/test/screens/home_screen_test.dart: HomeScreen Widget Tests should display correct greeting based on time of day                            00:22 +768 ~5 -100: /Users/kcdacre8tor/ everyday-christian/test/reading_plan_progress_test.dart: ReadingPlanProgressService - Mark Day Complete/Incomplete should mark a day as incomplete             
  → Fixing verse_bookmarks foreign key...
00:22 +769 ~5 -100: /Users/kcdacre8tor/ everyday-christian/test/screens/home_screen_test.dart: HomeScreen Widget Tests should display correct greeting based on time of day                            00:22 +769 ~5 -100: /Users/kcdacre8tor/ everyday-christian/test/reading_plan_progress_test.dart: ReadingPlanProgressService - Mark Day Complete/Incomplete should mark a day as incomplete             
  → Removing duplicate column from prayer_categories...
00:22 +770 ~5 -100: /Users/kcdacre8tor/ everyday-christian/test/screens/home_screen_test.dart: HomeScreen Widget Tests should display correct greeting based on time of day                            00:22 +770 ~5 -100: /Users/kcdacre8tor/ everyday-christian/test/reading_plan_progress_test.dart: ReadingPlanProgressService - Mark Day Complete/Incomplete should mark a day as incomplete             
  → Creating performance indexes...
00:22 +771 ~5 -100: /Users/kcdacre8tor/ everyday-christian/test/screens/home_screen_test.dart: HomeScreen Widget Tests should display correct greeting based on time of day                            00:22 +771 ~5 -100: /Users/kcdacre8tor/ everyday-christian/test/reading_plan_progress_test.dart: ReadingPlanProgressService - Mark Day Complete/Incomplete should mark a day as incomplete             
  → Creating timestamp triggers...
00:22 +772 ~5 -100: /Users/kcdacre8tor/ everyday-christian/test/screens/home_screen_test.dart: HomeScreen Widget Tests should display correct greeting based on time of day                            00:22 +772 ~5 -100: /Users/kcdacre8tor/ everyday-christian/test/reading_plan_progress_test.dart: ReadingPlanProgressService - Mark Day Complete/Incomplete should mark a day as incomplete             
✅ Schema v2 migration complete!
✅ Database integrity verified
00:22 +773 ~5 -100: /Users/kcdacre8tor/ everyday-christian/test/screens/home_screen_test.dart: HomeScreen Widget Tests should display correct greeting based on time of day                            00:22 +773 ~5 -100: /Users/kcdacre8tor/ everyday-christian/test/reading_plan_progress_test.dart: ReadingPlanProgressService - Mark Day Complete/Incomplete should mark a day as incomplete             
✅ Database migrations complete!
00:22 +774 ~5 -100: /Users/kcdacre8tor/ everyday-christian/test/screens/home_screen_test.dart: HomeScreen Widget Tests should display correct greeting based on time of day                            00:22 +775 ~5 -100: /Users/kcdacre8tor/ everyday-christian/test/screens/home_screen_test.dart: HomeScreen Widget Tests should display correct greeting based on time of day                            00:22 +776 ~5 -100: /Users/kcdacre8tor/ everyday-christian/test/screens/home_screen_test.dart: HomeScreen Widget Tests should display correct greeting based on time of day                            00:22 +777 ~5 -100: /Users/kcdacre8tor/ everyday-christian/test/screens/home_screen_test.dart: HomeScreen Widget Tests should display correct greeting based on time of day                            00:22 +778 ~5 -100: /Users/kcdacre8tor/ everyday-christian/test/screens/home_screen_test.dart: HomeScreen Widget Tests should display correct greeting based on time of day                            00:22 +779 ~5 -100: /Users/kcdacre8tor/ everyday-christian/test/screens/home_screen_test.dart: HomeScreen Widget Tests should display correct greeting based on time of day                            00:22 +780 ~5 -101: /Users/kcdacre8tor/ everyday-christian/test/screens/home_screen_test.dart: HomeScreen Widget Tests should display correct greeting based on time of day                            00:22 +781 ~5 -101: /Users/kcdacre8tor/ everyday-christian/test/screens/home_screen_test.dart: HomeScreen Widget Tests should display correct greeting based on time of day                            00:22 +781 ~5 -101: /Users/kcdacre8tor/ everyday-christian/test/reading_plan_progress_test.dart: ReadingPlanProgressService - Mark Day Complete/Incomplete should mark a day as incomplete [E]         
  Binding has not yet been initialized.
  The "instance" getter on the ServicesBinding binding mixin is only available once that binding has been initialized.
  Typically, this is done by calling "WidgetsFlutterBinding.ensureInitialized()" or "runApp()" (the latter calls the former). Typically this call is done in the "void main()" method. The "ensureInitialized" method is idempotent; calling it multiple times is not harmful. After calling that method, the "instance" getter will return the binding.
  In a test, one can call "TestWidgetsFlutterBinding.ensureInitialized()" as the first line in the test's "main()" method to initialize the binding.
  If ServicesBinding is a custom binding mixin, there must also be a custom binding class, like WidgetsFlutterBinding, but that mixes in the selected binding, and that is the class that must be constructed before using the "instance" getter.
  package:flutter/src/foundation/binding.dart 314:9                                     BindingBase.checkInstance.<fn>
  package:flutter/src/foundation/binding.dart 401:6                                     BindingBase.checkInstance
  package:flutter/src/services/binding.dart 73:54                                       ServicesBinding.instance
  package:flutter/src/services/platform_channel.dart 179:25                             _findBinaryMessenger
  package:flutter/src/services/platform_channel.dart 320:56                             MethodChannel.binaryMessenger
  package:flutter/src/services/platform_channel.dart 360:17                             MethodChannel._invokeMethod
  package:flutter/src/services/platform_channel.dart 540:12                             MethodChannel.invokeMethod
  package:path_provider_platform_interface/src/method_channel_path_provider.dart 52:10  MethodChannelPathProvider.getApplicationDocumentsPath
  package:path_provider/path_provider.dart 121:40                                       getApplicationDocumentsDirectory
  package:everyday_christian/core/database/database_helper.dart 803:42                  DatabaseHelper.deleteDatabase
  package:everyday_christian/core/database/database_helper.dart 819:11                  DatabaseHelper.resetDatabase
  ===== asynchronous gap ===========================
  dart:async                                                                            _CustomZone.registerBinaryCallback
  test/reading_plan_progress_test.dart 42:5                                             main.<fn>
  

To run this test again: /Users/kcdacre8tor/flutter/bin/cache/dart-sdk/bin/dart test /Users/kcdacre8tor/ everyday-christian/test/reading_plan_progress_test.dart -p vm --plain-name 'ReadingPlanProgressService - Mark Day Complete/Incomplete should mark a day as incomplete'
00:22 +782 ~5 -101: /Users/kcdacre8tor/ everyday-christian/test/screens/home_screen_test.dart: HomeScreen Widget Tests should display correct greeting based on time of day                            00:22 +782 ~5 -101: /Users/kcdacre8tor/ everyday-christian/test/reading_plan_progress_test.dart: ReadingPlanProgressService - Mark Day Complete/Incomplete should update plan progress when day is marked complete
ℹ️ [2025-10-17 18:19:42.297] [INFO   ] [DatabaseHelper] Initializing database at: :memory:
00:22 +783 ~5 -101: /Users/kcdacre8tor/ everyday-christian/test/screens/home_screen_test.dart: HomeScreen Widget Tests should display correct greeting based on time of day                            00:22 +784 ~5 -101: /Users/kcdacre8tor/ everyday-christian/test/screens/home_screen_test.dart: HomeScreen Widget Tests should display correct greeting based on time of day                            00:22 +784 ~5 -101: /Users/kcdacre8tor/ everyday-christian/test/reading_plan_progress_test.dart: ReadingPlanProgressService - Mark Day Complete/Incomplete should update plan progress when day is marked complete
ℹ️ [2025-10-17 18:19:42.303] [INFO   ] [DatabaseHelper] Creating database schema v5
00:22 +785 ~5 -101: /Users/kcdacre8tor/ everyday-christian/test/screens/home_screen_test.dart: HomeScreen Widget Tests should display correct greeting based on time of day                            00:22 +786 ~5 -101: /Users/kcdacre8tor/ everyday-christian/test/screens/home_screen_test.dart: HomeScreen Widget Tests should display correct greeting based on time of day                            00:22 +787 ~5 -101: /Users/kcdacre8tor/ everyday-christian/test/screens/home_screen_test.dart: HomeScreen Widget Tests should display correct greeting based on time of day                            00:22 +788 ~5 -101: /Users/kcdacre8tor/ everyday-christian/test/screens/home_screen_test.dart: HomeScreen Widget Tests should display correct greeting based on time of day                            00:22 +789 ~5 -101: /Users/kcdacre8tor/ everyday-christian/test/screens/home_screen_test.dart: HomeScreen Widget Tests should display correct greeting based on time of day                            00:22 +790 ~5 -101: /Users/kcdacre8tor/ everyday-christian/test/screens/home_screen_test.dart: HomeScreen Widget Tests should display correct greeting based on time of day                            00:22 +791 ~5 -101: /Users/kcdacre8tor/ everyday-christian/test/screens/home_screen_test.dart: HomeScreen Widget Tests should display correct greeting based on time of day                            00:22 +792 ~5 -101: /Users/kcdacre8tor/ everyday-christian/test/screens/home_screen_test.dart: HomeScreen Widget Tests should display correct greeting based on time of day                            00:22 +793 ~5 -101: /Users/kcdacre8tor/ everyday-christian/test/screens/home_screen_test.dart: HomeScreen Widget Tests should display correct greeting based on time of day                            00:22 +794 ~5 -101: /Users/kcdacre8tor/ everyday-christian/test/screens/home_screen_test.dart: HomeScreen Widget Tests should display correct greeting based on time of day                            00:22 +795 ~5 -101: /Users/kcdacre8tor/ everyday-christian/test/screens/home_screen_test.dart: HomeScreen Widget Tests should display correct greeting based on time of day                            00:22 +796 ~5 -101: /Users/kcdacre8tor/ everyday-christian/test/screens/home_screen_test.dart: HomeScreen Widget Tests should display correct greeting based on time of day                            00:22 +797 ~5 -101: /Users/kcdacre8tor/ everyday-christian/test/screens/home_screen_test.dart: HomeScreen Widget Tests should display correct greeting based on time of day                            00:22 +798 ~5 -101: /Users/kcdacre8tor/ everyday-christian/test/screens/home_screen_test.dart: HomeScreen Widget Tests should display correct greeting based on time of day                            00:22 +798 ~5 -101: /Users/kcdacre8tor/ everyday-christian/test/reading_plan_progress_test.dart: ReadingPlanProgressService - Mark Day Complete/Incomplete should update plan progress when day is marked complete
ℹ️ [2025-10-17 18:19:42.341] [INFO   ] [DatabaseHelper] Database schema created successfully
00:22 +799 ~5 -101: /Users/kcdacre8tor/ everyday-christian/test/screens/home_screen_test.dart: HomeScreen Widget Tests should display correct greeting based on time of day                            00:22 +799 ~5 -101: /Users/kcdacre8tor/ everyday-christian/test/reading_plan_progress_test.dart: ReadingPlanProgressService - Mark Day Complete/Incomplete should update plan progress when day is marked complete
📦 Running database migrations from v1 to v2
🔄 Migrating to schema v2...
00:22 +800 ~5 -101: /Users/kcdacre8tor/ everyday-christian/test/screens/home_screen_test.dart: HomeScreen Widget Tests should display correct greeting based on time of day                            00:22 +800 ~5 -101: /Users/kcdacre8tor/ everyday-christian/test/reading_plan_progress_test.dart: ReadingPlanProgressService - Mark Day Complete/Incomplete should update plan progress when day is marked complete
  → Fixing favorite_verses foreign key...
00:22 +800 ~5 -101: /Users/kcdacre8tor/ everyday-christian/test/screens/home_screen_test.dart: HomeScreen Widget Tests should display correct greeting based on time of day                            00:22 +801 ~5 -101: /Users/kcdacre8tor/ everyday-christian/test/screens/home_screen_test.dart: HomeScreen Widget Tests should display correct greeting based on time of day                            00:22 +801 ~5 -101: /Users/kcdacre8tor/ everyday-christian/test/reading_plan_progress_test.dart: ReadingPlanProgressService - Mark Day Complete/Incomplete should update plan progress when day is marked complete
  → Fixing daily_verses foreign key...
00:22 +802 ~5 -101: /Users/kcdacre8tor/ everyday-christian/test/screens/home_screen_test.dart: HomeScreen Widget Tests should display correct greeting based on time of day                            00:22 +802 ~5 -101: /Users/kcdacre8tor/ everyday-christian/test/reading_plan_progress_test.dart: ReadingPlanProgressService - Mark Day Complete/Incomplete should update plan progress when day is marked complete
  → Fixing verse_bookmarks foreign key...
00:22 +803 ~5 -101: /Users/kcdacre8tor/ everyday-christian/test/screens/home_screen_test.dart: HomeScreen Widget Tests should display correct greeting based on time of day                            00:22 +803 ~5 -101: /Users/kcdacre8tor/ everyday-christian/test/reading_plan_progress_test.dart: ReadingPlanProgressService - Mark Day Complete/Incomplete should update plan progress when day is marked complete
  → Removing duplicate column from prayer_categories...
00:22 +804 ~5 -101: /Users/kcdacre8tor/ everyday-christian/test/screens/home_screen_test.dart: HomeScreen Widget Tests should display correct greeting based on time of day                            00:22 +805 ~5 -101: /Users/kcdacre8tor/ everyday-christian/test/screens/home_screen_test.dart: HomeScreen Widget Tests should display correct greeting based on time of day                            00:22 +805 ~5 -101: /Users/kcdacre8tor/ everyday-christian/test/reading_plan_progress_test.dart: ReadingPlanProgressService - Mark Day Complete/Incomplete should update plan progress when day is marked complete
  → Creating performance indexes...
00:22 +806 ~5 -101: /Users/kcdacre8tor/ everyday-christian/test/screens/home_screen_test.dart: HomeScreen Widget Tests should display correct greeting based on time of day                            00:22 +807 ~5 -101: /Users/kcdacre8tor/ everyday-christian/test/screens/home_screen_test.dart: HomeScreen Widget Tests should display correct greeting based on time of day                            00:22 +808 ~5 -101: /Users/kcdacre8tor/ everyday-christian/test/screens/home_screen_test.dart: HomeScreen Widget Tests should display correct greeting based on time of day                            00:22 +808 ~5 -101: /Users/kcdacre8tor/ everyday-christian/test/reading_plan_progress_test.dart: ReadingPlanProgressService - Mark Day Complete/Incomplete should update plan progress when day is marked complete
  → Creating timestamp triggers...
✅ Schema v2 migration complete!
✅ Database integrity verified
✅ Database migrations complete!
00:22 +809 ~5 -101: /Users/kcdacre8tor/ everyday-christian/test/screens/home_screen_test.dart: HomeScreen Widget Tests should display correct greeting based on time of day                            00:22 +809 ~5 -101: /Users/kcdacre8tor/ everyday-christian/test/error/app_logger_test.dart: AppLogger should support all log levels                                                                    
🔍 [2025-10-17 18:19:42.423] [DEBUG  ] [test] Debug message
ℹ️ [2025-10-17 18:19:42.430] [INFO   ] [test] Info message
⚠️ [2025-10-17 18:19:42.433] [WARNING] [test] Warning message
❌ [2025-10-17 18:19:42.435] [ERROR  ] [test] Error message
💀 [2025-10-17 18:19:42.436] [FATAL  ] [test] Fatal message
00:22 +810 ~5 -101: /Users/kcdacre8tor/ everyday-christian/test/screens/home_screen_test.dart: HomeScreen Widget Tests should display correct greeting based on time of day                            00:22 +810 ~5 -101: /Users/kcdacre8tor/ everyday-christian/test/error/app_logger_test.dart: AppLogger should filter logs by level                                                                      
🔍 [2025-10-17 18:19:42.439] [DEBUG  ] Debug
ℹ️ [2025-10-17 18:19:42.439] [INFO   ] Info
⚠️ [2025-10-17 18:19:42.439] [WARNING] Warning
❌ [2025-10-17 18:19:42.440] [ERROR  ] Error
00:22 +811 ~5 -101: /Users/kcdacre8tor/ everyday-christian/test/screens/home_screen_test.dart: HomeScreen Widget Tests should display correct greeting based on time of day                            00:22 +811 ~5 -101: /Users/kcdacre8tor/ everyday-christian/test/error/app_logger_test.dart: AppLogger should limit recent logs count                                                                   
🔍 [2025-10-17 18:19:42.446] [DEBUG  ] Test 1
🔍 [2025-10-17 18:19:42.447] [DEBUG  ] Test 2
🔍 [2025-10-17 18:19:42.447] [DEBUG  ] Test 3
00:22 +811 ~5 -102: /Users/kcdacre8tor/ everyday-christian/test/error/app_logger_test.dart: AppLogger should limit recent logs count                                                                   
🔍 [2025-10-17 18:19:42.447] [DEBUG  ] Test 4
00:22 +812 ~5 -102: /Users/kcdacre8tor/ everyday-christian/test/screens/home_screen_test.dart: HomeScreen Widget Tests should display correct greeting based on time of day                            00:22 +812 ~5 -102: /Users/kcdacre8tor/ everyday-christian/test/reading_plan_progress_test.dart: ReadingPlanProgressService - Mark Day Complete/Incomplete should update plan progress when day is marked complete [E]
  Binding has not yet been initialized.
  The "instance" getter on the ServicesBinding binding mixin is only available once that binding has been initialized.
  Typically, this is done by calling "WidgetsFlutterBinding.ensureInitialized()" or "runApp()" (the latter calls the former). Typically this call is done in the "void main()" method. The "ensureInitialized" method is idempotent; calling it multiple times is not harmful. After calling that method, the "instance" getter will return the binding.
  In a test, one can call "TestWidgetsFlutterBinding.ensureInitialized()" as the first line in the test's "main()" method to initialize the binding.
  If ServicesBinding is a custom binding mixin, there must also be a custom binding class, like WidgetsFlutterBinding, but that mixes in the selected binding, and that is the class that must be constructed before using the "instance" getter.
  package:flutter/src/foundation/binding.dart 314:9                                     BindingBase.checkInstance.<fn>
  package:flutter/src/foundation/binding.dart 401:6                                     BindingBase.checkInstance
  package:flutter/src/services/binding.dart 73:54                                       ServicesBinding.instance
  package:flutter/src/services/platform_channel.dart 179:25                             _findBinaryMessenger
  package:flutter/src/services/platform_channel.dart 320:56                             MethodChannel.binaryMessenger
  package:flutter/src/services/platform_channel.dart 360:17                             MethodChannel._invokeMethod
  package:flutter/src/services/platform_channel.dart 540:12                             MethodChannel.invokeMethod
  package:path_provider_platform_interface/src/method_channel_path_provider.dart 52:10  MethodChannelPathProvider.getApplicationDocumentsPath
  package:path_provider/path_provider.dart 121:40                                       getApplicationDocumentsDirectory
  package:everyday_christian/core/database/database_helper.dart 803:42                  DatabaseHelper.deleteDatabase
  package:everyday_christian/core/database/database_helper.dart 819:11                  DatabaseHelper.resetDatabase
  ===== asynchronous gap ===========================
  dart:async                                                                            _CustomZone.registerBinaryCallback
  test/reading_plan_progress_test.dart 42:5                                             main.<fn>
  

To run this test again: /Users/kcdacre8tor/flutter/bin/cache/dart-sdk/bin/dart test /Users/kcdacre8tor/ everyday-christian/test/reading_plan_progress_test.dart -p vm --plain-name 'ReadingPlanProgressService - Mark Day Complete/Incomplete should update plan progress when day is marked complete'
00:22 +812 ~5 -102: /Users/kcdacre8tor/ everyday-christian/test/reading_plan_progress_test.dart: ReadingPlanProgressService - Progress Calculation should calculate correct progress percentage        
ℹ️ [2025-10-17 18:19:42.467] [INFO   ] [DatabaseHelper] Initializing database at: :memory:
00:22 +812 ~5 -102: /Users/kcdacre8tor/ everyday-christian/test/error/app_logger_test.dart: AppLogger should log with metadata                                                                         
ℹ️ [2025-10-17 18:19:42.468] [INFO   ] [test] Test message | metadata: {key1: value1, key2: 42}
00:22 +813 ~5 -102: /Users/kcdacre8tor/ everyday-christian/test/screens/home_screen_test.dart: HomeScreen Widget Tests should display correct greeting based on time of day                            00:22 +813 ~5 -102: /Users/kcdacre8tor/ everyday-christian/test/reading_plan_progress_test.dart: ReadingPlanProgressService - Progress Calculation should calculate correct progress percentage        
ℹ️ [2025-10-17 18:19:42.471] [INFO   ] [DatabaseHelper] Creating database schema v5
00:22 +813 ~5 -102: /Users/kcdacre8tor/ everyday-christian/test/error/app_logger_test.dart: AppLogger should log with stack trace                                                                      
❌ [2025-10-17 18:19:42.472] [ERROR  ] Error occurred
Stack trace:
#0      main.<anonymous closure>.<anonymous closure> (file:///Users/kcdacre8tor/%20everyday-christian/test/error/app_logger_test.dart:72:9)
#1      Declarer.test.<anonymous closure>.<anonymous closure> (package:test_api/src/backend/declarer.dart:242:19)
<asynchronous suspension>
#2      Declarer.test.<anonymous closure> (package:test_api/src/backend/declarer.dart:240:7)
<asynchronous suspension>
#3      Invoker._waitForOutstandingCallbacks.<anonymous closure> (package:test_api/src/backend/invoker.dart:282:9)
<asynchronous suspension>

00:22 +814 ~5 -102: /Users/kcdacre8tor/ everyday-christian/test/screens/home_screen_test.dart: HomeScreen Widget Tests should display correct greeting based on time of day                            00:22 +815 ~5 -102: /Users/kcdacre8tor/ everyday-christian/test/screens/home_screen_test.dart: HomeScreen Widget Tests should display correct greeting based on time of day                            00:22 +815 ~5 -102: /Users/kcdacre8tor/ everyday-christian/test/error/app_logger_test.dart: AppLogger should stream log entries                                                                        
ℹ️ [2025-10-17 18:19:42.480] [INFO   ] Stream test 1
ℹ️ [2025-10-17 18:19:42.480] [INFO   ] Stream test 2
00:22 +815 ~5 -102: /Users/kcdacre8tor/ everyday-christian/test/reading_plan_progress_test.dart: ReadingPlanProgressService - Progress Calculation should calculate correct progress percentage        
ℹ️ [2025-10-17 18:19:42.491] [INFO   ] [DatabaseHelper] Database schema created successfully
📦 Running database migrations from v1 to v2
🔄 Migrating to schema v2...
  → Fixing favorite_verses foreign key...
  → Fixing daily_verses foreign key...
  → Fixing verse_bookmarks foreign key...
  → Removing duplicate column from prayer_categories...
  → Creating performance indexes...
  → Creating timestamp triggers...
✅ Schema v2 migration complete!
✅ Database integrity verified
✅ Database migrations complete!
00:22 +816 ~5 -102: /Users/kcdacre8tor/ everyday-christian/test/screens/home_screen_test.dart: HomeScreen Widget Tests should display correct greeting based on time of day                            00:22 +816 ~5 -103: /Users/kcdacre8tor/ everyday-christian/test/reading_plan_progress_test.dart: ReadingPlanProgressService - Progress Calculation should calculate correct progress percentage [E]    
  Binding has not yet been initialized.
  The "instance" getter on the ServicesBinding binding mixin is only available once that binding has been initialized.
  Typically, this is done by calling "WidgetsFlutterBinding.ensureInitialized()" or "runApp()" (the latter calls the former). Typically this call is done in the "void main()" method. The "ensureInitialized" method is idempotent; calling it multiple times is not harmful. After calling that method, the "instance" getter will return the binding.
  In a test, one can call "TestWidgetsFlutterBinding.ensureInitialized()" as the first line in the test's "main()" method to initialize the binding.
  If ServicesBinding is a custom binding mixin, there must also be a custom binding class, like WidgetsFlutterBinding, but that mixes in the selected binding, and that is the class that must be constructed before using the "instance" getter.
  package:flutter/src/foundation/binding.dart 314:9                                     BindingBase.checkInstance.<fn>
  package:flutter/src/foundation/binding.dart 401:6                                     BindingBase.checkInstance
  package:flutter/src/services/binding.dart 73:54                                       ServicesBinding.instance
  package:flutter/src/services/platform_channel.dart 179:25                             _findBinaryMessenger
  package:flutter/src/services/platform_channel.dart 320:56                             MethodChannel.binaryMessenger
  package:flutter/src/services/platform_channel.dart 360:17                             MethodChannel._invokeMethod
  package:flutter/src/services/platform_channel.dart 540:12                             MethodChannel.invokeMethod
  package:path_provider_platform_interface/src/method_channel_path_provider.dart 52:10  MethodChannelPathProvider.getApplicationDocumentsPath
  package:path_provider/path_provider.dart 121:40                                       getApplicationDocumentsDirectory
  package:everyday_christian/core/database/database_helper.dart 803:42                  DatabaseHelper.deleteDatabase
  package:everyday_christian/core/database/database_helper.dart 819:11                  DatabaseHelper.resetDatabase
  ===== asynchronous gap ===========================
  dart:async                                                                            _CustomZone.registerBinaryCallback
  test/reading_plan_progress_test.dart 42:5                                             main.<fn>
  

To run this test again: /Users/kcdacre8tor/flutter/bin/cache/dart-sdk/bin/dart test /Users/kcdacre8tor/ everyday-christian/test/reading_plan_progress_test.dart -p vm --plain-name 'ReadingPlanProgressService - Progress Calculation should calculate correct progress percentage'
00:22 +816 ~5 -103: /Users/kcdacre8tor/ everyday-christian/test/reading_plan_progress_test.dart: ReadingPlanProgressService - Progress Calculation should return 0% for plan with no completions       
ℹ️ [2025-10-17 18:19:42.523] [INFO   ] [DatabaseHelper] Initializing database at: :memory:
ℹ️ [2025-10-17 18:19:42.525] [INFO   ] [DatabaseHelper] Creating database schema v5
ℹ️ [2025-10-17 18:19:42.539] [INFO   ] [DatabaseHelper] Database schema created successfully
📦 Running database migrations from v1 to v2
🔄 Migrating to schema v2...
  → Fixing favorite_verses foreign key...
  → Fixing daily_verses foreign key...
  → Fixing verse_bookmarks foreign key...
  → Removing duplicate column from prayer_categories...
  → Creating performance indexes...
  → Creating timestamp triggers...
✅ Schema v2 migration complete!
✅ Database integrity verified
✅ Database migrations complete!
00:22 +816 ~5 -104: /Users/kcdacre8tor/ everyday-christian/test/reading_plan_progress_test.dart: ReadingPlanProgressService - Progress Calculation should return 0% for plan with no completions [E]   
  Binding has not yet been initialized.
  The "instance" getter on the ServicesBinding binding mixin is only available once that binding has been initialized.
  Typically, this is done by calling "WidgetsFlutterBinding.ensureInitialized()" or "runApp()" (the latter calls the former). Typically this call is done in the "void main()" method. The "ensureInitialized" method is idempotent; calling it multiple times is not harmful. After calling that method, the "instance" getter will return the binding.
  In a test, one can call "TestWidgetsFlutterBinding.ensureInitialized()" as the first line in the test's "main()" method to initialize the binding.
  If ServicesBinding is a custom binding mixin, there must also be a custom binding class, like WidgetsFlutterBinding, but that mixes in the selected binding, and that is the class that must be constructed before using the "instance" getter.
  package:flutter/src/foundation/binding.dart 314:9                                     BindingBase.checkInstance.<fn>
  package:flutter/src/foundation/binding.dart 401:6                                     BindingBase.checkInstance
  package:flutter/src/services/binding.dart 73:54                                       ServicesBinding.instance
  package:flutter/src/services/platform_channel.dart 179:25                             _findBinaryMessenger
  package:flutter/src/services/platform_channel.dart 320:56                             MethodChannel.binaryMessenger
  package:flutter/src/services/platform_channel.dart 360:17                             MethodChannel._invokeMethod
  package:flutter/src/services/platform_channel.dart 540:12                             MethodChannel.invokeMethod
  package:path_provider_platform_interface/src/method_channel_path_provider.dart 52:10  MethodChannelPathProvider.getApplicationDocumentsPath
  package:path_provider/path_provider.dart 121:40                                       getApplicationDocumentsDirectory
  package:everyday_christian/core/database/database_helper.dart 803:42                  DatabaseHelper.deleteDatabase
  package:everyday_christian/core/database/database_helper.dart 819:11                  DatabaseHelper.resetDatabase
  ===== asynchronous gap ===========================
  dart:async                                                                            _CustomZone.registerBinaryCallback
  test/reading_plan_progress_test.dart 42:5                                             main.<fn>
  

To run this test again: /Users/kcdacre8tor/flutter/bin/cache/dart-sdk/bin/dart test /Users/kcdacre8tor/ everyday-christian/test/reading_plan_progress_test.dart -p vm --plain-name 'ReadingPlanProgressService - Progress Calculation should return 0% for plan with no completions'
00:22 +816 ~5 -104: /Users/kcdacre8tor/ everyday-christian/test/reading_plan_progress_test.dart: ReadingPlanProgressService - Progress Calculation should return 100% for fully completed plan         
ℹ️ [2025-10-17 18:19:42.564] [INFO   ] [DatabaseHelper] Initializing database at: :memory:
ℹ️ [2025-10-17 18:19:42.566] [INFO   ] [DatabaseHelper] Creating database schema v5
ℹ️ [2025-10-17 18:19:42.577] [INFO   ] [DatabaseHelper] Database schema created successfully
📦 Running database migrations from v1 to v2
🔄 Migrating to schema v2...
  → Fixing favorite_verses foreign key...
  → Fixing daily_verses foreign key...
  → Fixing verse_bookmarks foreign key...
  → Removing duplicate column from prayer_categories...
00:22 +817 ~5 -104: /Users/kcdacre8tor/ everyday-christian/test/screens/home_screen_test.dart: HomeScreen Widget Tests should display correct greeting based on time of day                            00:22 +817 ~5 -104: /Users/kcdacre8tor/ everyday-christian/test/reading_plan_progress_test.dart: ReadingPlanProgressService - Progress Calculation should return 100% for fully completed plan         
  → Creating performance indexes...
00:22 +818 ~5 -104: /Users/kcdacre8tor/ everyday-christian/test/screens/home_screen_test.dart: HomeScreen Widget Tests should display correct greeting based on time of day                            00:23 +818 ~5 -104: /Users/kcdacre8tor/ everyday-christian/test/screens/home_screen_test.dart: HomeScreen Widget Tests should display correct greeting based on time of day                            00:23 +818 ~5 -104: /Users/kcdacre8tor/ everyday-christian/test/reading_plan_progress_test.dart: ReadingPlanProgressService - Progress Calculation should return 100% for fully completed plan         
  → Creating timestamp triggers...
✅ Schema v2 migration complete!
✅ Database integrity verified
✅ Database migrations complete!
00:23 +818 ~5 -105: /Users/kcdacre8tor/ everyday-christian/test/reading_plan_progress_test.dart: ReadingPlanProgressService - Progress Calculation should return 100% for fully completed plan [E]     
  Binding has not yet been initialized.
  The "instance" getter on the ServicesBinding binding mixin is only available once that binding has been initialized.
  Typically, this is done by calling "WidgetsFlutterBinding.ensureInitialized()" or "runApp()" (the latter calls the former). Typically this call is done in the "void main()" method. The "ensureInitialized" method is idempotent; calling it multiple times is not harmful. After calling that method, the "instance" getter will return the binding.
  In a test, one can call "TestWidgetsFlutterBinding.ensureInitialized()" as the first line in the test's "main()" method to initialize the binding.
  If ServicesBinding is a custom binding mixin, there must also be a custom binding class, like WidgetsFlutterBinding, but that mixes in the selected binding, and that is the class that must be constructed before using the "instance" getter.
  package:flutter/src/foundation/binding.dart 314:9                                     BindingBase.checkInstance.<fn>
  package:flutter/src/foundation/binding.dart 401:6                                     BindingBase.checkInstance
  package:flutter/src/services/binding.dart 73:54                                       ServicesBinding.instance
  package:flutter/src/services/platform_channel.dart 179:25                             _findBinaryMessenger
  package:flutter/src/services/platform_channel.dart 320:56                             MethodChannel.binaryMessenger
  package:flutter/src/services/platform_channel.dart 360:17                             MethodChannel._invokeMethod
  package:flutter/src/services/platform_channel.dart 540:12                             MethodChannel.invokeMethod
  package:path_provider_platform_interface/src/method_channel_path_provider.dart 52:10  MethodChannelPathProvider.getApplicationDocumentsPath
  package:path_provider/path_provider.dart 121:40                                       getApplicationDocumentsDirectory
  package:everyday_christian/core/database/database_helper.dart 803:42                  DatabaseHelper.deleteDatabase
  package:everyday_christian/core/database/database_helper.dart 819:11                  DatabaseHelper.resetDatabase
  ===== asynchronous gap ===========================
  dart:async                                                                            _CustomZone.registerBinaryCallback
  test/reading_plan_progress_test.dart 42:5                                             main.<fn>
  

To run this test again: /Users/kcdacre8tor/flutter/bin/cache/dart-sdk/bin/dart test /Users/kcdacre8tor/ everyday-christian/test/reading_plan_progress_test.dart -p vm --plain-name 'ReadingPlanProgressService - Progress Calculation should return 100% for fully completed plan'
00:23 +818 ~5 -105: /Users/kcdacre8tor/ everyday-christian/test/reading_plan_progress_test.dart: ReadingPlanProgressService - Current Day should return day 1 for newly started plan                   
ℹ️ [2025-10-17 18:19:42.608] [INFO   ] [DatabaseHelper] Initializing database at: :memory:
ℹ️ [2025-10-17 18:19:42.610] [INFO   ] [DatabaseHelper] Creating database schema v5
ℹ️ [2025-10-17 18:19:42.625] [INFO   ] [DatabaseHelper] Database schema created successfully
📦 Running database migrations from v1 to v2
🔄 Migrating to schema v2...
  → Fixing favorite_verses foreign key...
  → Fixing daily_verses foreign key...
  → Fixing verse_bookmarks foreign key...
  → Removing duplicate column from prayer_categories...
  → Creating performance indexes...
  → Creating timestamp triggers...
00:23 +819 ~5 -105: /Users/kcdacre8tor/ everyday-christian/test/screens/home_screen_test.dart: HomeScreen Widget Tests should display correct greeting based on time of day                            00:23 +819 ~5 -105: /Users/kcdacre8tor/ everyday-christian/test/reading_plan_progress_test.dart: ReadingPlanProgressService - Current Day should return day 1 for newly started plan                   
✅ Schema v2 migration complete!
✅ Database integrity verified
✅ Database migrations complete!
00:23 +819 ~5 -106: /Users/kcdacre8tor/ everyday-christian/test/reading_plan_progress_test.dart: ReadingPlanProgressService - Current Day should return day 1 for newly started plan [E]               
  Binding has not yet been initialized.
  The "instance" getter on the ServicesBinding binding mixin is only available once that binding has been initialized.
  Typically, this is done by calling "WidgetsFlutterBinding.ensureInitialized()" or "runApp()" (the latter calls the former). Typically this call is done in the "void main()" method. The "ensureInitialized" method is idempotent; calling it multiple times is not harmful. After calling that method, the "instance" getter will return the binding.
  In a test, one can call "TestWidgetsFlutterBinding.ensureInitialized()" as the first line in the test's "main()" method to initialize the binding.
  If ServicesBinding is a custom binding mixin, there must also be a custom binding class, like WidgetsFlutterBinding, but that mixes in the selected binding, and that is the class that must be constructed before using the "instance" getter.
  package:flutter/src/foundation/binding.dart 314:9                                     BindingBase.checkInstance.<fn>
  package:flutter/src/foundation/binding.dart 401:6                                     BindingBase.checkInstance
  package:flutter/src/services/binding.dart 73:54                                       ServicesBinding.instance
  package:flutter/src/services/platform_channel.dart 179:25                             _findBinaryMessenger
  package:flutter/src/services/platform_channel.dart 320:56                             MethodChannel.binaryMessenger
  package:flutter/src/services/platform_channel.dart 360:17                             MethodChannel._invokeMethod
  package:flutter/src/services/platform_channel.dart 540:12                             MethodChannel.invokeMethod
  package:path_provider_platform_interface/src/method_channel_path_provider.dart 52:10  MethodChannelPathProvider.getApplicationDocumentsPath
  package:path_provider/path_provider.dart 121:40                                       getApplicationDocumentsDirectory
  package:everyday_christian/core/database/database_helper.dart 803:42                  DatabaseHelper.deleteDatabase
  package:everyday_christian/core/database/database_helper.dart 819:11                  DatabaseHelper.resetDatabase
  ===== asynchronous gap ===========================
  dart:async                                                                            _CustomZone.registerBinaryCallback
  test/reading_plan_progress_test.dart 42:5                                             main.<fn>
  

To run this test again: /Users/kcdacre8tor/flutter/bin/cache/dart-sdk/bin/dart test /Users/kcdacre8tor/ everyday-christian/test/reading_plan_progress_test.dart -p vm --plain-name 'ReadingPlanProgressService - Current Day should return day 1 for newly started plan'
00:23 +819 ~5 -106: /Users/kcdacre8tor/ everyday-christian/test/reading_plan_progress_test.dart: ReadingPlanProgressService - Current Day should return 1 for plan without start date                  
ℹ️ [2025-10-17 18:19:42.649] [INFO   ] [DatabaseHelper] Initializing database at: :memory:
ℹ️ [2025-10-17 18:19:42.651] [INFO   ] [DatabaseHelper] Creating database schema v5
ℹ️ [2025-10-17 18:19:42.668] [INFO   ] [DatabaseHelper] Database schema created successfully
📦 Running database migrations from v1 to v2
🔄 Migrating to schema v2...
  → Fixing favorite_verses foreign key...
  → Fixing daily_verses foreign key...
  → Fixing verse_bookmarks foreign key...
  → Removing duplicate column from prayer_categories...
  → Creating performance indexes...
  → Creating timestamp triggers...
✅ Schema v2 migration complete!
✅ Database integrity verified
✅ Database migrations complete!
00:23 +819 ~5 -107: /Users/kcdacre8tor/ everyday-christian/test/reading_plan_progress_test.dart: ReadingPlanProgressService - Current Day should return 1 for plan without start date [E]              
  Binding has not yet been initialized.
  The "instance" getter on the ServicesBinding binding mixin is only available once that binding has been initialized.
  Typically, this is done by calling "WidgetsFlutterBinding.ensureInitialized()" or "runApp()" (the latter calls the former). Typically this call is done in the "void main()" method. The "ensureInitialized" method is idempotent; calling it multiple times is not harmful. After calling that method, the "instance" getter will return the binding.
  In a test, one can call "TestWidgetsFlutterBinding.ensureInitialized()" as the first line in the test's "main()" method to initialize the binding.
  If ServicesBinding is a custom binding mixin, there must also be a custom binding class, like WidgetsFlutterBinding, but that mixes in the selected binding, and that is the class that must be constructed before using the "instance" getter.
  package:flutter/src/foundation/binding.dart 314:9                                     BindingBase.checkInstance.<fn>
  package:flutter/src/foundation/binding.dart 401:6                                     BindingBase.checkInstance
  package:flutter/src/services/binding.dart 73:54                                       ServicesBinding.instance
  package:flutter/src/services/platform_channel.dart 179:25                             _findBinaryMessenger
  package:flutter/src/services/platform_channel.dart 320:56                             MethodChannel.binaryMessenger
  package:flutter/src/services/platform_channel.dart 360:17                             MethodChannel._invokeMethod
  package:flutter/src/services/platform_channel.dart 540:12                             MethodChannel.invokeMethod
  package:path_provider_platform_interface/src/method_channel_path_provider.dart 52:10  MethodChannelPathProvider.getApplicationDocumentsPath
  package:path_provider/path_provider.dart 121:40                                       getApplicationDocumentsDirectory
  package:everyday_christian/core/database/database_helper.dart 803:42                  DatabaseHelper.deleteDatabase
  package:everyday_christian/core/database/database_helper.dart 819:11                  DatabaseHelper.resetDatabase
  ===== asynchronous gap ===========================
  dart:async                                                                            _CustomZone.registerBinaryCallback
  test/reading_plan_progress_test.dart 42:5                                             main.<fn>
  

To run this test again: /Users/kcdacre8tor/flutter/bin/cache/dart-sdk/bin/dart test /Users/kcdacre8tor/ everyday-christian/test/reading_plan_progress_test.dart -p vm --plain-name 'ReadingPlanProgressService - Current Day should return 1 for plan without start date'
00:23 +819 ~5 -107: /Users/kcdacre8tor/ everyday-christian/test/reading_plan_progress_test.dart: ReadingPlanProgressService - Reset Plan should reset all progress when plan is reset                  
ℹ️ [2025-10-17 18:19:42.691] [INFO   ] [DatabaseHelper] Initializing database at: :memory:
ℹ️ [2025-10-17 18:19:42.693] [INFO   ] [DatabaseHelper] Creating database schema v5
ℹ️ [2025-10-17 18:19:42.709] [INFO   ] [DatabaseHelper] Database schema created successfully
📦 Running database migrations from v1 to v2
🔄 Migrating to schema v2...
  → Fixing favorite_verses foreign key...
  → Fixing daily_verses foreign key...
00:23 +820 ~5 -107: /Users/kcdacre8tor/ everyday-christian/test/screens/home_screen_test.dart: HomeScreen Widget Tests should display correct greeting based on time of day                            00:23 +820 ~5 -107: /Users/kcdacre8tor/ everyday-christian/test/reading_plan_progress_test.dart: ReadingPlanProgressService - Reset Plan should reset all progress when plan is reset                  
  → Fixing verse_bookmarks foreign key...
  → Removing duplicate column from prayer_categories...
  → Creating performance indexes...
  → Creating timestamp triggers...
✅ Schema v2 migration complete!
✅ Database integrity verified
✅ Database migrations complete!
00:23 +820 ~5 -108: /Users/kcdacre8tor/ everyday-christian/test/reading_plan_progress_test.dart: ReadingPlanProgressService - Reset Plan should reset all progress when plan is reset [E]              
  Binding has not yet been initialized.
  The "instance" getter on the ServicesBinding binding mixin is only available once that binding has been initialized.
  Typically, this is done by calling "WidgetsFlutterBinding.ensureInitialized()" or "runApp()" (the latter calls the former). Typically this call is done in the "void main()" method. The "ensureInitialized" method is idempotent; calling it multiple times is not harmful. After calling that method, the "instance" getter will return the binding.
  In a test, one can call "TestWidgetsFlutterBinding.ensureInitialized()" as the first line in the test's "main()" method to initialize the binding.
  If ServicesBinding is a custom binding mixin, there must also be a custom binding class, like WidgetsFlutterBinding, but that mixes in the selected binding, and that is the class that must be constructed before using the "instance" getter.
  package:flutter/src/foundation/binding.dart 314:9                                     BindingBase.checkInstance.<fn>
  package:flutter/src/foundation/binding.dart 401:6                                     BindingBase.checkInstance
  package:flutter/src/services/binding.dart 73:54                                       ServicesBinding.instance
  package:flutter/src/services/platform_channel.dart 179:25                             _findBinaryMessenger
  package:flutter/src/services/platform_channel.dart 320:56                             MethodChannel.binaryMessenger
  package:flutter/src/services/platform_channel.dart 360:17                             MethodChannel._invokeMethod
  package:flutter/src/services/platform_channel.dart 540:12                             MethodChannel.invokeMethod
  package:path_provider_platform_interface/src/method_channel_path_provider.dart 52:10  MethodChannelPathProvider.getApplicationDocumentsPath
  package:path_provider/path_provider.dart 121:40                                       getApplicationDocumentsDirectory
  package:everyday_christian/core/database/database_helper.dart 803:42                  DatabaseHelper.deleteDatabase
  package:everyday_christian/core/database/database_helper.dart 819:11                  DatabaseHelper.resetDatabase
  ===== asynchronous gap ===========================
  dart:async                                                                            _CustomZone.registerBinaryCallback
  test/reading_plan_progress_test.dart 42:5                                             main.<fn>
  

To run this test again: /Users/kcdacre8tor/flutter/bin/cache/dart-sdk/bin/dart test /Users/kcdacre8tor/ everyday-christian/test/reading_plan_progress_test.dart -p vm --plain-name 'ReadingPlanProgressService - Reset Plan should reset all progress when plan is reset'
00:23 +820 ~5 -108: /Users/kcdacre8tor/ everyday-christian/test/reading_plan_progress_test.dart: ReadingPlanProgressService - Reset Plan should mark plan as not started after reset                   
ℹ️ [2025-10-17 18:19:42.754] [INFO   ] [DatabaseHelper] Initializing database at: :memory:
ℹ️ [2025-10-17 18:19:42.757] [INFO   ] [DatabaseHelper] Creating database schema v5
ℹ️ [2025-10-17 18:19:42.788] [INFO   ] [DatabaseHelper] Database schema created successfully
📦 Running database migrations from v1 to v2
🔄 Migrating to schema v2...
  → Fixing favorite_verses foreign key...
  → Fixing daily_verses foreign key...
  → Fixing verse_bookmarks foreign key...
  → Removing duplicate column from prayer_categories...
  → Creating performance indexes...
  → Creating timestamp triggers...
✅ Schema v2 migration complete!
✅ Database integrity verified
✅ Database migrations complete!
00:23 +820 ~5 -109: /Users/kcdacre8tor/ everyday-christian/test/reading_plan_progress_test.dart: ReadingPlanProgressService - Reset Plan should mark plan as not started after reset [E]               
  Binding has not yet been initialized.
  The "instance" getter on the ServicesBinding binding mixin is only available once that binding has been initialized.
  Typically, this is done by calling "WidgetsFlutterBinding.ensureInitialized()" or "runApp()" (the latter calls the former). Typically this call is done in the "void main()" method. The "ensureInitialized" method is idempotent; calling it multiple times is not harmful. After calling that method, the "instance" getter will return the binding.
  In a test, one can call "TestWidgetsFlutterBinding.ensureInitialized()" as the first line in the test's "main()" method to initialize the binding.
  If ServicesBinding is a custom binding mixin, there must also be a custom binding class, like WidgetsFlutterBinding, but that mixes in the selected binding, and that is the class that must be constructed before using the "instance" getter.
  package:flutter/src/foundation/binding.dart 314:9                                     BindingBase.checkInstance.<fn>
  package:flutter/src/foundation/binding.dart 401:6                                     BindingBase.checkInstance
  package:flutter/src/services/binding.dart 73:54                                       ServicesBinding.instance
  package:flutter/src/services/platform_channel.dart 179:25                             _findBinaryMessenger
  package:flutter/src/services/platform_channel.dart 320:56                             MethodChannel.binaryMessenger
  package:flutter/src/services/platform_channel.dart 360:17                             MethodChannel._invokeMethod
  package:flutter/src/services/platform_channel.dart 540:12                             MethodChannel.invokeMethod
  package:path_provider_platform_interface/src/method_channel_path_provider.dart 52:10  MethodChannelPathProvider.getApplicationDocumentsPath
  package:path_provider/path_provider.dart 121:40                                       getApplicationDocumentsDirectory
  package:everyday_christian/core/database/database_helper.dart 803:42                  DatabaseHelper.deleteDatabase
  package:everyday_christian/core/database/database_helper.dart 819:11                  DatabaseHelper.resetDatabase
  ===== asynchronous gap ===========================
  dart:async                                                                            _CustomZone.registerBinaryCallback
  test/reading_plan_progress_test.dart 42:5                                             main.<fn>
  

To run this test again: /Users/kcdacre8tor/flutter/bin/cache/dart-sdk/bin/dart test /Users/kcdacre8tor/ everyday-christian/test/reading_plan_progress_test.dart -p vm --plain-name 'ReadingPlanProgressService - Reset Plan should mark plan as not started after reset'
00:23 +820 ~5 -109: /Users/kcdacre8tor/ everyday-christian/test/reading_plan_progress_test.dart: ReadingPlanProgressService - Completed/Incomplete Readings should retrieve completed readings         
ℹ️ [2025-10-17 18:19:42.822] [INFO   ] [DatabaseHelper] Initializing database at: :memory:
ℹ️ [2025-10-17 18:19:42.825] [INFO   ] [DatabaseHelper] Creating database schema v5
00:23 +821 ~5 -109: /Users/kcdacre8tor/ everyday-christian/test/screens/home_screen_test.dart: HomeScreen Widget Tests should display correct greeting based on time of day                            00:23 +821 ~5 -109: /Users/kcdacre8tor/ everyday-christian/test/reading_plan_progress_test.dart: ReadingPlanProgressService - Completed/Incomplete Readings should retrieve completed readings         
ℹ️ [2025-10-17 18:19:42.836] [INFO   ] [DatabaseHelper] Database schema created successfully
📦 Running database migrations from v1 to v2
🔄 Migrating to schema v2...
  → Fixing favorite_verses foreign key...
  → Fixing daily_verses foreign key...
  → Fixing verse_bookmarks foreign key...
  → Removing duplicate column from prayer_categories...
  → Creating performance indexes...
  → Creating timestamp triggers...
✅ Schema v2 migration complete!
✅ Database integrity verified
✅ Database migrations complete!
00:23 +821 ~5 -110: /Users/kcdacre8tor/ everyday-christian/test/reading_plan_progress_test.dart: ReadingPlanProgressService - Completed/Incomplete Readings should retrieve completed readings [E]     
  Binding has not yet been initialized.
  The "instance" getter on the ServicesBinding binding mixin is only available once that binding has been initialized.
  Typically, this is done by calling "WidgetsFlutterBinding.ensureInitialized()" or "runApp()" (the latter calls the former). Typically this call is done in the "void main()" method. The "ensureInitialized" method is idempotent; calling it multiple times is not harmful. After calling that method, the "instance" getter will return the binding.
  In a test, one can call "TestWidgetsFlutterBinding.ensureInitialized()" as the first line in the test's "main()" method to initialize the binding.
  If ServicesBinding is a custom binding mixin, there must also be a custom binding class, like WidgetsFlutterBinding, but that mixes in the selected binding, and that is the class that must be constructed before using the "instance" getter.
  package:flutter/src/foundation/binding.dart 314:9                                     BindingBase.checkInstance.<fn>
  package:flutter/src/foundation/binding.dart 401:6                                     BindingBase.checkInstance
  package:flutter/src/services/binding.dart 73:54                                       ServicesBinding.instance
  package:flutter/src/services/platform_channel.dart 179:25                             _findBinaryMessenger
  package:flutter/src/services/platform_channel.dart 320:56                             MethodChannel.binaryMessenger
  package:flutter/src/services/platform_channel.dart 360:17                             MethodChannel._invokeMethod
  package:flutter/src/services/platform_channel.dart 540:12                             MethodChannel.invokeMethod
  package:path_provider_platform_interface/src/method_channel_path_provider.dart 52:10  MethodChannelPathProvider.getApplicationDocumentsPath
  package:path_provider/path_provider.dart 121:40                                       getApplicationDocumentsDirectory
  package:everyday_christian/core/database/database_helper.dart 803:42                  DatabaseHelper.deleteDatabase
  package:everyday_christian/core/database/database_helper.dart 819:11                  DatabaseHelper.resetDatabase
  ===== asynchronous gap ===========================
  dart:async                                                                            _CustomZone.registerBinaryCallback
  test/reading_plan_progress_test.dart 42:5                                             main.<fn>
  

To run this test again: /Users/kcdacre8tor/flutter/bin/cache/dart-sdk/bin/dart test /Users/kcdacre8tor/ everyday-christian/test/reading_plan_progress_test.dart -p vm --plain-name 'ReadingPlanProgressService - Completed/Incomplete Readings should retrieve completed readings'
00:23 +821 ~5 -110: /Users/kcdacre8tor/ everyday-christian/test/reading_plan_progress_test.dart: ReadingPlanProgressService - Completed/Incomplete Readings should retrieve incomplete readings        
ℹ️ [2025-10-17 18:19:42.871] [INFO   ] [DatabaseHelper] Initializing database at: :memory:
ℹ️ [2025-10-17 18:19:42.873] [INFO   ] [DatabaseHelper] Creating database schema v5
ℹ️ [2025-10-17 18:19:42.891] [INFO   ] [DatabaseHelper] Database schema created successfully
📦 Running database migrations from v1 to v2
🔄 Migrating to schema v2...
  → Fixing favorite_verses foreign key...
  → Fixing daily_verses foreign key...
  → Fixing verse_bookmarks foreign key...
  → Removing duplicate column from prayer_categories...
  → Creating performance indexes...
  → Creating timestamp triggers...
✅ Schema v2 migration complete!
✅ Database integrity verified
✅ Database migrations complete!
00:23 +821 ~5 -111: /Users/kcdacre8tor/ everyday-christian/test/reading_plan_progress_test.dart: ReadingPlanProgressService - Completed/Incomplete Readings should retrieve incomplete readings [E]    
  Binding has not yet been initialized.
  The "instance" getter on the ServicesBinding binding mixin is only available once that binding has been initialized.
  Typically, this is done by calling "WidgetsFlutterBinding.ensureInitialized()" or "runApp()" (the latter calls the former). Typically this call is done in the "void main()" method. The "ensureInitialized" method is idempotent; calling it multiple times is not harmful. After calling that method, the "instance" getter will return the binding.
  In a test, one can call "TestWidgetsFlutterBinding.ensureInitialized()" as the first line in the test's "main()" method to initialize the binding.
  If ServicesBinding is a custom binding mixin, there must also be a custom binding class, like WidgetsFlutterBinding, but that mixes in the selected binding, and that is the class that must be constructed before using the "instance" getter.
  package:flutter/src/foundation/binding.dart 314:9                                     BindingBase.checkInstance.<fn>
  package:flutter/src/foundation/binding.dart 401:6                                     BindingBase.checkInstance
  package:flutter/src/services/binding.dart 73:54                                       ServicesBinding.instance
  package:flutter/src/services/platform_channel.dart 179:25                             _findBinaryMessenger
  package:flutter/src/services/platform_channel.dart 320:56                             MethodChannel.binaryMessenger
  package:flutter/src/services/platform_channel.dart 360:17                             MethodChannel._invokeMethod
  package:flutter/src/services/platform_channel.dart 540:12                             MethodChannel.invokeMethod
  package:path_provider_platform_interface/src/method_channel_path_provider.dart 52:10  MethodChannelPathProvider.getApplicationDocumentsPath
  package:path_provider/path_provider.dart 121:40                                       getApplicationDocumentsDirectory
  package:everyday_christian/core/database/database_helper.dart 803:42                  DatabaseHelper.deleteDatabase
  package:everyday_christian/core/database/database_helper.dart 819:11                  DatabaseHelper.resetDatabase
  ===== asynchronous gap ===========================
  dart:async                                                                            _CustomZone.registerBinaryCallback
  test/reading_plan_progress_test.dart 42:5                                             main.<fn>
  

To run this test again: /Users/kcdacre8tor/flutter/bin/cache/dart-sdk/bin/dart test /Users/kcdacre8tor/ everyday-christian/test/reading_plan_progress_test.dart -p vm --plain-name 'ReadingPlanProgressService - Completed/Incomplete Readings should retrieve incomplete readings'
00:23 +821 ~5 -111: /Users/kcdacre8tor/ everyday-christian/test/reading_plan_progress_test.dart: ReadingPlanProgressService - Today's Readings should retrieve today's readings                        
ℹ️ [2025-10-17 18:19:42.947] [INFO   ] [DatabaseHelper] Initializing database at: :memory:
ℹ️ [2025-10-17 18:19:42.949] [INFO   ] [DatabaseHelper] Creating database schema v5
ℹ️ [2025-10-17 18:19:42.960] [INFO   ] [DatabaseHelper] Database schema created successfully
📦 Running database migrations from v1 to v2
🔄 Migrating to schema v2...
  → Fixing favorite_verses foreign key...
  → Fixing daily_verses foreign key...
  → Fixing verse_bookmarks foreign key...
  → Removing duplicate column from prayer_categories...
  → Creating performance indexes...
  → Creating timestamp triggers...
✅ Schema v2 migration complete!
✅ Database integrity verified
✅ Database migrations complete!
00:23 +822 ~5 -112: /Users/kcdacre8tor/ everyday-christian/test/screens/home_screen_test.dart: HomeScreen Widget Tests should display correct greeting based on time of day                            00:23 +822 ~5 -112: /Users/kcdacre8tor/ everyday-christian/test/reading_plan_progress_test.dart: ReadingPlanProgressService - Today's Readings should retrieve today's readings [E]                    
  Binding has not yet been initialized.
  The "instance" getter on the ServicesBinding binding mixin is only available once that binding has been initialized.
  Typically, this is done by calling "WidgetsFlutterBinding.ensureInitialized()" or "runApp()" (the latter calls the former). Typically this call is done in the "void main()" method. The "ensureInitialized" method is idempotent; calling it multiple times is not harmful. After calling that method, the "instance" getter will return the binding.
  In a test, one can call "TestWidgetsFlutterBinding.ensureInitialized()" as the first line in the test's "main()" method to initialize the binding.
  If ServicesBinding is a custom binding mixin, there must also be a custom binding class, like WidgetsFlutterBinding, but that mixes in the selected binding, and that is the class that must be constructed before using the "instance" getter.
  package:flutter/src/foundation/binding.dart 314:9                                     BindingBase.checkInstance.<fn>
  package:flutter/src/foundation/binding.dart 401:6                                     BindingBase.checkInstance
  package:flutter/src/services/binding.dart 73:54                                       ServicesBinding.instance
  package:flutter/src/services/platform_channel.dart 179:25                             _findBinaryMessenger
  package:flutter/src/services/platform_channel.dart 320:56                             MethodChannel.binaryMessenger
  package:flutter/src/services/platform_channel.dart 360:17                             MethodChannel._invokeMethod
  package:flutter/src/services/platform_channel.dart 540:12                             MethodChannel.invokeMethod
  package:path_provider_platform_interface/src/method_channel_path_provider.dart 52:10  MethodChannelPathProvider.getApplicationDocumentsPath
  package:path_provider/path_provider.dart 121:40                                       getApplicationDocumentsDirectory
  package:everyday_christian/core/database/database_helper.dart 803:42                  DatabaseHelper.deleteDatabase
  package:everyday_christian/core/database/database_helper.dart 819:11                  DatabaseHelper.resetDatabase
  ===== asynchronous gap ===========================
  dart:async                                                                            _CustomZone.registerBinaryCallback
  test/reading_plan_progress_test.dart 42:5                                             main.<fn>
  

To run this test again: /Users/kcdacre8tor/flutter/bin/cache/dart-sdk/bin/dart test /Users/kcdacre8tor/ everyday-christian/test/reading_plan_progress_test.dart -p vm --plain-name 'ReadingPlanProgressService - Today'\''s Readings should retrieve today'\''s readings'
00:23 +822 ~5 -112: /Users/kcdacre8tor/ everyday-christian/test/reading_plan_progress_test.dart: ReadingPlanProgressService - Today's Readings should return empty list when no readings for today     
ℹ️ [2025-10-17 18:19:43.008] [INFO   ] [DatabaseHelper] Initializing database at: :memory:
ℹ️ [2025-10-17 18:19:43.010] [INFO   ] [DatabaseHelper] Creating database schema v5
ℹ️ [2025-10-17 18:19:43.027] [INFO   ] [DatabaseHelper] Database schema created successfully
📦 Running database migrations from v1 to v2
🔄 Migrating to schema v2...
  → Fixing favorite_verses foreign key...
  → Fixing daily_verses foreign key...
  → Fixing verse_bookmarks foreign key...
  → Removing duplicate column from prayer_categories...
  → Creating performance indexes...
  → Creating timestamp triggers...
✅ Schema v2 migration complete!
✅ Database integrity verified
✅ Database migrations complete!
00:23 +822 ~5 -113: /Users/kcdacre8tor/ everyday-christian/test/reading_plan_progress_test.dart: ReadingPlanProgressService - Today's Readings should return empty list when no readings for today [E] 
  Binding has not yet been initialized.
  The "instance" getter on the ServicesBinding binding mixin is only available once that binding has been initialized.
  Typically, this is done by calling "WidgetsFlutterBinding.ensureInitialized()" or "runApp()" (the latter calls the former). Typically this call is done in the "void main()" method. The "ensureInitialized" method is idempotent; calling it multiple times is not harmful. After calling that method, the "instance" getter will return the binding.
  In a test, one can call "TestWidgetsFlutterBinding.ensureInitialized()" as the first line in the test's "main()" method to initialize the binding.
  If ServicesBinding is a custom binding mixin, there must also be a custom binding class, like WidgetsFlutterBinding, but that mixes in the selected binding, and that is the class that must be constructed before using the "instance" getter.
  package:flutter/src/foundation/binding.dart 314:9                                     BindingBase.checkInstance.<fn>
  package:flutter/src/foundation/binding.dart 401:6                                     BindingBase.checkInstance
  package:flutter/src/services/binding.dart 73:54                                       ServicesBinding.instance
  package:flutter/src/services/platform_channel.dart 179:25                             _findBinaryMessenger
  package:flutter/src/services/platform_channel.dart 320:56                             MethodChannel.binaryMessenger
  package:flutter/src/services/platform_channel.dart 360:17                             MethodChannel._invokeMethod
  package:flutter/src/services/platform_channel.dart 540:12                             MethodChannel.invokeMethod
  package:path_provider_platform_interface/src/method_channel_path_provider.dart 52:10  MethodChannelPathProvider.getApplicationDocumentsPath
  package:path_provider/path_provider.dart 121:40                                       getApplicationDocumentsDirectory
  package:everyday_christian/core/database/database_helper.dart 803:42                  DatabaseHelper.deleteDatabase
  package:everyday_christian/core/database/database_helper.dart 819:11                  DatabaseHelper.resetDatabase
  ===== asynchronous gap ===========================
  dart:async                                                                            _CustomZone.registerBinaryCallback
  test/reading_plan_progress_test.dart 42:5                                             main.<fn>
  

To run this test again: /Users/kcdacre8tor/flutter/bin/cache/dart-sdk/bin/dart test /Users/kcdacre8tor/ everyday-christian/test/reading_plan_progress_test.dart -p vm --plain-name 'ReadingPlanProgressService - Today'\''s Readings should return empty list when no readings for today'
00:23 +822 ~5 -113: /Users/kcdacre8tor/ everyday-christian/test/reading_plan_progress_test.dart: ReadingPlanProgressService - Streak Tracking should calculate streak correctly for consecutive completions
ℹ️ [2025-10-17 18:19:43.053] [INFO   ] [DatabaseHelper] Initializing database at: :memory:
ℹ️ [2025-10-17 18:19:43.056] [INFO   ] [DatabaseHelper] Creating database schema v5
ℹ️ [2025-10-17 18:19:43.070] [INFO   ] [DatabaseHelper] Database schema created successfully
📦 Running database migrations from v1 to v2
🔄 Migrating to schema v2...
  → Fixing favorite_verses foreign key...
  → Fixing daily_verses foreign key...
  → Fixing verse_bookmarks foreign key...
  → Removing duplicate column from prayer_categories...
  → Creating performance indexes...
  → Creating timestamp triggers...
✅ Schema v2 migration complete!
✅ Database integrity verified
00:23 +823 ~5 -113: /Users/kcdacre8tor/ everyday-christian/test/screens/home_screen_test.dart: HomeScreen Widget Tests should display correct greeting based on time of day                            00:23 +823 ~5 -113: /Users/kcdacre8tor/ everyday-christian/test/reading_plan_progress_test.dart: ReadingPlanProgressService - Streak Tracking should calculate streak correctly for consecutive completions
✅ Database migrations complete!
00:23 +823 ~5 -114: /Users/kcdacre8tor/ everyday-christian/test/reading_plan_progress_test.dart: ReadingPlanProgressService - Streak Tracking should calculate streak correctly for consecutive completions [E]
  Binding has not yet been initialized.
  The "instance" getter on the ServicesBinding binding mixin is only available once that binding has been initialized.
  Typically, this is done by calling "WidgetsFlutterBinding.ensureInitialized()" or "runApp()" (the latter calls the former). Typically this call is done in the "void main()" method. The "ensureInitialized" method is idempotent; calling it multiple times is not harmful. After calling that method, the "instance" getter will return the binding.
  In a test, one can call "TestWidgetsFlutterBinding.ensureInitialized()" as the first line in the test's "main()" method to initialize the binding.
  If ServicesBinding is a custom binding mixin, there must also be a custom binding class, like WidgetsFlutterBinding, but that mixes in the selected binding, and that is the class that must be constructed before using the "instance" getter.
  package:flutter/src/foundation/binding.dart 314:9                                     BindingBase.checkInstance.<fn>
  package:flutter/src/foundation/binding.dart 401:6                                     BindingBase.checkInstance
  package:flutter/src/services/binding.dart 73:54                                       ServicesBinding.instance
  package:flutter/src/services/platform_channel.dart 179:25                             _findBinaryMessenger
  package:flutter/src/services/platform_channel.dart 320:56                             MethodChannel.binaryMessenger
  package:flutter/src/services/platform_channel.dart 360:17                             MethodChannel._invokeMethod
  package:flutter/src/services/platform_channel.dart 540:12                             MethodChannel.invokeMethod
  package:path_provider_platform_interface/src/method_channel_path_provider.dart 52:10  MethodChannelPathProvider.getApplicationDocumentsPath
  package:path_provider/path_provider.dart 121:40                                       getApplicationDocumentsDirectory
  package:everyday_christian/core/database/database_helper.dart 803:42                  DatabaseHelper.deleteDatabase
  package:everyday_christian/core/database/database_helper.dart 819:11                  DatabaseHelper.resetDatabase
  ===== asynchronous gap ===========================
  dart:async                                                                            _CustomZone.registerBinaryCallback
  test/reading_plan_progress_test.dart 42:5                                             main.<fn>
  

To run this test again: /Users/kcdacre8tor/flutter/bin/cache/dart-sdk/bin/dart test /Users/kcdacre8tor/ everyday-christian/test/reading_plan_progress_test.dart -p vm --plain-name 'ReadingPlanProgressService - Streak Tracking should calculate streak correctly for consecutive completions'
00:23 +823 ~5 -114: /Users/kcdacre8tor/ everyday-christian/test/reading_plan_progress_test.dart: ReadingPlanProgressService - Streak Tracking should return 0 streak for plan with no completions      
ℹ️ [2025-10-17 18:19:43.102] [INFO   ] [DatabaseHelper] Initializing database at: :memory:
ℹ️ [2025-10-17 18:19:43.104] [INFO   ] [DatabaseHelper] Creating database schema v5
ℹ️ [2025-10-17 18:19:43.115] [INFO   ] [DatabaseHelper] Database schema created successfully
📦 Running database migrations from v1 to v2
🔄 Migrating to schema v2...
  → Fixing favorite_verses foreign key...
  → Fixing daily_verses foreign key...
  → Fixing verse_bookmarks foreign key...
  → Removing duplicate column from prayer_categories...
  → Creating performance indexes...
  → Creating timestamp triggers...
✅ Schema v2 migration complete!
✅ Database integrity verified
✅ Database migrations complete!
00:23 +823 ~5 -115: /Users/kcdacre8tor/ everyday-christian/test/reading_plan_progress_test.dart: ReadingPlanProgressService - Streak Tracking should return 0 streak for plan with no completions [E]  
  Binding has not yet been initialized.
  The "instance" getter on the ServicesBinding binding mixin is only available once that binding has been initialized.
  Typically, this is done by calling "WidgetsFlutterBinding.ensureInitialized()" or "runApp()" (the latter calls the former). Typically this call is done in the "void main()" method. The "ensureInitialized" method is idempotent; calling it multiple times is not harmful. After calling that method, the "instance" getter will return the binding.
  In a test, one can call "TestWidgetsFlutterBinding.ensureInitialized()" as the first line in the test's "main()" method to initialize the binding.
  If ServicesBinding is a custom binding mixin, there must also be a custom binding class, like WidgetsFlutterBinding, but that mixes in the selected binding, and that is the class that must be constructed before using the "instance" getter.
  package:flutter/src/foundation/binding.dart 314:9                                     BindingBase.checkInstance.<fn>
  package:flutter/src/foundation/binding.dart 401:6                                     BindingBase.checkInstance
  package:flutter/src/services/binding.dart 73:54                                       ServicesBinding.instance
  package:flutter/src/services/platform_channel.dart 179:25                             _findBinaryMessenger
  package:flutter/src/services/platform_channel.dart 320:56                             MethodChannel.binaryMessenger
  package:flutter/src/services/platform_channel.dart 360:17                             MethodChannel._invokeMethod
  package:flutter/src/services/platform_channel.dart 540:12                             MethodChannel.invokeMethod
  package:path_provider_platform_interface/src/method_channel_path_provider.dart 52:10  MethodChannelPathProvider.getApplicationDocumentsPath
  package:path_provider/path_provider.dart 121:40                                       getApplicationDocumentsDirectory
  package:everyday_christian/core/database/database_helper.dart 803:42                  DatabaseHelper.deleteDatabase
  package:everyday_christian/core/database/database_helper.dart 819:11                  DatabaseHelper.resetDatabase
  ===== asynchronous gap ===========================
  dart:async                                                                            _CustomZone.registerBinaryCallback
  test/reading_plan_progress_test.dart 42:5                                             main.<fn>
  

To run this test again: /Users/kcdacre8tor/flutter/bin/cache/dart-sdk/bin/dart test /Users/kcdacre8tor/ everyday-christian/test/reading_plan_progress_test.dart -p vm --plain-name 'ReadingPlanProgressService - Streak Tracking should return 0 streak for plan with no completions'
00:23 +823 ~5 -115: /Users/kcdacre8tor/ everyday-christian/test/reading_plan_progress_test.dart: ReadingPlanProgressService - Sample Readings Creation should create specified number of sample readings
ℹ️ [2025-10-17 18:19:43.142] [INFO   ] [DatabaseHelper] Initializing database at: :memory:
ℹ️ [2025-10-17 18:19:43.143] [INFO   ] [DatabaseHelper] Creating database schema v5
00:23 +824 ~5 -115: /Users/kcdacre8tor/ everyday-christian/test/screens/home_screen_test.dart: HomeScreen Widget Tests should display correct greeting based on time of day                            00:23 +824 ~5 -115: /Users/kcdacre8tor/ everyday-christian/test/reading_plan_progress_test.dart: ReadingPlanProgressService - Sample Readings Creation should create specified number of sample readings
ℹ️ [2025-10-17 18:19:43.157] [INFO   ] [DatabaseHelper] Database schema created successfully
📦 Running database migrations from v1 to v2
🔄 Migrating to schema v2...
  → Fixing favorite_verses foreign key...
  → Fixing daily_verses foreign key...
  → Fixing verse_bookmarks foreign key...
  → Removing duplicate column from prayer_categories...
  → Creating performance indexes...
  → Creating timestamp triggers...
✅ Schema v2 migration complete!
✅ Database integrity verified
✅ Database migrations complete!
00:23 +824 ~5 -116: /Users/kcdacre8tor/ everyday-christian/test/reading_plan_progress_test.dart: ReadingPlanProgressService - Sample Readings Creation should create specified number of sample readings [E]
  Binding has not yet been initialized.
  The "instance" getter on the ServicesBinding binding mixin is only available once that binding has been initialized.
  Typically, this is done by calling "WidgetsFlutterBinding.ensureInitialized()" or "runApp()" (the latter calls the former). Typically this call is done in the "void main()" method. The "ensureInitialized" method is idempotent; calling it multiple times is not harmful. After calling that method, the "instance" getter will return the binding.
  In a test, one can call "TestWidgetsFlutterBinding.ensureInitialized()" as the first line in the test's "main()" method to initialize the binding.
  If ServicesBinding is a custom binding mixin, there must also be a custom binding class, like WidgetsFlutterBinding, but that mixes in the selected binding, and that is the class that must be constructed before using the "instance" getter.
  package:flutter/src/foundation/binding.dart 314:9                                     BindingBase.checkInstance.<fn>
  package:flutter/src/foundation/binding.dart 401:6                                     BindingBase.checkInstance
  package:flutter/src/services/binding.dart 73:54                                       ServicesBinding.instance
  package:flutter/src/services/platform_channel.dart 179:25                             _findBinaryMessenger
  package:flutter/src/services/platform_channel.dart 320:56                             MethodChannel.binaryMessenger
  package:flutter/src/services/platform_channel.dart 360:17                             MethodChannel._invokeMethod
  package:flutter/src/services/platform_channel.dart 540:12                             MethodChannel.invokeMethod
  package:path_provider_platform_interface/src/method_channel_path_provider.dart 52:10  MethodChannelPathProvider.getApplicationDocumentsPath
  package:path_provider/path_provider.dart 121:40                                       getApplicationDocumentsDirectory
  package:everyday_christian/core/database/database_helper.dart 803:42                  DatabaseHelper.deleteDatabase
  package:everyday_christian/core/database/database_helper.dart 819:11                  DatabaseHelper.resetDatabase
  ===== asynchronous gap ===========================
  dart:async                                                                            _CustomZone.registerBinaryCallback
  test/reading_plan_progress_test.dart 42:5                                             main.<fn>
  

To run this test again: /Users/kcdacre8tor/flutter/bin/cache/dart-sdk/bin/dart test /Users/kcdacre8tor/ everyday-christian/test/reading_plan_progress_test.dart -p vm --plain-name 'ReadingPlanProgressService - Sample Readings Creation should create specified number of sample readings'
00:23 +824 ~5 -116: /Users/kcdacre8tor/ everyday-christian/test/reading_plan_progress_test.dart: ReadingPlanProgressService - Sample Readings Creation sample readings should have correct structure   
ℹ️ [2025-10-17 18:19:43.184] [INFO   ] [DatabaseHelper] Initializing database at: :memory:
ℹ️ [2025-10-17 18:19:43.187] [INFO   ] [DatabaseHelper] Creating database schema v5
00:23 +825 ~5 -116: /Users/kcdacre8tor/ everyday-christian/test/screens/home_screen_test.dart: HomeScreen Widget Tests should display correct greeting based on time of day                            00:23 +825 ~5 -116: /Users/kcdacre8tor/ everyday-christian/test/reading_plan_progress_test.dart: ReadingPlanProgressService - Sample Readings Creation sample readings should have correct structure   
ℹ️ [2025-10-17 18:19:43.195] [INFO   ] [DatabaseHelper] Database schema created successfully
📦 Running database migrations from v1 to v2
🔄 Migrating to schema v2...
  → Fixing favorite_verses foreign key...
  → Fixing daily_verses foreign key...
  → Fixing verse_bookmarks foreign key...
  → Removing duplicate column from prayer_categories...
  → Creating performance indexes...
  → Creating timestamp triggers...
✅ Schema v2 migration complete!
✅ Database integrity verified
✅ Database migrations complete!
00:23 +825 ~5 -117: /Users/kcdacre8tor/ everyday-christian/test/reading_plan_progress_test.dart: ReadingPlanProgressService - Sample Readings Creation sample readings should have correct structure [E]
  Binding has not yet been initialized.
  The "instance" getter on the ServicesBinding binding mixin is only available once that binding has been initialized.
  Typically, this is done by calling "WidgetsFlutterBinding.ensureInitialized()" or "runApp()" (the latter calls the former). Typically this call is done in the "void main()" method. The "ensureInitialized" method is idempotent; calling it multiple times is not harmful. After calling that method, the "instance" getter will return the binding.
  In a test, one can call "TestWidgetsFlutterBinding.ensureInitialized()" as the first line in the test's "main()" method to initialize the binding.
  If ServicesBinding is a custom binding mixin, there must also be a custom binding class, like WidgetsFlutterBinding, but that mixes in the selected binding, and that is the class that must be constructed before using the "instance" getter.
  package:flutter/src/foundation/binding.dart 314:9                                     BindingBase.checkInstance.<fn>
  package:flutter/src/foundation/binding.dart 401:6                                     BindingBase.checkInstance
  package:flutter/src/services/binding.dart 73:54                                       ServicesBinding.instance
  package:flutter/src/services/platform_channel.dart 179:25                             _findBinaryMessenger
  package:flutter/src/services/platform_channel.dart 320:56                             MethodChannel.binaryMessenger
  package:flutter/src/services/platform_channel.dart 360:17                             MethodChannel._invokeMethod
  package:flutter/src/services/platform_channel.dart 540:12                             MethodChannel.invokeMethod
  package:path_provider_platform_interface/src/method_channel_path_provider.dart 52:10  MethodChannelPathProvider.getApplicationDocumentsPath
  package:path_provider/path_provider.dart 121:40                                       getApplicationDocumentsDirectory
  package:everyday_christian/core/database/database_helper.dart 803:42                  DatabaseHelper.deleteDatabase
  package:everyday_christian/core/database/database_helper.dart 819:11                  DatabaseHelper.resetDatabase
  ===== asynchronous gap ===========================
  dart:async                                                                            _CustomZone.registerBinaryCallback
  test/reading_plan_progress_test.dart 42:5                                             main.<fn>
  

To run this test again: /Users/kcdacre8tor/flutter/bin/cache/dart-sdk/bin/dart test /Users/kcdacre8tor/ everyday-christian/test/reading_plan_progress_test.dart -p vm --plain-name 'ReadingPlanProgressService - Sample Readings Creation sample readings should have correct structure'
00:23 +825 ~5 -117: /Users/kcdacre8tor/ everyday-christian/test/reading_plan_progress_test.dart: ReadingPlanProgressService - Error Handling should handle invalid plan ID gracefully                  
ℹ️ [2025-10-17 18:19:43.213] [INFO   ] [DatabaseHelper] Initializing database at: :memory:
ℹ️ [2025-10-17 18:19:43.214] [INFO   ] [DatabaseHelper] Creating database schema v5
00:23 +826 ~5 -117: /Users/kcdacre8tor/ everyday-christian/test/screens/home_screen_test.dart: HomeScreen Widget Tests should display correct greeting based on time of day                            00:23 +826 ~5 -117: /Users/kcdacre8tor/ everyday-christian/test/reading_plan_progress_test.dart: ReadingPlanProgressService - Error Handling should handle invalid plan ID gracefully                  
ℹ️ [2025-10-17 18:19:43.226] [INFO   ] [DatabaseHelper] Database schema created successfully
📦 Running database migrations from v1 to v2
🔄 Migrating to schema v2...
  → Fixing favorite_verses foreign key...
  → Fixing daily_verses foreign key...
  → Fixing verse_bookmarks foreign key...
  → Removing duplicate column from prayer_categories...
  → Creating performance indexes...
  → Creating timestamp triggers...
✅ Schema v2 migration complete!
✅ Database integrity verified
✅ Database migrations complete!
00:23 +826 ~5 -118: /Users/kcdacre8tor/ everyday-christian/test/reading_plan_progress_test.dart: ReadingPlanProgressService - Error Handling should handle invalid plan ID gracefully [E]              
  Binding has not yet been initialized.
  The "instance" getter on the ServicesBinding binding mixin is only available once that binding has been initialized.
  Typically, this is done by calling "WidgetsFlutterBinding.ensureInitialized()" or "runApp()" (the latter calls the former). Typically this call is done in the "void main()" method. The "ensureInitialized" method is idempotent; calling it multiple times is not harmful. After calling that method, the "instance" getter will return the binding.
  In a test, one can call "TestWidgetsFlutterBinding.ensureInitialized()" as the first line in the test's "main()" method to initialize the binding.
  If ServicesBinding is a custom binding mixin, there must also be a custom binding class, like WidgetsFlutterBinding, but that mixes in the selected binding, and that is the class that must be constructed before using the "instance" getter.
  package:flutter/src/foundation/binding.dart 314:9                                     BindingBase.checkInstance.<fn>
  package:flutter/src/foundation/binding.dart 401:6                                     BindingBase.checkInstance
  package:flutter/src/services/binding.dart 73:54                                       ServicesBinding.instance
  package:flutter/src/services/platform_channel.dart 179:25                             _findBinaryMessenger
  package:flutter/src/services/platform_channel.dart 320:56                             MethodChannel.binaryMessenger
  package:flutter/src/services/platform_channel.dart 360:17                             MethodChannel._invokeMethod
  package:flutter/src/services/platform_channel.dart 540:12                             MethodChannel.invokeMethod
  package:path_provider_platform_interface/src/method_channel_path_provider.dart 52:10  MethodChannelPathProvider.getApplicationDocumentsPath
  package:path_provider/path_provider.dart 121:40                                       getApplicationDocumentsDirectory
  package:everyday_christian/core/database/database_helper.dart 803:42                  DatabaseHelper.deleteDatabase
  package:everyday_christian/core/database/database_helper.dart 819:11                  DatabaseHelper.resetDatabase
  ===== asynchronous gap ===========================
  dart:async                                                                            _CustomZone.registerBinaryCallback
  test/reading_plan_progress_test.dart 42:5                                             main.<fn>
  

To run this test again: /Users/kcdacre8tor/flutter/bin/cache/dart-sdk/bin/dart test /Users/kcdacre8tor/ everyday-christian/test/reading_plan_progress_test.dart -p vm --plain-name 'ReadingPlanProgressService - Error Handling should handle invalid plan ID gracefully'
00:23 +826 ~5 -118: /Users/kcdacre8tor/ everyday-christian/test/reading_plan_progress_test.dart: ReadingPlanProgressService - Data Persistence progress should persist across service instances        
ℹ️ [2025-10-17 18:19:43.245] [INFO   ] [DatabaseHelper] Initializing database at: :memory:
ℹ️ [2025-10-17 18:19:43.247] [INFO   ] [DatabaseHelper] Creating database schema v5
00:23 +826 ~5 -118: /Users/kcdacre8tor/ everyday-christian/test/screens/home_screen_test.dart: HomeScreen Widget Tests should display correct greeting based on time of day                            00:23 +826 ~5 -118: /Users/kcdacre8tor/ everyday-christian/test/reading_plan_progress_test.dart: ReadingPlanProgressService - Data Persistence progress should persist across service instances        
ℹ️ [2025-10-17 18:19:43.267] [INFO   ] [DatabaseHelper] Database schema created successfully
📦 Running database migrations from v1 to v2
🔄 Migrating to schema v2...
  → Fixing favorite_verses foreign key...
  → Fixing daily_verses foreign key...
  → Fixing verse_bookmarks foreign key...
00:23 +827 ~5 -118: /Users/kcdacre8tor/ everyday-christian/test/screens/home_screen_test.dart: HomeScreen Widget Tests should display correct greeting based on time of day                            00:23 +827 ~5 -118: /Users/kcdacre8tor/ everyday-christian/test/reading_plan_progress_test.dart: ReadingPlanProgressService - Data Persistence progress should persist across service instances        
  → Removing duplicate column from prayer_categories...
  → Creating performance indexes...
00:23 +827 ~5 -118: /Users/kcdacre8tor/ everyday-christian/test/error/error_handler_test.dart: ErrorHandler should handle SocketException as network error                                             
Error: Network error: No internet connection - No network
00:23 +827 ~5 -118: /Users/kcdacre8tor/ everyday-christian/test/reading_plan_progress_test.dart: ReadingPlanProgressService - Data Persistence progress should persist across service instances        
  → Creating timestamp triggers...
✅ Schema v2 migration complete!
✅ Database integrity verified
✅ Database migrations complete!
00:23 +828 ~5 -118: /Users/kcdacre8tor/ everyday-christian/test/screens/home_screen_test.dart: HomeScreen Widget Tests should display correct greeting based on time of day                            00:23 +828 ~5 -118: /Users/kcdacre8tor/ everyday-christian/test/error/error_handler_test.dart: ErrorHandler should handle DatabaseException as database error                                          
Error: [test] Unknown error: Unexpected error - Exception: DatabaseException: Query failed
00:23 +828 ~5 -120: /Users/kcdacre8tor/ everyday-christian/test/reading_plan_progress_test.dart: ReadingPlanProgressService - Data Persistence progress should persist across service instances [E]    
  Binding has not yet been initialized.
  The "instance" getter on the ServicesBinding binding mixin is only available once that binding has been initialized.
  Typically, this is done by calling "WidgetsFlutterBinding.ensureInitialized()" or "runApp()" (the latter calls the former). Typically this call is done in the "void main()" method. The "ensureInitialized" method is idempotent; calling it multiple times is not harmful. After calling that method, the "instance" getter will return the binding.
  In a test, one can call "TestWidgetsFlutterBinding.ensureInitialized()" as the first line in the test's "main()" method to initialize the binding.
  If ServicesBinding is a custom binding mixin, there must also be a custom binding class, like WidgetsFlutterBinding, but that mixes in the selected binding, and that is the class that must be constructed before using the "instance" getter.
  package:flutter/src/foundation/binding.dart 314:9                                     BindingBase.checkInstance.<fn>
  package:flutter/src/foundation/binding.dart 401:6                                     BindingBase.checkInstance
  package:flutter/src/services/binding.dart 73:54                                       ServicesBinding.instance
  package:flutter/src/services/platform_channel.dart 179:25                             _findBinaryMessenger
  package:flutter/src/services/platform_channel.dart 320:56                             MethodChannel.binaryMessenger
  package:flutter/src/services/platform_channel.dart 360:17                             MethodChannel._invokeMethod
  package:flutter/src/services/platform_channel.dart 540:12                             MethodChannel.invokeMethod
  package:path_provider_platform_interface/src/method_channel_path_provider.dart 52:10  MethodChannelPathProvider.getApplicationDocumentsPath
  package:path_provider/path_provider.dart 121:40                                       getApplicationDocumentsDirectory
  package:everyday_christian/core/database/database_helper.dart 803:42                  DatabaseHelper.deleteDatabase
  package:everyday_christian/core/database/database_helper.dart 819:11                  DatabaseHelper.resetDatabase
  ===== asynchronous gap ===========================
  dart:async                                                                            _CustomZone.registerBinaryCallback
  test/reading_plan_progress_test.dart 42:5                                             main.<fn>
  

To run this test again: /Users/kcdacre8tor/flutter/bin/cache/dart-sdk/bin/dart test /Users/kcdacre8tor/ everyday-christian/test/reading_plan_progress_test.dart -p vm --plain-name 'ReadingPlanProgressService - Data Persistence progress should persist across service instances'
00:23 +828 ~5 -120: /Users/kcdacre8tor/ everyday-christian/test/reading_plan_progress_test.dart: Integration Tests - Full Reading Plan Flow complete reading plan workflow                             
ℹ️ [2025-10-17 18:19:43.318] [INFO   ] [DatabaseHelper] Initializing database at: :memory:
ℹ️ [2025-10-17 18:19:43.321] [INFO   ] [DatabaseHelper] Creating database schema v5
00:23 +828 ~5 -120: /Users/kcdacre8tor/ everyday-christian/test/error/error_handler_test.dart: ErrorHandler should handle DatabaseException as database error [E]                                      
  Expected DatabaseError
  package:matcher                                                       fail
  test/error/error_handler_test.dart 44:34                              main.<fn>.<fn>.<fn>
  package:everyday_christian/core/error/app_error.freezed.dart 1453:19  _$UnknownErrorImpl.when
  test/error/error_handler_test.dart 39:13                              main.<fn>.<fn>
  

To run this test again: /Users/kcdacre8tor/flutter/bin/cache/dart-sdk/bin/dart test /Users/kcdacre8tor/ everyday-christian/test/error/error_handler_test.dart -p vm --plain-name 'ErrorHandler should handle DatabaseException as database error'
00:23 +828 ~5 -120: /Users/kcdacre8tor/ everyday-christian/test/error/error_handler_test.dart: ErrorHandler should handle FormatException as validation error                                          
Warning: Validation error: Invalid data format
00:23 +829 ~5 -120: /Users/kcdacre8tor/ everyday-christian/test/screens/home_screen_test.dart: HomeScreen Widget Tests should display correct greeting based on time of day                            00:23 +830 ~5 -120: /Users/kcdacre8tor/ everyday-christian/test/screens/home_screen_test.dart: HomeScreen Widget Tests should display correct greeting based on time of day                            00:23 +830 ~5 -120: /Users/kcdacre8tor/ everyday-christian/test/error/error_handler_test.dart: ErrorHandler should detect out of memory errors                                                         
Error: AI error: Insufficient memory, OOM: true, details: Exception: Out of memory error
00:23 +831 ~5 -120: /Users/kcdacre8tor/ everyday-christian/test/screens/home_screen_test.dart: HomeScreen Widget Tests should display correct greeting based on time of day                            00:23 +831 ~5 -120: /Users/kcdacre8tor/ everyday-christian/test/reading_plan_progress_test.dart: Integration Tests - Full Reading Plan Flow complete reading plan workflow                             
ℹ️ [2025-10-17 18:19:43.351] [INFO   ] [DatabaseHelper] Database schema created successfully
00:23 +831 ~5 -120: /Users/kcdacre8tor/ everyday-christian/test/error/error_handler_test.dart: ErrorHandler should handle unknown exceptions                                                           
Error: Unknown error: Unexpected error - Exception: Unknown error
00:23 +832 ~5 -120: /Users/kcdacre8tor/ everyday-christian/test/screens/home_screen_test.dart: HomeScreen Widget Tests should display correct greeting based on time of day                            00:23 +832 ~5 -120: /Users/kcdacre8tor/ everyday-christian/test/reading_plan_progress_test.dart: Integration Tests - Full Reading Plan Flow complete reading plan workflow                             
📦 Running database migrations from v1 to v2
🔄 Migrating to schema v2...
  → Fixing favorite_verses foreign key...
00:23 +832 ~5 -120: /Users/kcdacre8tor/ everyday-christian/test/error/error_handler_test.dart: ErrorHandler should handle async operations with fallback value                                         
Error: [test] Unknown error: Unexpected error - Exception: Test error
Warning: Returning fallback value after error: AppError.unknown(message: Unexpected error, details: Exception: Test error, severity: ErrorSeverity.error)
00:23 +833 ~5 -120: /Users/kcdacre8tor/ everyday-christian/test/screens/home_screen_test.dart: HomeScreen Widget Tests should display correct greeting based on time of day                            00:23 +833 ~5 -120: /Users/kcdacre8tor/ everyday-christian/test/reading_plan_progress_test.dart: Integration Tests - Full Reading Plan Flow complete reading plan workflow                             
  → Fixing daily_verses foreign key...
00:23 +833 ~5 -120: /Users/kcdacre8tor/ everyday-christian/test/error/error_handler_test.dart: ErrorHandler should rethrow when no fallback value provided                                             
Error: [test] Unknown error: Unexpected error - Exception: Test error
00:23 +833 ~5 -120: /Users/kcdacre8tor/ everyday-christian/test/reading_plan_progress_test.dart: Integration Tests - Full Reading Plan Flow complete reading plan workflow                             
  → Fixing verse_bookmarks foreign key...
00:23 +833 ~5 -121: /Users/kcdacre8tor/ everyday-christian/test/reading_plan_progress_test.dart: Integration Tests - Full Reading Plan Flow complete reading plan workflow                             
  → Removing duplicate column from prayer_categories...
  → Creating performance indexes...
  → Creating timestamp triggers...
✅ Schema v2 migration complete!
00:23 +833 ~5 -121: /Users/kcdacre8tor/ everyday-christian/test/error/error_handler_test.dart: ErrorHandler should rethrow when no fallback value provided [E]                                         
  Expected: <Instance of 'AppError'>
    Actual: _Exception:<Exception: Test error>
     Which: is not an instance of 'AppError'
  
  package:matcher                                     expect
  package:flutter_test/src/widget_tester.dart 473:18  expect
  test/error/error_handler_test.dart 128:9            main.<fn>.<fn>
  

To run this test again: /Users/kcdacre8tor/flutter/bin/cache/dart-sdk/bin/dart test /Users/kcdacre8tor/ everyday-christian/test/error/error_handler_test.dart -p vm --plain-name 'ErrorHandler should rethrow when no fallback value provided'
00:23 +833 ~5 -121: /Users/kcdacre8tor/ everyday-christian/test/reading_plan_progress_test.dart: Integration Tests - Full Reading Plan Flow complete reading plan workflow                             
✅ Database integrity verified
✅ Database migrations complete!
00:23 +833 ~5 -121: /Users/kcdacre8tor/ everyday-christian/test/error/error_handler_test.dart: ErrorHandler should handle sync operations with fallback value                                          
Error: [test] Unknown error: Unexpected error - Exception: Test error
Warning: Returning fallback value after error: AppError.unknown(message: Unexpected error, details: Exception: Test error, severity: ErrorSeverity.error)
00:23 +834 ~5 -121: /Users/kcdacre8tor/ everyday-christian/test/screens/home_screen_test.dart: HomeScreen Widget Tests should display correct greeting based on time of day                            00:23 +835 ~5 -121: /Users/kcdacre8tor/ everyday-christian/test/screens/home_screen_test.dart: HomeScreen Widget Tests should display correct greeting based on time of day                            00:23 +836 ~5 -121: /Users/kcdacre8tor/ everyday-christian/test/screens/home_screen_test.dart: HomeScreen Widget Tests should display correct greeting based on time of day                            00:23 +837 ~5 -121: /Users/kcdacre8tor/ everyday-christian/test/screens/home_screen_test.dart: HomeScreen Widget Tests should display correct greeting based on time of day                            00:23 +838 ~5 -121: /Users/kcdacre8tor/ everyday-christian/test/screens/home_screen_test.dart: HomeScreen Widget Tests should display correct greeting based on time of day                            00:23 +838 ~5 -122: /Users/kcdacre8tor/ everyday-christian/test/reading_plan_progress_test.dart: Integration Tests - Full Reading Plan Flow complete reading plan workflow [E]                         
  Binding has not yet been initialized.
  The "instance" getter on the ServicesBinding binding mixin is only available once that binding has been initialized.
  Typically, this is done by calling "WidgetsFlutterBinding.ensureInitialized()" or "runApp()" (the latter calls the former). Typically this call is done in the "void main()" method. The "ensureInitialized" method is idempotent; calling it multiple times is not harmful. After calling that method, the "instance" getter will return the binding.
  In a test, one can call "TestWidgetsFlutterBinding.ensureInitialized()" as the first line in the test's "main()" method to initialize the binding.
  If ServicesBinding is a custom binding mixin, there must also be a custom binding class, like WidgetsFlutterBinding, but that mixes in the selected binding, and that is the class that must be constructed before using the "instance" getter.
  package:flutter/src/foundation/binding.dart 314:9                                     BindingBase.checkInstance.<fn>
  package:flutter/src/foundation/binding.dart 401:6                                     BindingBase.checkInstance
  package:flutter/src/services/binding.dart 73:54                                       ServicesBinding.instance
  package:flutter/src/services/platform_channel.dart 179:25                             _findBinaryMessenger
  package:flutter/src/services/platform_channel.dart 320:56                             MethodChannel.binaryMessenger
  package:flutter/src/services/platform_channel.dart 360:17                             MethodChannel._invokeMethod
  package:flutter/src/services/platform_channel.dart 540:12                             MethodChannel.invokeMethod
  package:path_provider_platform_interface/src/method_channel_path_provider.dart 52:10  MethodChannelPathProvider.getApplicationDocumentsPath
  package:path_provider/path_provider.dart 121:40                                       getApplicationDocumentsDirectory
  package:everyday_christian/core/database/database_helper.dart 803:42                  DatabaseHelper.deleteDatabase
  package:everyday_christian/core/database/database_helper.dart 819:11                  DatabaseHelper.resetDatabase
  ===== asynchronous gap ===========================
  dart:async                                                                            _CustomZone.registerBinaryCallback
  test/reading_plan_progress_test.dart 42:5                                             main.<fn>
  

To run this test again: /Users/kcdacre8tor/flutter/bin/cache/dart-sdk/bin/dart test /Users/kcdacre8tor/ everyday-christian/test/reading_plan_progress_test.dart -p vm --plain-name 'Integration Tests - Full Reading Plan Flow complete reading plan workflow'
00:23 +839 ~5 -122: /Users/kcdacre8tor/ everyday-christian/test/screens/home_screen_test.dart: HomeScreen Widget Tests should display correct greeting based on time of day                            00:23 +839 ~5 -122: /Users/kcdacre8tor/ everyday-christian/test/screens/home_screen_test.dart: HomeScreen Widget Tests should display correct greeting based on time of day                            
══╡ EXCEPTION CAUGHT BY FLUTTER TEST FRAMEWORK ╞════════════════════════════════════════════════════
The following assertion was thrown running a test:
pumpAndSettle timed out

When the exception was thrown, this was the stack:
#0      WidgetTester.pumpAndSettle.<anonymous closure> (package:flutter_test/src/widget_tester.dart:717:11)
<asynchronous suspension>
#1      TestAsyncUtils.guard.<anonymous closure> (package:flutter_test/src/test_async_utils.dart:130:27)
<asynchronous suspension>
#2      main.<anonymous closure>.<anonymous closure> (file:///Users/kcdacre8tor/%20everyday-christian/test/screens/home_screen_test.dart:57:7)
<asynchronous suspension>
#3      testWidgets.<anonymous closure>.<anonymous closure> (package:flutter_test/src/widget_tester.dart:192:15)
<asynchronous suspension>
#4      TestWidgetsFlutterBinding._runTestBody (package:flutter_test/src/binding.dart:1059:5)
<asynchronous suspension>
<asynchronous suspension>
(elided one frame from package:stack_trace)

The test description was:
  should display correct greeting based on time of day
════════════════════════════════════════════════════════════════════════════════════════════════════
00:23 +839 ~5 -123: /Users/kcdacre8tor/ everyday-christian/test/screens/home_screen_test.dart: HomeScreen Widget Tests should display correct greeting based on time of day [E]                        
  Test failed. See exception logs above.
  The test description was: should display correct greeting based on time of day
  

To run this test again: /Users/kcdacre8tor/flutter/bin/cache/dart-sdk/bin/dart test /Users/kcdacre8tor/ everyday-christian/test/screens/home_screen_test.dart -p vm --plain-name 'HomeScreen Widget Tests should display correct greeting based on time of day'
00:23 +839 ~5 -123: /Users/kcdacre8tor/ everyday-christian/test/biometric_service_test.dart: BiometricService Authentication should accept authentication parameters                                   00:23 +840 ~5 -123: /Users/kcdacre8tor/ everyday-christian/test/biometric_service_test.dart: BiometricService Authentication should accept authentication parameters                                   00:23 +841 ~5 -123: /Users/kcdacre8tor/ everyday-christian/test/biometric_service_test.dart: BiometricService Authentication should accept authentication parameters                                   00:23 +842 ~5 -123: /Users/kcdacre8tor/ everyday-christian/test/biometric_service_test.dart: BiometricService Authentication should accept authentication parameters                                   00:24 +842 ~5 -123: /Users/kcdacre8tor/ everyday-christian/test/biometric_service_test.dart: BiometricService Authentication should accept authentication parameters                                   00:24 +843 ~5 -123: /Users/kcdacre8tor/ everyday-christian/test/biometric_service_test.dart: BiometricService Authentication should accept authentication parameters                                   00:24 +844 ~5 -123: /Users/kcdacre8tor/ everyday-christian/test/biometric_service_test.dart: BiometricService Authentication should accept authentication parameters                                   00:24 +845 ~5 -123: /Users/kcdacre8tor/ everyday-christian/test/biometric_service_test.dart: BiometricService Authentication should accept authentication parameters                                   00:24 +846 ~5 -123: /Users/kcdacre8tor/ everyday-christian/test/biometric_service_test.dart: BiometricService Authentication should accept authentication parameters                                   00:24 +847 ~5 -123: /Users/kcdacre8tor/ everyday-christian/test/biometric_service_test.dart: BiometricService Authentication should accept authentication parameters                                   00:24 +848 ~5 -123: /Users/kcdacre8tor/ everyday-christian/test/biometric_service_test.dart: BiometricService Authentication should accept authentication parameters                                   00:24 +849 ~5 -123: /Users/kcdacre8tor/ everyday-christian/test/screens/home_screen_test.dart: HomeScreen Widget Tests should display stat cards                                                       00:24 +849 ~5 -123: /Users/kcdacre8tor/ everyday-christian/test/biometric_service_test.dart: BiometricService Authentication should throw BiometricException on unsupported platform                   
Biometric authentication error: BiometricException: Biometric authentication not available
00:24 +850 ~5 -123: /Users/kcdacre8tor/ everyday-christian/test/screens/home_screen_test.dart: HomeScreen Widget Tests should display stat cards                                                       00:24 +851 ~5 -123: /Users/kcdacre8tor/ everyday-christian/test/screens/home_screen_test.dart: HomeScreen Widget Tests should display stat cards                                                       00:24 +852 ~5 -123: /Users/kcdacre8tor/ everyday-christian/test/screens/home_screen_test.dart: HomeScreen Widget Tests should display stat cards                                                       00:24 +853 ~5 -123: /Users/kcdacre8tor/ everyday-christian/test/screens/home_screen_test.dart: HomeScreen Widget Tests should display stat cards                                                       00:24 +854 ~5 -123: /Users/kcdacre8tor/ everyday-christian/test/screens/home_screen_test.dart: HomeScreen Widget Tests should display stat cards                                                       00:24 +855 ~5 -123: /Users/kcdacre8tor/ everyday-christian/test/screens/home_screen_test.dart: HomeScreen Widget Tests should display stat cards                                                       00:24 +856 ~5 -123: /Users/kcdacre8tor/ everyday-christian/test/screens/home_screen_test.dart: HomeScreen Widget Tests should display stat cards                                                       00:24 +857 ~5 -123: /Users/kcdacre8tor/ everyday-christian/test/screens/home_screen_test.dart: HomeScreen Widget Tests should display stat cards                                                       00:24 +857 ~5 -124: /Users/kcdacre8tor/ everyday-christian/test/navigation_test.dart: AppRoutes should have correct auth-required routes [E]                                                           
  Expected: <8>
    Actual: <10>
  
  package:matcher                                     expect
  package:flutter_test/src/widget_tester.dart 473:18  expect
  test/navigation_test.dart 31:7                      main.<fn>.<fn>
  

To run this test again: /Users/kcdacre8tor/flutter/bin/cache/dart-sdk/bin/dart test /Users/kcdacre8tor/ everyday-christian/test/navigation_test.dart -p vm --plain-name 'AppRoutes should have correct auth-required routes'
00:24 +857 ~5 -125: /Users/kcdacre8tor/ everyday-christian/test/navigation_test.dart: AppRoutes should have correct public routes [E]                                                                  
  Expected: <3>
    Actual: <4>
  
  package:matcher                                     expect
  package:flutter_test/src/widget_tester.dart 473:18  expect
  test/navigation_test.dart 38:7                      main.<fn>.<fn>
  

To run this test again: /Users/kcdacre8tor/flutter/bin/cache/dart-sdk/bin/dart test /Users/kcdacre8tor/ everyday-christian/test/navigation_test.dart -p vm --plain-name 'AppRoutes should have correct public routes'
00:24 +858 ~5 -125: /Users/kcdacre8tor/ everyday-christian/test/screens/home_screen_test.dart: HomeScreen Widget Tests should display stat cards                                                       00:24 +859 ~5 -125: /Users/kcdacre8tor/ everyday-christian/test/screens/home_screen_test.dart: HomeScreen Widget Tests should display stat cards                                                       00:24 +860 ~5 -125: /Users/kcdacre8tor/ everyday-christian/test/screens/home_screen_test.dart: HomeScreen Widget Tests should display stat cards                                                       00:24 +861 ~5 -125: /Users/kcdacre8tor/ everyday-christian/test/screens/home_screen_test.dart: HomeScreen Widget Tests should display stat cards                                                       00:24 +862 ~5 -125: /Users/kcdacre8tor/ everyday-christian/test/screens/home_screen_test.dart: HomeScreen Widget Tests should display stat cards                                                       00:24 +863 ~5 -125: /Users/kcdacre8tor/ everyday-christian/test/screens/home_screen_test.dart: HomeScreen Widget Tests should display stat cards                                                       00:24 +864 ~5 -125: /Users/kcdacre8tor/ everyday-christian/test/screens/home_screen_test.dart: HomeScreen Widget Tests should display stat cards                                                       00:24 +865 ~5 -125: /Users/kcdacre8tor/ everyday-christian/test/screens/home_screen_test.dart: HomeScreen Widget Tests should display stat cards                                                       00:24 +866 ~5 -125: /Users/kcdacre8tor/ everyday-christian/test/screens/home_screen_test.dart: HomeScreen Widget Tests should display stat cards                                                       00:24 +867 ~5 -125: /Users/kcdacre8tor/ everyday-christian/test/screens/home_screen_test.dart: HomeScreen Widget Tests should display stat cards                                                       00:24 +868 ~5 -125: /Users/kcdacre8tor/ everyday-christian/test/screens/home_screen_test.dart: HomeScreen Widget Tests should display stat cards                                                       00:25 +868 ~5 -125: /Users/kcdacre8tor/ everyday-christian/test/screens/home_screen_test.dart: HomeScreen Widget Tests should display stat cards                                                       00:25 +869 ~5 -125: /Users/kcdacre8tor/ everyday-christian/test/screens/home_screen_test.dart: HomeScreen Widget Tests should display stat cards                                                       00:25 +870 ~5 -125: /Users/kcdacre8tor/ everyday-christian/test/screens/home_screen_test.dart: HomeScreen Widget Tests should display stat cards                                                       00:25 +871 ~5 -125: /Users/kcdacre8tor/ everyday-christian/test/screens/home_screen_test.dart: HomeScreen Widget Tests should display stat cards                                                       00:25 +872 ~5 -125: /Users/kcdacre8tor/ everyday-christian/test/screens/home_screen_test.dart: HomeScreen Widget Tests should display stat cards                                                       00:25 +873 ~5 -125: /Users/kcdacre8tor/ everyday-christian/test/screens/home_screen_test.dart: HomeScreen Widget Tests should display stat cards                                                       00:25 +874 ~5 -125: /Users/kcdacre8tor/ everyday-christian/test/screens/home_screen_test.dart: HomeScreen Widget Tests should display stat cards                                                       00:25 +875 ~5 -125: /Users/kcdacre8tor/ everyday-christian/test/screens/home_screen_test.dart: HomeScreen Widget Tests should display stat cards                                                       00:25 +876 ~5 -125: /Users/kcdacre8tor/ everyday-christian/test/screens/home_screen_test.dart: HomeScreen Widget Tests should display stat cards                                                       00:25 +877 ~5 -125: /Users/kcdacre8tor/ everyday-christian/test/screens/home_screen_test.dart: HomeScreen Widget Tests should display stat cards                                                       00:25 +878 ~5 -125: /Users/kcdacre8tor/ everyday-christian/test/screens/home_screen_test.dart: HomeScreen Widget Tests should display stat cards                                                       00:25 +879 ~5 -125: /Users/kcdacre8tor/ everyday-christian/test/screens/home_screen_test.dart: HomeScreen Widget Tests should display stat cards                                                       00:25 +880 ~5 -125: /Users/kcdacre8tor/ everyday-christian/test/screens/home_screen_test.dart: HomeScreen Widget Tests should display stat cards                                                       00:25 +881 ~5 -125: /Users/kcdacre8tor/ everyday-christian/test/screens/home_screen_test.dart: HomeScreen Widget Tests should display stat cards                                                       00:25 +882 ~5 -125: /Users/kcdacre8tor/ everyday-christian/test/screens/home_screen_test.dart: HomeScreen Widget Tests should display stat cards                                                       test/services/unified_verse_service_test.dart:5:8: Error: Error when reading 'lib/core/database/migrations/v1_initial_schema.dart': No such file or directory
import 'package:everyday_christian/core/database/migrations/v1_initial_schema.dart';
       ^
00:25 +882 ~5 -126: loading /Users/kcdacre8tor/ everyday-christian/test/services/unified_verse_service_test.dart [E]                                                                                   
  Failed to load "/Users/kcdacre8tor/ everyday-christian/test/services/unified_verse_service_test.dart":
  Compilation failed for testPath=/Users/kcdacre8tor/ everyday-christian/test/services/unified_verse_service_test.dart: test/services/unified_verse_service_test.dart:5:8: Error: Error when reading 'lib/core/database/migrations/v1_initial_schema.dart': No such file or directory
  import 'package:everyday_christian/core/database/migrations/v1_initial_schema.dart';
         ^
  .

To run this test again: /Users/kcdacre8tor/flutter/bin/cache/dart-sdk/bin/dart test /Users/kcdacre8tor/ everyday-christian/test/services/unified_verse_service_test.dart -p vm --plain-name 'loading /Users/kcdacre8tor/ everyday-christian/test/services/unified_verse_service_test.dart'
00:25 +883 ~5 -126: /Users/kcdacre8tor/ everyday-christian/test/screens/home_screen_test.dart: HomeScreen Widget Tests should display stat cards                                                       00:25 +884 ~5 -126: /Users/kcdacre8tor/ everyday-christian/test/screens/home_screen_test.dart: HomeScreen Widget Tests should display stat cards                                                       00:25 +885 ~5 -126: /Users/kcdacre8tor/ everyday-christian/test/screens/home_screen_test.dart: HomeScreen Widget Tests should display stat cards                                                       00:25 +886 ~5 -126: /Users/kcdacre8tor/ everyday-christian/test/screens/home_screen_test.dart: HomeScreen Widget Tests should display stat cards                                                       00:25 +887 ~5 -126: /Users/kcdacre8tor/ everyday-christian/test/screens/home_screen_test.dart: HomeScreen Widget Tests should display stat cards                                                       00:25 +888 ~5 -126: /Users/kcdacre8tor/ everyday-christian/test/screens/home_screen_test.dart: HomeScreen Widget Tests should display stat cards                                                       00:25 +889 ~5 -126: /Users/kcdacre8tor/ everyday-christian/test/screens/home_screen_test.dart: HomeScreen Widget Tests should display stat cards                                                       00:25 +890 ~5 -126: /Users/kcdacre8tor/ everyday-christian/test/screens/home_screen_test.dart: HomeScreen Widget Tests should display stat cards                                                       00:25 +891 ~5 -126: /Users/kcdacre8tor/ everyday-christian/test/screens/home_screen_test.dart: HomeScreen Widget Tests should display stat cards                                                       00:25 +892 ~5 -126: /Users/kcdacre8tor/ everyday-christian/test/screens/home_screen_test.dart: HomeScreen Widget Tests should display stat cards                                                       00:25 +893 ~5 -126: /Users/kcdacre8tor/ everyday-christian/test/screens/home_screen_test.dart: HomeScreen Widget Tests should display stat cards                                                       00:25 +894 ~5 -126: /Users/kcdacre8tor/ everyday-christian/test/screens/home_screen_test.dart: HomeScreen Widget Tests should display stat cards                                                       00:25 +895 ~5 -126: /Users/kcdacre8tor/ everyday-christian/test/screens/home_screen_test.dart: HomeScreen Widget Tests should display stat cards                                                       00:25 +896 ~5 -126: /Users/kcdacre8tor/ everyday-christian/test/screens/home_screen_test.dart: HomeScreen Widget Tests should display stat cards                                                       00:25 +897 ~5 -126: /Users/kcdacre8tor/ everyday-christian/test/screens/home_screen_test.dart: HomeScreen Widget Tests should display stat cards                                                       00:25 +898 ~5 -126: /Users/kcdacre8tor/ everyday-christian/test/screens/home_screen_test.dart: HomeScreen Widget Tests should display stat cards                                                       00:25 +899 ~5 -126: /Users/kcdacre8tor/ everyday-christian/test/screens/home_screen_test.dart: HomeScreen Widget Tests should display stat cards                                                       00:25 +900 ~5 -126: /Users/kcdacre8tor/ everyday-christian/test/screens/home_screen_test.dart: HomeScreen Widget Tests should display stat cards                                                       00:25 +901 ~5 -126: /Users/kcdacre8tor/ everyday-christian/test/screens/home_screen_test.dart: HomeScreen Widget Tests should display stat cards                                                       00:25 +902 ~5 -126: /Users/kcdacre8tor/ everyday-christian/test/screens/home_screen_test.dart: HomeScreen Widget Tests should display stat cards                                                       00:25 +903 ~5 -126: /Users/kcdacre8tor/ everyday-christian/test/screens/home_screen_test.dart: HomeScreen Widget Tests should display stat cards                                                       00:25 +904 ~5 -126: /Users/kcdacre8tor/ everyday-christian/test/screens/home_screen_test.dart: HomeScreen Widget Tests should display stat cards                                                       00:25 +905 ~5 -126: /Users/kcdacre8tor/ everyday-christian/test/screens/home_screen_test.dart: HomeScreen Widget Tests should display stat cards                                                       00:25 +906 ~5 -126: /Users/kcdacre8tor/ everyday-christian/test/screens/home_screen_test.dart: HomeScreen Widget Tests should display stat cards                                                       00:25 +907 ~5 -126: /Users/kcdacre8tor/ everyday-christian/test/screens/home_screen_test.dart: HomeScreen Widget Tests should display stat cards                                                       00:25 +908 ~5 -126: /Users/kcdacre8tor/ everyday-christian/test/screens/home_screen_test.dart: HomeScreen Widget Tests should display stat cards                                                       00:25 +909 ~5 -126: /Users/kcdacre8tor/ everyday-christian/test/screens/home_screen_test.dart: HomeScreen Widget Tests should display stat cards                                                       00:25 +910 ~5 -126: /Users/kcdacre8tor/ everyday-christian/test/screens/home_screen_test.dart: HomeScreen Widget Tests should display stat cards                                                       00:25 +911 ~5 -126: /Users/kcdacre8tor/ everyday-christian/test/screens/home_screen_test.dart: HomeScreen Widget Tests should display stat cards                                                       00:25 +912 ~5 -126: /Users/kcdacre8tor/ everyday-christian/test/screens/home_screen_test.dart: HomeScreen Widget Tests should display stat cards                                                       00:25 +913 ~5 -126: /Users/kcdacre8tor/ everyday-christian/test/screens/home_screen_test.dart: HomeScreen Widget Tests should display stat cards                                                       00:25 +914 ~5 -126: /Users/kcdacre8tor/ everyday-christian/test/screens/home_screen_test.dart: HomeScreen Widget Tests should display stat cards                                                       00:25 +915 ~5 -126: /Users/kcdacre8tor/ everyday-christian/test/screens/home_screen_test.dart: HomeScreen Widget Tests should display stat cards                                                       00:25 +916 ~5 -126: /Users/kcdacre8tor/ everyday-christian/test/screens/home_screen_test.dart: HomeScreen Widget Tests should display stat cards                                                       00:25 +917 ~5 -126: /Users/kcdacre8tor/ everyday-christian/test/screens/home_screen_test.dart: HomeScreen Widget Tests should display stat cards                                                       00:25 +918 ~5 -126: /Users/kcdacre8tor/ everyday-christian/test/screens/home_screen_test.dart: HomeScreen Widget Tests should display stat cards                                                       00:25 +919 ~5 -126: /Users/kcdacre8tor/ everyday-christian/test/screens/home_screen_test.dart: HomeScreen Widget Tests should display stat cards                                                       00:25 +920 ~5 -126: /Users/kcdacre8tor/ everyday-christian/test/screens/home_screen_test.dart: HomeScreen Widget Tests should display stat cards                                                       00:25 +921 ~5 -126: /Users/kcdacre8tor/ everyday-christian/test/screens/home_screen_test.dart: HomeScreen Widget Tests should display stat cards                                                       00:25 +922 ~5 -126: /Users/kcdacre8tor/ everyday-christian/test/screens/home_screen_test.dart: HomeScreen Widget Tests should display stat cards                                                       00:25 +923 ~5 -126: /Users/kcdacre8tor/ everyday-christian/test/screens/home_screen_test.dart: HomeScreen Widget Tests should display stat cards                                                       00:25 +924 ~5 -126: /Users/kcdacre8tor/ everyday-christian/test/screens/home_screen_test.dart: HomeScreen Widget Tests should display stat cards                                                       00:25 +925 ~5 -126: /Users/kcdacre8tor/ everyday-christian/test/screens/home_screen_test.dart: HomeScreen Widget Tests should display stat cards                                                       00:25 +926 ~5 -126: /Users/kcdacre8tor/ everyday-christian/test/screens/home_screen_test.dart: HomeScreen Widget Tests should display stat cards                                                       00:25 +926 ~5 -126: /Users/kcdacre8tor/ everyday-christian/test/screens/home_screen_test.dart: HomeScreen Widget Tests should display stat cards                                                       
══╡ EXCEPTION CAUGHT BY FLUTTER TEST FRAMEWORK ╞════════════════════════════════════════════════════
The following assertion was thrown running a test:
pumpAndSettle timed out

When the exception was thrown, this was the stack:
#0      WidgetTester.pumpAndSettle.<anonymous closure> (package:flutter_test/src/widget_tester.dart:717:11)
<asynchronous suspension>
#1      TestAsyncUtils.guard.<anonymous closure> (package:flutter_test/src/test_async_utils.dart:130:27)
<asynchronous suspension>
#2      main.<anonymous closure>.<anonymous closure> (file:///Users/kcdacre8tor/%20everyday-christian/test/screens/home_screen_test.dart:78:7)
<asynchronous suspension>
#3      testWidgets.<anonymous closure>.<anonymous closure> (package:flutter_test/src/widget_tester.dart:192:15)
<asynchronous suspension>
#4      TestWidgetsFlutterBinding._runTestBody (package:flutter_test/src/binding.dart:1059:5)
<asynchronous suspension>
<asynchronous suspension>
(elided one frame from package:stack_trace)

The test description was:
  should display stat cards
════════════════════════════════════════════════════════════════════════════════════════════════════
00:25 +926 ~5 -127: /Users/kcdacre8tor/ everyday-christian/test/screens/home_screen_test.dart: HomeScreen Widget Tests should display stat cards [E]                                                   
  Test failed. See exception logs above.
  The test description was: should display stat cards
  

To run this test again: /Users/kcdacre8tor/flutter/bin/cache/dart-sdk/bin/dart test /Users/kcdacre8tor/ everyday-christian/test/screens/home_screen_test.dart -p vm --plain-name 'HomeScreen Widget Tests should display stat cards'
00:26 +927 ~5 -127: /Users/kcdacre8tor/ everyday-christian/test/screens/home_screen_test.dart: HomeScreen Widget Tests should show loading indicators while fetching streak data                       00:26 +928 ~5 -127: /Users/kcdacre8tor/ everyday-christian/test/screens/home_screen_test.dart: HomeScreen Widget Tests should show loading indicators while fetching streak data                       00:26 +929 ~5 -127: /Users/kcdacre8tor/ everyday-christian/test/screens/home_screen_test.dart: HomeScreen Widget Tests should show loading indicators while fetching streak data                       00:26 +930 ~5 -127: /Users/kcdacre8tor/ everyday-christian/test/screens/home_screen_test.dart: HomeScreen Widget Tests should show loading indicators while fetching streak data                       00:26 +931 ~5 -127: /Users/kcdacre8tor/ everyday-christian/test/screens/home_screen_test.dart: HomeScreen Widget Tests should show loading indicators while fetching streak data                       00:26 +932 ~5 -127: /Users/kcdacre8tor/ everyday-christian/test/screens/home_screen_test.dart: HomeScreen Widget Tests should show loading indicators while fetching streak data                       00:26 +933 ~5 -127: /Users/kcdacre8tor/ everyday-christian/test/screens/home_screen_test.dart: HomeScreen Widget Tests should show loading indicators while fetching streak data                       00:26 +934 ~5 -127: /Users/kcdacre8tor/ everyday-christian/test/screens/home_screen_test.dart: HomeScreen Widget Tests should show loading indicators while fetching streak data                       00:27 +934 ~5 -127: /Users/kcdacre8tor/ everyday-christian/test/screens/home_screen_test.dart: HomeScreen Widget Tests should show loading indicators while fetching streak data                       00:27 +935 ~5 -127: /Users/kcdacre8tor/ everyday-christian/test/screens/home_screen_test.dart: HomeScreen Widget Tests should show loading indicators while fetching streak data                       00:27 +936 ~5 -127: /Users/kcdacre8tor/ everyday-christian/test/screens/home_screen_test.dart: HomeScreen Widget Tests should show loading indicators while fetching streak data                       00:27 +937 ~5 -127: /Users/kcdacre8tor/ everyday-christian/test/screens/home_screen_test.dart: HomeScreen Widget Tests should show loading indicators while fetching streak data                       00:27 +938 ~5 -127: /Users/kcdacre8tor/ everyday-christian/test/screens/home_screen_test.dart: HomeScreen Widget Tests should show loading indicators while fetching streak data                       00:27 +939 ~5 -127: /Users/kcdacre8tor/ everyday-christian/test/screens/home_screen_test.dart: HomeScreen Widget Tests should show loading indicators while fetching streak data                       00:27 +940 ~5 -127: /Users/kcdacre8tor/ everyday-christian/test/screens/home_screen_test.dart: HomeScreen Widget Tests should show loading indicators while fetching streak data                       00:27 +941 ~5 -127: /Users/kcdacre8tor/ everyday-christian/test/screens/home_screen_test.dart: HomeScreen Widget Tests should show loading indicators while fetching streak data                       00:27 +942 ~5 -127: /Users/kcdacre8tor/ everyday-christian/test/screens/home_screen_test.dart: HomeScreen Widget Tests should show loading indicators while fetching streak data                       00:27 +942 ~5 -127: /Users/kcdacre8tor/ everyday-christian/test/widgets/category_statistics_widget_test.dart: CategoryStatisticsWidget Tests should show loading indicator while loading               
Pending timers:
Timer (duration: 0:00:01.000000, periodic: false), created:
#0      new FakeTimer._ (package:fake_async/fake_async.dart:342:62)
#1      FakeAsync._createTimer (package:fake_async/fake_async.dart:260:29)
#2      FakeAsync.run.<anonymous closure> (package:fake_async/fake_async.dart:185:15)
#6      main.<anonymous closure>.<anonymous closure>.<anonymous closure> (file:///Users/kcdacre8tor/%20everyday-christian/test/widgets/category_statistics_widget_test.dart:15:31)
#7      FutureProvider._create (package:riverpod/src/future_provider/base.dart:71:65)
#8      FutureProviderElement.create.<anonymous closure> (package:riverpod/src/future_provider/base.dart:117:22)
#9      FutureHandlerProviderElementMixin.handleFuture.<anonymous closure> (package:riverpod/src/async_notifier/base.dart:341:30)
#10     FutureHandlerProviderElementMixin._handleAsync (package:riverpod/src/async_notifier/base.dart:388:47)
#11     FutureHandlerProviderElementMixin.handleFuture (package:riverpod/src/async_notifier/base.dart:335:5)
#12     FutureProviderElement.create (package:riverpod/src/future_provider/base.dart:116:5)
#13     ProviderElementBase.buildState (package:riverpod/src/framework/element.dart:426:7)
#14     ProviderElementBase.mount (package:riverpod/src/framework/element.dart:228:5)
#15     _StateReader._create (package:riverpod/src/framework/container.dart:47:11)
#16     _StateReader.getElement (package:riverpod/src/framework/container.dart:35:52)
#17     ProviderContainer.readProviderElement.<anonymous closure> (package:riverpod/src/framework/container.dart:440:40)
#18     ProviderContainer.readProviderElement (package:riverpod/src/framework/container.dart:475:8)
#19     ProviderBase.addListener (package:riverpod/src/framework/provider_base.dart:79:26)
#20     ProviderContainer.listen (package:riverpod/src/framework/container.dart:280:21)
#21     ConsumerStatefulElement.watch.<anonymous closure> (package:flutter_riverpod/src/consumer.dart:564:25)
#22     _LinkedHashMapMixin.putIfAbsent (dart:_compact_hash:674:23)
#23     ConsumerStatefulElement.watch (package:flutter_riverpod/src/consumer.dart:557:26)
#24     CategoryStatisticsWidget.build (package:everyday_christian/widgets/category_statistics_widget.dart:15:28)
#25     _ConsumerState.build (package:flutter_riverpod/src/consumer.dart:476:19)
#26     StatefulElement.build (package:flutter/src/widgets/framework.dart:5833:27)
#27     ConsumerStatefulElement.build (package:flutter_riverpod/src/consumer.dart:539:20)
#28     ComponentElement.performRebuild (package:flutter/src/widgets/framework.dart:5723:15)
#29     StatefulElement.performRebuild (package:flutter/src/widgets/framework.dart:5884:11)
#30     Element.rebuild (package:flutter/src/widgets/framework.dart:5435:7)
#31     ComponentElement._firstBuild (package:flutter/src/widgets/framework.dart:5705:5)
#32     StatefulElement._firstBuild (package:flutter/src/widgets/framework.dart:5875:11)
#33     ComponentElement.mount (package:flutter/src/widgets/framework.dart:5699:5)
...     Normal element mounting (25 frames)
#58     Element.inflateWidget (package:flutter/src/widgets/framework.dart:4548:16)
#59     MultiChildRenderObjectElement.inflateWidget (package:flutter/src/widgets/framework.dart:7169:36)
#60     MultiChildRenderObjectElement.mount (package:flutter/src/widgets/framework.dart:7185:32)
...     Normal element mounting (332 frames)
#392    Element.inflateWidget (package:flutter/src/widgets/framework.dart:4548:16)
#393    MultiChildRenderObjectElement.inflateWidget (package:flutter/src/widgets/framework.dart:7169:36)
#394    MultiChildRenderObjectElement.mount (package:flutter/src/widgets/framework.dart:7185:32)
...     Normal element mounting (471 frames)
#865    _UncontrolledProviderScopeElement.mount (package:flutter_riverpod/src/framework.dart:315:11)
...     Normal element mounting (9 frames)
#874    Element.inflateWidget (package:flutter/src/widgets/framework.dart:4548:16)
#875    Element.updateChild (package:flutter/src/widgets/framework.dart:3998:20)
#876    ComponentElement.performRebuild (package:flutter/src/widgets/framework.dart:5747:16)
#877    Element.rebuild (package:flutter/src/widgets/framework.dart:5435:7)
#878    ProxyElement.update (package:flutter/src/widgets/framework.dart:6051:5)
#879    _InheritedNotifierElement.update (package:flutter/src/widgets/inherited_notifier.dart:108:11)
#880    Element.updateChild (package:flutter/src/widgets/framework.dart:3982:15)
#881    ComponentElement.performRebuild (package:flutter/src/widgets/framework.dart:5747:16)
#882    StatefulElement.performRebuild (package:flutter/src/widgets/framework.dart:5884:11)
#883    Element.rebuild (package:flutter/src/widgets/framework.dart:5435:7)
#884    StatefulElement.update (package:flutter/src/widgets/framework.dart:5909:5)
#885    Element.updateChild (package:flutter/src/widgets/framework.dart:3982:15)
#886    ComponentElement.performRebuild (package:flutter/src/widgets/framework.dart:5747:16)
#887    Element.rebuild (package:flutter/src/widgets/framework.dart:5435:7)
#888    ProxyElement.update (package:flutter/src/widgets/framework.dart:6051:5)
#889    _InheritedNotifierElement.update (package:flutter/src/widgets/inherited_notifier.dart:108:11)
#890    Element.updateChild (package:flutter/src/widgets/framework.dart:3982:15)
#891    ComponentElement.performRebuild (package:flutter/src/widgets/framework.dart:5747:16)
#892    StatefulElement.performRebuild (package:flutter/src/widgets/framework.dart:5884:11)
#893    Element.rebuild (package:flutter/src/widgets/framework.dart:5435:7)
#894    StatefulElement.update (package:flutter/src/widgets/framework.dart:5909:5)
#895    Element.updateChild (package:flutter/src/widgets/framework.dart:3982:15)
#896    ComponentElement.performRebuild (package:flutter/src/widgets/framework.dart:5747:16)
#897    StatefulElement.performRebuild (package:flutter/src/widgets/framework.dart:5884:11)
#898    Element.rebuild (package:flutter/src/widgets/framework.dart:5435:7)
#899    StatefulElement.update (package:flutter/src/widgets/framework.dart:5909:5)
#900    Element.updateChild (package:flutter/src/widgets/framework.dart:3982:15)
#901    ComponentElement.performRebuild (package:flutter/src/widgets/framework.dart:5747:16)
#902    Element.rebuild (package:flutter/src/widgets/framework.dart:5435:7)
#903    ProxyElement.update (package:flutter/src/widgets/framework.dart:6051:5)
#904    Element.updateChild (package:flutter/src/widgets/framework.dart:3982:15)
#905    ComponentElement.performRebuild (package:flutter/src/widgets/framework.dart:5747:16)
#906    StatefulElement.performRebuild (package:flutter/src/widgets/framework.dart:5884:11)
#907    Element.rebuild (package:flutter/src/widgets/framework.dart:5435:7)
#908    StatefulElement.update (package:flutter/src/widgets/framework.dart:5909:5)
#909    Element.updateChild (package:flutter/src/widgets/framework.dart:3982:15)
#910    ComponentElement.performRebuild (package:flutter/src/widgets/framework.dart:5747:16)
#911    Element.rebuild (package:flutter/src/widgets/framework.dart:5435:7)
#912    ProxyElement.update (package:flutter/src/widgets/framework.dart:6051:5)
#913    Element.updateChild (package:flutter/src/widgets/framework.dart:3982:15)
#914    ComponentElement.performRebuild (package:flutter/src/widgets/framework.dart:5747:16)
#915    Element.rebuild (package:flutter/src/widgets/framework.dart:5435:7)
#916    ProxyElement.update (package:flutter/src/widgets/framework.dart:6051:5)
#917    Element.updateChild (package:flutter/src/widgets/framework.dart:3982:15)
#918    _RawViewElement._updateChild (package:flutter/src/widgets/view.dart:481:16)
#919    _RawViewElement.update (package:flutter/src/widgets/view.dart:568:5)
#920    Element.updateChild (package:flutter/src/widgets/framework.dart:3982:15)
#921    ComponentElement.performRebuild (package:flutter/src/widgets/framework.dart:5747:16)
#922    Element.rebuild (package:flutter/src/widgets/framework.dart:5435:7)
#923    StatelessElement.update (package:flutter/src/widgets/framework.dart:5797:5)
#924    Element.updateChild (package:flutter/src/widgets/framework.dart:3982:15)
#925    ComponentElement.performRebuild (package:flutter/src/widgets/framework.dart:5747:16)
#926    StatefulElement.performRebuild (package:flutter/src/widgets/framework.dart:5884:11)
#927    Element.rebuild (package:flutter/src/widgets/framework.dart:5435:7)
#928    StatefulElement.update (package:flutter/src/widgets/framework.dart:5909:5)
#929    Element.updateChild (package:flutter/src/widgets/framework.dart:3982:15)
#930    RootElement._rebuild (package:flutter/src/widgets/binding.dart:1716:16)
#931    RootElement.update (package:flutter/src/widgets/binding.dart:1694:5)
#932    RootElement.performRebuild (package:flutter/src/widgets/binding.dart:1708:7)
#933    Element.rebuild (package:flutter/src/widgets/framework.dart:5435:7)
#934    BuildScope._tryRebuild (package:flutter/src/widgets/framework.dart:2695:15)
#935    BuildScope._flushDirtyElements (package:flutter/src/widgets/framework.dart:2752:11)
#936    BuildOwner.buildScope (package:flutter/src/widgets/framework.dart:3056:18)
#937    AutomatedTestWidgetsFlutterBinding.drawFrame (package:flutter_test/src/binding.dart:1506:19)
#938    RendererBinding._handlePersistentFrameCallback (package:flutter/src/rendering/binding.dart:495:5)
#939    SchedulerBinding._invokeFrameCallback (package:flutter/src/scheduler/binding.dart:1434:15)
#940    SchedulerBinding.handleDrawFrame (package:flutter/src/scheduler/binding.dart:1347:9)
#941    AutomatedTestWidgetsFlutterBinding.pump.<anonymous closure> (package:flutter_test/src/binding.dart:1335:9)
#944    TestAsyncUtils.guard (package:flutter_test/src/test_async_utils.dart:74:41)
#945    AutomatedTestWidgetsFlutterBinding.pump (package:flutter_test/src/binding.dart:1324:27)
#946    WidgetTester.pumpWidget.<anonymous closure> (package:flutter_test/src/widget_tester.dart:598:22)
#949    TestAsyncUtils.guard (package:flutter_test/src/test_async_utils.dart:74:41)
#950    WidgetTester.pumpWidget (package:flutter_test/src/widget_tester.dart:595:27)
#951    main.<anonymous closure>.<anonymous closure> (file:///Users/kcdacre8tor/%20everyday-christian/test/widgets/category_statistics_widget_test.dart:11:20)
#952    testWidgets.<anonymous closure>.<anonymous closure> (package:flutter_test/src/widget_tester.dart:192:29)
<asynchronous suspension>
#953    TestWidgetsFlutterBinding._runTestBody (package:flutter_test/src/binding.dart:1059:5)
<asynchronous suspension>
<asynchronous suspension>
(elided 8 frames from dart:async and package:stack_trace)

══╡ EXCEPTION CAUGHT BY FLUTTER TEST FRAMEWORK ╞════════════════════════════════════════════════════
The following assertion was thrown running a test:
A Timer is still pending even after the widget tree was disposed.
'package:flutter_test/src/binding.dart':
Failed assertion: line 1617 pos 12: '!timersPending'

When the exception was thrown, this was the stack:
#2      AutomatedTestWidgetsFlutterBinding._verifyInvariants (package:flutter_test/src/binding.dart:1617:12)
#3      TestWidgetsFlutterBinding._runTestBody (package:flutter_test/src/binding.dart:1078:7)
<asynchronous suspension>
<asynchronous suspension>
(elided 3 frames from class _AssertionError and package:stack_trace)

The test description was:
  should show loading indicator while loading
════════════════════════════════════════════════════════════════════════════════════════════════════
00:27 +942 ~5 -128: /Users/kcdacre8tor/ everyday-christian/test/widgets/category_statistics_widget_test.dart: CategoryStatisticsWidget Tests should show loading indicator while loading [E]           
  Test failed. See exception logs above.
  The test description was: should show loading indicator while loading
  

To run this test again: /Users/kcdacre8tor/flutter/bin/cache/dart-sdk/bin/dart test /Users/kcdacre8tor/ everyday-christian/test/widgets/category_statistics_widget_test.dart -p vm --plain-name 'CategoryStatisticsWidget Tests should show loading indicator while loading'
00:28 +942 ~5 -128: /Users/kcdacre8tor/ everyday-christian/test/screens/home_screen_test.dart: HomeScreen Widget Tests should show loading indicators while fetching streak data                       
══╡ EXCEPTION CAUGHT BY FLUTTER TEST FRAMEWORK ╞════════════════════════════════════════════════════
The following assertion was thrown running a test:
pumpAndSettle timed out

When the exception was thrown, this was the stack:
#0      WidgetTester.pumpAndSettle.<anonymous closure> (package:flutter_test/src/widget_tester.dart:717:11)
<asynchronous suspension>
#1      TestAsyncUtils.guard.<anonymous closure> (package:flutter_test/src/test_async_utils.dart:130:27)
<asynchronous suspension>
#2      main.<anonymous closure>.<anonymous closure> (file:///Users/kcdacre8tor/%20everyday-christian/test/screens/home_screen_test.dart:106:7)
<asynchronous suspension>
#3      testWidgets.<anonymous closure>.<anonymous closure> (package:flutter_test/src/widget_tester.dart:192:15)
<asynchronous suspension>
#4      TestWidgetsFlutterBinding._runTestBody (package:flutter_test/src/binding.dart:1059:5)
<asynchronous suspension>
<asynchronous suspension>
(elided one frame from package:stack_trace)

The test description was:
  should show loading indicators while fetching streak data
════════════════════════════════════════════════════════════════════════════════════════════════════
00:28 +942 ~5 -129: /Users/kcdacre8tor/ everyday-christian/test/screens/home_screen_test.dart: HomeScreen Widget Tests should show loading indicators while fetching streak data [E]                   
  Test failed. See exception logs above.
  The test description was: should show loading indicators while fetching streak data
  

To run this test again: /Users/kcdacre8tor/flutter/bin/cache/dart-sdk/bin/dart test /Users/kcdacre8tor/ everyday-christian/test/screens/home_screen_test.dart -p vm --plain-name 'HomeScreen Widget Tests should show loading indicators while fetching streak data'
00:28 +943 ~5 -129: /Users/kcdacre8tor/ everyday-christian/test/widgets/calendar_heatmap_widget_test.dart: CalendarHeatmapWidget should render without activity data                                   00:28 +944 ~5 -129: /Users/kcdacre8tor/ everyday-christian/test/screens/home_screen_test.dart: HomeScreen Widget Tests should handle error in stat data gracefully                                     00:28 +945 ~5 -129: /Users/kcdacre8tor/ everyday-christian/test/screens/home_screen_test.dart: HomeScreen Widget Tests should handle error in stat data gracefully                                     00:28 +946 ~5 -129: /Users/kcdacre8tor/ everyday-christian/test/screens/home_screen_test.dart: HomeScreen Widget Tests should handle error in stat data gracefully                                     00:28 +947 ~5 -129: /Users/kcdacre8tor/ everyday-christian/test/screens/home_screen_test.dart: HomeScreen Widget Tests should handle error in stat data gracefully                                     00:28 +948 ~5 -129: /Users/kcdacre8tor/ everyday-christian/test/screens/home_screen_test.dart: HomeScreen Widget Tests should handle error in stat data gracefully                                     00:28 +949 ~5 -129: /Users/kcdacre8tor/ everyday-christian/test/screens/home_screen_test.dart: HomeScreen Widget Tests should handle error in stat data gracefully                                     00:28 +950 ~5 -129: /Users/kcdacre8tor/ everyday-christian/test/screens/home_screen_test.dart: HomeScreen Widget Tests should handle error in stat data gracefully                                     00:28 +951 ~5 -129: /Users/kcdacre8tor/ everyday-christian/test/screens/home_screen_test.dart: HomeScreen Widget Tests should handle error in stat data gracefully                                     00:28 +951 ~5 -129: /Users/kcdacre8tor/ everyday-christian/test/widgets/reading_progress_stats_widget_test.dart: ReadingProgressStatsWidget should display all statistics                              
Pending timers:
Timer (duration: 0:00:00.000000, periodic: false), created:
00:28 +951 ~5 -129: /Users/kcdacre8tor/ everyday-christian/test/verse_service_test.dart: FTS5 Full-Text Search should return empty list for empty query                                                
ℹ️ [2025-10-17 18:19:48.576] [INFO   ] [DatabaseHelper] Initializing database at: :memory:
00:29 +951 ~5 -129: /Users/kcdacre8tor/ everyday-christian/test/widgets/reading_progress_stats_widget_test.dart: ReadingProgressStatsWidget should display all statistics                              
#0      new FakeTimer._ (package:fake_async/fake_async.dart:342:62)
#1      FakeAsync._createTimer (package:fake_async/fake_async.dart:260:29)
#2      FakeAsync.run.<anonymous closure> (package:fake_async/fake_async.dart:185:15)
#6      _AnimateState._restart (package:flutter_animate/src/animate.dart:318:23)
#7      _AnimateState.initState (package:flutter_animate/src/animate.dart:290:5)
#8      StatefulElement._firstBuild (package:flutter/src/widgets/framework.dart:5852:55)
#9      ComponentElement.mount (package:flutter/src/widgets/framework.dart:5699:5)
...     Normal element mounting (7 frames)
#16     Element.inflateWidget (package:flutter/src/widgets/framework.dart:4548:16)
#17     MultiChildRenderObjectElement.inflateWidget (package:flutter/src/widgets/framework.dart:7169:36)
#18     MultiChildRenderObjectElement.mount (package:flutter/src/widgets/framework.dart:7185:32)
#19     Element.inflateWidget (package:flutter/src/widgets/framework.dart:4548:16)
#20     MultiChildRenderObjectElement.inflateWidget (package:flutter/src/widgets/framework.dart:7169:36)
#21     MultiChildRenderObjectElement.mount (package:flutter/src/widgets/framework.dart:7185:32)
...     Normal element mounting (31 frames)
#52     Element.inflateWidget (package:flutter/src/widgets/framework.dart:4548:16)
#53     MultiChildRenderObjectElement.inflateWidget (package:flutter/src/widgets/framework.dart:7169:36)
#54     MultiChildRenderObjectElement.mount (package:flutter/src/widgets/framework.dart:7185:32)
...     Normal element mounting (332 frames)
#386    Element.inflateWidget (package:flutter/src/widgets/framework.dart:4548:16)
#387    MultiChildRenderObjectElement.inflateWidget (package:flutter/src/widgets/framework.dart:7169:36)
#388    MultiChildRenderObjectElement.mount (package:flutter/src/widgets/framework.dart:7185:32)
...     Normal element mounting (465 frames)
#853    Element.inflateWidget (package:flutter/src/widgets/framework.dart:4548:16)
#854    Element.updateChild (package:flutter/src/widgets/framework.dart:3998:20)
#855    ComponentElement.performRebuild (package:flutter/src/widgets/framework.dart:5747:16)
#856    Element.rebuild (package:flutter/src/widgets/framework.dart:5435:7)
#857    ProxyElement.update (package:flutter/src/widgets/framework.dart:6051:5)
#858    _InheritedNotifierElement.update (package:flutter/src/widgets/inherited_notifier.dart:108:11)
#859    Element.updateChild (package:flutter/src/widgets/framework.dart:3982:15)
#860    ComponentElement.performRebuild (package:flutter/src/widgets/framework.dart:5747:16)
#861    StatefulElement.performRebuild (package:flutter/src/widgets/framework.dart:5884:11)
#862    Element.rebuild (package:flutter/src/widgets/framework.dart:5435:7)
#863    StatefulElement.update (package:flutter/src/widgets/framework.dart:5909:5)
#864    Element.updateChild (package:flutter/src/widgets/framework.dart:3982:15)
#865    ComponentElement.performRebuild (package:flutter/src/widgets/framework.dart:5747:16)
#866    Element.rebuild (package:flutter/src/widgets/framework.dart:5435:7)
#867    ProxyElement.update (package:flutter/src/widgets/framework.dart:6051:5)
#868    _InheritedNotifierElement.update (package:flutter/src/widgets/inherited_notifier.dart:108:11)
#869    Element.updateChild (package:flutter/src/widgets/framework.dart:3982:15)
#870    ComponentElement.performRebuild (package:flutter/src/widgets/framework.dart:5747:16)
#871    StatefulElement.performRebuild (package:flutter/src/widgets/framework.dart:5884:11)
#872    Element.rebuild (package:flutter/src/widgets/framework.dart:5435:7)
#873    StatefulElement.update (package:flutter/src/widgets/framework.dart:5909:5)
#874    Element.updateChild (package:flutter/src/widgets/framework.dart:3982:15)
#875    ComponentElement.performRebuild (package:flutter/src/widgets/framework.dart:5747:16)
#876    StatefulElement.performRebuild (package:flutter/src/widgets/framework.dart:5884:11)
#877    Element.rebuild (package:flutter/src/widgets/framework.dart:5435:7)
#878    StatefulElement.update (package:flutter/src/widgets/framework.dart:5909:5)
#879    Element.updateChild (package:flutter/src/widgets/framework.dart:3982:15)
#880    ComponentElement.performRebuild (package:flutter/src/widgets/framework.dart:5747:16)
#881    Element.rebuild (package:flutter/src/widgets/framework.dart:5435:7)
#882    ProxyElement.update (package:flutter/src/widgets/framework.dart:6051:5)
#883    Element.updateChild (package:flutter/src/widgets/framework.dart:3982:15)
#884    ComponentElement.performRebuild (package:flutter/src/widgets/framework.dart:5747:16)
#885    StatefulElement.performRebuild (package:flutter/src/widgets/framework.dart:5884:11)
#886    Element.rebuild (package:flutter/src/widgets/framework.dart:5435:7)
#887    StatefulElement.update (package:flutter/src/widgets/framework.dart:5909:5)
#888    Element.updateChild (package:flutter/src/widgets/framework.dart:3982:15)
#889    ComponentElement.performRebuild (package:flutter/src/widgets/framework.dart:5747:16)
#890    Element.rebuild (package:flutter/src/widgets/framework.dart:5435:7)
#891    ProxyElement.update (package:flutter/src/widgets/framework.dart:6051:5)
#892    Element.updateChild (package:flutter/src/widgets/framework.dart:3982:15)
#893    ComponentElement.performRebuild (package:flutter/src/widgets/framework.dart:5747:16)
#894    Element.rebuild (package:flutter/src/widgets/framework.dart:5435:7)
#895    ProxyElement.update (package:flutter/src/widgets/framework.dart:6051:5)
#896    Element.updateChild (package:flutter/src/widgets/framework.dart:3982:15)
#897    _RawViewElement._updateChild (package:flutter/src/widgets/view.dart:481:16)
#898    _RawViewElement.update (package:flutter/src/widgets/view.dart:568:5)
#899    Element.updateChild (package:flutter/src/widgets/framework.dart:3982:15)
#900    ComponentElement.performRebuild (package:flutter/src/widgets/framework.dart:5747:16)
#901    Element.rebuild (package:flutter/src/widgets/framework.dart:5435:7)
#902    StatelessElement.update (package:flutter/src/widgets/framework.dart:5797:5)
#903    Element.updateChild (package:flutter/src/widgets/framework.dart:3982:15)
#904    ComponentElement.performRebuild (package:flutter/src/widgets/framework.dart:5747:16)
#905    StatefulElement.performRebuild (package:flutter/src/widgets/framework.dart:5884:11)
#906    Element.rebuild (package:flutter/src/widgets/framework.dart:5435:7)
#907    StatefulElement.update (package:flutter/src/widgets/framework.dart:5909:5)
#908    Element.updateChild (package:flutter/src/widgets/framework.dart:3982:15)
#909    RootElement._rebuild (package:flutter/src/widgets/binding.dart:1716:16)
#910    RootElement.update (package:flutter/src/widgets/binding.dart:1694:5)
#911    RootElement.performRebuild (package:flutter/src/widgets/binding.dart:1708:7)
#912    Element.rebuild (package:flutter/src/widgets/framework.dart:5435:7)
#913    BuildScope._tryRebuild (package:flutter/src/widgets/framework.dart:2695:15)
#914    BuildScope._flushDirtyElements (package:flutter/src/widgets/framework.dart:2752:11)
#915    BuildOwner.buildScope (package:flutter/src/widgets/framework.dart:3056:18)
#916    AutomatedTestWidgetsFlutterBinding.drawFrame (package:flutter_test/src/binding.dart:1506:19)
#917    RendererBinding._handlePersistentFrameCallback (package:flutter/src/rendering/binding.dart:495:5)
#918    SchedulerBinding._invokeFrameCallback (package:flutter/src/scheduler/binding.dart:1434:15)
#919    SchedulerBinding.handleDrawFrame (package:flutter/src/scheduler/binding.dart:1347:9)
#920    AutomatedTestWidgetsFlutterBinding.pump.<anonymous closure> (package:flutter_test/src/binding.dart:1335:9)
#923    TestAsyncUtils.guard (package:flutter_test/src/test_async_utils.dart:74:41)
#924    AutomatedTestWidgetsFlutterBinding.pump (package:flutter_test/src/binding.dart:1324:27)
#925    WidgetTester.pumpWidget.<anonymous closure> (package:flutter_test/src/widget_tester.dart:598:22)
#928    TestAsyncUtils.guard (package:flutter_test/src/test_async_utils.dart:74:41)
#929    WidgetTester.pumpWidget (package:flutter_test/src/widget_tester.dart:595:27)
#930    main.<anonymous closure>.<anonymous closure> (file:///Users/kcdacre8tor/%20everyday-christian/test/widgets/reading_progress_stats_widget_test.dart:19:20)
#931    testWidgets.<anonymous closure>.<anonymous closure> (package:flutter_test/src/widget_tester.dart:192:29)
<asynchronous suspension>
#932    TestWidgetsFlutterBinding._runTestBody (package:flutter_test/src/binding.dart:1059:5)
<asynchronous suspension>
<asynchronous suspension>
(elided 8 frames from dart:async and package:stack_trace)

Timer (duration: 0:00:00.000000, periodic: false), created:
#0      new FakeTimer._ (package:fake_async/fake_async.dart:342:62)
#1      FakeAsync._createTimer (package:fake_async/fake_async.dart:260:29)
#2      FakeAsync.run.<anonymous closure> (package:fake_async/fake_async.dart:185:15)
#6      _AnimateState._restart (package:flutter_animate/src/animate.dart:318:23)
#7      _AnimateState.initState (package:flutter_animate/src/animate.dart:290:5)
#8      StatefulElement._firstBuild (package:flutter/src/widgets/framework.dart:5852:55)
#9      ComponentElement.mount (package:flutter/src/widgets/framework.dart:5699:5)
...     Normal element mounting (7 frames)
#16     Element.inflateWidget (package:flutter/src/widgets/framework.dart:4548:16)
#17     MultiChildRenderObjectElement.inflateWidget (package:flutter/src/widgets/framework.dart:7169:36)
#18     MultiChildRenderObjectElement.mount (package:flutter/src/widgets/framework.dart:7185:32)
#19     Element.inflateWidget (package:flutter/src/widgets/framework.dart:4548:16)
#20     MultiChildRenderObjectElement.inflateWidget (package:flutter/src/widgets/framework.dart:7169:36)
#21     MultiChildRenderObjectElement.mount (package:flutter/src/widgets/framework.dart:7185:32)
...     Normal element mounting (31 frames)
#52     Element.inflateWidget (package:flutter/src/widgets/framework.dart:4548:16)
#53     MultiChildRenderObjectElement.inflateWidget (package:flutter/src/widgets/framework.dart:7169:36)
#54     MultiChildRenderObjectElement.mount (package:flutter/src/widgets/framework.dart:7185:32)
...     Normal element mounting (332 frames)
#386    Element.inflateWidget (package:flutter/src/widgets/framework.dart:4548:16)
#387    MultiChildRenderObjectElement.inflateWidget (package:flutter/src/widgets/framework.dart:7169:36)
#388    MultiChildRenderObjectElement.mount (package:flutter/src/widgets/framework.dart:7185:32)
...     Normal element mounting (465 frames)
#853    Element.inflateWidget (package:flutter/src/widgets/framework.dart:4548:16)
#854    Element.updateChild (package:flutter/src/widgets/framework.dart:3998:20)
#855    ComponentElement.performRebuild (package:flutter/src/widgets/framework.dart:5747:16)
#856    Element.rebuild (package:flutter/src/widgets/framework.dart:5435:7)
#857    ProxyElement.update (package:flutter/src/widgets/framework.dart:6051:5)
#858    _InheritedNotifierElement.update (package:flutter/src/widgets/inherited_notifier.dart:108:11)
#859    Element.updateChild (package:flutter/src/widgets/framework.dart:3982:15)
#860    ComponentElement.performRebuild (package:flutter/src/widgets/framework.dart:5747:16)
#861    StatefulElement.performRebuild (package:flutter/src/widgets/framework.dart:5884:11)
#862    Element.rebuild (package:flutter/src/widgets/framework.dart:5435:7)
#863    StatefulElement.update (package:flutter/src/widgets/framework.dart:5909:5)
#864    Element.updateChild (package:flutter/src/widgets/framework.dart:3982:15)
#865    ComponentElement.performRebuild (package:flutter/src/widgets/framework.dart:5747:16)
#866    Element.rebuild (package:flutter/src/widgets/framework.dart:5435:7)
#867    ProxyElement.update (package:flutter/src/widgets/framework.dart:6051:5)
#868    _InheritedNotifierElement.update (package:flutter/src/widgets/inherited_notifier.dart:108:11)
#869    Element.updateChild (package:flutter/src/widgets/framework.dart:3982:15)
#870    ComponentElement.performRebuild (package:flutter/src/widgets/framework.dart:5747:16)
#871    StatefulElement.performRebuild (package:flutter/src/widgets/framework.dart:5884:11)
#872    Element.rebuild (package:flutter/src/widgets/framework.dart:5435:7)
#873    StatefulElement.update (package:flutter/src/widgets/framework.dart:5909:5)
#874    Element.updateChild (package:flutter/src/widgets/framework.dart:3982:15)
#875    ComponentElement.performRebuild (package:flutter/src/widgets/framework.dart:5747:16)
#876    StatefulElement.performRebuild (package:flutter/src/widgets/framework.dart:5884:11)
#877    Element.rebuild (package:flutter/src/widgets/framework.dart:5435:7)
#878    StatefulElement.update (package:flutter/src/widgets/framework.dart:5909:5)
#879    Element.updateChild (package:flutter/src/widgets/framework.dart:3982:15)
#880    ComponentElement.performRebuild (package:flutter/src/widgets/framework.dart:5747:16)
#881    Element.rebuild (package:flutter/src/widgets/framework.dart:5435:7)
#882    ProxyElement.update (package:flutter/src/widgets/framework.dart:6051:5)
#883    Element.updateChild (package:flutter/src/widgets/framework.dart:3982:15)
#884    ComponentElement.performRebuild (package:flutter/src/widgets/framework.dart:5747:16)
#885    StatefulElement.performRebuild (package:flutter/src/widgets/framework.dart:5884:11)
#886    Element.rebuild (package:flutter/src/widgets/framework.dart:5435:7)
#887    StatefulElement.update (package:flutter/src/widgets/framework.dart:5909:5)
#888    Element.updateChild (package:flutter/src/widgets/framework.dart:3982:15)
#889    ComponentElement.performRebuild (package:flutter/src/widgets/framework.dart:5747:16)
#890    Element.rebuild (package:flutter/src/widgets/framework.dart:5435:7)
#891    ProxyElement.update (package:flutter/src/widgets/framework.dart:6051:5)
#892    Element.updateChild (package:flutter/src/widgets/framework.dart:3982:15)
#893    ComponentElement.performRebuild (package:flutter/src/widgets/framework.dart:5747:16)
#894    Element.rebuild (package:flutter/src/widgets/framework.dart:5435:7)
#895    ProxyElement.update (package:flutter/src/widgets/framework.dart:6051:5)
#896    Element.updateChild (package:flutter/src/widgets/framework.dart:3982:15)
#897    _RawViewElement._updateChild (package:flutter/src/widgets/view.dart:481:16)
#898    _RawViewElement.update (package:flutter/src/widgets/view.dart:568:5)
#899    Element.updateChild (package:flutter/src/widgets/framework.dart:3982:15)
#900    ComponentElement.performRebuild (package:flutter/src/widgets/framework.dart:5747:16)
#901    Element.rebuild (package:flutter/src/widgets/framework.dart:5435:7)
#902    StatelessElement.update (package:flutter/src/widgets/framework.dart:5797:5)
#903    Element.updateChild (package:flutter/src/widgets/framework.dart:3982:15)
#904    ComponentElement.performRebuild (package:flutter/src/widgets/framework.dart:5747:16)
#905    StatefulElement.performRebuild (package:flutter/src/widgets/framework.dart:5884:11)
#906    Element.rebuild (package:flutter/src/widgets/framework.dart:5435:7)
#907    StatefulElement.update (package:flutter/src/widgets/framework.dart:5909:5)
#908    Element.updateChild (package:flutter/src/widgets/framework.dart:3982:15)
#909    RootElement._rebuild (package:flutter/src/widgets/binding.dart:1716:16)
#910    RootElement.update (package:flutter/src/widgets/binding.dart:1694:5)
#911    RootElement.performRebuild (package:flutter/src/widgets/binding.dart:1708:7)
#912    Element.rebuild (package:flutter/src/widgets/framework.dart:5435:7)
#913    BuildScope._tryRebuild (package:flutter/src/widgets/framework.dart:2695:15)
#914    BuildScope._flushDirtyElements (package:flutter/src/widgets/framework.dart:2752:11)
#915    BuildOwner.buildScope (package:flutter/src/widgets/framework.dart:3056:18)
#916    AutomatedTestWidgetsFlutterBinding.drawFrame (package:flutter_test/src/binding.dart:1506:19)
#917    RendererBinding._handlePersistentFrameCallback (package:flutter/src/rendering/binding.dart:495:5)
#918    SchedulerBinding._invokeFrameCallback (package:flutter/src/scheduler/binding.dart:1434:15)
#919    SchedulerBinding.handleDrawFrame (package:flutter/src/scheduler/binding.dart:1347:9)
#920    AutomatedTestWidgetsFlutterBinding.pump.<anonymous closure> (package:flutter_test/src/binding.dart:1335:9)
#923    TestAsyncUtils.guard (package:flutter_test/src/test_async_utils.dart:74:41)
#924    AutomatedTestWidgetsFlutterBinding.pump (package:flutter_test/src/binding.dart:1324:27)
#925    WidgetTester.pumpWidget.<anonymous closure> (package:flutter_test/src/widget_tester.dart:598:22)
#928    TestAsyncUtils.guard (package:flutter_test/src/test_async_utils.dart:74:41)
#929    WidgetTester.pumpWidget (package:flutter_test/src/widget_tester.dart:595:27)
#930    main.<anonymous closure>.<anonymous closure> (file:///Users/kcdacre8tor/%20everyday-christian/test/widgets/reading_progress_stats_widget_test.dart:19:20)
#931    testWidgets.<anonymous closure>.<anonymous closure> (package:flutter_test/src/widget_tester.dart:192:29)
<asynchronous suspension>
#932    TestWidgetsFlutterBinding._runTestBody (package:flutter_test/src/binding.dart:1059:5)
<asynchronous suspension>
<asynchronous suspension>
(elided 8 frames from dart:async and package:stack_trace)

Timer (duration: 0:00:00.000000, periodic: false), created:
00:29 +951 ~5 -129: /Users/kcdacre8tor/ everyday-christian/test/verse_service_test.dart: FTS5 Full-Text Search should return empty list for empty query                                                
ℹ️ [2025-10-17 18:19:48.637] [INFO   ] [DatabaseHelper] Creating database schema v5
00:29 +951 ~5 -129: /Users/kcdacre8tor/ everyday-christian/test/widgets/reading_progress_stats_widget_test.dart: ReadingProgressStatsWidget should display all statistics                              
#0      new FakeTimer._ (package:fake_async/fake_async.dart:342:62)
#1      FakeAsync._createTimer (package:fake_async/fake_async.dart:260:29)
#2      FakeAsync.run.<anonymous closure> (package:fake_async/fake_async.dart:185:15)
#6      _AnimateState._restart (package:flutter_animate/src/animate.dart:318:23)
#7      _AnimateState.initState (package:flutter_animate/src/animate.dart:290:5)
#8      StatefulElement._firstBuild (package:flutter/src/widgets/framework.dart:5852:55)
#9      ComponentElement.mount (package:flutter/src/widgets/framework.dart:5699:5)
...     Normal element mounting (7 frames)
#16     Element.inflateWidget (package:flutter/src/widgets/framework.dart:4548:16)
#17     MultiChildRenderObjectElement.inflateWidget (package:flutter/src/widgets/framework.dart:7169:36)
#18     MultiChildRenderObjectElement.mount (package:flutter/src/widgets/framework.dart:7185:32)
#19     Element.inflateWidget (package:flutter/src/widgets/framework.dart:4548:16)
#20     MultiChildRenderObjectElement.inflateWidget (package:flutter/src/widgets/framework.dart:7169:36)
#21     MultiChildRenderObjectElement.mount (package:flutter/src/widgets/framework.dart:7185:32)
...     Normal element mounting (31 frames)
#52     Element.inflateWidget (package:flutter/src/widgets/framework.dart:4548:16)
#53     MultiChildRenderObjectElement.inflateWidget (package:flutter/src/widgets/framework.dart:7169:36)
#54     MultiChildRenderObjectElement.mount (package:flutter/src/widgets/framework.dart:7185:32)
...     Normal element mounting (332 frames)
#386    Element.inflateWidget (package:flutter/src/widgets/framework.dart:4548:16)
#387    MultiChildRenderObjectElement.inflateWidget (package:flutter/src/widgets/framework.dart:7169:36)
#388    MultiChildRenderObjectElement.mount (package:flutter/src/widgets/framework.dart:7185:32)
...     Normal element mounting (465 frames)
#853    Element.inflateWidget (package:flutter/src/widgets/framework.dart:4548:16)
#854    Element.updateChild (package:flutter/src/widgets/framework.dart:3998:20)
#855    ComponentElement.performRebuild (package:flutter/src/widgets/framework.dart:5747:16)
#856    Element.rebuild (package:flutter/src/widgets/framework.dart:5435:7)
#857    ProxyElement.update (package:flutter/src/widgets/framework.dart:6051:5)
#858    _InheritedNotifierElement.update (package:flutter/src/widgets/inherited_notifier.dart:108:11)
#859    Element.updateChild (package:flutter/src/widgets/framework.dart:3982:15)
#860    ComponentElement.performRebuild (package:flutter/src/widgets/framework.dart:5747:16)
#861    StatefulElement.performRebuild (package:flutter/src/widgets/framework.dart:5884:11)
#862    Element.rebuild (package:flutter/src/widgets/framework.dart:5435:7)
#863    StatefulElement.update (package:flutter/src/widgets/framework.dart:5909:5)
#864    Element.updateChild (package:flutter/src/widgets/framework.dart:3982:15)
#865    ComponentElement.performRebuild (package:flutter/src/widgets/framework.dart:5747:16)
#866    Element.rebuild (package:flutter/src/widgets/framework.dart:5435:7)
#867    ProxyElement.update (package:flutter/src/widgets/framework.dart:6051:5)
#868    _InheritedNotifierElement.update (package:flutter/src/widgets/inherited_notifier.dart:108:11)
#869    Element.updateChild (package:flutter/src/widgets/framework.dart:3982:15)
#870    ComponentElement.performRebuild (package:flutter/src/widgets/framework.dart:5747:16)
#871    StatefulElement.performRebuild (package:flutter/src/widgets/framework.dart:5884:11)
#872    Element.rebuild (package:flutter/src/widgets/framework.dart:5435:7)
#873    StatefulElement.update (package:flutter/src/widgets/framework.dart:5909:5)
#874    Element.updateChild (package:flutter/src/widgets/framework.dart:3982:15)
#875    ComponentElement.performRebuild (package:flutter/src/widgets/framework.dart:5747:16)
#876    StatefulElement.performRebuild (package:flutter/src/widgets/framework.dart:5884:11)
#877    Element.rebuild (package:flutter/src/widgets/framework.dart:5435:7)
#878    StatefulElement.update (package:flutter/src/widgets/framework.dart:5909:5)
#879    Element.updateChild (package:flutter/src/widgets/framework.dart:3982:15)
#880    ComponentElement.performRebuild (package:flutter/src/widgets/framework.dart:5747:16)
#881    Element.rebuild (package:flutter/src/widgets/framework.dart:5435:7)
#882    ProxyElement.update (package:flutter/src/widgets/framework.dart:6051:5)
#883    Element.updateChild (package:flutter/src/widgets/framework.dart:3982:15)
#884    ComponentElement.performRebuild (package:flutter/src/widgets/framework.dart:5747:16)
#885    StatefulElement.performRebuild (package:flutter/src/widgets/framework.dart:5884:11)
#886    Element.rebuild (package:flutter/src/widgets/framework.dart:5435:7)
#887    StatefulElement.update (package:flutter/src/widgets/framework.dart:5909:5)
#888    Element.updateChild (package:flutter/src/widgets/framework.dart:3982:15)
#889    ComponentElement.performRebuild (package:flutter/src/widgets/framework.dart:5747:16)
#890    Element.rebuild (package:flutter/src/widgets/framework.dart:5435:7)
#891    ProxyElement.update (package:flutter/src/widgets/framework.dart:6051:5)
#892    Element.updateChild (package:flutter/src/widgets/framework.dart:3982:15)
#893    ComponentElement.performRebuild (package:flutter/src/widgets/framework.dart:5747:16)
#894    Element.rebuild (package:flutter/src/widgets/framework.dart:5435:7)
#895    ProxyElement.update (package:flutter/src/widgets/framework.dart:6051:5)
#896    Element.updateChild (package:flutter/src/widgets/framework.dart:3982:15)
#897    _RawViewElement._updateChild (package:flutter/src/widgets/view.dart:481:16)
#898    _RawViewElement.update (package:flutter/src/widgets/view.dart:568:5)
#899    Element.updateChild (package:flutter/src/widgets/framework.dart:3982:15)
#900    ComponentElement.performRebuild (package:flutter/src/widgets/framework.dart:5747:16)
#901    Element.rebuild (package:flutter/src/widgets/framework.dart:5435:7)
#902    StatelessElement.update (package:flutter/src/widgets/framework.dart:5797:5)
#903    Element.updateChild (package:flutter/src/widgets/framework.dart:3982:15)
#904    ComponentElement.performRebuild (package:flutter/src/widgets/framework.dart:5747:16)
#905    StatefulElement.performRebuild (package:flutter/src/widgets/framework.dart:5884:11)
#906    Element.rebuild (package:flutter/src/widgets/framework.dart:5435:7)
#907    StatefulElement.update (package:flutter/src/widgets/framework.dart:5909:5)
#908    Element.updateChild (package:flutter/src/widgets/framework.dart:3982:15)
#909    RootElement._rebuild (package:flutter/src/widgets/binding.dart:1716:16)
#910    RootElement.update (package:flutter/src/widgets/binding.dart:1694:5)
#911    RootElement.performRebuild (package:flutter/src/widgets/binding.dart:1708:7)
#912    Element.rebuild (package:flutter/src/widgets/framework.dart:5435:7)
#913    BuildScope._tryRebuild (package:flutter/src/widgets/framework.dart:2695:15)
#914    BuildScope._flushDirtyElements (package:flutter/src/widgets/framework.dart:2752:11)
#915    BuildOwner.buildScope (package:flutter/src/widgets/framework.dart:3056:18)
#916    AutomatedTestWidgetsFlutterBinding.drawFrame (package:flutter_test/src/binding.dart:1506:19)
#917    RendererBinding._handlePersistentFrameCallback (package:flutter/src/rendering/binding.dart:495:5)
#918    SchedulerBinding._invokeFrameCallback (package:flutter/src/scheduler/binding.dart:1434:15)
#919    SchedulerBinding.handleDrawFrame (package:flutter/src/scheduler/binding.dart:1347:9)
#920    AutomatedTestWidgetsFlutterBinding.pump.<anonymous closure> (package:flutter_test/src/binding.dart:1335:9)
#923    TestAsyncUtils.guard (package:flutter_test/src/test_async_utils.dart:74:41)
#924    AutomatedTestWidgetsFlutterBinding.pump (package:flutter_test/src/binding.dart:1324:27)
#925    WidgetTester.pumpWidget.<anonymous closure> (package:flutter_test/src/widget_tester.dart:598:22)
#928    TestAsyncUtils.guard (package:flutter_test/src/test_async_utils.dart:74:41)
#929    WidgetTester.pumpWidget (package:flutter_test/src/widget_tester.dart:595:27)
#930    main.<anonymous closure>.<anonymous closure> (file:///Users/kcdacre8tor/%20everyday-christian/test/widgets/reading_progress_stats_widget_test.dart:19:20)
#931    testWidgets.<anonymous closure>.<anonymous closure> (package:flutter_test/src/widget_tester.dart:192:29)
<asynchronous suspension>
#932    TestWidgetsFlutterBinding._runTestBody (package:flutter_test/src/binding.dart:1059:5)
<asynchronous suspension>
<asynchronous suspension>
(elided 8 frames from dart:async and package:stack_trace)

Timer (duration: 0:00:00.000000, periodic: false), created:
#0      new FakeTimer._ (package:fake_async/fake_async.dart:342:62)
#1      FakeAsync._createTimer (package:fake_async/fake_async.dart:260:29)
#2      FakeAsync.run.<anonymous closure> (package:fake_async/fake_async.dart:185:15)
#6      _AnimateState._restart (package:flutter_animate/src/animate.dart:318:23)
#7      _AnimateState.initState (package:flutter_animate/src/animate.dart:290:5)
#8      StatefulElement._firstBuild (package:flutter/src/widgets/framework.dart:5852:55)
#9      ComponentElement.mount (package:flutter/src/widgets/framework.dart:5699:5)
...     Normal element mounting (7 frames)
#16     Element.inflateWidget (package:flutter/src/widgets/framework.dart:4548:16)
#17     MultiChildRenderObjectElement.inflateWidget (package:flutter/src/widgets/framework.dart:7169:36)
#18     MultiChildRenderObjectElement.mount (package:flutter/src/widgets/framework.dart:7185:32)
#19     Element.inflateWidget (package:flutter/src/widgets/framework.dart:4548:16)
#20     MultiChildRenderObjectElement.inflateWidget (package:flutter/src/widgets/framework.dart:7169:36)
#21     MultiChildRenderObjectElement.mount (package:flutter/src/widgets/framework.dart:7185:32)
...     Normal element mounting (31 frames)
#52     Element.inflateWidget (package:flutter/src/widgets/framework.dart:4548:16)
#53     MultiChildRenderObjectElement.inflateWidget (package:flutter/src/widgets/framework.dart:7169:36)
#54     MultiChildRenderObjectElement.mount (package:flutter/src/widgets/framework.dart:7185:32)
...     Normal element mounting (332 frames)
#386    Element.inflateWidget (package:flutter/src/widgets/framework.dart:4548:16)
#387    MultiChildRenderObjectElement.inflateWidget (package:flutter/src/widgets/framework.dart:7169:36)
#388    MultiChildRenderObjectElement.mount (package:flutter/src/widgets/framework.dart:7185:32)
...     Normal element mounting (465 frames)
#853    Element.inflateWidget (package:flutter/src/widgets/framework.dart:4548:16)
#854    Element.updateChild (package:flutter/src/widgets/framework.dart:3998:20)
#855    ComponentElement.performRebuild (package:flutter/src/widgets/framework.dart:5747:16)
#856    Element.rebuild (package:flutter/src/widgets/framework.dart:5435:7)
#857    ProxyElement.update (package:flutter/src/widgets/framework.dart:6051:5)
#858    _InheritedNotifierElement.update (package:flutter/src/widgets/inherited_notifier.dart:108:11)
#859    Element.updateChild (package:flutter/src/widgets/framework.dart:3982:15)
#860    ComponentElement.performRebuild (package:flutter/src/widgets/framework.dart:5747:16)
#861    StatefulElement.performRebuild (package:flutter/src/widgets/framework.dart:5884:11)
#862    Element.rebuild (package:flutter/src/widgets/framework.dart:5435:7)
#863    StatefulElement.update (package:flutter/src/widgets/framework.dart:5909:5)
#864    Element.updateChild (package:flutter/src/widgets/framework.dart:3982:15)
#865    ComponentElement.performRebuild (package:flutter/src/widgets/framework.dart:5747:16)
#866    Element.rebuild (package:flutter/src/widgets/framework.dart:5435:7)
#867    ProxyElement.update (package:flutter/src/widgets/framework.dart:6051:5)
#868    _InheritedNotifierElement.update (package:flutter/src/widgets/inherited_notifier.dart:108:11)
#869    Element.updateChild (package:flutter/src/widgets/framework.dart:3982:15)
#870    ComponentElement.performRebuild (package:flutter/src/widgets/framework.dart:5747:16)
#871    StatefulElement.performRebuild (package:flutter/src/widgets/framework.dart:5884:11)
#872    Element.rebuild (package:flutter/src/widgets/framework.dart:5435:7)
#873    StatefulElement.update (package:flutter/src/widgets/framework.dart:5909:5)
#874    Element.updateChild (package:flutter/src/widgets/framework.dart:3982:15)
#875    ComponentElement.performRebuild (package:flutter/src/widgets/framework.dart:5747:16)
#876    StatefulElement.performRebuild (package:flutter/src/widgets/framework.dart:5884:11)
#877    Element.rebuild (package:flutter/src/widgets/framework.dart:5435:7)
#878    StatefulElement.update (package:flutter/src/widgets/framework.dart:5909:5)
#879    Element.updateChild (package:flutter/src/widgets/framework.dart:3982:15)
#880    ComponentElement.performRebuild (package:flutter/src/widgets/framework.dart:5747:16)
#881    Element.rebuild (package:flutter/src/widgets/framework.dart:5435:7)
#882    ProxyElement.update (package:flutter/src/widgets/framework.dart:6051:5)
#883    Element.updateChild (package:flutter/src/widgets/framework.dart:3982:15)
#884    ComponentElement.performRebuild (package:flutter/src/widgets/framework.dart:5747:16)
#885    StatefulElement.performRebuild (package:flutter/src/widgets/framework.dart:5884:11)
#886    Element.rebuild (package:flutter/src/widgets/framework.dart:5435:7)
#887    StatefulElement.update (package:flutter/src/widgets/framework.dart:5909:5)
#888    Element.updateChild (package:flutter/src/widgets/framework.dart:3982:15)
#889    ComponentElement.performRebuild (package:flutter/src/widgets/framework.dart:5747:16)
#890    Element.rebuild (package:flutter/src/widgets/framework.dart:5435:7)
#891    ProxyElement.update (package:flutter/src/widgets/framework.dart:6051:5)
#892    Element.updateChild (package:flutter/src/widgets/framework.dart:3982:15)
#893    ComponentElement.performRebuild (package:flutter/src/widgets/framework.dart:5747:16)
#894    Element.rebuild (package:flutter/src/widgets/framework.dart:5435:7)
#895    ProxyElement.update (package:flutter/src/widgets/framework.dart:6051:5)
#896    Element.updateChild (package:flutter/src/widgets/framework.dart:3982:15)
#897    _RawViewElement._updateChild (package:flutter/src/widgets/view.dart:481:16)
#898    _RawViewElement.update (package:flutter/src/widgets/view.dart:568:5)
#899    Element.updateChild (package:flutter/src/widgets/framework.dart:3982:15)
#900    ComponentElement.performRebuild (package:flutter/src/widgets/framework.dart:5747:16)
#901    Element.rebuild (package:flutter/src/widgets/framework.dart:5435:7)
#902    StatelessElement.update (package:flutter/src/widgets/framework.dart:5797:5)
#903    Element.updateChild (package:flutter/src/widgets/framework.dart:3982:15)
#904    ComponentElement.performRebuild (package:flutter/src/widgets/framework.dart:5747:16)
#905    StatefulElement.performRebuild (package:flutter/src/widgets/framework.dart:5884:11)
#906    Element.rebuild (package:flutter/src/widgets/framework.dart:5435:7)
#907    StatefulElement.update (package:flutter/src/widgets/framework.dart:5909:5)
#908    Element.updateChild (package:flutter/src/widgets/framework.dart:3982:15)
#909    RootElement._rebuild (package:flutter/src/widgets/binding.dart:1716:16)
#910    RootElement.update (package:flutter/src/widgets/binding.dart:1694:5)
#911    RootElement.performRebuild (package:flutter/src/widgets/binding.dart:1708:7)
#912    Element.rebuild (package:flutter/src/widgets/framework.dart:5435:7)
#913    BuildScope._tryRebuild (package:flutter/src/widgets/framework.dart:2695:15)
#914    BuildScope._flushDirtyElements (package:flutter/src/widgets/framework.dart:2752:11)
#915    BuildOwner.buildScope (package:flutter/src/widgets/framework.dart:3056:18)
#916    AutomatedTestWidgetsFlutterBinding.drawFrame (package:flutter_test/src/binding.dart:1506:19)
#917    RendererBinding._handlePersistentFrameCallback (package:flutter/src/rendering/binding.dart:495:5)
#918    SchedulerBinding._invokeFrameCallback (package:flutter/src/scheduler/binding.dart:1434:15)
#919    SchedulerBinding.handleDrawFrame (package:flutter/src/scheduler/binding.dart:1347:9)
#920    AutomatedTestWidgetsFlutterBinding.pump.<anonymous closure> (package:flutter_test/src/binding.dart:1335:9)
#923    TestAsyncUtils.guard (package:flutter_test/src/test_async_utils.dart:74:41)
#924    AutomatedTestWidgetsFlutterBinding.pump (package:flutter_test/src/binding.dart:1324:27)
#925    WidgetTester.pumpWidget.<anonymous closure> (package:flutter_test/src/widget_tester.dart:598:22)
#928    TestAsyncUtils.guard (package:flutter_test/src/test_async_utils.dart:74:41)
#929    WidgetTester.pumpWidget (package:flutter_test/src/widget_tester.dart:595:27)
#930    main.<anonymous closure>.<anonymous closure> (file:///Users/kcdacre8tor/%20everyday-christian/test/widgets/reading_progress_stats_widget_test.dart:19:20)
#931    testWidgets.<anonymous closure>.<anonymous closure> (package:flutter_test/src/widget_tester.dart:192:29)
<asynchronous suspension>
#932    TestWidgetsFlutterBinding._runTestBody (package:flutter_test/src/binding.dart:1059:5)
<asynchronous suspension>
<asynchronous suspension>
(elided 8 frames from dart:async and package:stack_trace)

00:29 +951 ~5 -129: /Users/kcdacre8tor/ everyday-christian/test/verse_service_test.dart: FTS5 Full-Text Search should return empty list for empty query                                                
ℹ️ [2025-10-17 18:19:48.675] [INFO   ] [DatabaseHelper] Database schema created successfully
00:29 +951 ~5 -129: /Users/kcdacre8tor/ everyday-christian/test/widgets/reading_progress_stats_widget_test.dart: ReadingProgressStatsWidget should display all statistics                              
══╡ EXCEPTION CAUGHT BY FLUTTER TEST FRAMEWORK ╞════════════════════════════════════════════════════
The following assertion was thrown running a test:
A Timer is still pending even after the widget tree was disposed.
'package:flutter_test/src/binding.dart':
Failed assertion: line 1617 pos 12: '!timersPending'

When the exception was thrown, this was the stack:
#2      AutomatedTestWidgetsFlutterBinding._verifyInvariants (package:flutter_test/src/binding.dart:1617:12)
#3      TestWidgetsFlutterBinding._runTestBody (package:flutter_test/src/binding.dart:1078:7)
<asynchronous suspension>
<asynchronous suspension>
(elided 3 frames from class _AssertionError and package:stack_trace)

The test description was:
  should display all statistics
════════════════════════════════════════════════════════════════════════════════════════════════════
00:29 +951 ~5 -130: /Users/kcdacre8tor/ everyday-christian/test/widgets/reading_progress_stats_widget_test.dart: ReadingProgressStatsWidget should display all statistics [E]                          
  Test failed. See exception logs above.
  The test description was: should display all statistics
  
00:29 +951 ~5 -130: /Users/kcdacre8tor/ everyday-christian/test/verse_service_test.dart: FTS5 Full-Text Search should return empty list for empty query                                                
📦 Running database migrations from v1 to v2
🔄 Migrating to schema v2...

To run this test again: /Users/kcdacre8tor/flutter/bin/cache/dart-sdk/bin/dart test /Users/kcdacre8tor/ everyday-christian/test/widgets/reading_progress_stats_widget_test.dart -p vm --plain-name 'ReadingProgressStatsWidget should display all statistics'
  → Fixing favorite_verses foreign key...
  → Fixing daily_verses foreign key...
  → Fixing verse_bookmarks foreign key...
  → Removing duplicate column from prayer_categories...
  → Creating performance indexes...
  → Creating timestamp triggers...
✅ Schema v2 migration complete!
✅ Database integrity verified
✅ Database migrations complete!
00:29 +952 ~5 -130: /Users/kcdacre8tor/ everyday-christian/test/screens/home_screen_test.dart: HomeScreen Widget Tests should handle error in stat data gracefully                                     00:29 +952 ~5 -130: /Users/kcdacre8tor/ everyday-christian/test/verse_service_test.dart: FTS5 Full-Text Search should find verses using FTS5 search                                                    
ℹ️ [2025-10-17 18:19:48.706] [INFO   ] [DatabaseHelper] Initializing database at: :memory:
ℹ️ [2025-10-17 18:19:48.709] [INFO   ] [DatabaseHelper] Creating database schema v5
00:29 +952 ~5 -130: /Users/kcdacre8tor/ everyday-christian/test/widgets/reading_progress_stats_widget_test.dart: ReadingProgressStatsWidget should display estimated completion date when provided     
Pending timers:
Timer (duration: 0:00:00.000000, periodic: false), created:
00:29 +952 ~5 -130: /Users/kcdacre8tor/ everyday-christian/test/verse_service_test.dart: FTS5 Full-Text Search should find verses using FTS5 search                                                    
ℹ️ [2025-10-17 18:19:48.725] [INFO   ] [DatabaseHelper] Database schema created successfully
📦 Running database migrations from v1 to v2
🔄 Migrating to schema v2...
  → Fixing favorite_verses foreign key...
00:29 +952 ~5 -130: /Users/kcdacre8tor/ everyday-christian/test/widgets/reading_progress_stats_widget_test.dart: ReadingProgressStatsWidget should display estimated completion date when provided     
#0      new FakeTimer._ (package:fake_async/fake_async.dart:342:62)
#1      FakeAsync._createTimer (package:fake_async/fake_async.dart:260:29)
#2      FakeAsync.run.<anonymous closure> (package:fake_async/fake_async.dart:185:15)
#6      _AnimateState._restart (package:flutter_animate/src/animate.dart:318:23)
#7      _AnimateState.initState (package:flutter_animate/src/animate.dart:290:5)
#8      StatefulElement._firstBuild (package:flutter/src/widgets/framework.dart:5852:55)
#9      ComponentElement.mount (package:flutter/src/widgets/framework.dart:5699:5)
...     Normal element mounting (7 frames)
#16     Element.inflateWidget (package:flutter/src/widgets/framework.dart:4548:16)
#17     MultiChildRenderObjectElement.inflateWidget (package:flutter/src/widgets/framework.dart:7169:36)
#18     MultiChildRenderObjectElement.mount (package:flutter/src/widgets/framework.dart:7185:32)
#19     Element.inflateWidget (package:flutter/src/widgets/framework.dart:4548:16)
#20     MultiChildRenderObjectElement.inflateWidget (package:flutter/src/widgets/framework.dart:7169:36)
#21     MultiChildRenderObjectElement.mount (package:flutter/src/widgets/framework.dart:7185:32)
...     Normal element mounting (31 frames)
#52     Element.inflateWidget (package:flutter/src/widgets/framework.dart:4548:16)
#53     MultiChildRenderObjectElement.inflateWidget (package:flutter/src/widgets/framework.dart:7169:36)
#54     MultiChildRenderObjectElement.mount (package:flutter/src/widgets/framework.dart:7185:32)
...     Normal element mounting (332 frames)
#386    Element.inflateWidget (package:flutter/src/widgets/framework.dart:4548:16)
#387    MultiChildRenderObjectElement.inflateWidget (package:flutter/src/widgets/framework.dart:7169:36)
#388    MultiChildRenderObjectElement.mount (package:flutter/src/widgets/framework.dart:7185:32)
...     Normal element mounting (465 frames)
#853    Element.inflateWidget (package:flutter/src/widgets/framework.dart:4548:16)
#854    Element.updateChild (package:flutter/src/widgets/framework.dart:3998:20)
#855    ComponentElement.performRebuild (package:flutter/src/widgets/framework.dart:5747:16)
#856    Element.rebuild (package:flutter/src/widgets/framework.dart:5435:7)
#857    ProxyElement.update (package:flutter/src/widgets/framework.dart:6051:5)
#858    _InheritedNotifierElement.update (package:flutter/src/widgets/inherited_notifier.dart:108:11)
#859    Element.updateChild (package:flutter/src/widgets/framework.dart:3982:15)
#860    ComponentElement.performRebuild (package:flutter/src/widgets/framework.dart:5747:16)
#861    StatefulElement.performRebuild (package:flutter/src/widgets/framework.dart:5884:11)
#862    Element.rebuild (package:flutter/src/widgets/framework.dart:5435:7)
#863    StatefulElement.update (package:flutter/src/widgets/framework.dart:5909:5)
#864    Element.updateChild (package:flutter/src/widgets/framework.dart:3982:15)
#865    ComponentElement.performRebuild (package:flutter/src/widgets/framework.dart:5747:16)
#866    Element.rebuild (package:flutter/src/widgets/framework.dart:5435:7)
#867    ProxyElement.update (package:flutter/src/widgets/framework.dart:6051:5)
#868    _InheritedNotifierElement.update (package:flutter/src/widgets/inherited_notifier.dart:108:11)
#869    Element.updateChild (package:flutter/src/widgets/framework.dart:3982:15)
#870    ComponentElement.performRebuild (package:flutter/src/widgets/framework.dart:5747:16)
#871    StatefulElement.performRebuild (package:flutter/src/widgets/framework.dart:5884:11)
#872    Element.rebuild (package:flutter/src/widgets/framework.dart:5435:7)
#873    StatefulElement.update (package:flutter/src/widgets/framework.dart:5909:5)
#874    Element.updateChild (package:flutter/src/widgets/framework.dart:3982:15)
#875    ComponentElement.performRebuild (package:flutter/src/widgets/framework.dart:5747:16)
#876    StatefulElement.performRebuild (package:flutter/src/widgets/framework.dart:5884:11)
#877    Element.rebuild (package:flutter/src/widgets/framework.dart:5435:7)
#878    StatefulElement.update (package:flutter/src/widgets/framework.dart:5909:5)
#879    Element.updateChild (package:flutter/src/widgets/framework.dart:3982:15)
#880    ComponentElement.performRebuild (package:flutter/src/widgets/framework.dart:5747:16)
#881    Element.rebuild (package:flutter/src/widgets/framework.dart:5435:7)
#882    ProxyElement.update (package:flutter/src/widgets/framework.dart:6051:5)
#883    Element.updateChild (package:flutter/src/widgets/framework.dart:3982:15)
#884    ComponentElement.performRebuild (package:flutter/src/widgets/framework.dart:5747:16)
#885    StatefulElement.performRebuild (package:flutter/src/widgets/framework.dart:5884:11)
#886    Element.rebuild (package:flutter/src/widgets/framework.dart:5435:7)
#887    StatefulElement.update (package:flutter/src/widgets/framework.dart:5909:5)
#888    Element.updateChild (package:flutter/src/widgets/framework.dart:3982:15)
#889    ComponentElement.performRebuild (package:flutter/src/widgets/framework.dart:5747:16)
#890    Element.rebuild (package:flutter/src/widgets/framework.dart:5435:7)
#891    ProxyElement.update (package:flutter/src/widgets/framework.dart:6051:5)
#892    Element.updateChild (package:flutter/src/widgets/framework.dart:3982:15)
#893    ComponentElement.performRebuild (package:flutter/src/widgets/framework.dart:5747:16)
#894    Element.rebuild (package:flutter/src/widgets/framework.dart:5435:7)
#895    ProxyElement.update (package:flutter/src/widgets/framework.dart:6051:5)
#896    Element.updateChild (package:flutter/src/widgets/framework.dart:3982:15)
#897    _RawViewElement._updateChild (package:flutter/src/widgets/view.dart:481:16)
#898    _RawViewElement.update (package:flutter/src/widgets/view.dart:568:5)
#899    Element.updateChild (package:flutter/src/widgets/framework.dart:3982:15)
#900    ComponentElement.performRebuild (package:flutter/src/widgets/framework.dart:5747:16)
#901    Element.rebuild (package:flutter/src/widgets/framework.dart:5435:7)
#902    StatelessElement.update (package:flutter/src/widgets/framework.dart:5797:5)
#903    Element.updateChild (package:flutter/src/widgets/framework.dart:3982:15)
#904    ComponentElement.performRebuild (package:flutter/src/widgets/framework.dart:5747:16)
#905    StatefulElement.performRebuild (package:flutter/src/widgets/framework.dart:5884:11)
#906    Element.rebuild (package:flutter/src/widgets/framework.dart:5435:7)
#907    StatefulElement.update (package:flutter/src/widgets/framework.dart:5909:5)
#908    Element.updateChild (package:flutter/src/widgets/framework.dart:3982:15)
#909    RootElement._rebuild (package:flutter/src/widgets/binding.dart:1716:16)
#910    RootElement.update (package:flutter/src/widgets/binding.dart:1694:5)
#911    RootElement.performRebuild (package:flutter/src/widgets/binding.dart:1708:7)
#912    Element.rebuild (package:flutter/src/widgets/framework.dart:5435:7)
#913    BuildScope._tryRebuild (package:flutter/src/widgets/framework.dart:2695:15)
#914    BuildScope._flushDirtyElements (package:flutter/src/widgets/framework.dart:2752:11)
#915    BuildOwner.buildScope (package:flutter/src/widgets/framework.dart:3056:18)
#916    AutomatedTestWidgetsFlutterBinding.drawFrame (package:flutter_test/src/binding.dart:1506:19)
#917    RendererBinding._handlePersistentFrameCallback (package:flutter/src/rendering/binding.dart:495:5)
#918    SchedulerBinding._invokeFrameCallback (package:flutter/src/scheduler/binding.dart:1434:15)
#919    SchedulerBinding.handleDrawFrame (package:flutter/src/scheduler/binding.dart:1347:9)
#920    AutomatedTestWidgetsFlutterBinding.pump.<anonymous closure> (package:flutter_test/src/binding.dart:1335:9)
#923    TestAsyncUtils.guard (package:flutter_test/src/test_async_utils.dart:74:41)
#924    AutomatedTestWidgetsFlutterBinding.pump (package:flutter_test/src/binding.dart:1324:27)
#925    WidgetTester.pumpWidget.<anonymous closure> (package:flutter_test/src/widget_tester.dart:598:22)
#928    TestAsyncUtils.guard (package:flutter_test/src/test_async_utils.dart:74:41)
#929    WidgetTester.pumpWidget (package:flutter_test/src/widget_tester.dart:595:27)
#930    main.<anonymous closure>.<anonymous closure> (file:///Users/kcdacre8tor/%20everyday-christian/test/widgets/reading_progress_stats_widget_test.dart:55:20)
#931    testWidgets.<anonymous closure>.<anonymous closure> (package:flutter_test/src/widget_tester.dart:192:29)
<asynchronous suspension>
#932    TestWidgetsFlutterBinding._runTestBody (package:flutter_test/src/binding.dart:1059:5)
<asynchronous suspension>
<asynchronous suspension>
(elided 8 frames from dart:async and package:stack_trace)
00:29 +952 ~5 -130: /Users/kcdacre8tor/ everyday-christian/test/verse_service_test.dart: FTS5 Full-Text Search should find verses using FTS5 search                                                    
  → Fixing daily_verses foreign key...
00:29 +952 ~5 -130: /Users/kcdacre8tor/ everyday-christian/test/widgets/reading_progress_stats_widget_test.dart: ReadingProgressStatsWidget should display estimated completion date when provided     

Timer (duration: 0:00:00.000000, periodic: false), created:
00:29 +952 ~5 -130: /Users/kcdacre8tor/ everyday-christian/test/verse_service_test.dart: FTS5 Full-Text Search should find verses using FTS5 search                                                    
  → Fixing verse_bookmarks foreign key...
  → Removing duplicate column from prayer_categories...
  → Creating performance indexes...
  → Creating timestamp triggers...
✅ Schema v2 migration complete!
✅ Database integrity verified
00:29 +952 ~5 -130: /Users/kcdacre8tor/ everyday-christian/test/widgets/reading_progress_stats_widget_test.dart: ReadingProgressStatsWidget should display estimated completion date when provided     
#0      new FakeTimer._ (package:fake_async/fake_async.dart:342:62)
#1      FakeAsync._createTimer (package:fake_async/fake_async.dart:260:29)
#2      FakeAsync.run.<anonymous closure> (package:fake_async/fake_async.dart:185:15)
#6      _AnimateState._restart (package:flutter_animate/src/animate.dart:318:23)
#7      _AnimateState.initState (package:flutter_animate/src/animate.dart:290:5)
#8      StatefulElement._firstBuild (package:flutter/src/widgets/framework.dart:5852:55)
#9      ComponentElement.mount (package:flutter/src/widgets/framework.dart:5699:5)
...     Normal element mounting (7 frames)
#16     Element.inflateWidget (package:flutter/src/widgets/framework.dart:4548:16)
#17     MultiChildRenderObjectElement.inflateWidget (package:flutter/src/widgets/framework.dart:7169:36)
#18     MultiChildRenderObjectElement.mount (package:flutter/src/widgets/framework.dart:7185:32)
#19     Element.inflateWidget (package:flutter/src/widgets/framework.dart:4548:16)
#20     MultiChildRenderObjectElement.inflateWidget (package:flutter/src/widgets/framework.dart:7169:36)
#21     MultiChildRenderObjectElement.mount (package:flutter/src/widgets/framework.dart:7185:32)
...     Normal element mounting (31 frames)
#52     Element.inflateWidget (package:flutter/src/widgets/framework.dart:4548:16)
#53     MultiChildRenderObjectElement.inflateWidget (package:flutter/src/widgets/framework.dart:7169:36)
#54     MultiChildRenderObjectElement.mount (package:flutter/src/widgets/framework.dart:7185:32)
...     Normal element mounting (332 frames)
#386    Element.inflateWidget (package:flutter/src/widgets/framework.dart:4548:16)
#387    MultiChildRenderObjectElement.inflateWidget (package:flutter/src/widgets/framework.dart:7169:36)
#388    MultiChildRenderObjectElement.mount (package:flutter/src/widgets/framework.dart:7185:32)
...     Normal element mounting (465 frames)
#853    Element.inflateWidget (package:flutter/src/widgets/framework.dart:4548:16)
#854    Element.updateChild (package:flutter/src/widgets/framework.dart:3998:20)
#855    ComponentElement.performRebuild (package:flutter/src/widgets/framework.dart:5747:16)
#856    Element.rebuild (package:flutter/src/widgets/framework.dart:5435:7)
#857    ProxyElement.update (package:flutter/src/widgets/framework.dart:6051:5)
#858    _InheritedNotifierElement.update (package:flutter/src/widgets/inherited_notifier.dart:108:11)
#859    Element.updateChild (package:flutter/src/widgets/framework.dart:3982:15)
#860    ComponentElement.performRebuild (package:flutter/src/widgets/framework.dart:5747:16)
#861    StatefulElement.performRebuild (package:flutter/src/widgets/framework.dart:5884:11)
#862    Element.rebuild (package:flutter/src/widgets/framework.dart:5435:7)
#863    StatefulElement.update (package:flutter/src/widgets/framework.dart:5909:5)
#864    Element.updateChild (package:flutter/src/widgets/framework.dart:3982:15)
#865    ComponentElement.performRebuild (package:flutter/src/widgets/framework.dart:5747:16)
#866    Element.rebuild (package:flutter/src/widgets/framework.dart:5435:7)
#867    ProxyElement.update (package:flutter/src/widgets/framework.dart:6051:5)
#868    _InheritedNotifierElement.update (package:flutter/src/widgets/inherited_notifier.dart:108:11)
#869    Element.updateChild (package:flutter/src/widgets/framework.dart:3982:15)
#870    ComponentElement.performRebuild (package:flutter/src/widgets/framework.dart:5747:16)
#871    StatefulElement.performRebuild (package:flutter/src/widgets/framework.dart:5884:11)
#872    Element.rebuild (package:flutter/src/widgets/framework.dart:5435:7)
#873    StatefulElement.update (package:flutter/src/widgets/framework.dart:5909:5)
#874    Element.updateChild (package:flutter/src/widgets/framework.dart:3982:15)
#875    ComponentElement.performRebuild (package:flutter/src/widgets/framework.dart:5747:16)
#876    StatefulElement.performRebuild (package:flutter/src/widgets/framework.dart:5884:11)
#877    Element.rebuild (package:flutter/src/widgets/framework.dart:5435:7)
#878    StatefulElement.update (package:flutter/src/widgets/framework.dart:5909:5)
#879    Element.updateChild (package:flutter/src/widgets/framework.dart:3982:15)
#880    ComponentElement.performRebuild (package:flutter/src/widgets/framework.dart:5747:16)
#881    Element.rebuild (package:flutter/src/widgets/framework.dart:5435:7)
#882    ProxyElement.update (package:flutter/src/widgets/framework.dart:6051:5)
#883    Element.updateChild (package:flutter/src/widgets/framework.dart:3982:15)
#884    ComponentElement.performRebuild (package:flutter/src/widgets/framework.dart:5747:16)
#885    StatefulElement.performRebuild (package:flutter/src/widgets/framework.dart:5884:11)
#886    Element.rebuild (package:flutter/src/widgets/framework.dart:5435:7)
#887    StatefulElement.update (package:flutter/src/widgets/framework.dart:5909:5)
#888    Element.updateChild (package:flutter/src/widgets/framework.dart:3982:15)
#889    ComponentElement.performRebuild (package:flutter/src/widgets/framework.dart:5747:16)
#890    Element.rebuild (package:flutter/src/widgets/framework.dart:5435:7)
#891    ProxyElement.update (package:flutter/src/widgets/framework.dart:6051:5)
#892    Element.updateChild (package:flutter/src/widgets/framework.dart:3982:15)
#893    ComponentElement.performRebuild (package:flutter/src/widgets/framework.dart:5747:16)
#894    Element.rebuild (package:flutter/src/widgets/framework.dart:5435:7)
#895    ProxyElement.update (package:flutter/src/widgets/framework.dart:6051:5)
#896    Element.updateChild (package:flutter/src/widgets/framework.dart:3982:15)
#897    _RawViewElement._updateChild (package:flutter/src/widgets/view.dart:481:16)
#898    _RawViewElement.update (package:flutter/src/widgets/view.dart:568:5)
#899    Element.updateChild (package:flutter/src/widgets/framework.dart:3982:15)
#900    ComponentElement.performRebuild (package:flutter/src/widgets/framework.dart:5747:16)
#901    Element.rebuild (package:flutter/src/widgets/framework.dart:5435:7)
#902    StatelessElement.update (package:flutter/src/widgets/framework.dart:5797:5)
#903    Element.updateChild (package:flutter/src/widgets/framework.dart:3982:15)
#904    ComponentElement.performRebuild (package:flutter/src/widgets/framework.dart:5747:16)
#905    StatefulElement.performRebuild (package:flutter/src/widgets/framework.dart:5884:11)
#906    Element.rebuild (package:flutter/src/widgets/framework.dart:5435:7)
#907    StatefulElement.update (package:flutter/src/widgets/framework.dart:5909:5)
#908    Element.updateChild (package:flutter/src/widgets/framework.dart:3982:15)
#909    RootElement._rebuild (package:flutter/src/widgets/binding.dart:1716:16)
#910    RootElement.update (package:flutter/src/widgets/binding.dart:1694:5)
#911    RootElement.performRebuild (package:flutter/src/widgets/binding.dart:1708:7)
#912    Element.rebuild (package:flutter/src/widgets/framework.dart:5435:7)
#913    BuildScope._tryRebuild (package:flutter/src/widgets/framework.dart:2695:15)
#914    BuildScope._flushDirtyElements (package:flutter/src/widgets/framework.dart:2752:11)
#915    BuildOwner.buildScope (package:flutter/src/widgets/framework.dart:3056:18)
#916    AutomatedTestWidgetsFlutterBinding.drawFrame (package:flutter_test/src/binding.dart:1506:19)
#917    RendererBinding._handlePersistentFrameCallback (package:flutter/src/rendering/binding.dart:495:5)
#918    SchedulerBinding._invokeFrameCallback (package:flutter/src/scheduler/binding.dart:1434:15)
#919    SchedulerBinding.handleDrawFrame (package:flutter/src/scheduler/binding.dart:1347:9)
#920    AutomatedTestWidgetsFlutterBinding.pump.<anonymous closure> (package:flutter_test/src/binding.dart:1335:9)
#923    TestAsyncUtils.guard (package:flutter_test/src/test_async_utils.dart:74:41)
#924    AutomatedTestWidgetsFlutterBinding.pump (package:flutter_test/src/binding.dart:1324:27)
#925    WidgetTester.pumpWidget.<anonymous closure> (package:flutter_test/src/widget_tester.dart:598:22)
#928    TestAsyncUtils.guard (package:flutter_test/src/test_async_utils.dart:74:41)
#929    WidgetTester.pumpWidget (package:flutter_test/src/widget_tester.dart:595:27)
#930    main.<anonymous closure>.<anonymous closure> (file:///Users/kcdacre8tor/%20everyday-christian/test/widgets/reading_progress_stats_widget_test.dart:55:20)
#931    testWidgets.<anonymous closure>.<anonymous closure> (package:flutter_test/src/widget_tester.dart:192:29)
<asynchronous suspension>
#932    TestWidgetsFlutterBinding._runTestBody (package:flutter_test/src/binding.dart:1059:5)
<asynchronous suspension>
<asynchronous suspension>
(elided 8 frames from dart:async and package:stack_trace)

Timer (duration: 0:00:00.000000, periodic: false), created:
00:29 +952 ~5 -130: /Users/kcdacre8tor/ everyday-christian/test/verse_service_test.dart: FTS5 Full-Text Search should find verses using FTS5 search                                                    
✅ Database migrations complete!
00:29 +953 ~5 -130: /Users/kcdacre8tor/ everyday-christian/test/screens/home_screen_test.dart: HomeScreen Widget Tests should handle error in stat data gracefully                                     00:29 +953 ~5 -130: /Users/kcdacre8tor/ everyday-christian/test/verse_service_test.dart: FTS5 Full-Text Search should filter by version                                                                
ℹ️ [2025-10-17 18:19:48.750] [INFO   ] [DatabaseHelper] Initializing database at: :memory:
00:29 +953 ~5 -130: /Users/kcdacre8tor/ everyday-christian/test/widgets/reading_progress_stats_widget_test.dart: ReadingProgressStatsWidget should display estimated completion date when provided     
#0      new FakeTimer._ (package:fake_async/fake_async.dart:342:62)
#1      FakeAsync._createTimer (package:fake_async/fake_async.dart:260:29)
#2      FakeAsync.run.<anonymous closure> (package:fake_async/fake_async.dart:185:15)
#6      _AnimateState._restart (package:flutter_animate/src/animate.dart:318:23)
#7      _AnimateState.initState (package:flutter_animate/src/animate.dart:290:5)
#8      StatefulElement._firstBuild (package:flutter/src/widgets/framework.dart:5852:55)
#9      ComponentElement.mount (package:flutter/src/widgets/framework.dart:5699:5)
...     Normal element mounting (7 frames)
#16     Element.inflateWidget (package:flutter/src/widgets/framework.dart:4548:16)
#17     MultiChildRenderObjectElement.inflateWidget (package:flutter/src/widgets/framework.dart:7169:36)
#18     MultiChildRenderObjectElement.mount (package:flutter/src/widgets/framework.dart:7185:32)
#19     Element.inflateWidget (package:flutter/src/widgets/framework.dart:4548:16)
#20     MultiChildRenderObjectElement.inflateWidget (package:flutter/src/widgets/framework.dart:7169:36)
#21     MultiChildRenderObjectElement.mount (package:flutter/src/widgets/framework.dart:7185:32)
...     Normal element mounting (31 frames)
#52     Element.inflateWidget (package:flutter/src/widgets/framework.dart:4548:16)
#53     MultiChildRenderObjectElement.inflateWidget (package:flutter/src/widgets/framework.dart:7169:36)
#54     MultiChildRenderObjectElement.mount (package:flutter/src/widgets/framework.dart:7185:32)
...     Normal element mounting (332 frames)
#386    Element.inflateWidget (package:flutter/src/widgets/framework.dart:4548:16)
#387    MultiChildRenderObjectElement.inflateWidget (package:flutter/src/widgets/framework.dart:7169:36)
#388    MultiChildRenderObjectElement.mount (package:flutter/src/widgets/framework.dart:7185:32)
...     Normal element mounting (465 frames)
#853    Element.inflateWidget (package:flutter/src/widgets/framework.dart:4548:16)
#854    Element.updateChild (package:flutter/src/widgets/framework.dart:3998:20)
#855    ComponentElement.performRebuild (package:flutter/src/widgets/framework.dart:5747:16)
#856    Element.rebuild (package:flutter/src/widgets/framework.dart:5435:7)
#857    ProxyElement.update (package:flutter/src/widgets/framework.dart:6051:5)
#858    _InheritedNotifierElement.update (package:flutter/src/widgets/inherited_notifier.dart:108:11)
#859    Element.updateChild (package:flutter/src/widgets/framework.dart:3982:15)
#860    ComponentElement.performRebuild (package:flutter/src/widgets/framework.dart:5747:16)
#861    StatefulElement.performRebuild (package:flutter/src/widgets/framework.dart:5884:11)
#862    Element.rebuild (package:flutter/src/widgets/framework.dart:5435:7)
#863    StatefulElement.update (package:flutter/src/widgets/framework.dart:5909:5)
#864    Element.updateChild (package:flutter/src/widgets/framework.dart:3982:15)
#865    ComponentElement.performRebuild (package:flutter/src/widgets/framework.dart:5747:16)
#866    Element.rebuild (package:flutter/src/widgets/framework.dart:5435:7)
#867    ProxyElement.update (package:flutter/src/widgets/framework.dart:6051:5)
#868    _InheritedNotifierElement.update (package:flutter/src/widgets/inherited_notifier.dart:108:11)
#869    Element.updateChild (package:flutter/src/widgets/framework.dart:3982:15)
#870    ComponentElement.performRebuild (package:flutter/src/widgets/framework.dart:5747:16)
#871    StatefulElement.performRebuild (package:flutter/src/widgets/framework.dart:5884:11)
#872    Element.rebuild (package:flutter/src/widgets/framework.dart:5435:7)
#873    StatefulElement.update (package:flutter/src/widgets/framework.dart:5909:5)
#874    Element.updateChild (package:flutter/src/widgets/framework.dart:3982:15)
#875    ComponentElement.performRebuild (package:flutter/src/widgets/framework.dart:5747:16)
#876    StatefulElement.performRebuild (package:flutter/src/widgets/framework.dart:5884:11)
#877    Element.rebuild (package:flutter/src/widgets/framework.dart:5435:7)
#878    StatefulElement.update (package:flutter/src/widgets/framework.dart:5909:5)
#879    Element.updateChild (package:flutter/src/widgets/framework.dart:3982:15)
#880    ComponentElement.performRebuild (package:flutter/src/widgets/framework.dart:5747:16)
#881    Element.rebuild (package:flutter/src/widgets/framework.dart:5435:7)
#882    ProxyElement.update (package:flutter/src/widgets/framework.dart:6051:5)
#883    Element.updateChild (package:flutter/src/widgets/framework.dart:3982:15)
#884    ComponentElement.performRebuild (package:flutter/src/widgets/framework.dart:5747:16)
#885    StatefulElement.performRebuild (package:flutter/src/widgets/framework.dart:5884:11)
#886    Element.rebuild (package:flutter/src/widgets/framework.dart:5435:7)
#887    StatefulElement.update (package:flutter/src/widgets/framework.dart:5909:5)
#888    Element.updateChild (package:flutter/src/widgets/framework.dart:3982:15)
#889    ComponentElement.performRebuild (package:flutter/src/widgets/framework.dart:5747:16)
#890    Element.rebuild (package:flutter/src/widgets/framework.dart:5435:7)
#891    ProxyElement.update (package:flutter/src/widgets/framework.dart:6051:5)
#892    Element.updateChild (package:flutter/src/widgets/framework.dart:3982:15)
#893    ComponentElement.performRebuild (package:flutter/src/widgets/framework.dart:5747:16)
#894    Element.rebuild (package:flutter/src/widgets/framework.dart:5435:7)
#895    ProxyElement.update (package:flutter/src/widgets/framework.dart:6051:5)
#896    Element.updateChild (package:flutter/src/widgets/framework.dart:3982:15)
#897    _RawViewElement._updateChild (package:flutter/src/widgets/view.dart:481:16)
#898    _RawViewElement.update (package:flutter/src/widgets/view.dart:568:5)
#899    Element.updateChild (package:flutter/src/widgets/framework.dart:3982:15)
#900    ComponentElement.performRebuild (package:flutter/src/widgets/framework.dart:5747:16)
#901    Element.rebuild (package:flutter/src/widgets/framework.dart:5435:7)
#902    StatelessElement.update (package:flutter/src/widgets/framework.dart:5797:5)
#903    Element.updateChild (package:flutter/src/widgets/framework.dart:3982:15)
#904    ComponentElement.performRebuild (package:flutter/src/widgets/framework.dart:5747:16)
#905    StatefulElement.performRebuild (package:flutter/src/widgets/framework.dart:5884:11)
#906    Element.rebuild (package:flutter/src/widgets/framework.dart:5435:7)
#907    StatefulElement.update (package:flutter/src/widgets/framework.dart:5909:5)
#908    Element.updateChild (package:flutter/src/widgets/framework.dart:3982:15)
#909    RootElement._rebuild (package:flutter/src/widgets/binding.dart:1716:16)
#910    RootElement.update (package:flutter/src/widgets/binding.dart:1694:5)
#911    RootElement.performRebuild (package:flutter/src/widgets/binding.dart:1708:7)
#912    Element.rebuild (package:flutter/src/widgets/framework.dart:5435:7)
#913    BuildScope._tryRebuild (package:flutter/src/widgets/framework.dart:2695:15)
#914    BuildScope._flushDirtyElements (package:flutter/src/widgets/framework.dart:2752:11)
#915    BuildOwner.buildScope (package:flutter/src/widgets/framework.dart:3056:18)
#916    AutomatedTestWidgetsFlutterBinding.drawFrame (package:flutter_test/src/binding.dart:1506:19)
#917    RendererBinding._handlePersistentFrameCallback (package:flutter/src/rendering/binding.dart:495:5)
#918    SchedulerBinding._invokeFrameCallback (package:flutter/src/scheduler/binding.dart:1434:15)
#919    SchedulerBinding.handleDrawFrame (package:flutter/src/scheduler/binding.dart:1347:9)
#920    AutomatedTestWidgetsFlutterBinding.pump.<anonymous closure> (package:flutter_test/src/binding.dart:1335:9)
#923    TestAsyncUtils.guard (package:flutter_test/src/test_async_utils.dart:74:41)
#924    AutomatedTestWidgetsFlutterBinding.pump (package:flutter_test/src/binding.dart:1324:27)
#925    WidgetTester.pumpWidget.<anonymous closure> (package:flutter_test/src/widget_tester.dart:598:22)
#928    TestAsyncUtils.guard (package:flutter_test/src/test_async_utils.dart:74:41)
#929    WidgetTester.pumpWidget (package:flutter_test/src/widget_tester.dart:595:27)
#930    main.<anonymous closure>.<anonymous closure> (file:///Users/kcdacre8tor/%20everyday-christian/test/widgets/reading_progress_stats_widget_test.dart:55:20)
#931    testWidgets.<anonymous closure>.<anonymous closure> (package:flutter_test/src/widget_tester.dart:192:29)
<asynchronous suspension>
#932    TestWidgetsFlutterBinding._runTestBody (package:flutter_test/src/binding.dart:1059:5)
<asynchronous suspension>
<asynchronous suspension>
(elided 8 frames from dart:async and package:stack_trace)

Timer (duration: 0:00:00.000000, periodic: false), created:
00:29 +953 ~5 -130: /Users/kcdacre8tor/ everyday-christian/test/verse_service_test.dart: FTS5 Full-Text Search should filter by version                                                                
ℹ️ [2025-10-17 18:19:48.753] [INFO   ] [DatabaseHelper] Creating database schema v5
00:29 +953 ~5 -130: /Users/kcdacre8tor/ everyday-christian/test/widgets/reading_progress_stats_widget_test.dart: ReadingProgressStatsWidget should display estimated completion date when provided     
#0      new FakeTimer._ (package:fake_async/fake_async.dart:342:62)
#1      FakeAsync._createTimer (package:fake_async/fake_async.dart:260:29)
#2      FakeAsync.run.<anonymous closure> (package:fake_async/fake_async.dart:185:15)
#6      _AnimateState._restart (package:flutter_animate/src/animate.dart:318:23)
#7      _AnimateState.initState (package:flutter_animate/src/animate.dart:290:5)
#8      StatefulElement._firstBuild (package:flutter/src/widgets/framework.dart:5852:55)
#9      ComponentElement.mount (package:flutter/src/widgets/framework.dart:5699:5)
...     Normal element mounting (7 frames)
#16     Element.inflateWidget (package:flutter/src/widgets/framework.dart:4548:16)
#17     MultiChildRenderObjectElement.inflateWidget (package:flutter/src/widgets/framework.dart:7169:36)
#18     MultiChildRenderObjectElement.mount (package:flutter/src/widgets/framework.dart:7185:32)
#19     Element.inflateWidget (package:flutter/src/widgets/framework.dart:4548:16)
#20     MultiChildRenderObjectElement.inflateWidget (package:flutter/src/widgets/framework.dart:7169:36)
#21     MultiChildRenderObjectElement.mount (package:flutter/src/widgets/framework.dart:7185:32)
...     Normal element mounting (31 frames)
#52     Element.inflateWidget (package:flutter/src/widgets/framework.dart:4548:16)
#53     MultiChildRenderObjectElement.inflateWidget (package:flutter/src/widgets/framework.dart:7169:36)
#54     MultiChildRenderObjectElement.mount (package:flutter/src/widgets/framework.dart:7185:32)
...     Normal element mounting (332 frames)
#386    Element.inflateWidget (package:flutter/src/widgets/framework.dart:4548:16)
#387    MultiChildRenderObjectElement.inflateWidget (package:flutter/src/widgets/framework.dart:7169:36)
#388    MultiChildRenderObjectElement.mount (package:flutter/src/widgets/framework.dart:7185:32)
...     Normal element mounting (465 frames)
#853    Element.inflateWidget (package:flutter/src/widgets/framework.dart:4548:16)
#854    Element.updateChild (package:flutter/src/widgets/framework.dart:3998:20)
#855    ComponentElement.performRebuild (package:flutter/src/widgets/framework.dart:5747:16)
#856    Element.rebuild (package:flutter/src/widgets/framework.dart:5435:7)
#857    ProxyElement.update (package:flutter/src/widgets/framework.dart:6051:5)
#858    _InheritedNotifierElement.update (package:flutter/src/widgets/inherited_notifier.dart:108:11)
#859    Element.updateChild (package:flutter/src/widgets/framework.dart:3982:15)
#860    ComponentElement.performRebuild (package:flutter/src/widgets/framework.dart:5747:16)
#861    StatefulElement.performRebuild (package:flutter/src/widgets/framework.dart:5884:11)
#862    Element.rebuild (package:flutter/src/widgets/framework.dart:5435:7)
#863    StatefulElement.update (package:flutter/src/widgets/framework.dart:5909:5)
#864    Element.updateChild (package:flutter/src/widgets/framework.dart:3982:15)
#865    ComponentElement.performRebuild (package:flutter/src/widgets/framework.dart:5747:16)
#866    Element.rebuild (package:flutter/src/widgets/framework.dart:5435:7)
#867    ProxyElement.update (package:flutter/src/widgets/framework.dart:6051:5)
#868    _InheritedNotifierElement.update (package:flutter/src/widgets/inherited_notifier.dart:108:11)
#869    Element.updateChild (package:flutter/src/widgets/framework.dart:3982:15)
#870    ComponentElement.performRebuild (package:flutter/src/widgets/framework.dart:5747:16)
#871    StatefulElement.performRebuild (package:flutter/src/widgets/framework.dart:5884:11)
#872    Element.rebuild (package:flutter/src/widgets/framework.dart:5435:7)
#873    StatefulElement.update (package:flutter/src/widgets/framework.dart:5909:5)
#874    Element.updateChild (package:flutter/src/widgets/framework.dart:3982:15)
#875    ComponentElement.performRebuild (package:flutter/src/widgets/framework.dart:5747:16)
#876    StatefulElement.performRebuild (package:flutter/src/widgets/framework.dart:5884:11)
#877    Element.rebuild (package:flutter/src/widgets/framework.dart:5435:7)
#878    StatefulElement.update (package:flutter/src/widgets/framework.dart:5909:5)
#879    Element.updateChild (package:flutter/src/widgets/framework.dart:3982:15)
#880    ComponentElement.performRebuild (package:flutter/src/widgets/framework.dart:5747:16)
#881    Element.rebuild (package:flutter/src/widgets/framework.dart:5435:7)
#882    ProxyElement.update (package:flutter/src/widgets/framework.dart:6051:5)
#883    Element.updateChild (package:flutter/src/widgets/framework.dart:3982:15)
#884    ComponentElement.performRebuild (package:flutter/src/widgets/framework.dart:5747:16)
#885    StatefulElement.performRebuild (package:flutter/src/widgets/framework.dart:5884:11)
#886    Element.rebuild (package:flutter/src/widgets/framework.dart:5435:7)
#887    StatefulElement.update (package:flutter/src/widgets/framework.dart:5909:5)
#888    Element.updateChild (package:flutter/src/widgets/framework.dart:3982:15)
#889    ComponentElement.performRebuild (package:flutter/src/widgets/framework.dart:5747:16)
#890    Element.rebuild (package:flutter/src/widgets/framework.dart:5435:7)
#891    ProxyElement.update (package:flutter/src/widgets/framework.dart:6051:5)
#892    Element.updateChild (package:flutter/src/widgets/framework.dart:3982:15)
#893    ComponentElement.performRebuild (package:flutter/src/widgets/framework.dart:5747:16)
#894    Element.rebuild (package:flutter/src/widgets/framework.dart:5435:7)
#895    ProxyElement.update (package:flutter/src/widgets/framework.dart:6051:5)
#896    Element.updateChild (package:flutter/src/widgets/framework.dart:3982:15)
#897    _RawViewElement._updateChild (package:flutter/src/widgets/view.dart:481:16)
#898    _RawViewElement.update (package:flutter/src/widgets/view.dart:568:5)
#899    Element.updateChild (package:flutter/src/widgets/framework.dart:3982:15)
#900    ComponentElement.performRebuild (package:flutter/src/widgets/framework.dart:5747:16)
#901    Element.rebuild (package:flutter/src/widgets/framework.dart:5435:7)
#902    StatelessElement.update (package:flutter/src/widgets/framework.dart:5797:5)
#903    Element.updateChild (package:flutter/src/widgets/framework.dart:3982:15)
#904    ComponentElement.performRebuild (package:flutter/src/widgets/framework.dart:5747:16)
#905    StatefulElement.performRebuild (package:flutter/src/widgets/framework.dart:5884:11)
#906    Element.rebuild (package:flutter/src/widgets/framework.dart:5435:7)
#907    StatefulElement.update (package:flutter/src/widgets/framework.dart:5909:5)
#908    Element.updateChild (package:flutter/src/widgets/framework.dart:3982:15)
#909    RootElement._rebuild (package:flutter/src/widgets/binding.dart:1716:16)
#910    RootElement.update (package:flutter/src/widgets/binding.dart:1694:5)
#911    RootElement.performRebuild (package:flutter/src/widgets/binding.dart:1708:7)
#912    Element.rebuild (package:flutter/src/widgets/framework.dart:5435:7)
#913    BuildScope._tryRebuild (package:flutter/src/widgets/framework.dart:2695:15)
#914    BuildScope._flushDirtyElements (package:flutter/src/widgets/framework.dart:2752:11)
#915    BuildOwner.buildScope (package:flutter/src/widgets/framework.dart:3056:18)
#916    AutomatedTestWidgetsFlutterBinding.drawFrame (package:flutter_test/src/binding.dart:1506:19)
#917    RendererBinding._handlePersistentFrameCallback (package:flutter/src/rendering/binding.dart:495:5)
#918    SchedulerBinding._invokeFrameCallback (package:flutter/src/scheduler/binding.dart:1434:15)
#919    SchedulerBinding.handleDrawFrame (package:flutter/src/scheduler/binding.dart:1347:9)
#920    AutomatedTestWidgetsFlutterBinding.pump.<anonymous closure> (package:flutter_test/src/binding.dart:1335:9)
#923    TestAsyncUtils.guard (package:flutter_test/src/test_async_utils.dart:74:41)
#924    AutomatedTestWidgetsFlutterBinding.pump (package:flutter_test/src/binding.dart:1324:27)
#925    WidgetTester.pumpWidget.<anonymous closure> (package:flutter_test/src/widget_tester.dart:598:22)
#928    TestAsyncUtils.guard (package:flutter_test/src/test_async_utils.dart:74:41)
#929    WidgetTester.pumpWidget (package:flutter_test/src/widget_tester.dart:595:27)
#930    main.<anonymous closure>.<anonymous closure> (file:///Users/kcdacre8tor/%20everyday-christian/test/widgets/reading_progress_stats_widget_test.dart:55:20)
#931    testWidgets.<anonymous closure>.<anonymous closure> (package:flutter_test/src/widget_tester.dart:192:29)
<asynchronous suspension>
#932    TestWidgetsFlutterBinding._runTestBody (package:flutter_test/src/binding.dart:1059:5)
<asynchronous suspension>
<asynchronous suspension>
(elided 8 frames from dart:async and package:stack_trace)

Timer (duration: 0:00:00.000000, periodic: false), created:
00:29 +953 ~5 -130: /Users/kcdacre8tor/ everyday-christian/test/screens/home_screen_test.dart: HomeScreen Widget Tests should handle error in stat data gracefully                                     00:29 +953 ~5 -130: /Users/kcdacre8tor/ everyday-christian/test/widgets/reading_progress_stats_widget_test.dart: ReadingProgressStatsWidget should display estimated completion date when provided     
#0      new FakeTimer._ (package:fake_async/fake_async.dart:342:62)
#1      FakeAsync._createTimer (package:fake_async/fake_async.dart:260:29)
#2      FakeAsync.run.<anonymous closure> (package:fake_async/fake_async.dart:185:15)
#6      _AnimateState._restart (package:flutter_animate/src/animate.dart:318:23)
#7      _AnimateState.initState (package:flutter_animate/src/animate.dart:290:5)
#8      StatefulElement._firstBuild (package:flutter/src/widgets/framework.dart:5852:55)
#9      ComponentElement.mount (package:flutter/src/widgets/framework.dart:5699:5)
#10     Element.inflateWidget (package:flutter/src/widgets/framework.dart:4548:16)
#11     MultiChildRenderObjectElement.inflateWidget (package:flutter/src/widgets/framework.dart:7169:36)
#12     MultiChildRenderObjectElement.mount (package:flutter/src/widgets/framework.dart:7185:32)
...     Normal element mounting (31 frames)
#43     Element.inflateWidget (package:flutter/src/widgets/framework.dart:4548:16)
#44     MultiChildRenderObjectElement.inflateWidget (package:flutter/src/widgets/framework.dart:7169:36)
#45     MultiChildRenderObjectElement.mount (package:flutter/src/widgets/framework.dart:7185:32)
...     Normal element mounting (332 frames)
#377    Element.inflateWidget (package:flutter/src/widgets/framework.dart:4548:16)
#378    MultiChildRenderObjectElement.inflateWidget (package:flutter/src/widgets/framework.dart:7169:36)
#379    MultiChildRenderObjectElement.mount (package:flutter/src/widgets/framework.dart:7185:32)
...     Normal element mounting (465 frames)
#844    Element.inflateWidget (package:flutter/src/widgets/framework.dart:4548:16)
#845    Element.updateChild (package:flutter/src/widgets/framework.dart:3998:20)
#846    ComponentElement.performRebuild (package:flutter/src/widgets/framework.dart:5747:16)
#847    Element.rebuild (package:flutter/src/widgets/framework.dart:5435:7)
#848    ProxyElement.update (package:flutter/src/widgets/framework.dart:6051:5)
#849    _InheritedNotifierElement.update (package:flutter/src/widgets/inherited_notifier.dart:108:11)
#850    Element.updateChild (package:flutter/src/widgets/framework.dart:3982:15)
#851    ComponentElement.performRebuild (package:flutter/src/widgets/framework.dart:5747:16)
#852    StatefulElement.performRebuild (package:flutter/src/widgets/framework.dart:5884:11)
#853    Element.rebuild (package:flutter/src/widgets/framework.dart:5435:7)
#854    StatefulElement.update (package:flutter/src/widgets/framework.dart:5909:5)
#855    Element.updateChild (package:flutter/src/widgets/framework.dart:3982:15)
#856    ComponentElement.performRebuild (package:flutter/src/widgets/framework.dart:5747:16)
#857    Element.rebuild (package:flutter/src/widgets/framework.dart:5435:7)
#858    ProxyElement.update (package:flutter/src/widgets/framework.dart:6051:5)
#859    _InheritedNotifierElement.update (package:flutter/src/widgets/inherited_notifier.dart:108:11)
#860    Element.updateChild (package:flutter/src/widgets/framework.dart:3982:15)
#861    ComponentElement.performRebuild (package:flutter/src/widgets/framework.dart:5747:16)
#862    StatefulElement.performRebuild (package:flutter/src/widgets/framework.dart:5884:11)
#863    Element.rebuild (package:flutter/src/widgets/framework.dart:5435:7)
#864    StatefulElement.update (package:flutter/src/widgets/framework.dart:5909:5)
#865    Element.updateChild (package:flutter/src/widgets/framework.dart:3982:15)
#866    ComponentElement.performRebuild (package:flutter/src/widgets/framework.dart:5747:16)
#867    StatefulElement.performRebuild (package:flutter/src/widgets/framework.dart:5884:11)
#868    Element.rebuild (package:flutter/src/widgets/framework.dart:5435:7)
#869    StatefulElement.update (package:flutter/src/widgets/framework.dart:5909:5)
#870    Element.updateChild (package:flutter/src/widgets/framework.dart:3982:15)
#871    ComponentElement.performRebuild (package:flutter/src/widgets/framework.dart:5747:16)
#872    Element.rebuild (package:flutter/src/widgets/framework.dart:5435:7)
#873    ProxyElement.update (package:flutter/src/widgets/framework.dart:6051:5)
#874    Element.updateChild (package:flutter/src/widgets/framework.dart:3982:15)
#875    ComponentElement.performRebuild (package:flutter/src/widgets/framework.dart:5747:16)
#876    StatefulElement.performRebuild (package:flutter/src/widgets/framework.dart:5884:11)
#877    Element.rebuild (package:flutter/src/widgets/framework.dart:5435:7)
#878    StatefulElement.update (package:flutter/src/widgets/framework.dart:5909:5)
#879    Element.updateChild (package:flutter/src/widgets/framework.dart:3982:15)
#880    ComponentElement.performRebuild (package:flutter/src/widgets/framework.dart:5747:16)
#881    Element.rebuild (package:flutter/src/widgets/framework.dart:5435:7)
#882    ProxyElement.update (package:flutter/src/widgets/framework.dart:6051:5)
#883    Element.updateChild (package:flutter/src/widgets/framework.dart:3982:15)
#884    ComponentElement.performRebuild (package:flutter/src/widgets/framework.dart:5747:16)
#885    Element.rebuild (package:flutter/src/widgets/framework.dart:5435:7)
#886    ProxyElement.update (package:flutter/src/widgets/framework.dart:6051:5)
#887    Element.updateChild (package:flutter/src/widgets/framework.dart:3982:15)
#888    _RawViewElement._updateChild (package:flutter/src/widgets/view.dart:481:16)
#889    _RawViewElement.update (package:flutter/src/widgets/view.dart:568:5)
#890    Element.updateChild (package:flutter/src/widgets/framework.dart:3982:15)
#891    ComponentElement.performRebuild (package:flutter/src/widgets/framework.dart:5747:16)
#892    Element.rebuild (package:flutter/src/widgets/framework.dart:5435:7)
#893    StatelessElement.update (package:flutter/src/widgets/framework.dart:5797:5)
#894    Element.updateChild (package:flutter/src/widgets/framework.dart:3982:15)
#895    ComponentElement.performRebuild (package:flutter/src/widgets/framework.dart:5747:16)
#896    StatefulElement.performRebuild (package:flutter/src/widgets/framework.dart:5884:11)
#897    Element.rebuild (package:flutter/src/widgets/framework.dart:5435:7)
#898    StatefulElement.update (package:flutter/src/widgets/framework.dart:5909:5)
#899    Element.updateChild (package:flutter/src/widgets/framework.dart:3982:15)
#900    RootElement._rebuild (package:flutter/src/widgets/binding.dart:1716:16)
#901    RootElement.update (package:flutter/src/widgets/binding.dart:1694:5)
#902    RootElement.performRebuild (package:flutter/src/widgets/binding.dart:1708:7)
#903    Element.rebuild (package:flutter/src/widgets/framework.dart:5435:7)
#904    BuildScope._tryRebuild (package:flutter/src/widgets/framework.dart:2695:15)
#905    BuildScope._flushDirtyElements (package:flutter/src/widgets/framework.dart:2752:11)
#906    BuildOwner.buildScope (package:flutter/src/widgets/framework.dart:3056:18)
#907    AutomatedTestWidgetsFlutterBinding.drawFrame (package:flutter_test/src/binding.dart:1506:19)
#908    RendererBinding._handlePersistentFrameCallback (package:flutter/src/rendering/binding.dart:495:5)
#909    SchedulerBinding._invokeFrameCallback (package:flutter/src/scheduler/binding.dart:1434:15)
#910    SchedulerBinding.handleDrawFrame (package:flutter/src/scheduler/binding.dart:1347:9)
#911    AutomatedTestWidgetsFlutterBinding.pump.<anonymous closure> (package:flutter_test/src/binding.dart:1335:9)
#914    TestAsyncUtils.guard (package:flutter_test/src/test_async_utils.dart:74:41)
#915    AutomatedTestWidgetsFlutterBinding.pump (package:flutter_test/src/binding.dart:1324:27)
#916    WidgetTester.pumpWidget.<anonymous closure> (package:flutter_test/src/widget_tester.dart:598:22)
#919    TestAsyncUtils.guard (package:flutter_test/src/test_async_utils.dart:74:41)
#920    WidgetTester.pumpWidget (package:flutter_test/src/widget_tester.dart:595:27)
#921    main.<anonymous closure>.<anonymous closure> (file:///Users/kcdacre8tor/%20everyday-christian/test/widgets/reading_progress_stats_widget_test.dart:55:20)
#922    testWidgets.<anonymous closure>.<anonymous closure> (package:flutter_test/src/widget_tester.dart:192:29)
<asynchronous suspension>
#923    TestWidgetsFlutterBinding._runTestBody (package:flutter_test/src/binding.dart:1059:5)
<asynchronous suspension>
<asynchronous suspension>
(elided 8 frames from dart:async and package:stack_trace)

══╡ EXCEPTION CAUGHT BY FLUTTER TEST FRAMEWORK ╞════════════════════════════════════════════════════
The following assertion was thrown running a test:
A Timer is still pending even after the widget tree was disposed.
'package:flutter_test/src/binding.dart':
Failed assertion: line 1617 pos 12: '!timersPending'

When the exception was thrown, this was the stack:
#2      AutomatedTestWidgetsFlutterBinding._verifyInvariants (package:flutter_test/src/binding.dart:1617:12)
#3      TestWidgetsFlutterBinding._runTestBody (package:flutter_test/src/binding.dart:1078:7)
<asynchronous suspension>
<asynchronous suspension>
(elided 3 frames from class _AssertionError and package:stack_trace)

The test description was:
  should display estimated completion date when provided
════════════════════════════════════════════════════════════════════════════════════════════════════
00:29 +953 ~5 -131: /Users/kcdacre8tor/ everyday-christian/test/widgets/reading_progress_stats_widget_test.dart: ReadingProgressStatsWidget should display estimated completion date when provided [E] 
  Test failed. See exception logs above.
  The test description was: should display estimated completion date when provided
  

To run this test again: /Users/kcdacre8tor/flutter/bin/cache/dart-sdk/bin/dart test /Users/kcdacre8tor/ everyday-christian/test/widgets/reading_progress_stats_widget_test.dart -p vm --plain-name 'ReadingProgressStatsWidget should display estimated completion date when provided'
00:29 +953 ~5 -131: /Users/kcdacre8tor/ everyday-christian/test/verse_service_test.dart: FTS5 Full-Text Search should filter by version                                                                
ℹ️ [2025-10-17 18:19:48.776] [INFO   ] [DatabaseHelper] Database schema created successfully
📦 Running database migrations from v1 to v2
🔄 Migrating to schema v2...
  → Fixing favorite_verses foreign key...
  → Fixing daily_verses foreign key...
  → Fixing verse_bookmarks foreign key...
  → Removing duplicate column from prayer_categories...
  → Creating performance indexes...
00:29 +953 ~5 -131: /Users/kcdacre8tor/ everyday-christian/test/devotional_progress_test.dart: DevotionalProgressService Devotional Retrieval should retrieve all devotionals                          
ℹ️ [2025-10-17 18:19:48.776] [INFO   ] [DatabaseHelper] Initializing database at: :memory:
00:29 +953 ~5 -131: /Users/kcdacre8tor/ everyday-christian/test/verse_service_test.dart: FTS5 Full-Text Search should filter by version                                                                
  → Creating timestamp triggers...
✅ Schema v2 migration complete!
✅ Database integrity verified
✅ Database migrations complete!
00:29 +954 ~5 -131: /Users/kcdacre8tor/ everyday-christian/test/screens/home_screen_test.dart: HomeScreen Widget Tests should handle error in stat data gracefully                                     00:29 +954 ~5 -131: /Users/kcdacre8tor/ everyday-christian/test/verse_service_test.dart: FTS5 Full-Text Search should respect search limit                                                             
ℹ️ [2025-10-17 18:19:48.810] [INFO   ] [DatabaseHelper] Initializing database at: :memory:
00:29 +954 ~5 -131: /Users/kcdacre8tor/ everyday-christian/test/widgets/reading_progress_stats_widget_test.dart: ReadingProgressStatsWidget should not display estimated completion when not provided  
Pending timers:
Timer (duration: 0:00:00.000000, periodic: false), created:
00:29 +954 ~5 -131: /Users/kcdacre8tor/ everyday-christian/test/verse_service_test.dart: FTS5 Full-Text Search should respect search limit                                                             
ℹ️ [2025-10-17 18:19:48.812] [INFO   ] [DatabaseHelper] Creating database schema v5
00:29 +954 ~5 -131: /Users/kcdacre8tor/ everyday-christian/test/widgets/reading_progress_stats_widget_test.dart: ReadingProgressStatsWidget should not display estimated completion when not provided  
#0      new FakeTimer._ (package:fake_async/fake_async.dart:342:62)
#1      FakeAsync._createTimer (package:fake_async/fake_async.dart:260:29)
#2      FakeAsync.run.<anonymous closure> (package:fake_async/fake_async.dart:185:15)
#6      _AnimateState._restart (package:flutter_animate/src/animate.dart:318:23)
#7      _AnimateState.initState (package:flutter_animate/src/animate.dart:290:5)
#8      StatefulElement._firstBuild (package:flutter/src/widgets/framework.dart:5852:55)
#9      ComponentElement.mount (package:flutter/src/widgets/framework.dart:5699:5)
...     Normal element mounting (7 frames)
#16     Element.inflateWidget (package:flutter/src/widgets/framework.dart:4548:16)
#17     MultiChildRenderObjectElement.inflateWidget (package:flutter/src/widgets/framework.dart:7169:36)
#18     MultiChildRenderObjectElement.mount (package:flutter/src/widgets/framework.dart:7185:32)
#19     Element.inflateWidget (package:flutter/src/widgets/framework.dart:4548:16)
#20     MultiChildRenderObjectElement.inflateWidget (package:flutter/src/widgets/framework.dart:7169:36)
#21     MultiChildRenderObjectElement.mount (package:flutter/src/widgets/framework.dart:7185:32)
...     Normal element mounting (31 frames)
#52     Element.inflateWidget (package:flutter/src/widgets/framework.dart:4548:16)
#53     MultiChildRenderObjectElement.inflateWidget (package:flutter/src/widgets/framework.dart:7169:36)
#54     MultiChildRenderObjectElement.mount (package:flutter/src/widgets/framework.dart:7185:32)
...     Normal element mounting (332 frames)
#386    Element.inflateWidget (package:flutter/src/widgets/framework.dart:4548:16)
#387    MultiChildRenderObjectElement.inflateWidget (package:flutter/src/widgets/framework.dart:7169:36)
#388    MultiChildRenderObjectElement.mount (package:flutter/src/widgets/framework.dart:7185:32)
...     Normal element mounting (465 frames)
#853    Element.inflateWidget (package:flutter/src/widgets/framework.dart:4548:16)
#854    Element.updateChild (package:flutter/src/widgets/framework.dart:3998:20)
#855    ComponentElement.performRebuild (package:flutter/src/widgets/framework.dart:5747:16)
#856    Element.rebuild (package:flutter/src/widgets/framework.dart:5435:7)
#857    ProxyElement.update (package:flutter/src/widgets/framework.dart:6051:5)
#858    _InheritedNotifierElement.update (package:flutter/src/widgets/inherited_notifier.dart:108:11)
#859    Element.updateChild (package:flutter/src/widgets/framework.dart:3982:15)
#860    ComponentElement.performRebuild (package:flutter/src/widgets/framework.dart:5747:16)
#861    StatefulElement.performRebuild (package:flutter/src/widgets/framework.dart:5884:11)
#862    Element.rebuild (package:flutter/src/widgets/framework.dart:5435:7)
#863    StatefulElement.update (package:flutter/src/widgets/framework.dart:5909:5)
#864    Element.updateChild (package:flutter/src/widgets/framework.dart:3982:15)
#865    ComponentElement.performRebuild (package:flutter/src/widgets/framework.dart:5747:16)
#866    Element.rebuild (package:flutter/src/widgets/framework.dart:5435:7)
#867    ProxyElement.update (package:flutter/src/widgets/framework.dart:6051:5)
#868    _InheritedNotifierElement.update (package:flutter/src/widgets/inherited_notifier.dart:108:11)
#869    Element.updateChild (package:flutter/src/widgets/framework.dart:3982:15)
#870    ComponentElement.performRebuild (package:flutter/src/widgets/framework.dart:5747:16)
#871    StatefulElement.performRebuild (package:flutter/src/widgets/framework.dart:5884:11)
#872    Element.rebuild (package:flutter/src/widgets/framework.dart:5435:7)
#873    StatefulElement.update (package:flutter/src/widgets/framework.dart:5909:5)
#874    Element.updateChild (package:flutter/src/widgets/framework.dart:3982:15)
#875    ComponentElement.performRebuild (package:flutter/src/widgets/framework.dart:5747:16)
#876    StatefulElement.performRebuild (package:flutter/src/widgets/framework.dart:5884:11)
#877    Element.rebuild (package:flutter/src/widgets/framework.dart:5435:7)
#878    StatefulElement.update (package:flutter/src/widgets/framework.dart:5909:5)
#879    Element.updateChild (package:flutter/src/widgets/framework.dart:3982:15)
#880    ComponentElement.performRebuild (package:flutter/src/widgets/framework.dart:5747:16)
#881    Element.rebuild (package:flutter/src/widgets/framework.dart:5435:7)
#882    ProxyElement.update (package:flutter/src/widgets/framework.dart:6051:5)
#883    Element.updateChild (package:flutter/src/widgets/framework.dart:3982:15)
#884    ComponentElement.performRebuild (package:flutter/src/widgets/framework.dart:5747:16)
#885    StatefulElement.performRebuild (package:flutter/src/widgets/framework.dart:5884:11)
#886    Element.rebuild (package:flutter/src/widgets/framework.dart:5435:7)
#887    StatefulElement.update (package:flutter/src/widgets/framework.dart:5909:5)
#888    Element.updateChild (package:flutter/src/widgets/framework.dart:3982:15)
#889    ComponentElement.performRebuild (package:flutter/src/widgets/framework.dart:5747:16)
#890    Element.rebuild (package:flutter/src/widgets/framework.dart:5435:7)
#891    ProxyElement.update (package:flutter/src/widgets/framework.dart:6051:5)
#892    Element.updateChild (package:flutter/src/widgets/framework.dart:3982:15)
#893    ComponentElement.performRebuild (package:flutter/src/widgets/framework.dart:5747:16)
#894    Element.rebuild (package:flutter/src/widgets/framework.dart:5435:7)
#895    ProxyElement.update (package:flutter/src/widgets/framework.dart:6051:5)
#896    Element.updateChild (package:flutter/src/widgets/framework.dart:3982:15)
#897    _RawViewElement._updateChild (package:flutter/src/widgets/view.dart:481:16)
#898    _RawViewElement.update (package:flutter/src/widgets/view.dart:568:5)
#899    Element.updateChild (package:flutter/src/widgets/framework.dart:3982:15)
#900    ComponentElement.performRebuild (package:flutter/src/widgets/framework.dart:5747:16)
#901    Element.rebuild (package:flutter/src/widgets/framework.dart:5435:7)
#902    StatelessElement.update (package:flutter/src/widgets/framework.dart:5797:5)
#903    Element.updateChild (package:flutter/src/widgets/framework.dart:3982:15)
#904    ComponentElement.performRebuild (package:flutter/src/widgets/framework.dart:5747:16)
#905    StatefulElement.performRebuild (package:flutter/src/widgets/framework.dart:5884:11)
#906    Element.rebuild (package:flutter/src/widgets/framework.dart:5435:7)
#907    StatefulElement.update (package:flutter/src/widgets/framework.dart:5909:5)
#908    Element.updateChild (package:flutter/src/widgets/framework.dart:3982:15)
#909    RootElement._rebuild (package:flutter/src/widgets/binding.dart:1716:16)
#910    RootElement.update (package:flutter/src/widgets/binding.dart:1694:5)
#911    RootElement.performRebuild (package:flutter/src/widgets/binding.dart:1708:7)
#912    Element.rebuild (package:flutter/src/widgets/framework.dart:5435:7)
#913    BuildScope._tryRebuild (package:flutter/src/widgets/framework.dart:2695:15)
#914    BuildScope._flushDirtyElements (package:flutter/src/widgets/framework.dart:2752:11)
#915    BuildOwner.buildScope (package:flutter/src/widgets/framework.dart:3056:18)
#916    AutomatedTestWidgetsFlutterBinding.drawFrame (package:flutter_test/src/binding.dart:1506:19)
#917    RendererBinding._handlePersistentFrameCallback (package:flutter/src/rendering/binding.dart:495:5)
#918    SchedulerBinding._invokeFrameCallback (package:flutter/src/scheduler/binding.dart:1434:15)
#919    SchedulerBinding.handleDrawFrame (package:flutter/src/scheduler/binding.dart:1347:9)
#920    AutomatedTestWidgetsFlutterBinding.pump.<anonymous closure> (package:flutter_test/src/binding.dart:1335:9)
#923    TestAsyncUtils.guard (package:flutter_test/src/test_async_utils.dart:74:41)
#924    AutomatedTestWidgetsFlutterBinding.pump (package:flutter_test/src/binding.dart:1324:27)
#925    WidgetTester.pumpWidget.<anonymous closure> (package:flutter_test/src/widget_tester.dart:598:22)
#928    TestAsyncUtils.guard (package:flutter_test/src/test_async_utils.dart:74:41)
#929    WidgetTester.pumpWidget (package:flutter_test/src/widget_tester.dart:595:27)
#930    main.<anonymous closure>.<anonymous closure> (file:///Users/kcdacre8tor/%20everyday-christian/test/widgets/reading_progress_stats_widget_test.dart:86:20)
#931    testWidgets.<anonymous closure>.<anonymous closure> (package:flutter_test/src/widget_tester.dart:192:29)
<asynchronous suspension>
#932    TestWidgetsFlutterBinding._runTestBody (package:flutter_test/src/binding.dart:1059:5)
<asynchronous suspension>
<asynchronous suspension>
(elided 8 frames from dart:async and package:stack_trace)

Timer (duration: 0:00:00.000000, periodic: false), created:
#0      new FakeTimer._ (package:fake_async/fake_async.dart:342:62)
#1      FakeAsync._createTimer (package:fake_async/fake_async.dart:260:29)
#2      FakeAsync.run.<anonymous closure> (package:fake_async/fake_async.dart:185:15)
#6      _AnimateState._restart (package:flutter_animate/src/animate.dart:318:23)
#7      _AnimateState.initState (package:flutter_animate/src/animate.dart:290:5)
#8      StatefulElement._firstBuild (package:flutter/src/widgets/framework.dart:5852:55)
#9      ComponentElement.mount (package:flutter/src/widgets/framework.dart:5699:5)
...     Normal element mounting (7 frames)
#16     Element.inflateWidget (package:flutter/src/widgets/framework.dart:4548:16)
#17     MultiChildRenderObjectElement.inflateWidget (package:flutter/src/widgets/framework.dart:7169:36)
#18     MultiChildRenderObjectElement.mount (package:flutter/src/widgets/framework.dart:7185:32)
#19     Element.inflateWidget (package:flutter/src/widgets/framework.dart:4548:16)
#20     MultiChildRenderObjectElement.inflateWidget (package:flutter/src/widgets/framework.dart:7169:36)
#21     MultiChildRenderObjectElement.mount (package:flutter/src/widgets/framework.dart:7185:32)
...     Normal element mounting (31 frames)
#52     Element.inflateWidget (package:flutter/src/widgets/framework.dart:4548:16)
#53     MultiChildRenderObjectElement.inflateWidget (package:flutter/src/widgets/framework.dart:7169:36)
#54     MultiChildRenderObjectElement.mount (package:flutter/src/widgets/framework.dart:7185:32)
...     Normal element mounting (332 frames)
#386    Element.inflateWidget (package:flutter/src/widgets/framework.dart:4548:16)
#387    MultiChildRenderObjectElement.inflateWidget (package:flutter/src/widgets/framework.dart:7169:36)
#388    MultiChildRenderObjectElement.mount (package:flutter/src/widgets/framework.dart:7185:32)
...     Normal element mounting (465 frames)
#853    Element.inflateWidget (package:flutter/src/widgets/framework.dart:4548:16)
#854    Element.updateChild (package:flutter/src/widgets/framework.dart:3998:20)
#855    ComponentElement.performRebuild (package:flutter/src/widgets/framework.dart:5747:16)
#856    Element.rebuild (package:flutter/src/widgets/framework.dart:5435:7)
#857    ProxyElement.update (package:flutter/src/widgets/framework.dart:6051:5)
#858    _InheritedNotifierElement.update (package:flutter/src/widgets/inherited_notifier.dart:108:11)
#859    Element.updateChild (package:flutter/src/widgets/framework.dart:3982:15)
#860    ComponentElement.performRebuild (package:flutter/src/widgets/framework.dart:5747:16)
#861    StatefulElement.performRebuild (package:flutter/src/widgets/framework.dart:5884:11)
#862    Element.rebuild (package:flutter/src/widgets/framework.dart:5435:7)
#863    StatefulElement.update (package:flutter/src/widgets/framework.dart:5909:5)
#864    Element.updateChild (package:flutter/src/widgets/framework.dart:3982:15)
#865    ComponentElement.performRebuild (package:flutter/src/widgets/framework.dart:5747:16)
#866    Element.rebuild (package:flutter/src/widgets/framework.dart:5435:7)
#867    ProxyElement.update (package:flutter/src/widgets/framework.dart:6051:5)
#868    _InheritedNotifierElement.update (package:flutter/src/widgets/inherited_notifier.dart:108:11)
#869    Element.updateChild (package:flutter/src/widgets/framework.dart:3982:15)
#870    ComponentElement.performRebuild (package:flutter/src/widgets/framework.dart:5747:16)
#871    StatefulElement.performRebuild (package:flutter/src/widgets/framework.dart:5884:11)
#872    Element.rebuild (package:flutter/src/widgets/framework.dart:5435:7)
#873    StatefulElement.update (package:flutter/src/widgets/framework.dart:5909:5)
#874    Element.updateChild (package:flutter/src/widgets/framework.dart:3982:15)
#875    ComponentElement.performRebuild (package:flutter/src/widgets/framework.dart:5747:16)
#876    StatefulElement.performRebuild (package:flutter/src/widgets/framework.dart:5884:11)
#877    Element.rebuild (package:flutter/src/widgets/framework.dart:5435:7)
#878    StatefulElement.update (package:flutter/src/widgets/framework.dart:5909:5)
#879    Element.updateChild (package:flutter/src/widgets/framework.dart:3982:15)
#880    ComponentElement.performRebuild (package:flutter/src/widgets/framework.dart:5747:16)
#881    Element.rebuild (package:flutter/src/widgets/framework.dart:5435:7)
#882    ProxyElement.update (package:flutter/src/widgets/framework.dart:6051:5)
#883    Element.updateChild (package:flutter/src/widgets/framework.dart:3982:15)
#884    ComponentElement.performRebuild (package:flutter/src/widgets/framework.dart:5747:16)
#885    StatefulElement.performRebuild (package:flutter/src/widgets/framework.dart:5884:11)
#886    Element.rebuild (package:flutter/src/widgets/framework.dart:5435:7)
#887    StatefulElement.update (package:flutter/src/widgets/framework.dart:5909:5)
#888    Element.updateChild (package:flutter/src/widgets/framework.dart:3982:15)
#889    ComponentElement.performRebuild (package:flutter/src/widgets/framework.dart:5747:16)
#890    Element.rebuild (package:flutter/src/widgets/framework.dart:5435:7)
#891    ProxyElement.update (package:flutter/src/widgets/framework.dart:6051:5)
#892    Element.updateChild (package:flutter/src/widgets/framework.dart:3982:15)
#893    ComponentElement.performRebuild (package:flutter/src/widgets/framework.dart:5747:16)
#894    Element.rebuild (package:flutter/src/widgets/framework.dart:5435:7)
#895    ProxyElement.update (package:flutter/src/widgets/framework.dart:6051:5)
#896    Element.updateChild (package:flutter/src/widgets/framework.dart:3982:15)
#897    _RawViewElement._updateChild (package:flutter/src/widgets/view.dart:481:16)
#898    _RawViewElement.update (package:flutter/src/widgets/view.dart:568:5)
#899    Element.updateChild (package:flutter/src/widgets/framework.dart:3982:15)
#900    ComponentElement.performRebuild (package:flutter/src/widgets/framework.dart:5747:16)
#901    Element.rebuild (package:flutter/src/widgets/framework.dart:5435:7)
#902    StatelessElement.update (package:flutter/src/widgets/framework.dart:5797:5)
#903    Element.updateChild (package:flutter/src/widgets/framework.dart:3982:15)
#904    ComponentElement.performRebuild (package:flutter/src/widgets/framework.dart:5747:16)
#905    StatefulElement.performRebuild (package:flutter/src/widgets/framework.dart:5884:11)
#906    Element.rebuild (package:flutter/src/widgets/framework.dart:5435:7)
#907    StatefulElement.update (package:flutter/src/widgets/framework.dart:5909:5)
#908    Element.updateChild (package:flutter/src/widgets/framework.dart:3982:15)
#909    RootElement._rebuild (package:flutter/src/widgets/binding.dart:1716:16)
#910    RootElement.update (package:flutter/src/widgets/binding.dart:1694:5)
#911    RootElement.performRebuild (package:flutter/src/widgets/binding.dart:1708:7)
#912    Element.rebuild (package:flutter/src/widgets/framework.dart:5435:7)
#913    BuildScope._tryRebuild (package:flutter/src/widgets/framework.dart:2695:15)
#914    BuildScope._flushDirtyElements (package:flutter/src/widgets/framework.dart:2752:11)
#915    BuildOwner.buildScope (package:flutter/src/widgets/framework.dart:3056:18)
#916    AutomatedTestWidgetsFlutterBinding.drawFrame (package:flutter_test/src/binding.dart:1506:19)
#917    RendererBinding._handlePersistentFrameCallback (package:flutter/src/rendering/binding.dart:495:5)
#918    SchedulerBinding._invokeFrameCallback (package:flutter/src/scheduler/binding.dart:1434:15)
#919    SchedulerBinding.handleDrawFrame (package:flutter/src/scheduler/binding.dart:1347:9)
#920    AutomatedTestWidgetsFlutterBinding.pump.<anonymous closure> (package:flutter_test/src/binding.dart:1335:9)
#923    TestAsyncUtils.guard (package:flutter_test/src/test_async_utils.dart:74:41)
#924    AutomatedTestWidgetsFlutterBinding.pump (package:flutter_test/src/binding.dart:1324:27)
#925    WidgetTester.pumpWidget.<anonymous closure> (package:flutter_test/src/widget_tester.dart:598:22)
#928    TestAsyncUtils.guard (package:flutter_test/src/test_async_utils.dart:74:41)
#929    WidgetTester.pumpWidget (package:flutter_test/src/widget_tester.dart:595:27)
#930    main.<anonymous closure>.<anonymous closure> (file:///Users/kcdacre8tor/%20everyday-christian/test/widgets/reading_progress_stats_widget_test.dart:86:20)
#931    testWidgets.<anonymous closure>.<anonymous closure> (package:flutter_test/src/widget_tester.dart:192:29)
<asynchronous suspension>
#932    TestWidgetsFlutterBinding._runTestBody (package:flutter_test/src/binding.dart:1059:5)
<asynchronous suspension>
<asynchronous suspension>
(elided 8 frames from dart:async and package:stack_trace)

Timer (duration: 0:00:00.000000, periodic: false), created:
#0      new FakeTimer._ (package:fake_async/fake_async.dart:342:62)
#1      FakeAsync._createTimer (package:fake_async/fake_async.dart:260:29)
#2      FakeAsync.run.<anonymous closure> (package:fake_async/fake_async.dart:185:15)
#6      _AnimateState._restart (package:flutter_animate/src/animate.dart:318:23)
#7      _AnimateState.initState (package:flutter_animate/src/animate.dart:290:5)
#8      StatefulElement._firstBuild (package:flutter/src/widgets/framework.dart:5852:55)
#9      ComponentElement.mount (package:flutter/src/widgets/framework.dart:5699:5)
...     Normal element mounting (7 frames)
#16     Element.inflateWidget (package:flutter/src/widgets/framework.dart:4548:16)
#17     MultiChildRenderObjectElement.inflateWidget (package:flutter/src/widgets/framework.dart:7169:36)
#18     MultiChildRenderObjectElement.mount (package:flutter/src/widgets/framework.dart:7185:32)
#19     Element.inflateWidget (package:flutter/src/widgets/framework.dart:4548:16)
#20     MultiChildRenderObjectElement.inflateWidget (package:flutter/src/widgets/framework.dart:7169:36)
#21     MultiChildRenderObjectElement.mount (package:flutter/src/widgets/framework.dart:7185:32)
...     Normal element mounting (31 frames)
#52     Element.inflateWidget (package:flutter/src/widgets/framework.dart:4548:16)
#53     MultiChildRenderObjectElement.inflateWidget (package:flutter/src/widgets/framework.dart:7169:36)
#54     MultiChildRenderObjectElement.mount (package:flutter/src/widgets/framework.dart:7185:32)
...     Normal element mounting (332 frames)
#386    Element.inflateWidget (package:flutter/src/widgets/framework.dart:4548:16)
#387    MultiChildRenderObjectElement.inflateWidget (package:flutter/src/widgets/framework.dart:7169:36)
#388    MultiChildRenderObjectElement.mount (package:flutter/src/widgets/framework.dart:7185:32)
...     Normal element mounting (465 frames)
#853    Element.inflateWidget (package:flutter/src/widgets/framework.dart:4548:16)
#854    Element.updateChild (package:flutter/src/widgets/framework.dart:3998:20)
#855    ComponentElement.performRebuild (package:flutter/src/widgets/framework.dart:5747:16)
#856    Element.rebuild (package:flutter/src/widgets/framework.dart:5435:7)
#857    ProxyElement.update (package:flutter/src/widgets/framework.dart:6051:5)
#858    _InheritedNotifierElement.update (package:flutter/src/widgets/inherited_notifier.dart:108:11)
#859    Element.updateChild (package:flutter/src/widgets/framework.dart:3982:15)
#860    ComponentElement.performRebuild (package:flutter/src/widgets/framework.dart:5747:16)
#861    StatefulElement.performRebuild (package:flutter/src/widgets/framework.dart:5884:11)
#862    Element.rebuild (package:flutter/src/widgets/framework.dart:5435:7)
#863    StatefulElement.update (package:flutter/src/widgets/framework.dart:5909:5)
#864    Element.updateChild (package:flutter/src/widgets/framework.dart:3982:15)
#865    ComponentElement.performRebuild (package:flutter/src/widgets/framework.dart:5747:16)
#866    Element.rebuild (package:flutter/src/widgets/framework.dart:5435:7)
#867    ProxyElement.update (package:flutter/src/widgets/framework.dart:6051:5)
#868    _InheritedNotifierElement.update (package:flutter/src/widgets/inherited_notifier.dart:108:11)
#869    Element.updateChild (package:flutter/src/widgets/framework.dart:3982:15)
#870    ComponentElement.performRebuild (package:flutter/src/widgets/framework.dart:5747:16)
#871    StatefulElement.performRebuild (package:flutter/src/widgets/framework.dart:5884:11)
#872    Element.rebuild (package:flutter/src/widgets/framework.dart:5435:7)
#873    StatefulElement.update (package:flutter/src/widgets/framework.dart:5909:5)
#874    Element.updateChild (package:flutter/src/widgets/framework.dart:3982:15)
#875    ComponentElement.performRebuild (package:flutter/src/widgets/framework.dart:5747:16)
#876    StatefulElement.performRebuild (package:flutter/src/widgets/framework.dart:5884:11)
#877    Element.rebuild (package:flutter/src/widgets/framework.dart:5435:7)
#878    StatefulElement.update (package:flutter/src/widgets/framework.dart:5909:5)
#879    Element.updateChild (package:flutter/src/widgets/framework.dart:3982:15)
#880    ComponentElement.performRebuild (package:flutter/src/widgets/framework.dart:5747:16)
#881    Element.rebuild (package:flutter/src/widgets/framework.dart:5435:7)
#882    ProxyElement.update (package:flutter/src/widgets/framework.dart:6051:5)
#883    Element.updateChild (package:flutter/src/widgets/framework.dart:3982:15)
#884    ComponentElement.performRebuild (package:flutter/src/widgets/framework.dart:5747:16)
#885    StatefulElement.performRebuild (package:flutter/src/widgets/framework.dart:5884:11)
#886    Element.rebuild (package:flutter/src/widgets/framework.dart:5435:7)
#887    StatefulElement.update (package:flutter/src/widgets/framework.dart:5909:5)
#888    Element.updateChild (package:flutter/src/widgets/framework.dart:3982:15)
#889    ComponentElement.performRebuild (package:flutter/src/widgets/framework.dart:5747:16)
#890    Element.rebuild (package:flutter/src/widgets/framework.dart:5435:7)
#891    ProxyElement.update (package:flutter/src/widgets/framework.dart:6051:5)
#892    Element.updateChild (package:flutter/src/widgets/framework.dart:3982:15)
#893    ComponentElement.performRebuild (package:flutter/src/widgets/framework.dart:5747:16)
#894    Element.rebuild (package:flutter/src/widgets/framework.dart:5435:7)
#895    ProxyElement.update (package:flutter/src/widgets/framework.dart:6051:5)
#896    Element.updateChild (package:flutter/src/widgets/framework.dart:3982:15)
#897    _RawViewElement._updateChild (package:flutter/src/widgets/view.dart:481:16)
#898    _RawViewElement.update (package:flutter/src/widgets/view.dart:568:5)
#899    Element.updateChild (package:flutter/src/widgets/framework.dart:3982:15)
#900    ComponentElement.performRebuild (package:flutter/src/widgets/framework.dart:5747:16)
#901    Element.rebuild (package:flutter/src/widgets/framework.dart:5435:7)
#902    StatelessElement.update (package:flutter/src/widgets/framework.dart:5797:5)
#903    Element.updateChild (package:flutter/src/widgets/framework.dart:3982:15)
#904    ComponentElement.performRebuild (package:flutter/src/widgets/framework.dart:5747:16)
#905    StatefulElement.performRebuild (package:flutter/src/widgets/framework.dart:5884:11)
#906    Element.rebuild (package:flutter/src/widgets/framework.dart:5435:7)
#907    StatefulElement.update (package:flutter/src/widgets/framework.dart:5909:5)
#908    Element.updateChild (package:flutter/src/widgets/framework.dart:3982:15)
#909    RootElement._rebuild (package:flutter/src/widgets/binding.dart:1716:16)
#910    RootElement.update (package:flutter/src/widgets/binding.dart:1694:5)
#911    RootElement.performRebuild (package:flutter/src/widgets/binding.dart:1708:7)
#912    Element.rebuild (package:flutter/src/widgets/framework.dart:5435:7)
#913    BuildScope._tryRebuild (package:flutter/src/widgets/framework.dart:2695:15)
#914    BuildScope._flushDirtyElements (package:flutter/src/widgets/framework.dart:2752:11)
#915    BuildOwner.buildScope (package:flutter/src/widgets/framework.dart:3056:18)
#916    AutomatedTestWidgetsFlutterBinding.drawFrame (package:flutter_test/src/binding.dart:1506:19)
#917    RendererBinding._handlePersistentFrameCallback (package:flutter/src/rendering/binding.dart:495:5)
#918    SchedulerBinding._invokeFrameCallback (package:flutter/src/scheduler/binding.dart:1434:15)
#919    SchedulerBinding.handleDrawFrame (package:flutter/src/scheduler/binding.dart:1347:9)
#920    AutomatedTestWidgetsFlutterBinding.pump.<anonymous closure> (package:flutter_test/src/binding.dart:1335:9)
#923    TestAsyncUtils.guard (package:flutter_test/src/test_async_utils.dart:74:41)
#924    AutomatedTestWidgetsFlutterBinding.pump (package:flutter_test/src/binding.dart:1324:27)
#925    WidgetTester.pumpWidget.<anonymous closure> (package:flutter_test/src/widget_tester.dart:598:22)
#928    TestAsyncUtils.guard (package:flutter_test/src/test_async_utils.dart:74:41)
#929    WidgetTester.pumpWidget (package:flutter_test/src/widget_tester.dart:595:27)
#930    main.<anonymous closure>.<anonymous closure> (file:///Users/kcdacre8tor/%20everyday-christian/test/widgets/reading_progress_stats_widget_test.dart:86:20)
#931    testWidgets.<anonymous closure>.<anonymous closure> (package:flutter_test/src/widget_tester.dart:192:29)
<asynchronous suspension>
#932    TestWidgetsFlutterBinding._runTestBody (package:flutter_test/src/binding.dart:1059:5)
<asynchronous suspension>
<asynchronous suspension>
(elided 8 frames from dart:async and package:stack_trace)

Timer (duration: 0:00:00.000000, periodic: false), created:
00:29 +954 ~5 -131: /Users/kcdacre8tor/ everyday-christian/test/verse_service_test.dart: FTS5 Full-Text Search should respect search limit                                                             
ℹ️ [2025-10-17 18:19:48.841] [INFO   ] [DatabaseHelper] Database schema created successfully
📦 Running database migrations from v1 to v2
🔄 Migrating to schema v2...
  → Fixing favorite_verses foreign key...
00:29 +954 ~5 -131: /Users/kcdacre8tor/ everyday-christian/test/widgets/reading_progress_stats_widget_test.dart: ReadingProgressStatsWidget should not display estimated completion when not provided  
#0      new FakeTimer._ (package:fake_async/fake_async.dart:342:62)
#1      FakeAsync._createTimer (package:fake_async/fake_async.dart:260:29)
#2      FakeAsync.run.<anonymous closure> (package:fake_async/fake_async.dart:185:15)
#6      _AnimateState._restart (package:flutter_animate/src/animate.dart:318:23)
#7      _AnimateState.initState (package:flutter_animate/src/animate.dart:290:5)
#8      StatefulElement._firstBuild (package:flutter/src/widgets/framework.dart:5852:55)
#9      ComponentElement.mount (package:flutter/src/widgets/framework.dart:5699:5)
...     Normal element mounting (7 frames)
#16     Element.inflateWidget (package:flutter/src/widgets/framework.dart:4548:16)
#17     MultiChildRenderObjectElement.inflateWidget (package:flutter/src/widgets/framework.dart:7169:36)
#18     MultiChildRenderObjectElement.mount (package:flutter/src/widgets/framework.dart:7185:32)
#19     Element.inflateWidget (package:flutter/src/widgets/framework.dart:4548:16)
#20     MultiChildRenderObjectElement.inflateWidget (package:flutter/src/widgets/framework.dart:7169:36)
#21     MultiChildRenderObjectElement.mount (package:flutter/src/widgets/framework.dart:7185:32)
...     Normal element mounting (31 frames)
#52     Element.inflateWidget (package:flutter/src/widgets/framework.dart:4548:16)
#53     MultiChildRenderObjectElement.inflateWidget (package:flutter/src/widgets/framework.dart:7169:36)
#54     MultiChildRenderObjectElement.mount (package:flutter/src/widgets/framework.dart:7185:32)
...     Normal element mounting (332 frames)
#386    Element.inflateWidget (package:flutter/src/widgets/framework.dart:4548:16)
#387    MultiChildRenderObjectElement.inflateWidget (package:flutter/src/widgets/framework.dart:7169:36)
#388    MultiChildRenderObjectElement.mount (package:flutter/src/widgets/framework.dart:7185:32)
...     Normal element mounting (465 frames)
#853    Element.inflateWidget (package:flutter/src/widgets/framework.dart:4548:16)
#854    Element.updateChild (package:flutter/src/widgets/framework.dart:3998:20)
#855    ComponentElement.performRebuild (package:flutter/src/widgets/framework.dart:5747:16)
#856    Element.rebuild (package:flutter/src/widgets/framework.dart:5435:7)
#857    ProxyElement.update (package:flutter/src/widgets/framework.dart:6051:5)
#858    _InheritedNotifierElement.update (package:flutter/src/widgets/inherited_notifier.dart:108:11)
#859    Element.updateChild (package:flutter/src/widgets/framework.dart:3982:15)
#860    ComponentElement.performRebuild (package:flutter/src/widgets/framework.dart:5747:16)
#861    StatefulElement.performRebuild (package:flutter/src/widgets/framework.dart:5884:11)
#862    Element.rebuild (package:flutter/src/widgets/framework.dart:5435:7)
#863    StatefulElement.update (package:flutter/src/widgets/framework.dart:5909:5)
#864    Element.updateChild (package:flutter/src/widgets/framework.dart:3982:15)
#865    ComponentElement.performRebuild (package:flutter/src/widgets/framework.dart:5747:16)
#866    Element.rebuild (package:flutter/src/widgets/framework.dart:5435:7)
#867    ProxyElement.update (package:flutter/src/widgets/framework.dart:6051:5)
#868    _InheritedNotifierElement.update (package:flutter/src/widgets/inherited_notifier.dart:108:11)
#869    Element.updateChild (package:flutter/src/widgets/framework.dart:3982:15)
#870    ComponentElement.performRebuild (package:flutter/src/widgets/framework.dart:5747:16)
#871    StatefulElement.performRebuild (package:flutter/src/widgets/framework.dart:5884:11)
#872    Element.rebuild (package:flutter/src/widgets/framework.dart:5435:7)
#873    StatefulElement.update (package:flutter/src/widgets/framework.dart:5909:5)
#874    Element.updateChild (package:flutter/src/widgets/framework.dart:3982:15)
#875    ComponentElement.performRebuild (package:flutter/src/widgets/framework.dart:5747:16)
#876    StatefulElement.performRebuild (package:flutter/src/widgets/framework.dart:5884:11)
#877    Element.rebuild (package:flutter/src/widgets/framework.dart:5435:7)
#878    StatefulElement.update (package:flutter/src/widgets/framework.dart:5909:5)
#879    Element.updateChild (package:flutter/src/widgets/framework.dart:3982:15)
#880    ComponentElement.performRebuild (package:flutter/src/widgets/framework.dart:5747:16)
#881    Element.rebuild (package:flutter/src/widgets/framework.dart:5435:7)
#882    ProxyElement.update (package:flutter/src/widgets/framework.dart:6051:5)
#883    Element.updateChild (package:flutter/src/widgets/framework.dart:3982:15)
#884    ComponentElement.performRebuild (package:flutter/src/widgets/framework.dart:5747:16)
#885    StatefulElement.performRebuild (package:flutter/src/widgets/framework.dart:5884:11)
#886    Element.rebuild (package:flutter/src/widgets/framework.dart:5435:7)
#887    StatefulElement.update (package:flutter/src/widgets/framework.dart:5909:5)
#888    Element.updateChild (package:flutter/src/widgets/framework.dart:3982:15)
#889    ComponentElement.performRebuild (package:flutter/src/widgets/framework.dart:5747:16)
#890    Element.rebuild (package:flutter/src/widgets/framework.dart:5435:7)
#891    ProxyElement.update (package:flutter/src/widgets/framework.dart:6051:5)
#892    Element.updateChild (package:flutter/src/widgets/framework.dart:3982:15)
#893    ComponentElement.performRebuild (package:flutter/src/widgets/framework.dart:5747:16)
#894    Element.rebuild (package:flutter/src/widgets/framework.dart:5435:7)
#895    ProxyElement.update (package:flutter/src/widgets/framework.dart:6051:5)
#896    Element.updateChild (package:flutter/src/widgets/framework.dart:3982:15)
#897    _RawViewElement._updateChild (package:flutter/src/widgets/view.dart:481:16)
#898    _RawViewElement.update (package:flutter/src/widgets/view.dart:568:5)
#899    Element.updateChild (package:flutter/src/widgets/framework.dart:3982:15)
#900    ComponentElement.performRebuild (package:flutter/src/widgets/framework.dart:5747:16)
#901    Element.rebuild (package:flutter/src/widgets/framework.dart:5435:7)
#902    StatelessElement.update (package:flutter/src/widgets/framework.dart:5797:5)
#903    Element.updateChild (package:flutter/src/widgets/framework.dart:3982:15)
#904    ComponentElement.performRebuild (package:flutter/src/widgets/framework.dart:5747:16)
#905    StatefulElement.performRebuild (package:flutter/src/widgets/framework.dart:5884:11)
#906    Element.rebuild (package:flutter/src/widgets/framework.dart:5435:7)
#907    StatefulElement.update (package:flutter/src/widgets/framework.dart:5909:5)
#908    Element.updateChild (package:flutter/src/widgets/framework.dart:3982:15)
#909    RootElement._rebuild (package:flutter/src/widgets/binding.dart:1716:16)
#910    RootElement.update (package:flutter/src/widgets/binding.dart:1694:5)
#911    RootElement.performRebuild (package:flutter/src/widgets/binding.dart:1708:7)
#912    Element.rebuild (package:flutter/src/widgets/framework.dart:5435:7)
#913    BuildScope._tryRebuild (package:flutter/src/widgets/framework.dart:2695:15)
#914    BuildScope._flushDirtyElements (package:flutter/src/widgets/framework.dart:2752:11)
#915    BuildOwner.buildScope (package:flutter/src/widgets/framework.dart:3056:18)
#916    AutomatedTestWidgetsFlutterBinding.drawFrame (package:flutter_test/src/binding.dart:1506:19)
#917    RendererBinding._handlePersistentFrameCallback (package:flutter/src/rendering/binding.dart:495:5)
#918    SchedulerBinding._invokeFrameCallback (package:flutter/src/scheduler/binding.dart:1434:15)
#919    SchedulerBinding.handleDrawFrame (package:flutter/src/scheduler/binding.dart:1347:9)
#920    AutomatedTestWidgetsFlutterBinding.pump.<anonymous closure> (package:flutter_test/src/binding.dart:1335:9)
#923    TestAsyncUtils.guard (package:flutter_test/src/test_async_utils.dart:74:41)
#924    AutomatedTestWidgetsFlutterBinding.pump (package:flutter_test/src/binding.dart:1324:27)
#925    WidgetTester.pumpWidget.<anonymous closure> (package:flutter_test/src/widget_tester.dart:598:22)
#928    TestAsyncUtils.guard (package:flutter_test/src/test_async_utils.dart:74:41)
#929    WidgetTester.pumpWidget (package:flutter_test/src/widget_tester.dart:595:27)
#930    main.<anonymous closure>.<anonymous closure> (file:///Users/kcdacre8tor/%20everyday-christian/test/widgets/reading_progress_stats_widget_test.dart:86:20)
#931    testWidgets.<anonymous closure>.<anonymous closure> (package:flutter_test/src/widget_tester.dart:192:29)
<asynchronous suspension>
#932    TestWidgetsFlutterBinding._runTestBody (package:flutter_test/src/binding.dart:1059:5)
<asynchronous suspension>
<asynchronous suspension>
(elided 8 frames from dart:async and package:stack_trace)

00:29 +954 ~5 -131: /Users/kcdacre8tor/ everyday-christian/test/verse_service_test.dart: FTS5 Full-Text Search should respect search limit                                                             
  → Fixing daily_verses foreign key...
00:29 +954 ~5 -131: /Users/kcdacre8tor/ everyday-christian/test/widgets/reading_progress_stats_widget_test.dart: ReadingProgressStatsWidget should not display estimated completion when not provided  
══╡ EXCEPTION CAUGHT BY FLUTTER TEST FRAMEWORK ╞════════════════════════════════════════════════════
The following assertion was thrown running a test:
A Timer is still pending even after the widget tree was disposed.
'package:flutter_test/src/binding.dart':
Failed assertion: line 1617 pos 12: '!timersPending'

When the exception was thrown, this was the stack:
#2      AutomatedTestWidgetsFlutterBinding._verifyInvariants (package:flutter_test/src/binding.dart:1617:12)
#3      TestWidgetsFlutterBinding._runTestBody (package:flutter_test/src/binding.dart:1078:7)
<asynchronous suspension>
<asynchronous suspension>
(elided 3 frames from class _AssertionError and package:stack_trace)

The test description was:
  should not display estimated completion when not provided
════════════════════════════════════════════════════════════════════════════════════════════════════
00:29 +954 ~5 -132: /Users/kcdacre8tor/ everyday-christian/test/verse_service_test.dart: FTS5 Full-Text Search should respect search limit                                                             
  → Fixing verse_bookmarks foreign key...
00:29 +954 ~5 -132: /Users/kcdacre8tor/ everyday-christian/test/widgets/reading_progress_stats_widget_test.dart: ReadingProgressStatsWidget should not display estimated completion when not provided [E]
  Test failed. See exception logs above.
  The test description was: should not display estimated completion when not provided
  

To run this test again: /Users/kcdacre8tor/flutter/bin/cache/dart-sdk/bin/dart test /Users/kcdacre8tor/ everyday-christian/test/widgets/reading_progress_stats_widget_test.dart -p vm --plain-name 'ReadingProgressStatsWidget should not display estimated completion when not provided'
00:29 +954 ~5 -132: /Users/kcdacre8tor/ everyday-christian/test/verse_service_test.dart: FTS5 Full-Text Search should respect search limit                                                             
  → Removing duplicate column from prayer_categories...
  → Creating performance indexes...
  → Creating timestamp triggers...
✅ Schema v2 migration complete!
✅ Database integrity verified
00:29 +954 ~5 -132: /Users/kcdacre8tor/ everyday-christian/test/devotional_progress_test.dart: DevotionalProgressService Devotional Retrieval should retrieve all devotionals                          
ℹ️ [2025-10-17 18:19:48.853] [INFO   ] [DatabaseHelper] Creating database schema v5
00:29 +954 ~5 -132: /Users/kcdacre8tor/ everyday-christian/test/verse_service_test.dart: FTS5 Full-Text Search should respect search limit                                                             
✅ Database migrations complete!
00:29 +955 ~5 -132: /Users/kcdacre8tor/ everyday-christian/test/screens/home_screen_test.dart: HomeScreen Widget Tests should handle error in stat data gracefully                                     00:29 +955 ~5 -132: /Users/kcdacre8tor/ everyday-christian/test/verse_service_test.dart: FTS5 Full-Text Search should rank results by relevance                                                        
ℹ️ [2025-10-17 18:19:48.878] [INFO   ] [DatabaseHelper] Initializing database at: :memory:
ℹ️ [2025-10-17 18:19:48.880] [INFO   ] [DatabaseHelper] Creating database schema v5
00:29 +955 ~5 -132: /Users/kcdacre8tor/ everyday-christian/test/widgets/reading_progress_stats_widget_test.dart: ReadingProgressStatsWidget should display icons for each stat category                
Pending timers:
Timer (duration: 0:00:00.000000, periodic: false), created:
00:29 +955 ~5 -132: /Users/kcdacre8tor/ everyday-christian/test/verse_service_test.dart: FTS5 Full-Text Search should rank results by relevance                                                        
ℹ️ [2025-10-17 18:19:48.909] [INFO   ] [DatabaseHelper] Database schema created successfully
📦 Running database migrations from v1 to v2
🔄 Migrating to schema v2...
  → Fixing favorite_verses foreign key...
  → Fixing daily_verses foreign key...
  → Fixing verse_bookmarks foreign key...
  → Removing duplicate column from prayer_categories...
  → Creating performance indexes...
00:29 +955 ~5 -132: /Users/kcdacre8tor/ everyday-christian/test/widgets/reading_progress_stats_widget_test.dart: ReadingProgressStatsWidget should display icons for each stat category                
#0      new FakeTimer._ (package:fake_async/fake_async.dart:342:62)
#1      FakeAsync._createTimer (package:fake_async/fake_async.dart:260:29)
#2      FakeAsync.run.<anonymous closure> (package:fake_async/fake_async.dart:185:15)
#6      _AnimateState._restart (package:flutter_animate/src/animate.dart:318:23)
#7      _AnimateState.initState (package:flutter_animate/src/animate.dart:290:5)
#8      StatefulElement._firstBuild (package:flutter/src/widgets/framework.dart:5852:55)
#9      ComponentElement.mount (package:flutter/src/widgets/framework.dart:5699:5)
...     Normal element mounting (7 frames)
#16     Element.inflateWidget (package:flutter/src/widgets/framework.dart:4548:16)
#17     MultiChildRenderObjectElement.inflateWidget (package:flutter/src/widgets/framework.dart:7169:36)
#18     MultiChildRenderObjectElement.mount (package:flutter/src/widgets/framework.dart:7185:32)
#19     Element.inflateWidget (package:flutter/src/widgets/framework.dart:4548:16)
#20     MultiChildRenderObjectElement.inflateWidget (package:flutter/src/widgets/framework.dart:7169:36)
#21     MultiChildRenderObjectElement.mount (package:flutter/src/widgets/framework.dart:7185:32)
...     Normal element mounting (31 frames)
#52     Element.inflateWidget (package:flutter/src/widgets/framework.dart:4548:16)
#53     MultiChildRenderObjectElement.inflateWidget (package:flutter/src/widgets/framework.dart:7169:36)
#54     MultiChildRenderObjectElement.mount (package:flutter/src/widgets/framework.dart:7185:32)
...     Normal element mounting (332 frames)
#386    Element.inflateWidget (package:flutter/src/widgets/framework.dart:4548:16)
#387    MultiChildRenderObjectElement.inflateWidget (package:flutter/src/widgets/framework.dart:7169:36)
#388    MultiChildRenderObjectElement.mount (package:flutter/src/widgets/framework.dart:7185:32)
...     Normal element mounting (465 frames)
#853    Element.inflateWidget (package:flutter/src/widgets/framework.dart:4548:16)
#854    Element.updateChild (package:flutter/src/widgets/framework.dart:3998:20)
#855    ComponentElement.performRebuild (package:flutter/src/widgets/framework.dart:5747:16)
#856    Element.rebuild (package:flutter/src/widgets/framework.dart:5435:7)
#857    ProxyElement.update (package:flutter/src/widgets/framework.dart:6051:5)
#858    _InheritedNotifierElement.update (package:flutter/src/widgets/inherited_notifier.dart:108:11)
#859    Element.updateChild (package:flutter/src/widgets/framework.dart:3982:15)
#860    ComponentElement.performRebuild (package:flutter/src/widgets/framework.dart:5747:16)
#861    StatefulElement.performRebuild (package:flutter/src/widgets/framework.dart:5884:11)
#862    Element.rebuild (package:flutter/src/widgets/framework.dart:5435:7)
#863    StatefulElement.update (package:flutter/src/widgets/framework.dart:5909:5)
#864    Element.updateChild (package:flutter/src/widgets/framework.dart:3982:15)
#865    ComponentElement.performRebuild (package:flutter/src/widgets/framework.dart:5747:16)
#866    Element.rebuild (package:flutter/src/widgets/framework.dart:5435:7)
#867    ProxyElement.update (package:flutter/src/widgets/framework.dart:6051:5)
#868    _InheritedNotifierElement.update (package:flutter/src/widgets/inherited_notifier.dart:108:11)
#869    Element.updateChild (package:flutter/src/widgets/framework.dart:3982:15)
#870    ComponentElement.performRebuild (package:flutter/src/widgets/framework.dart:5747:16)
#871    StatefulElement.performRebuild (package:flutter/src/widgets/framework.dart:5884:11)
#872    Element.rebuild (package:flutter/src/widgets/framework.dart:5435:7)
#873    StatefulElement.update (package:flutter/src/widgets/framework.dart:5909:5)
#874    Element.updateChild (package:flutter/src/widgets/framework.dart:3982:15)
#875    ComponentElement.performRebuild (package:flutter/src/widgets/framework.dart:5747:16)
#876    StatefulElement.performRebuild (package:flutter/src/widgets/framework.dart:5884:11)
#877    Element.rebuild (package:flutter/src/widgets/framework.dart:5435:7)
#878    StatefulElement.update (package:flutter/src/widgets/framework.dart:5909:5)
#879    Element.updateChild (package:flutter/src/widgets/framework.dart:3982:15)
#880    ComponentElement.performRebuild (package:flutter/src/widgets/framework.dart:5747:16)
#881    Element.rebuild (package:flutter/src/widgets/framework.dart:5435:7)
#882    ProxyElement.update (package:flutter/src/widgets/framework.dart:6051:5)
#883    Element.updateChild (package:flutter/src/widgets/framework.dart:3982:15)
#884    ComponentElement.performRebuild (package:flutter/src/widgets/framework.dart:5747:16)
#885    StatefulElement.performRebuild (package:flutter/src/widgets/framework.dart:5884:11)
#886    Element.rebuild (package:flutter/src/widgets/framework.dart:5435:7)
#887    StatefulElement.update (package:flutter/src/widgets/framework.dart:5909:5)
#888    Element.updateChild (package:flutter/src/widgets/framework.dart:3982:15)
#889    ComponentElement.performRebuild (package:flutter/src/widgets/framework.dart:5747:16)
#890    Element.rebuild (package:flutter/src/widgets/framework.dart:5435:7)
#891    ProxyElement.update (package:flutter/src/widgets/framework.dart:6051:5)
#892    Element.updateChild (package:flutter/src/widgets/framework.dart:3982:15)
#893    ComponentElement.performRebuild (package:flutter/src/widgets/framework.dart:5747:16)
#894    Element.rebuild (package:flutter/src/widgets/framework.dart:5435:7)
#895    ProxyElement.update (package:flutter/src/widgets/framework.dart:6051:5)
#896    Element.updateChild (package:flutter/src/widgets/framework.dart:3982:15)
#897    _RawViewElement._updateChild (package:flutter/src/widgets/view.dart:481:16)
#898    _RawViewElement.update (package:flutter/src/widgets/view.dart:568:5)
#899    Element.updateChild (package:flutter/src/widgets/framework.dart:3982:15)
#900    ComponentElement.performRebuild (package:flutter/src/widgets/framework.dart:5747:16)
#901    Element.rebuild (package:flutter/src/widgets/framework.dart:5435:7)
#902    StatelessElement.update (package:flutter/src/widgets/framework.dart:5797:5)
#903    Element.updateChild (package:flutter/src/widgets/framework.dart:3982:15)
#904    ComponentElement.performRebuild (package:flutter/src/widgets/framework.dart:5747:16)
#905    StatefulElement.performRebuild (package:flutter/src/widgets/framework.dart:5884:11)
#906    Element.rebuild (package:flutter/src/widgets/framework.dart:5435:7)
#907    StatefulElement.update (package:flutter/src/widgets/framework.dart:5909:5)
#908    Element.updateChild (package:flutter/src/widgets/framework.dart:3982:15)
#909    RootElement._rebuild (package:flutter/src/widgets/binding.dart:1716:16)
#910    RootElement.update (package:flutter/src/widgets/binding.dart:1694:5)
#911    RootElement.performRebuild (package:flutter/src/widgets/binding.dart:1708:7)
#912    Element.rebuild (package:flutter/src/widgets/framework.dart:5435:7)
#913    BuildScope._tryRebuild (package:flutter/src/widgets/framework.dart:2695:15)
#914    BuildScope._flushDirtyElements (package:flutter/src/widgets/framework.dart:2752:11)
#915    BuildOwner.buildScope (package:flutter/src/widgets/framework.dart:3056:18)
#916    AutomatedTestWidgetsFlutterBinding.drawFrame (package:flutter_test/src/binding.dart:1506:19)
#917    RendererBinding._handlePersistentFrameCallback (package:flutter/src/rendering/binding.dart:495:5)
#918    SchedulerBinding._invokeFrameCallback (package:flutter/src/scheduler/binding.dart:1434:15)
#919    SchedulerBinding.handleDrawFrame (package:flutter/src/scheduler/binding.dart:1347:9)
#920    AutomatedTestWidgetsFlutterBinding.pump.<anonymous closure> (package:flutter_test/src/binding.dart:1335:9)
#923    TestAsyncUtils.guard (package:flutter_test/src/test_async_utils.dart:74:41)
#924    AutomatedTestWidgetsFlutterBinding.pump (package:flutter_test/src/binding.dart:1324:27)
#925    WidgetTester.pumpWidget.<anonymous closure> (package:flutter_test/src/widget_tester.dart:598:22)
#928    TestAsyncUtils.guard (package:flutter_test/src/test_async_utils.dart:74:41)
#929    WidgetTester.pumpWidget (package:flutter_test/src/widget_tester.dart:595:27)
#930    main.<anonymous closure>.<anonymous closure> (file:///Users/kcdacre8tor/%20everyday-christian/test/widgets/reading_progress_stats_widget_test.dart:113:20)
#931    testWidgets.<anonymous closure>.<anonymous closure> (package:flutter_test/src/widget_tester.dart:192:29)
<asynchronous suspension>
#932    TestWidgetsFlutterBinding._runTestBody (package:flutter_test/src/binding.dart:1059:5)
<asynchronous suspension>
<asynchronous suspension>
(elided 8 frames from dart:async and package:stack_trace)

Timer (duration: 0:00:00.000000, periodic: false), created:
00:29 +955 ~5 -132: /Users/kcdacre8tor/ everyday-christian/test/devotional_progress_test.dart: DevotionalProgressService Devotional Retrieval should retrieve all devotionals                          
ℹ️ [2025-10-17 18:19:48.924] [INFO   ] [DatabaseHelper] Database schema created successfully
00:29 +955 ~5 -132: /Users/kcdacre8tor/ everyday-christian/test/verse_service_test.dart: FTS5 Full-Text Search should rank results by relevance                                                        
  → Creating timestamp triggers...
✅ Schema v2 migration complete!
✅ Database integrity verified
✅ Database migrations complete!
00:29 +955 ~5 -132: /Users/kcdacre8tor/ everyday-christian/test/devotional_progress_test.dart: DevotionalProgressService Devotional Retrieval should retrieve all devotionals                          
📦 Running database migrations from v1 to v2
🔄 Migrating to schema v2...
00:29 +955 ~5 -132: /Users/kcdacre8tor/ everyday-christian/test/widgets/reading_progress_stats_widget_test.dart: ReadingProgressStatsWidget should display icons for each stat category                
#0      new FakeTimer._ (package:fake_async/fake_async.dart:342:62)
#1      FakeAsync._createTimer (package:fake_async/fake_async.dart:260:29)
#2      FakeAsync.run.<anonymous closure> (package:fake_async/fake_async.dart:185:15)
#6      _AnimateState._restart (package:flutter_animate/src/animate.dart:318:23)
#7      _AnimateState.initState (package:flutter_animate/src/animate.dart:290:5)
#8      StatefulElement._firstBuild (package:flutter/src/widgets/framework.dart:5852:55)
#9      ComponentElement.mount (package:flutter/src/widgets/framework.dart:5699:5)
...     Normal element mounting (7 frames)
#16     Element.inflateWidget (package:flutter/src/widgets/framework.dart:4548:16)
#17     MultiChildRenderObjectElement.inflateWidget (package:flutter/src/widgets/framework.dart:7169:36)
#18     MultiChildRenderObjectElement.mount (package:flutter/src/widgets/framework.dart:7185:32)
#19     Element.inflateWidget (package:flutter/src/widgets/framework.dart:4548:16)
#20     MultiChildRenderObjectElement.inflateWidget (package:flutter/src/widgets/framework.dart:7169:36)
#21     MultiChildRenderObjectElement.mount (package:flutter/src/widgets/framework.dart:7185:32)
...     Normal element mounting (31 frames)
#52     Element.inflateWidget (package:flutter/src/widgets/framework.dart:4548:16)
#53     MultiChildRenderObjectElement.inflateWidget (package:flutter/src/widgets/framework.dart:7169:36)
#54     MultiChildRenderObjectElement.mount (package:flutter/src/widgets/framework.dart:7185:32)
...     Normal element mounting (332 frames)
#386    Element.inflateWidget (package:flutter/src/widgets/framework.dart:4548:16)
#387    MultiChildRenderObjectElement.inflateWidget (package:flutter/src/widgets/framework.dart:7169:36)
#388    MultiChildRenderObjectElement.mount (package:flutter/src/widgets/framework.dart:7185:32)
...     Normal element mounting (465 frames)
#853    Element.inflateWidget (package:flutter/src/widgets/framework.dart:4548:16)
#854    Element.updateChild (package:flutter/src/widgets/framework.dart:3998:20)
#855    ComponentElement.performRebuild (package:flutter/src/widgets/framework.dart:5747:16)
#856    Element.rebuild (package:flutter/src/widgets/framework.dart:5435:7)
#857    ProxyElement.update (package:flutter/src/widgets/framework.dart:6051:5)
#858    _InheritedNotifierElement.update (package:flutter/src/widgets/inherited_notifier.dart:108:11)
#859    Element.updateChild (package:flutter/src/widgets/framework.dart:3982:15)
#860    ComponentElement.performRebuild (package:flutter/src/widgets/framework.dart:5747:16)
#861    StatefulElement.performRebuild (package:flutter/src/widgets/framework.dart:5884:11)
#862    Element.rebuild (package:flutter/src/widgets/framework.dart:5435:7)
#863    StatefulElement.update (package:flutter/src/widgets/framework.dart:5909:5)
#864    Element.updateChild (package:flutter/src/widgets/framework.dart:3982:15)
#865    ComponentElement.performRebuild (package:flutter/src/widgets/framework.dart:5747:16)
#866    Element.rebuild (package:flutter/src/widgets/framework.dart:5435:7)
#867    ProxyElement.update (package:flutter/src/widgets/framework.dart:6051:5)
#868    _InheritedNotifierElement.update (package:flutter/src/widgets/inherited_notifier.dart:108:11)
#869    Element.updateChild (package:flutter/src/widgets/framework.dart:3982:15)
#870    ComponentElement.performRebuild (package:flutter/src/widgets/framework.dart:5747:16)
#871    StatefulElement.performRebuild (package:flutter/src/widgets/framework.dart:5884:11)
#872    Element.rebuild (package:flutter/src/widgets/framework.dart:5435:7)
#873    StatefulElement.update (package:flutter/src/widgets/framework.dart:5909:5)
#874    Element.updateChild (package:flutter/src/widgets/framework.dart:3982:15)
#875    ComponentElement.performRebuild (package:flutter/src/widgets/framework.dart:5747:16)
#876    StatefulElement.performRebuild (package:flutter/src/widgets/framework.dart:5884:11)
#877    Element.rebuild (package:flutter/src/widgets/framework.dart:5435:7)
#878    StatefulElement.update (package:flutter/src/widgets/framework.dart:5909:5)
#879    Element.updateChild (package:flutter/src/widgets/framework.dart:3982:15)
#880    ComponentElement.performRebuild (package:flutter/src/widgets/framework.dart:5747:16)
#881    Element.rebuild (package:flutter/src/widgets/framework.dart:5435:7)
#882    ProxyElement.update (package:flutter/src/widgets/framework.dart:6051:5)
#883    Element.updateChild (package:flutter/src/widgets/framework.dart:3982:15)
#884    ComponentElement.performRebuild (package:flutter/src/widgets/framework.dart:5747:16)
#885    StatefulElement.performRebuild (package:flutter/src/widgets/framework.dart:5884:11)
#886    Element.rebuild (package:flutter/src/widgets/framework.dart:5435:7)
#887    StatefulElement.update (package:flutter/src/widgets/framework.dart:5909:5)
#888    Element.updateChild (package:flutter/src/widgets/framework.dart:3982:15)
#889    ComponentElement.performRebuild (package:flutter/src/widgets/framework.dart:5747:16)
#890    Element.rebuild (package:flutter/src/widgets/framework.dart:5435:7)
#891    ProxyElement.update (package:flutter/src/widgets/framework.dart:6051:5)
#892    Element.updateChild (package:flutter/src/widgets/framework.dart:3982:15)
#893    ComponentElement.performRebuild (package:flutter/src/widgets/framework.dart:5747:16)
#894    Element.rebuild (package:flutter/src/widgets/framework.dart:5435:7)
#895    ProxyElement.update (package:flutter/src/widgets/framework.dart:6051:5)
#896    Element.updateChild (package:flutter/src/widgets/framework.dart:3982:15)
#897    _RawViewElement._updateChild (package:flutter/src/widgets/view.dart:481:16)
#898    _RawViewElement.update (package:flutter/src/widgets/view.dart:568:5)
#899    Element.updateChild (package:flutter/src/widgets/framework.dart:3982:15)
#900    ComponentElement.performRebuild (package:flutter/src/widgets/framework.dart:5747:16)
#901    Element.rebuild (package:flutter/src/widgets/framework.dart:5435:7)
#902    StatelessElement.update (package:flutter/src/widgets/framework.dart:5797:5)
#903    Element.updateChild (package:flutter/src/widgets/framework.dart:3982:15)
#904    ComponentElement.performRebuild (package:flutter/src/widgets/framework.dart:5747:16)
#905    StatefulElement.performRebuild (package:flutter/src/widgets/framework.dart:5884:11)
#906    Element.rebuild (package:flutter/src/widgets/framework.dart:5435:7)
#907    StatefulElement.update (package:flutter/src/widgets/framework.dart:5909:5)
#908    Element.updateChild (package:flutter/src/widgets/framework.dart:3982:15)
#909    RootElement._rebuild (package:flutter/src/widgets/binding.dart:1716:16)
#910    RootElement.update (package:flutter/src/widgets/binding.dart:1694:5)
#911    RootElement.performRebuild (package:flutter/src/widgets/binding.dart:1708:7)
#912    Element.rebuild (package:flutter/src/widgets/framework.dart:5435:7)
#913    BuildScope._tryRebuild (package:flutter/src/widgets/framework.dart:2695:15)
#914    BuildScope._flushDirtyElements (package:flutter/src/widgets/framework.dart:2752:11)
#915    BuildOwner.buildScope (package:flutter/src/widgets/framework.dart:3056:18)
#916    AutomatedTestWidgetsFlutterBinding.drawFrame (package:flutter_test/src/binding.dart:1506:19)
#917    RendererBinding._handlePersistentFrameCallback (package:flutter/src/rendering/binding.dart:495:5)
#918    SchedulerBinding._invokeFrameCallback (package:flutter/src/scheduler/binding.dart:1434:15)
#919    SchedulerBinding.handleDrawFrame (package:flutter/src/scheduler/binding.dart:1347:9)
#920    AutomatedTestWidgetsFlutterBinding.pump.<anonymous closure> (package:flutter_test/src/binding.dart:1335:9)
#923    TestAsyncUtils.guard (package:flutter_test/src/test_async_utils.dart:74:41)
#924    AutomatedTestWidgetsFlutterBinding.pump (package:flutter_test/src/binding.dart:1324:27)
#925    WidgetTester.pumpWidget.<anonymous closure> (package:flutter_test/src/widget_tester.dart:598:22)
#928    TestAsyncUtils.guard (package:flutter_test/src/test_async_utils.dart:74:41)
#929    WidgetTester.pumpWidget (package:flutter_test/src/widget_tester.dart:595:27)
#930    main.<anonymous closure>.<anonymous closure> (file:///Users/kcdacre8tor/%20everyday-christian/test/widgets/reading_progress_stats_widget_test.dart:113:20)
#931    testWidgets.<anonymous closure>.<anonymous closure> (package:flutter_test/src/widget_tester.dart:192:29)
<asynchronous suspension>
#932    TestWidgetsFlutterBinding._runTestBody (package:flutter_test/src/binding.dart:1059:5)
<asynchronous suspension>
<asynchronous suspension>
(elided 8 frames from dart:async and package:stack_trace)

Timer (duration: 0:00:00.000000, periodic: false), created:
00:29 +955 ~5 -132: /Users/kcdacre8tor/ everyday-christian/test/devotional_progress_test.dart: DevotionalProgressService Devotional Retrieval should retrieve all devotionals                          
  → Fixing favorite_verses foreign key...
00:29 +956 ~5 -132: /Users/kcdacre8tor/ everyday-christian/test/screens/home_screen_test.dart: HomeScreen Widget Tests should handle error in stat data gracefully                                     00:29 +956 ~5 -132: /Users/kcdacre8tor/ everyday-christian/test/verse_service_test.dart: FTS5 Full-Text Search should fallback to LIKE search if FTS5 fails                                            
ℹ️ [2025-10-17 18:19:48.935] [INFO   ] [DatabaseHelper] Initializing database at: :memory:
00:29 +956 ~5 -132: /Users/kcdacre8tor/ everyday-christian/test/devotional_progress_test.dart: DevotionalProgressService Devotional Retrieval should retrieve all devotionals                          
  → Fixing daily_verses foreign key...
00:29 +956 ~5 -132: /Users/kcdacre8tor/ everyday-christian/test/verse_service_test.dart: FTS5 Full-Text Search should fallback to LIKE search if FTS5 fails                                            
ℹ️ [2025-10-17 18:19:48.937] [INFO   ] [DatabaseHelper] Creating database schema v5
00:29 +956 ~5 -132: /Users/kcdacre8tor/ everyday-christian/test/devotional_progress_test.dart: DevotionalProgressService Devotional Retrieval should retrieve all devotionals                          
  → Fixing verse_bookmarks foreign key...
00:29 +956 ~5 -132: /Users/kcdacre8tor/ everyday-christian/test/widgets/reading_progress_stats_widget_test.dart: ReadingProgressStatsWidget should display icons for each stat category                
#0      new FakeTimer._ (package:fake_async/fake_async.dart:342:62)
#1      FakeAsync._createTimer (package:fake_async/fake_async.dart:260:29)
#2      FakeAsync.run.<anonymous closure> (package:fake_async/fake_async.dart:185:15)
#6      _AnimateState._restart (package:flutter_animate/src/animate.dart:318:23)
#7      _AnimateState.initState (package:flutter_animate/src/animate.dart:290:5)
#8      StatefulElement._firstBuild (package:flutter/src/widgets/framework.dart:5852:55)
#9      ComponentElement.mount (package:flutter/src/widgets/framework.dart:5699:5)
...     Normal element mounting (7 frames)
#16     Element.inflateWidget (package:flutter/src/widgets/framework.dart:4548:16)
#17     MultiChildRenderObjectElement.inflateWidget (package:flutter/src/widgets/framework.dart:7169:36)
#18     MultiChildRenderObjectElement.mount (package:flutter/src/widgets/framework.dart:7185:32)
#19     Element.inflateWidget (package:flutter/src/widgets/framework.dart:4548:16)
#20     MultiChildRenderObjectElement.inflateWidget (package:flutter/src/widgets/framework.dart:7169:36)
#21     MultiChildRenderObjectElement.mount (package:flutter/src/widgets/framework.dart:7185:32)
...     Normal element mounting (31 frames)
#52     Element.inflateWidget (package:flutter/src/widgets/framework.dart:4548:16)
#53     MultiChildRenderObjectElement.inflateWidget (package:flutter/src/widgets/framework.dart:7169:36)
#54     MultiChildRenderObjectElement.mount (package:flutter/src/widgets/framework.dart:7185:32)
...     Normal element mounting (332 frames)
#386    Element.inflateWidget (package:flutter/src/widgets/framework.dart:4548:16)
#387    MultiChildRenderObjectElement.inflateWidget (package:flutter/src/widgets/framework.dart:7169:36)
#388    MultiChildRenderObjectElement.mount (package:flutter/src/widgets/framework.dart:7185:32)
...     Normal element mounting (465 frames)
#853    Element.inflateWidget (package:flutter/src/widgets/framework.dart:4548:16)
#854    Element.updateChild (package:flutter/src/widgets/framework.dart:3998:20)
#855    ComponentElement.performRebuild (package:flutter/src/widgets/framework.dart:5747:16)
#856    Element.rebuild (package:flutter/src/widgets/framework.dart:5435:7)
#857    ProxyElement.update (package:flutter/src/widgets/framework.dart:6051:5)
#858    _InheritedNotifierElement.update (package:flutter/src/widgets/inherited_notifier.dart:108:11)
#859    Element.updateChild (package:flutter/src/widgets/framework.dart:3982:15)
#860    ComponentElement.performRebuild (package:flutter/src/widgets/framework.dart:5747:16)
#861    StatefulElement.performRebuild (package:flutter/src/widgets/framework.dart:5884:11)
#862    Element.rebuild (package:flutter/src/widgets/framework.dart:5435:7)
#863    StatefulElement.update (package:flutter/src/widgets/framework.dart:5909:5)
#864    Element.updateChild (package:flutter/src/widgets/framework.dart:3982:15)
#865    ComponentElement.performRebuild (package:flutter/src/widgets/framework.dart:5747:16)
#866    Element.rebuild (package:flutter/src/widgets/framework.dart:5435:7)
#867    ProxyElement.update (package:flutter/src/widgets/framework.dart:6051:5)
#868    _InheritedNotifierElement.update (package:flutter/src/widgets/inherited_notifier.dart:108:11)
#869    Element.updateChild (package:flutter/src/widgets/framework.dart:3982:15)
#870    ComponentElement.performRebuild (package:flutter/src/widgets/framework.dart:5747:16)
#871    StatefulElement.performRebuild (package:flutter/src/widgets/framework.dart:5884:11)
#872    Element.rebuild (package:flutter/src/widgets/framework.dart:5435:7)
#873    StatefulElement.update (package:flutter/src/widgets/framework.dart:5909:5)
#874    Element.updateChild (package:flutter/src/widgets/framework.dart:3982:15)
#875    ComponentElement.performRebuild (package:flutter/src/widgets/framework.dart:5747:16)
#876    StatefulElement.performRebuild (package:flutter/src/widgets/framework.dart:5884:11)
#877    Element.rebuild (package:flutter/src/widgets/framework.dart:5435:7)
#878    StatefulElement.update (package:flutter/src/widgets/framework.dart:5909:5)
#879    Element.updateChild (package:flutter/src/widgets/framework.dart:3982:15)
#880    ComponentElement.performRebuild (package:flutter/src/widgets/framework.dart:5747:16)
#881    Element.rebuild (package:flutter/src/widgets/framework.dart:5435:7)
#882    ProxyElement.update (package:flutter/src/widgets/framework.dart:6051:5)
#883    Element.updateChild (package:flutter/src/widgets/framework.dart:3982:15)
#884    ComponentElement.performRebuild (package:flutter/src/widgets/framework.dart:5747:16)
#885    StatefulElement.performRebuild (package:flutter/src/widgets/framework.dart:5884:11)
#886    Element.rebuild (package:flutter/src/widgets/framework.dart:5435:7)
#887    StatefulElement.update (package:flutter/src/widgets/framework.dart:5909:5)
#888    Element.updateChild (package:flutter/src/widgets/framework.dart:3982:15)
#889    ComponentElement.performRebuild (package:flutter/src/widgets/framework.dart:5747:16)
#890    Element.rebuild (package:flutter/src/widgets/framework.dart:5435:7)
#891    ProxyElement.update (package:flutter/src/widgets/framework.dart:6051:5)
#892    Element.updateChild (package:flutter/src/widgets/framework.dart:3982:15)
#893    ComponentElement.performRebuild (package:flutter/src/widgets/framework.dart:5747:16)
#894    Element.rebuild (package:flutter/src/widgets/framework.dart:5435:7)
#895    ProxyElement.update (package:flutter/src/widgets/framework.dart:6051:5)
#896    Element.updateChild (package:flutter/src/widgets/framework.dart:3982:15)
#897    _RawViewElement._updateChild (package:flutter/src/widgets/view.dart:481:16)
#898    _RawViewElement.update (package:flutter/src/widgets/view.dart:568:5)
#899    Element.updateChild (package:flutter/src/widgets/framework.dart:3982:15)
#900    ComponentElement.performRebuild (package:flutter/src/widgets/framework.dart:5747:16)
#901    Element.rebuild (package:flutter/src/widgets/framework.dart:5435:7)
#902    StatelessElement.update (package:flutter/src/widgets/framework.dart:5797:5)
#903    Element.updateChild (package:flutter/src/widgets/framework.dart:3982:15)
#904    ComponentElement.performRebuild (package:flutter/src/widgets/framework.dart:5747:16)
#905    StatefulElement.performRebuild (package:flutter/src/widgets/framework.dart:5884:11)
#906    Element.rebuild (package:flutter/src/widgets/framework.dart:5435:7)
#907    StatefulElement.update (package:flutter/src/widgets/framework.dart:5909:5)
#908    Element.updateChild (package:flutter/src/widgets/framework.dart:3982:15)
#909    RootElement._rebuild (package:flutter/src/widgets/binding.dart:1716:16)
#910    RootElement.update (package:flutter/src/widgets/binding.dart:1694:5)
#911    RootElement.performRebuild (package:flutter/src/widgets/binding.dart:1708:7)
#912    Element.rebuild (package:flutter/src/widgets/framework.dart:5435:7)
#913    BuildScope._tryRebuild (package:flutter/src/widgets/framework.dart:2695:15)
#914    BuildScope._flushDirtyElements (package:flutter/src/widgets/framework.dart:2752:11)
#915    BuildOwner.buildScope (package:flutter/src/widgets/framework.dart:3056:18)
#916    AutomatedTestWidgetsFlutterBinding.drawFrame (package:flutter_test/src/binding.dart:1506:19)
#917    RendererBinding._handlePersistentFrameCallback (package:flutter/src/rendering/binding.dart:495:5)
#918    SchedulerBinding._invokeFrameCallback (package:flutter/src/scheduler/binding.dart:1434:15)
#919    SchedulerBinding.handleDrawFrame (package:flutter/src/scheduler/binding.dart:1347:9)
#920    AutomatedTestWidgetsFlutterBinding.pump.<anonymous closure> (package:flutter_test/src/binding.dart:1335:9)
#923    TestAsyncUtils.guard (package:flutter_test/src/test_async_utils.dart:74:41)
#924    AutomatedTestWidgetsFlutterBinding.pump (package:flutter_test/src/binding.dart:1324:27)
#925    WidgetTester.pumpWidget.<anonymous closure> (package:flutter_test/src/widget_tester.dart:598:22)
#928    TestAsyncUtils.guard (package:flutter_test/src/test_async_utils.dart:74:41)
#929    WidgetTester.pumpWidget (package:flutter_test/src/widget_tester.dart:595:27)
#930    main.<anonymous closure>.<anonymous closure> (file:///Users/kcdacre8tor/%20everyday-christian/test/widgets/reading_progress_stats_widget_test.dart:113:20)
#931    testWidgets.<anonymous closure>.<anonymous closure> (package:flutter_test/src/widget_tester.dart:192:29)
<asynchronous suspension>
#932    TestWidgetsFlutterBinding._runTestBody (package:flutter_test/src/binding.dart:1059:5)
<asynchronous suspension>
<asynchronous suspension>
(elided 8 frames from dart:async and package:stack_trace)

Timer (duration: 0:00:00.000000, periodic: false), created:
00:29 +956 ~5 -132: /Users/kcdacre8tor/ everyday-christian/test/devotional_progress_test.dart: DevotionalProgressService Devotional Retrieval should retrieve all devotionals                          
  → Removing duplicate column from prayer_categories...
  → Creating performance indexes...
  → Creating timestamp triggers...
✅ Schema v2 migration complete!
00:29 +956 ~5 -132: /Users/kcdacre8tor/ everyday-christian/test/widgets/reading_progress_stats_widget_test.dart: ReadingProgressStatsWidget should display icons for each stat category                
#0      new FakeTimer._ (package:fake_async/fake_async.dart:342:62)
#1      FakeAsync._createTimer (package:fake_async/fake_async.dart:260:29)
#2      FakeAsync.run.<anonymous closure> (package:fake_async/fake_async.dart:185:15)
#6      _AnimateState._restart (package:flutter_animate/src/animate.dart:318:23)
#7      _AnimateState.initState (package:flutter_animate/src/animate.dart:290:5)
#8      StatefulElement._firstBuild (package:flutter/src/widgets/framework.dart:5852:55)
#9      ComponentElement.mount (package:flutter/src/widgets/framework.dart:5699:5)
...     Normal element mounting (7 frames)
#16     Element.inflateWidget (package:flutter/src/widgets/framework.dart:4548:16)
#17     MultiChildRenderObjectElement.inflateWidget (package:flutter/src/widgets/framework.dart:7169:36)
#18     MultiChildRenderObjectElement.mount (package:flutter/src/widgets/framework.dart:7185:32)
#19     Element.inflateWidget (package:flutter/src/widgets/framework.dart:4548:16)
#20     MultiChildRenderObjectElement.inflateWidget (package:flutter/src/widgets/framework.dart:7169:36)
#21     MultiChildRenderObjectElement.mount (package:flutter/src/widgets/framework.dart:7185:32)
...     Normal element mounting (31 frames)
#52     Element.inflateWidget (package:flutter/src/widgets/framework.dart:4548:16)
#53     MultiChildRenderObjectElement.inflateWidget (package:flutter/src/widgets/framework.dart:7169:36)
#54     MultiChildRenderObjectElement.mount (package:flutter/src/widgets/framework.dart:7185:32)
...     Normal element mounting (332 frames)
#386    Element.inflateWidget (package:flutter/src/widgets/framework.dart:4548:16)
#387    MultiChildRenderObjectElement.inflateWidget (package:flutter/src/widgets/framework.dart:7169:36)
#388    MultiChildRenderObjectElement.mount (package:flutter/src/widgets/framework.dart:7185:32)
...     Normal element mounting (465 frames)
#853    Element.inflateWidget (package:flutter/src/widgets/framework.dart:4548:16)
#854    Element.updateChild (package:flutter/src/widgets/framework.dart:3998:20)
#855    ComponentElement.performRebuild (package:flutter/src/widgets/framework.dart:5747:16)
#856    Element.rebuild (package:flutter/src/widgets/framework.dart:5435:7)
#857    ProxyElement.update (package:flutter/src/widgets/framework.dart:6051:5)
#858    _InheritedNotifierElement.update (package:flutter/src/widgets/inherited_notifier.dart:108:11)
#859    Element.updateChild (package:flutter/src/widgets/framework.dart:3982:15)
#860    ComponentElement.performRebuild (package:flutter/src/widgets/framework.dart:5747:16)
#861    StatefulElement.performRebuild (package:flutter/src/widgets/framework.dart:5884:11)
#862    Element.rebuild (package:flutter/src/widgets/framework.dart:5435:7)
#863    StatefulElement.update (package:flutter/src/widgets/framework.dart:5909:5)
#864    Element.updateChild (package:flutter/src/widgets/framework.dart:3982:15)
#865    ComponentElement.performRebuild (package:flutter/src/widgets/framework.dart:5747:16)
#866    Element.rebuild (package:flutter/src/widgets/framework.dart:5435:7)
#867    ProxyElement.update (package:flutter/src/widgets/framework.dart:6051:5)
#868    _InheritedNotifierElement.update (package:flutter/src/widgets/inherited_notifier.dart:108:11)
#869    Element.updateChild (package:flutter/src/widgets/framework.dart:3982:15)
#870    ComponentElement.performRebuild (package:flutter/src/widgets/framework.dart:5747:16)
#871    StatefulElement.performRebuild (package:flutter/src/widgets/framework.dart:5884:11)
#872    Element.rebuild (package:flutter/src/widgets/framework.dart:5435:7)
#873    StatefulElement.update (package:flutter/src/widgets/framework.dart:5909:5)
#874    Element.updateChild (package:flutter/src/widgets/framework.dart:3982:15)
#875    ComponentElement.performRebuild (package:flutter/src/widgets/framework.dart:5747:16)
#876    StatefulElement.performRebuild (package:flutter/src/widgets/framework.dart:5884:11)
#877    Element.rebuild (package:flutter/src/widgets/framework.dart:5435:7)
#878    StatefulElement.update (package:flutter/src/widgets/framework.dart:5909:5)
#879    Element.updateChild (package:flutter/src/widgets/framework.dart:3982:15)
#880    ComponentElement.performRebuild (package:flutter/src/widgets/framework.dart:5747:16)
#881    Element.rebuild (package:flutter/src/widgets/framework.dart:5435:7)
#882    ProxyElement.update (package:flutter/src/widgets/framework.dart:6051:5)
#883    Element.updateChild (package:flutter/src/widgets/framework.dart:3982:15)
#884    ComponentElement.performRebuild (package:flutter/src/widgets/framework.dart:5747:16)
#885    StatefulElement.performRebuild (package:flutter/src/widgets/framework.dart:5884:11)
#886    Element.rebuild (package:flutter/src/widgets/framework.dart:5435:7)
#887    StatefulElement.update (package:flutter/src/widgets/framework.dart:5909:5)
#888    Element.updateChild (package:flutter/src/widgets/framework.dart:3982:15)
#889    ComponentElement.performRebuild (package:flutter/src/widgets/framework.dart:5747:16)
#890    Element.rebuild (package:flutter/src/widgets/framework.dart:5435:7)
#891    ProxyElement.update (package:flutter/src/widgets/framework.dart:6051:5)
#892    Element.updateChild (package:flutter/src/widgets/framework.dart:3982:15)
#893    ComponentElement.performRebuild (package:flutter/src/widgets/framework.dart:5747:16)
#894    Element.rebuild (package:flutter/src/widgets/framework.dart:5435:7)
#895    ProxyElement.update (package:flutter/src/widgets/framework.dart:6051:5)
#896    Element.updateChild (package:flutter/src/widgets/framework.dart:3982:15)
#897    _RawViewElement._updateChild (package:flutter/src/widgets/view.dart:481:16)
#898    _RawViewElement.update (package:flutter/src/widgets/view.dart:568:5)
#899    Element.updateChild (package:flutter/src/widgets/framework.dart:3982:15)
#900    ComponentElement.performRebuild (package:flutter/src/widgets/framework.dart:5747:16)
#901    Element.rebuild (package:flutter/src/widgets/framework.dart:5435:7)
#902    StatelessElement.update (package:flutter/src/widgets/framework.dart:5797:5)
#903    Element.updateChild (package:flutter/src/widgets/framework.dart:3982:15)
#904    ComponentElement.performRebuild (package:flutter/src/widgets/framework.dart:5747:16)
#905    StatefulElement.performRebuild (package:flutter/src/widgets/framework.dart:5884:11)
#906    Element.rebuild (package:flutter/src/widgets/framework.dart:5435:7)
#907    StatefulElement.update (package:flutter/src/widgets/framework.dart:5909:5)
#908    Element.updateChild (package:flutter/src/widgets/framework.dart:3982:15)
#909    RootElement._rebuild (package:flutter/src/widgets/binding.dart:1716:16)
#910    RootElement.update (package:flutter/src/widgets/binding.dart:1694:5)
#911    RootElement.performRebuild (package:flutter/src/widgets/binding.dart:1708:7)
#912    Element.rebuild (package:flutter/src/widgets/framework.dart:5435:7)
#913    BuildScope._tryRebuild (package:flutter/src/widgets/framework.dart:2695:15)
#914    BuildScope._flushDirtyElements (package:flutter/src/widgets/framework.dart:2752:11)
#915    BuildOwner.buildScope (package:flutter/src/widgets/framework.dart:3056:18)
#916    AutomatedTestWidgetsFlutterBinding.drawFrame (package:flutter_test/src/binding.dart:1506:19)
#917    RendererBinding._handlePersistentFrameCallback (package:flutter/src/rendering/binding.dart:495:5)
#918    SchedulerBinding._invokeFrameCallback (package:flutter/src/scheduler/binding.dart:1434:15)
#919    SchedulerBinding.handleDrawFrame (package:flutter/src/scheduler/binding.dart:1347:9)
#920    AutomatedTestWidgetsFlutterBinding.pump.<anonymous closure> (package:flutter_test/src/binding.dart:1335:9)
#923    TestAsyncUtils.guard (package:flutter_test/src/test_async_utils.dart:74:41)
#924    AutomatedTestWidgetsFlutterBinding.pump (package:flutter_test/src/binding.dart:1324:27)
#925    WidgetTester.pumpWidget.<anonymous closure> (package:flutter_test/src/widget_tester.dart:598:22)
#928    TestAsyncUtils.guard (package:flutter_test/src/test_async_utils.dart:74:41)
#929    WidgetTester.pumpWidget (package:flutter_test/src/widget_tester.dart:595:27)
#930    main.<anonymous closure>.<anonymous closure> (file:///Users/kcdacre8tor/%20everyday-christian/test/widgets/reading_progress_stats_widget_test.dart:113:20)
#931    testWidgets.<anonymous closure>.<anonymous closure> (package:flutter_test/src/widget_tester.dart:192:29)
<asynchronous suspension>
#932    TestWidgetsFlutterBinding._runTestBody (package:flutter_test/src/binding.dart:1059:5)
<asynchronous suspension>
<asynchronous suspension>
(elided 8 frames from dart:async and package:stack_trace)

00:29 +956 ~5 -132: /Users/kcdacre8tor/ everyday-christian/test/devotional_progress_test.dart: DevotionalProgressService Devotional Retrieval should retrieve all devotionals                          
✅ Database integrity verified
00:29 +956 ~5 -132: /Users/kcdacre8tor/ everyday-christian/test/widgets/reading_progress_stats_widget_test.dart: ReadingProgressStatsWidget should display icons for each stat category                
══╡ EXCEPTION CAUGHT BY FLUTTER TEST FRAMEWORK ╞════════════════════════════════════════════════════
The following assertion was thrown running a test:
A Timer is still pending even after the widget tree was disposed.
'package:flutter_test/src/binding.dart':
Failed assertion: line 1617 pos 12: '!timersPending'

When the exception was thrown, this was the stack:
#2      AutomatedTestWidgetsFlutterBinding._verifyInvariants (package:flutter_test/src/binding.dart:1617:12)
#3      TestWidgetsFlutterBinding._runTestBody (package:flutter_test/src/binding.dart:1078:7)
<asynchronous suspension>
<asynchronous suspension>
(elided 3 frames from class _AssertionError and package:stack_trace)

The test description was:
  should display icons for each stat category
════════════════════════════════════════════════════════════════════════════════════════════════════
00:29 +956 ~5 -133: /Users/kcdacre8tor/ everyday-christian/test/widgets/reading_progress_stats_widget_test.dart: ReadingProgressStatsWidget should display icons for each stat category [E]            
  Test failed. See exception logs above.
  The test description was: should display icons for each stat category
  
00:29 +956 ~5 -133: /Users/kcdacre8tor/ everyday-christian/test/devotional_progress_test.dart: DevotionalProgressService Devotional Retrieval should retrieve all devotionals                          
✅ Database migrations complete!

To run this test again: /Users/kcdacre8tor/flutter/bin/cache/dart-sdk/bin/dart test /Users/kcdacre8tor/ everyday-christian/test/widgets/reading_progress_stats_widget_test.dart -p vm --plain-name 'ReadingProgressStatsWidget should display icons for each stat category'
00:29 +956 ~5 -133: /Users/kcdacre8tor/ everyday-christian/test/verse_service_test.dart: FTS5 Full-Text Search should fallback to LIKE search if FTS5 fails                                            
ℹ️ [2025-10-17 18:19:48.952] [INFO   ] [DatabaseHelper] Database schema created successfully
📦 Running database migrations from v1 to v2
🔄 Migrating to schema v2...
  → Fixing favorite_verses foreign key...
  → Fixing daily_verses foreign key...
  → Fixing verse_bookmarks foreign key...
  → Removing duplicate column from prayer_categories...
  → Creating performance indexes...
  → Creating timestamp triggers...
✅ Schema v2 migration complete!
✅ Database integrity verified
✅ Database migrations complete!
00:29 +956 ~5 -134: /Users/kcdacre8tor/ everyday-christian/test/widgets/reading_progress_stats_widget_test.dart: ReadingProgressStatsWidget should handle singular and plural day labels correctly     
Pending timers:
Timer (duration: 0:00:00.000000, periodic: false), created:
00:29 +957 ~5 -134: /Users/kcdacre8tor/ everyday-christian/test/screens/home_screen_test.dart: HomeScreen Widget Tests should handle error in stat data gracefully                                     00:29 +957 ~5 -134: /Users/kcdacre8tor/ everyday-christian/test/verse_service_test.dart: FTS5 Full-Text Search should save search to history                                                           
ℹ️ [2025-10-17 18:19:48.975] [INFO   ] [DatabaseHelper] Initializing database at: :memory:
ℹ️ [2025-10-17 18:19:48.976] [INFO   ] [DatabaseHelper] Creating database schema v5
00:29 +957 ~5 -134: /Users/kcdacre8tor/ everyday-christian/test/widgets/reading_progress_stats_widget_test.dart: ReadingProgressStatsWidget should handle singular and plural day labels correctly     
#0      new FakeTimer._ (package:fake_async/fake_async.dart:342:62)
#1      FakeAsync._createTimer (package:fake_async/fake_async.dart:260:29)
#2      FakeAsync.run.<anonymous closure> (package:fake_async/fake_async.dart:185:15)
#6      _AnimateState._restart (package:flutter_animate/src/animate.dart:318:23)
#7      _AnimateState.initState (package:flutter_animate/src/animate.dart:290:5)
#8      StatefulElement._firstBuild (package:flutter/src/widgets/framework.dart:5852:55)
#9      ComponentElement.mount (package:flutter/src/widgets/framework.dart:5699:5)
...     Normal element mounting (7 frames)
#16     Element.inflateWidget (package:flutter/src/widgets/framework.dart:4548:16)
#17     MultiChildRenderObjectElement.inflateWidget (package:flutter/src/widgets/framework.dart:7169:36)
#18     MultiChildRenderObjectElement.mount (package:flutter/src/widgets/framework.dart:7185:32)
#19     Element.inflateWidget (package:flutter/src/widgets/framework.dart:4548:16)
#20     MultiChildRenderObjectElement.inflateWidget (package:flutter/src/widgets/framework.dart:7169:36)
#21     MultiChildRenderObjectElement.mount (package:flutter/src/widgets/framework.dart:7185:32)
...     Normal element mounting (31 frames)
#52     Element.inflateWidget (package:flutter/src/widgets/framework.dart:4548:16)
#53     MultiChildRenderObjectElement.inflateWidget (package:flutter/src/widgets/framework.dart:7169:36)
#54     MultiChildRenderObjectElement.mount (package:flutter/src/widgets/framework.dart:7185:32)
...     Normal element mounting (332 frames)
#386    Element.inflateWidget (package:flutter/src/widgets/framework.dart:4548:16)
#387    MultiChildRenderObjectElement.inflateWidget (package:flutter/src/widgets/framework.dart:7169:36)
#388    MultiChildRenderObjectElement.mount (package:flutter/src/widgets/framework.dart:7185:32)
...     Normal element mounting (465 frames)
#853    Element.inflateWidget (package:flutter/src/widgets/framework.dart:4548:16)
#854    Element.updateChild (package:flutter/src/widgets/framework.dart:3998:20)
#855    ComponentElement.performRebuild (package:flutter/src/widgets/framework.dart:5747:16)
#856    Element.rebuild (package:flutter/src/widgets/framework.dart:5435:7)
#857    ProxyElement.update (package:flutter/src/widgets/framework.dart:6051:5)
#858    _InheritedNotifierElement.update (package:flutter/src/widgets/inherited_notifier.dart:108:11)
#859    Element.updateChild (package:flutter/src/widgets/framework.dart:3982:15)
#860    ComponentElement.performRebuild (package:flutter/src/widgets/framework.dart:5747:16)
#861    StatefulElement.performRebuild (package:flutter/src/widgets/framework.dart:5884:11)
#862    Element.rebuild (package:flutter/src/widgets/framework.dart:5435:7)
#863    StatefulElement.update (package:flutter/src/widgets/framework.dart:5909:5)
#864    Element.updateChild (package:flutter/src/widgets/framework.dart:3982:15)
#865    ComponentElement.performRebuild (package:flutter/src/widgets/framework.dart:5747:16)
#866    Element.rebuild (package:flutter/src/widgets/framework.dart:5435:7)
#867    ProxyElement.update (package:flutter/src/widgets/framework.dart:6051:5)
#868    _InheritedNotifierElement.update (package:flutter/src/widgets/inherited_notifier.dart:108:11)
#869    Element.updateChild (package:flutter/src/widgets/framework.dart:3982:15)
#870    ComponentElement.performRebuild (package:flutter/src/widgets/framework.dart:5747:16)
#871    StatefulElement.performRebuild (package:flutter/src/widgets/framework.dart:5884:11)
#872    Element.rebuild (package:flutter/src/widgets/framework.dart:5435:7)
#873    StatefulElement.update (package:flutter/src/widgets/framework.dart:5909:5)
#874    Element.updateChild (package:flutter/src/widgets/framework.dart:3982:15)
#875    ComponentElement.performRebuild (package:flutter/src/widgets/framework.dart:5747:16)
#876    StatefulElement.performRebuild (package:flutter/src/widgets/framework.dart:5884:11)
#877    Element.rebuild (package:flutter/src/widgets/framework.dart:5435:7)
#878    StatefulElement.update (package:flutter/src/widgets/framework.dart:5909:5)
#879    Element.updateChild (package:flutter/src/widgets/framework.dart:3982:15)
#880    ComponentElement.performRebuild (package:flutter/src/widgets/framework.dart:5747:16)
#881    Element.rebuild (package:flutter/src/widgets/framework.dart:5435:7)
#882    ProxyElement.update (package:flutter/src/widgets/framework.dart:6051:5)
#883    Element.updateChild (package:flutter/src/widgets/framework.dart:3982:15)
#884    ComponentElement.performRebuild (package:flutter/src/widgets/framework.dart:5747:16)
#885    StatefulElement.performRebuild (package:flutter/src/widgets/framework.dart:5884:11)
#886    Element.rebuild (package:flutter/src/widgets/framework.dart:5435:7)
#887    StatefulElement.update (package:flutter/src/widgets/framework.dart:5909:5)
#888    Element.updateChild (package:flutter/src/widgets/framework.dart:3982:15)
#889    ComponentElement.performRebuild (package:flutter/src/widgets/framework.dart:5747:16)
#890    Element.rebuild (package:flutter/src/widgets/framework.dart:5435:7)
#891    ProxyElement.update (package:flutter/src/widgets/framework.dart:6051:5)
#892    Element.updateChild (package:flutter/src/widgets/framework.dart:3982:15)
#893    ComponentElement.performRebuild (package:flutter/src/widgets/framework.dart:5747:16)
#894    Element.rebuild (package:flutter/src/widgets/framework.dart:5435:7)
#895    ProxyElement.update (package:flutter/src/widgets/framework.dart:6051:5)
#896    Element.updateChild (package:flutter/src/widgets/framework.dart:3982:15)
#897    _RawViewElement._updateChild (package:flutter/src/widgets/view.dart:481:16)
#898    _RawViewElement.update (package:flutter/src/widgets/view.dart:568:5)
#899    Element.updateChild (package:flutter/src/widgets/framework.dart:3982:15)
#900    ComponentElement.performRebuild (package:flutter/src/widgets/framework.dart:5747:16)
#901    Element.rebuild (package:flutter/src/widgets/framework.dart:5435:7)
#902    StatelessElement.update (package:flutter/src/widgets/framework.dart:5797:5)
#903    Element.updateChild (package:flutter/src/widgets/framework.dart:3982:15)
#904    ComponentElement.performRebuild (package:flutter/src/widgets/framework.dart:5747:16)
#905    StatefulElement.performRebuild (package:flutter/src/widgets/framework.dart:5884:11)
#906    Element.rebuild (package:flutter/src/widgets/framework.dart:5435:7)
#907    StatefulElement.update (package:flutter/src/widgets/framework.dart:5909:5)
#908    Element.updateChild (package:flutter/src/widgets/framework.dart:3982:15)
#909    RootElement._rebuild (package:flutter/src/widgets/binding.dart:1716:16)
#910    RootElement.update (package:flutter/src/widgets/binding.dart:1694:5)
#911    RootElement.performRebuild (package:flutter/src/widgets/binding.dart:1708:7)
#912    Element.rebuild (package:flutter/src/widgets/framework.dart:5435:7)
#913    BuildScope._tryRebuild (package:flutter/src/widgets/framework.dart:2695:15)
#914    BuildScope._flushDirtyElements (package:flutter/src/widgets/framework.dart:2752:11)
#915    BuildOwner.buildScope (package:flutter/src/widgets/framework.dart:3056:18)
#916    AutomatedTestWidgetsFlutterBinding.drawFrame (package:flutter_test/src/binding.dart:1506:19)
#917    RendererBinding._handlePersistentFrameCallback (package:flutter/src/rendering/binding.dart:495:5)
#918    SchedulerBinding._invokeFrameCallback (package:flutter/src/scheduler/binding.dart:1434:15)
#919    SchedulerBinding.handleDrawFrame (package:flutter/src/scheduler/binding.dart:1347:9)
#920    AutomatedTestWidgetsFlutterBinding.pump.<anonymous closure> (package:flutter_test/src/binding.dart:1335:9)
#923    TestAsyncUtils.guard (package:flutter_test/src/test_async_utils.dart:74:41)
#924    AutomatedTestWidgetsFlutterBinding.pump (package:flutter_test/src/binding.dart:1324:27)
#925    WidgetTester.pumpWidget.<anonymous closure> (package:flutter_test/src/widget_tester.dart:598:22)
#928    TestAsyncUtils.guard (package:flutter_test/src/test_async_utils.dart:74:41)
#929    WidgetTester.pumpWidget (package:flutter_test/src/widget_tester.dart:595:27)
#930    main.<anonymous closure>.<anonymous closure> (file:///Users/kcdacre8tor/%20everyday-christian/test/widgets/reading_progress_stats_widget_test.dart:141:20)
#931    testWidgets.<anonymous closure>.<anonymous closure> (package:flutter_test/src/widget_tester.dart:192:29)
<asynchronous suspension>
#932    TestWidgetsFlutterBinding._runTestBody (package:flutter_test/src/binding.dart:1059:5)
<asynchronous suspension>
<asynchronous suspension>
(elided 8 frames from dart:async and package:stack_trace)

Timer (duration: 0:00:00.000000, periodic: false), created:
#0      new FakeTimer._ (package:fake_async/fake_async.dart:342:62)
#1      FakeAsync._createTimer (package:fake_async/fake_async.dart:260:29)
#2      FakeAsync.run.<anonymous closure> (package:fake_async/fake_async.dart:185:15)
#6      _AnimateState._restart (package:flutter_animate/src/animate.dart:318:23)
#7      _AnimateState.initState (package:flutter_animate/src/animate.dart:290:5)
#8      StatefulElement._firstBuild (package:flutter/src/widgets/framework.dart:5852:55)
#9      ComponentElement.mount (package:flutter/src/widgets/framework.dart:5699:5)
...     Normal element mounting (7 frames)
#16     Element.inflateWidget (package:flutter/src/widgets/framework.dart:4548:16)
#17     MultiChildRenderObjectElement.inflateWidget (package:flutter/src/widgets/framework.dart:7169:36)
#18     MultiChildRenderObjectElement.mount (package:flutter/src/widgets/framework.dart:7185:32)
#19     Element.inflateWidget (package:flutter/src/widgets/framework.dart:4548:16)
#20     MultiChildRenderObjectElement.inflateWidget (package:flutter/src/widgets/framework.dart:7169:36)
#21     MultiChildRenderObjectElement.mount (package:flutter/src/widgets/framework.dart:7185:32)
...     Normal element mounting (31 frames)
#52     Element.inflateWidget (package:flutter/src/widgets/framework.dart:4548:16)
#53     MultiChildRenderObjectElement.inflateWidget (package:flutter/src/widgets/framework.dart:7169:36)
#54     MultiChildRenderObjectElement.mount (package:flutter/src/widgets/framework.dart:7185:32)
...     Normal element mounting (332 frames)
#386    Element.inflateWidget (package:flutter/src/widgets/framework.dart:4548:16)
#387    MultiChildRenderObjectElement.inflateWidget (package:flutter/src/widgets/framework.dart:7169:36)
#388    MultiChildRenderObjectElement.mount (package:flutter/src/widgets/framework.dart:7185:32)
...     Normal element mounting (465 frames)
#853    Element.inflateWidget (package:flutter/src/widgets/framework.dart:4548:16)
#854    Element.updateChild (package:flutter/src/widgets/framework.dart:3998:20)
#855    ComponentElement.performRebuild (package:flutter/src/widgets/framework.dart:5747:16)
#856    Element.rebuild (package:flutter/src/widgets/framework.dart:5435:7)
#857    ProxyElement.update (package:flutter/src/widgets/framework.dart:6051:5)
#858    _InheritedNotifierElement.update (package:flutter/src/widgets/inherited_notifier.dart:108:11)
#859    Element.updateChild (package:flutter/src/widgets/framework.dart:3982:15)
#860    ComponentElement.performRebuild (package:flutter/src/widgets/framework.dart:5747:16)
#861    StatefulElement.performRebuild (package:flutter/src/widgets/framework.dart:5884:11)
#862    Element.rebuild (package:flutter/src/widgets/framework.dart:5435:7)
#863    StatefulElement.update (package:flutter/src/widgets/framework.dart:5909:5)
#864    Element.updateChild (package:flutter/src/widgets/framework.dart:3982:15)
#865    ComponentElement.performRebuild (package:flutter/src/widgets/framework.dart:5747:16)
#866    Element.rebuild (package:flutter/src/widgets/framework.dart:5435:7)
#867    ProxyElement.update (package:flutter/src/widgets/framework.dart:6051:5)
#868    _InheritedNotifierElement.update (package:flutter/src/widgets/inherited_notifier.dart:108:11)
#869    Element.updateChild (package:flutter/src/widgets/framework.dart:3982:15)
#870    ComponentElement.performRebuild (package:flutter/src/widgets/framework.dart:5747:16)
#871    StatefulElement.performRebuild (package:flutter/src/widgets/framework.dart:5884:11)
#872    Element.rebuild (package:flutter/src/widgets/framework.dart:5435:7)
#873    StatefulElement.update (package:flutter/src/widgets/framework.dart:5909:5)
#874    Element.updateChild (package:flutter/src/widgets/framework.dart:3982:15)
#875    ComponentElement.performRebuild (package:flutter/src/widgets/framework.dart:5747:16)
#876    StatefulElement.performRebuild (package:flutter/src/widgets/framework.dart:5884:11)
#877    Element.rebuild (package:flutter/src/widgets/framework.dart:5435:7)
#878    StatefulElement.update (package:flutter/src/widgets/framework.dart:5909:5)
#879    Element.updateChild (package:flutter/src/widgets/framework.dart:3982:15)
#880    ComponentElement.performRebuild (package:flutter/src/widgets/framework.dart:5747:16)
#881    Element.rebuild (package:flutter/src/widgets/framework.dart:5435:7)
#882    ProxyElement.update (package:flutter/src/widgets/framework.dart:6051:5)
#883    Element.updateChild (package:flutter/src/widgets/framework.dart:3982:15)
#884    ComponentElement.performRebuild (package:flutter/src/widgets/framework.dart:5747:16)
#885    StatefulElement.performRebuild (package:flutter/src/widgets/framework.dart:5884:11)
#886    Element.rebuild (package:flutter/src/widgets/framework.dart:5435:7)
#887    StatefulElement.update (package:flutter/src/widgets/framework.dart:5909:5)
#888    Element.updateChild (package:flutter/src/widgets/framework.dart:3982:15)
#889    ComponentElement.performRebuild (package:flutter/src/widgets/framework.dart:5747:16)
#890    Element.rebuild (package:flutter/src/widgets/framework.dart:5435:7)
#891    ProxyElement.update (package:flutter/src/widgets/framework.dart:6051:5)
#892    Element.updateChild (package:flutter/src/widgets/framework.dart:3982:15)
#893    ComponentElement.performRebuild (package:flutter/src/widgets/framework.dart:5747:16)
#894    Element.rebuild (package:flutter/src/widgets/framework.dart:5435:7)
#895    ProxyElement.update (package:flutter/src/widgets/framework.dart:6051:5)
#896    Element.updateChild (package:flutter/src/widgets/framework.dart:3982:15)
#897    _RawViewElement._updateChild (package:flutter/src/widgets/view.dart:481:16)
#898    _RawViewElement.update (package:flutter/src/widgets/view.dart:568:5)
#899    Element.updateChild (package:flutter/src/widgets/framework.dart:3982:15)
#900    ComponentElement.performRebuild (package:flutter/src/widgets/framework.dart:5747:16)
#901    Element.rebuild (package:flutter/src/widgets/framework.dart:5435:7)
#902    StatelessElement.update (package:flutter/src/widgets/framework.dart:5797:5)
#903    Element.updateChild (package:flutter/src/widgets/framework.dart:3982:15)
#904    ComponentElement.performRebuild (package:flutter/src/widgets/framework.dart:5747:16)
#905    StatefulElement.performRebuild (package:flutter/src/widgets/framework.dart:5884:11)
#906    Element.rebuild (package:flutter/src/widgets/framework.dart:5435:7)
#907    StatefulElement.update (package:flutter/src/widgets/framework.dart:5909:5)
#908    Element.updateChild (package:flutter/src/widgets/framework.dart:3982:15)
#909    RootElement._rebuild (package:flutter/src/widgets/binding.dart:1716:16)
#910    RootElement.update (package:flutter/src/widgets/binding.dart:1694:5)
#911    RootElement.performRebuild (package:flutter/src/widgets/binding.dart:1708:7)
#912    Element.rebuild (package:flutter/src/widgets/framework.dart:5435:7)
#913    BuildScope._tryRebuild (package:flutter/src/widgets/framework.dart:2695:15)
#914    BuildScope._flushDirtyElements (package:flutter/src/widgets/framework.dart:2752:11)
#915    BuildOwner.buildScope (package:flutter/src/widgets/framework.dart:3056:18)
#916    AutomatedTestWidgetsFlutterBinding.drawFrame (package:flutter_test/src/binding.dart:1506:19)
#917    RendererBinding._handlePersistentFrameCallback (package:flutter/src/rendering/binding.dart:495:5)
#918    SchedulerBinding._invokeFrameCallback (package:flutter/src/scheduler/binding.dart:1434:15)
#919    SchedulerBinding.handleDrawFrame (package:flutter/src/scheduler/binding.dart:1347:9)
#920    AutomatedTestWidgetsFlutterBinding.pump.<anonymous closure> (package:flutter_test/src/binding.dart:1335:9)
#923    TestAsyncUtils.guard (package:flutter_test/src/test_async_utils.dart:74:41)
#924    AutomatedTestWidgetsFlutterBinding.pump (package:flutter_test/src/binding.dart:1324:27)
#925    WidgetTester.pumpWidget.<anonymous closure> (package:flutter_test/src/widget_tester.dart:598:22)
#928    TestAsyncUtils.guard (package:flutter_test/src/test_async_utils.dart:74:41)
#929    WidgetTester.pumpWidget (package:flutter_test/src/widget_tester.dart:595:27)
#930    main.<anonymous closure>.<anonymous closure> (file:///Users/kcdacre8tor/%20everyday-christian/test/widgets/reading_progress_stats_widget_test.dart:141:20)
#931    testWidgets.<anonymous closure>.<anonymous closure> (package:flutter_test/src/widget_tester.dart:192:29)
<asynchronous suspension>
#932    TestWidgetsFlutterBinding._runTestBody (package:flutter_test/src/binding.dart:1059:5)
<asynchronous suspension>
<asynchronous suspension>
(elided 8 frames from dart:async and package:stack_trace)

Timer (duration: 0:00:00.000000, periodic: false), created:
#0      new FakeTimer._ (package:fake_async/fake_async.dart:342:62)
#1      FakeAsync._createTimer (package:fake_async/fake_async.dart:260:29)
#2      FakeAsync.run.<anonymous closure> (package:fake_async/fake_async.dart:185:15)
#6      _AnimateState._restart (package:flutter_animate/src/animate.dart:318:23)
#7      _AnimateState.initState (package:flutter_animate/src/animate.dart:290:5)
#8      StatefulElement._firstBuild (package:flutter/src/widgets/framework.dart:5852:55)
#9      ComponentElement.mount (package:flutter/src/widgets/framework.dart:5699:5)
...     Normal element mounting (7 frames)
#16     Element.inflateWidget (package:flutter/src/widgets/framework.dart:4548:16)
#17     MultiChildRenderObjectElement.inflateWidget (package:flutter/src/widgets/framework.dart:7169:36)
#18     MultiChildRenderObjectElement.mount (package:flutter/src/widgets/framework.dart:7185:32)
#19     Element.inflateWidget (package:flutter/src/widgets/framework.dart:4548:16)
#20     MultiChildRenderObjectElement.inflateWidget (package:flutter/src/widgets/framework.dart:7169:36)
#21     MultiChildRenderObjectElement.mount (package:flutter/src/widgets/framework.dart:7185:32)
...     Normal element mounting (31 frames)
#52     Element.inflateWidget (package:flutter/src/widgets/framework.dart:4548:16)
#53     MultiChildRenderObjectElement.inflateWidget (package:flutter/src/widgets/framework.dart:7169:36)
#54     MultiChildRenderObjectElement.mount (package:flutter/src/widgets/framework.dart:7185:32)
...     Normal element mounting (332 frames)
#386    Element.inflateWidget (package:flutter/src/widgets/framework.dart:4548:16)
#387    MultiChildRenderObjectElement.inflateWidget (package:flutter/src/widgets/framework.dart:7169:36)
#388    MultiChildRenderObjectElement.mount (package:flutter/src/widgets/framework.dart:7185:32)
...     Normal element mounting (465 frames)
#853    Element.inflateWidget (package:flutter/src/widgets/framework.dart:4548:16)
#854    Element.updateChild (package:flutter/src/widgets/framework.dart:3998:20)
#855    ComponentElement.performRebuild (package:flutter/src/widgets/framework.dart:5747:16)
#856    Element.rebuild (package:flutter/src/widgets/framework.dart:5435:7)
#857    ProxyElement.update (package:flutter/src/widgets/framework.dart:6051:5)
#858    _InheritedNotifierElement.update (package:flutter/src/widgets/inherited_notifier.dart:108:11)
#859    Element.updateChild (package:flutter/src/widgets/framework.dart:3982:15)
#860    ComponentElement.performRebuild (package:flutter/src/widgets/framework.dart:5747:16)
#861    StatefulElement.performRebuild (package:flutter/src/widgets/framework.dart:5884:11)
#862    Element.rebuild (package:flutter/src/widgets/framework.dart:5435:7)
#863    StatefulElement.update (package:flutter/src/widgets/framework.dart:5909:5)
#864    Element.updateChild (package:flutter/src/widgets/framework.dart:3982:15)
#865    ComponentElement.performRebuild (package:flutter/src/widgets/framework.dart:5747:16)
#866    Element.rebuild (package:flutter/src/widgets/framework.dart:5435:7)
#867    ProxyElement.update (package:flutter/src/widgets/framework.dart:6051:5)
#868    _InheritedNotifierElement.update (package:flutter/src/widgets/inherited_notifier.dart:108:11)
#869    Element.updateChild (package:flutter/src/widgets/framework.dart:3982:15)
#870    ComponentElement.performRebuild (package:flutter/src/widgets/framework.dart:5747:16)
#871    StatefulElement.performRebuild (package:flutter/src/widgets/framework.dart:5884:11)
#872    Element.rebuild (package:flutter/src/widgets/framework.dart:5435:7)
#873    StatefulElement.update (package:flutter/src/widgets/framework.dart:5909:5)
#874    Element.updateChild (package:flutter/src/widgets/framework.dart:3982:15)
#875    ComponentElement.performRebuild (package:flutter/src/widgets/framework.dart:5747:16)
#876    StatefulElement.performRebuild (package:flutter/src/widgets/framework.dart:5884:11)
#877    Element.rebuild (package:flutter/src/widgets/framework.dart:5435:7)
#878    StatefulElement.update (package:flutter/src/widgets/framework.dart:5909:5)
#879    Element.updateChild (package:flutter/src/widgets/framework.dart:3982:15)
#880    ComponentElement.performRebuild (package:flutter/src/widgets/framework.dart:5747:16)
#881    Element.rebuild (package:flutter/src/widgets/framework.dart:5435:7)
#882    ProxyElement.update (package:flutter/src/widgets/framework.dart:6051:5)
#883    Element.updateChild (package:flutter/src/widgets/framework.dart:3982:15)
#884    ComponentElement.performRebuild (package:flutter/src/widgets/framework.dart:5747:16)
#885    StatefulElement.performRebuild (package:flutter/src/widgets/framework.dart:5884:11)
#886    Element.rebuild (package:flutter/src/widgets/framework.dart:5435:7)
#887    StatefulElement.update (package:flutter/src/widgets/framework.dart:5909:5)
#888    Element.updateChild (package:flutter/src/widgets/framework.dart:3982:15)
#889    ComponentElement.performRebuild (package:flutter/src/widgets/framework.dart:5747:16)
#890    Element.rebuild (package:flutter/src/widgets/framework.dart:5435:7)
#891    ProxyElement.update (package:flutter/src/widgets/framework.dart:6051:5)
#892    Element.updateChild (package:flutter/src/widgets/framework.dart:3982:15)
#893    ComponentElement.performRebuild (package:flutter/src/widgets/framework.dart:5747:16)
#894    Element.rebuild (package:flutter/src/widgets/framework.dart:5435:7)
#895    ProxyElement.update (package:flutter/src/widgets/framework.dart:6051:5)
#896    Element.updateChild (package:flutter/src/widgets/framework.dart:3982:15)
#897    _RawViewElement._updateChild (package:flutter/src/widgets/view.dart:481:16)
#898    _RawViewElement.update (package:flutter/src/widgets/view.dart:568:5)
#899    Element.updateChild (package:flutter/src/widgets/framework.dart:3982:15)
#900    ComponentElement.performRebuild (package:flutter/src/widgets/framework.dart:5747:16)
#901    Element.rebuild (package:flutter/src/widgets/framework.dart:5435:7)
#902    StatelessElement.update (package:flutter/src/widgets/framework.dart:5797:5)
#903    Element.updateChild (package:flutter/src/widgets/framework.dart:3982:15)
#904    ComponentElement.performRebuild (package:flutter/src/widgets/framework.dart:5747:16)
#905    StatefulElement.performRebuild (package:flutter/src/widgets/framework.dart:5884:11)
#906    Element.rebuild (package:flutter/src/widgets/framework.dart:5435:7)
#907    StatefulElement.update (package:flutter/src/widgets/framework.dart:5909:5)
#908    Element.updateChild (package:flutter/src/widgets/framework.dart:3982:15)
#909    RootElement._rebuild (package:flutter/src/widgets/binding.dart:1716:16)
#910    RootElement.update (package:flutter/src/widgets/binding.dart:1694:5)
#911    RootElement.performRebuild (package:flutter/src/widgets/binding.dart:1708:7)
#912    Element.rebuild (package:flutter/src/widgets/framework.dart:5435:7)
#913    BuildScope._tryRebuild (package:flutter/src/widgets/framework.dart:2695:15)
#914    BuildScope._flushDirtyElements (package:flutter/src/widgets/framework.dart:2752:11)
#915    BuildOwner.buildScope (package:flutter/src/widgets/framework.dart:3056:18)
#916    AutomatedTestWidgetsFlutterBinding.drawFrame (package:flutter_test/src/binding.dart:1506:19)
#917    RendererBinding._handlePersistentFrameCallback (package:flutter/src/rendering/binding.dart:495:5)
#918    SchedulerBinding._invokeFrameCallback (package:flutter/src/scheduler/binding.dart:1434:15)
#919    SchedulerBinding.handleDrawFrame (package:flutter/src/scheduler/binding.dart:1347:9)
#920    AutomatedTestWidgetsFlutterBinding.pump.<anonymous closure> (package:flutter_test/src/binding.dart:1335:9)
#923    TestAsyncUtils.guard (package:flutter_test/src/test_async_utils.dart:74:41)
#924    AutomatedTestWidgetsFlutterBinding.pump (package:flutter_test/src/binding.dart:1324:27)
#925    WidgetTester.pumpWidget.<anonymous closure> (package:flutter_test/src/widget_tester.dart:598:22)
#928    TestAsyncUtils.guard (package:flutter_test/src/test_async_utils.dart:74:41)
#929    WidgetTester.pumpWidget (package:flutter_test/src/widget_tester.dart:595:27)
#930    main.<anonymous closure>.<anonymous closure> (file:///Users/kcdacre8tor/%20everyday-christian/test/widgets/reading_progress_stats_widget_test.dart:141:20)
#931    testWidgets.<anonymous closure>.<anonymous closure> (package:flutter_test/src/widget_tester.dart:192:29)
<asynchronous suspension>
#932    TestWidgetsFlutterBinding._runTestBody (package:flutter_test/src/binding.dart:1059:5)
<asynchronous suspension>
<asynchronous suspension>
(elided 8 frames from dart:async and package:stack_trace)

Timer (duration: 0:00:00.000000, periodic: false), created:
00:29 +957 ~5 -134: /Users/kcdacre8tor/ everyday-christian/test/verse_service_test.dart: FTS5 Full-Text Search should save search to history                                                           
ℹ️ [2025-10-17 18:19:49.000] [INFO   ] [DatabaseHelper] Database schema created successfully
📦 Running database migrations from v1 to v2
🔄 Migrating to schema v2...
  → Fixing favorite_verses foreign key...
  → Fixing daily_verses foreign key...
00:29 +957 ~5 -134: /Users/kcdacre8tor/ everyday-christian/test/widgets/reading_progress_stats_widget_test.dart: ReadingProgressStatsWidget should handle singular and plural day labels correctly     
#0      new FakeTimer._ (package:fake_async/fake_async.dart:342:62)
#1      FakeAsync._createTimer (package:fake_async/fake_async.dart:260:29)
#2      FakeAsync.run.<anonymous closure> (package:fake_async/fake_async.dart:185:15)
#6      _AnimateState._restart (package:flutter_animate/src/animate.dart:318:23)
#7      _AnimateState.initState (package:flutter_animate/src/animate.dart:290:5)
#8      StatefulElement._firstBuild (package:flutter/src/widgets/framework.dart:5852:55)
#9      ComponentElement.mount (package:flutter/src/widgets/framework.dart:5699:5)
...     Normal element mounting (7 frames)
#16     Element.inflateWidget (package:flutter/src/widgets/framework.dart:4548:16)
#17     MultiChildRenderObjectElement.inflateWidget (package:flutter/src/widgets/framework.dart:7169:36)
#18     MultiChildRenderObjectElement.mount (package:flutter/src/widgets/framework.dart:7185:32)
#19     Element.inflateWidget (package:flutter/src/widgets/framework.dart:4548:16)
#20     MultiChildRenderObjectElement.inflateWidget (package:flutter/src/widgets/framework.dart:7169:36)
#21     MultiChildRenderObjectElement.mount (package:flutter/src/widgets/framework.dart:7185:32)
...     Normal element mounting (31 frames)
#52     Element.inflateWidget (package:flutter/src/widgets/framework.dart:4548:16)
#53     MultiChildRenderObjectElement.inflateWidget (package:flutter/src/widgets/framework.dart:7169:36)
#54     MultiChildRenderObjectElement.mount (package:flutter/src/widgets/framework.dart:7185:32)
...     Normal element mounting (332 frames)
#386    Element.inflateWidget (package:flutter/src/widgets/framework.dart:4548:16)
#387    MultiChildRenderObjectElement.inflateWidget (package:flutter/src/widgets/framework.dart:7169:36)
#388    MultiChildRenderObjectElement.mount (package:flutter/src/widgets/framework.dart:7185:32)
...     Normal element mounting (465 frames)
#853    Element.inflateWidget (package:flutter/src/widgets/framework.dart:4548:16)
#854    Element.updateChild (package:flutter/src/widgets/framework.dart:3998:20)
#855    ComponentElement.performRebuild (package:flutter/src/widgets/framework.dart:5747:16)
#856    Element.rebuild (package:flutter/src/widgets/framework.dart:5435:7)
#857    ProxyElement.update (package:flutter/src/widgets/framework.dart:6051:5)
#858    _InheritedNotifierElement.update (package:flutter/src/widgets/inherited_notifier.dart:108:11)
#859    Element.updateChild (package:flutter/src/widgets/framework.dart:3982:15)
#860    ComponentElement.performRebuild (package:flutter/src/widgets/framework.dart:5747:16)
#861    StatefulElement.performRebuild (package:flutter/src/widgets/framework.dart:5884:11)
#862    Element.rebuild (package:flutter/src/widgets/framework.dart:5435:7)
#863    StatefulElement.update (package:flutter/src/widgets/framework.dart:5909:5)
#864    Element.updateChild (package:flutter/src/widgets/framework.dart:3982:15)
#865    ComponentElement.performRebuild (package:flutter/src/widgets/framework.dart:5747:16)
#866    Element.rebuild (package:flutter/src/widgets/framework.dart:5435:7)
#867    ProxyElement.update (package:flutter/src/widgets/framework.dart:6051:5)
#868    _InheritedNotifierElement.update (package:flutter/src/widgets/inherited_notifier.dart:108:11)
#869    Element.updateChild (package:flutter/src/widgets/framework.dart:3982:15)
#870    ComponentElement.performRebuild (package:flutter/src/widgets/framework.dart:5747:16)
#871    StatefulElement.performRebuild (package:flutter/src/widgets/framework.dart:5884:11)
#872    Element.rebuild (package:flutter/src/widgets/framework.dart:5435:7)
#873    StatefulElement.update (package:flutter/src/widgets/framework.dart:5909:5)
#874    Element.updateChild (package:flutter/src/widgets/framework.dart:3982:15)
#875    ComponentElement.performRebuild (package:flutter/src/widgets/framework.dart:5747:16)
#876    StatefulElement.performRebuild (package:flutter/src/widgets/framework.dart:5884:11)
#877    Element.rebuild (package:flutter/src/widgets/framework.dart:5435:7)
#878    StatefulElement.update (package:flutter/src/widgets/framework.dart:5909:5)
#879    Element.updateChild (package:flutter/src/widgets/framework.dart:3982:15)
#880    ComponentElement.performRebuild (package:flutter/src/widgets/framework.dart:5747:16)
#881    Element.rebuild (package:flutter/src/widgets/framework.dart:5435:7)
#882    ProxyElement.update (package:flutter/src/widgets/framework.dart:6051:5)
#883    Element.updateChild (package:flutter/src/widgets/framework.dart:3982:15)
#884    ComponentElement.performRebuild (package:flutter/src/widgets/framework.dart:5747:16)
#885    StatefulElement.performRebuild (package:flutter/src/widgets/framework.dart:5884:11)
#886    Element.rebuild (package:flutter/src/widgets/framework.dart:5435:7)
#887    StatefulElement.update (package:flutter/src/widgets/framework.dart:5909:5)
#888    Element.updateChild (package:flutter/src/widgets/framework.dart:3982:15)
#889    ComponentElement.performRebuild (package:flutter/src/widgets/framework.dart:5747:16)
#890    Element.rebuild (package:flutter/src/widgets/framework.dart:5435:7)
#891    ProxyElement.update (package:flutter/src/widgets/framework.dart:6051:5)
#892    Element.updateChild (package:flutter/src/widgets/framework.dart:3982:15)
#893    ComponentElement.performRebuild (package:flutter/src/widgets/framework.dart:5747:16)
#894    Element.rebuild (package:flutter/src/widgets/framework.dart:5435:7)
#895    ProxyElement.update (package:flutter/src/widgets/framework.dart:6051:5)
#896    Element.updateChild (package:flutter/src/widgets/framework.dart:3982:15)
#897    _RawViewElement._updateChild (package:flutter/src/widgets/view.dart:481:16)
#898    _RawViewElement.update (package:flutter/src/widgets/view.dart:568:5)
#899    Element.updateChild (package:flutter/src/widgets/framework.dart:3982:15)
#900    ComponentElement.performRebuild (package:flutter/src/widgets/framework.dart:5747:16)
#901    Element.rebuild (package:flutter/src/widgets/framework.dart:5435:7)
#902    StatelessElement.update (package:flutter/src/widgets/framework.dart:5797:5)
#903    Element.updateChild (package:flutter/src/widgets/framework.dart:3982:15)
#904    ComponentElement.performRebuild (package:flutter/src/widgets/framework.dart:5747:16)
#905    StatefulElement.performRebuild (package:flutter/src/widgets/framework.dart:5884:11)
#906    Element.rebuild (package:flutter/src/widgets/framework.dart:5435:7)
#907    StatefulElement.update (package:flutter/src/widgets/framework.dart:5909:5)
#908    Element.updateChild (package:flutter/src/widgets/framework.dart:3982:15)
#909    RootElement._rebuild (package:flutter/src/widgets/binding.dart:1716:16)
#910    RootElement.update (package:flutter/src/widgets/binding.dart:1694:5)
#911    RootElement.performRebuild (package:flutter/src/widgets/binding.dart:1708:7)
#912    Element.rebuild (package:flutter/src/widgets/framework.dart:5435:7)
#913    BuildScope._tryRebuild (package:flutter/src/widgets/framework.dart:2695:15)
#914    BuildScope._flushDirtyElements (package:flutter/src/widgets/framework.dart:2752:11)
#915    BuildOwner.buildScope (package:flutter/src/widgets/framework.dart:3056:18)
#916    AutomatedTestWidgetsFlutterBinding.drawFrame (package:flutter_test/src/binding.dart:1506:19)
#917    RendererBinding._handlePersistentFrameCallback (package:flutter/src/rendering/binding.dart:495:5)
#918    SchedulerBinding._invokeFrameCallback (package:flutter/src/scheduler/binding.dart:1434:15)
#919    SchedulerBinding.handleDrawFrame (package:flutter/src/scheduler/binding.dart:1347:9)
#920    AutomatedTestWidgetsFlutterBinding.pump.<anonymous closure> (package:flutter_test/src/binding.dart:1335:9)
#923    TestAsyncUtils.guard (package:flutter_test/src/test_async_utils.dart:74:41)
#924    AutomatedTestWidgetsFlutterBinding.pump (package:flutter_test/src/binding.dart:1324:27)
#925    WidgetTester.pumpWidget.<anonymous closure> (package:flutter_test/src/widget_tester.dart:598:22)
#928    TestAsyncUtils.guard (package:flutter_test/src/test_async_utils.dart:74:41)
#929    WidgetTester.pumpWidget (package:flutter_test/src/widget_tester.dart:595:27)
#930    main.<anonymous closure>.<anonymous closure> (file:///Users/kcdacre8tor/%20everyday-christian/test/widgets/reading_progress_stats_widget_test.dart:141:20)
#931    testWidgets.<anonymous closure>.<anonymous closure> (package:flutter_test/src/widget_tester.dart:192:29)
<asynchronous suspension>
#932    TestWidgetsFlutterBinding._runTestBody (package:flutter_test/src/binding.dart:1059:5)
<asynchronous suspension>
<asynchronous suspension>
(elided 8 frames from dart:async and package:stack_trace)

══╡ EXCEPTION CAUGHT BY FLUTTER TEST FRAMEWORK ╞════════════════════════════════════════════════════
The following assertion was thrown running a test:
A Timer is still pending even after the widget tree was disposed.
'package:flutter_test/src/binding.dart':
Failed assertion: line 1617 pos 12: '!timersPending'

When the exception was thrown, this was the stack:
#2      AutomatedTestWidgetsFlutterBinding._verifyInvariants (package:flutter_test/src/binding.dart:1617:12)
#3      TestWidgetsFlutterBinding._runTestBody (package:flutter_test/src/binding.dart:1078:7)
<asynchronous suspension>
<asynchronous suspension>
(elided 3 frames from class _AssertionError and package:stack_trace)

The test description was:
  should handle singular and plural day labels correctly
════════════════════════════════════════════════════════════════════════════════════════════════════
00:29 +957 ~5 -135: /Users/kcdacre8tor/ everyday-christian/test/widgets/reading_progress_stats_widget_test.dart: ReadingProgressStatsWidget should handle singular and plural day labels correctly [E] 
  Test failed. See exception logs above.
  The test description was: should handle singular and plural day labels correctly
  

To run this test again: /Users/kcdacre8tor/flutter/bin/cache/dart-sdk/bin/dart test /Users/kcdacre8tor/ everyday-christian/test/widgets/reading_progress_stats_widget_test.dart -p vm --plain-name 'ReadingProgressStatsWidget should handle singular and plural day labels correctly'
00:29 +957 ~5 -135: /Users/kcdacre8tor/ everyday-christian/test/verse_service_test.dart: FTS5 Full-Text Search should save search to history                                                           
  → Fixing verse_bookmarks foreign key...
  → Removing duplicate column from prayer_categories...
  → Creating performance indexes...
  → Creating timestamp triggers...
✅ Schema v2 migration complete!
✅ Database integrity verified
✅ Database migrations complete!
00:29 +958 ~5 -135: /Users/kcdacre8tor/ everyday-christian/test/screens/home_screen_test.dart: HomeScreen Widget Tests should handle error in stat data gracefully                                     00:29 +958 ~5 -135: /Users/kcdacre8tor/ everyday-christian/test/verse_service_test.dart: FTS5 Full-Text Search should trim whitespace from query                                                       
ℹ️ [2025-10-17 18:19:49.027] [INFO   ] [DatabaseHelper] Initializing database at: :memory:
ℹ️ [2025-10-17 18:19:49.029] [INFO   ] [DatabaseHelper] Creating database schema v5
00:29 +958 ~5 -135: /Users/kcdacre8tor/ everyday-christian/test/widgets/reading_progress_stats_widget_test.dart: ReadingProgressStatsWidget should show overdue message for past estimated dates       
Pending timers:
Timer (duration: 0:00:00.000000, periodic: false), created:
#0      new FakeTimer._ (package:fake_async/fake_async.dart:342:62)
#1      FakeAsync._createTimer (package:fake_async/fake_async.dart:260:29)
#2      FakeAsync.run.<anonymous closure> (package:fake_async/fake_async.dart:185:15)
#6      _AnimateState._restart (package:flutter_animate/src/animate.dart:318:23)
#7      _AnimateState.initState (package:flutter_animate/src/animate.dart:290:5)
#8      StatefulElement._firstBuild (package:flutter/src/widgets/framework.dart:5852:55)
#9      ComponentElement.mount (package:flutter/src/widgets/framework.dart:5699:5)
...     Normal element mounting (7 frames)
#16     Element.inflateWidget (package:flutter/src/widgets/framework.dart:4548:16)
#17     MultiChildRenderObjectElement.inflateWidget (package:flutter/src/widgets/framework.dart:7169:36)
#18     MultiChildRenderObjectElement.mount (package:flutter/src/widgets/framework.dart:7185:32)
#19     Element.inflateWidget (package:flutter/src/widgets/framework.dart:4548:16)
#20     MultiChildRenderObjectElement.inflateWidget (package:flutter/src/widgets/framework.dart:7169:36)
#21     MultiChildRenderObjectElement.mount (package:flutter/src/widgets/framework.dart:7185:32)
...     Normal element mounting (31 frames)
#52     Element.inflateWidget (package:flutter/src/widgets/framework.dart:4548:16)
#53     MultiChildRenderObjectElement.inflateWidget (package:flutter/src/widgets/framework.dart:7169:36)
#54     MultiChildRenderObjectElement.mount (package:flutter/src/widgets/framework.dart:7185:32)
...     Normal element mounting (332 frames)
#386    Element.inflateWidget (package:flutter/src/widgets/framework.dart:4548:16)
#387    MultiChildRenderObjectElement.inflateWidget (package:flutter/src/widgets/framework.dart:7169:36)
#388    MultiChildRenderObjectElement.mount (package:flutter/src/widgets/framework.dart:7185:32)
...     Normal element mounting (465 frames)
#853    Element.inflateWidget (package:flutter/src/widgets/framework.dart:4548:16)
#854    Element.updateChild (package:flutter/src/widgets/framework.dart:3998:20)
#855    ComponentElement.performRebuild (package:flutter/src/widgets/framework.dart:5747:16)
#856    Element.rebuild (package:flutter/src/widgets/framework.dart:5435:7)
#857    ProxyElement.update (package:flutter/src/widgets/framework.dart:6051:5)
#858    _InheritedNotifierElement.update (package:flutter/src/widgets/inherited_notifier.dart:108:11)
#859    Element.updateChild (package:flutter/src/widgets/framework.dart:3982:15)
#860    ComponentElement.performRebuild (package:flutter/src/widgets/framework.dart:5747:16)
#861    StatefulElement.performRebuild (package:flutter/src/widgets/framework.dart:5884:11)
#862    Element.rebuild (package:flutter/src/widgets/framework.dart:5435:7)
#863    StatefulElement.update (package:flutter/src/widgets/framework.dart:5909:5)
#864    Element.updateChild (package:flutter/src/widgets/framework.dart:3982:15)
#865    ComponentElement.performRebuild (package:flutter/src/widgets/framework.dart:5747:16)
#866    Element.rebuild (package:flutter/src/widgets/framework.dart:5435:7)
#867    ProxyElement.update (package:flutter/src/widgets/framework.dart:6051:5)
#868    _InheritedNotifierElement.update (package:flutter/src/widgets/inherited_notifier.dart:108:11)
#869    Element.updateChild (package:flutter/src/widgets/framework.dart:3982:15)
#870    ComponentElement.performRebuild (package:flutter/src/widgets/framework.dart:5747:16)
#871    StatefulElement.performRebuild (package:flutter/src/widgets/framework.dart:5884:11)
#872    Element.rebuild (package:flutter/src/widgets/framework.dart:5435:7)
#873    StatefulElement.update (package:flutter/src/widgets/framework.dart:5909:5)
#874    Element.updateChild (package:flutter/src/widgets/framework.dart:3982:15)
#875    ComponentElement.performRebuild (package:flutter/src/widgets/framework.dart:5747:16)
#876    StatefulElement.performRebuild (package:flutter/src/widgets/framework.dart:5884:11)
#877    Element.rebuild (package:flutter/src/widgets/framework.dart:5435:7)
#878    StatefulElement.update (package:flutter/src/widgets/framework.dart:5909:5)
#879    Element.updateChild (package:flutter/src/widgets/framework.dart:3982:15)
#880    ComponentElement.performRebuild (package:flutter/src/widgets/framework.dart:5747:16)
#881    Element.rebuild (package:flutter/src/widgets/framework.dart:5435:7)
#882    ProxyElement.update (package:flutter/src/widgets/framework.dart:6051:5)
#883    Element.updateChild (package:flutter/src/widgets/framework.dart:3982:15)
#884    ComponentElement.performRebuild (package:flutter/src/widgets/framework.dart:5747:16)
#885    StatefulElement.performRebuild (package:flutter/src/widgets/framework.dart:5884:11)
#886    Element.rebuild (package:flutter/src/widgets/framework.dart:5435:7)
#887    StatefulElement.update (package:flutter/src/widgets/framework.dart:5909:5)
#888    Element.updateChild (package:flutter/src/widgets/framework.dart:3982:15)
#889    ComponentElement.performRebuild (package:flutter/src/widgets/framework.dart:5747:16)
#890    Element.rebuild (package:flutter/src/widgets/framework.dart:5435:7)
#891    ProxyElement.update (package:flutter/src/widgets/framework.dart:6051:5)
#892    Element.updateChild (package:flutter/src/widgets/framework.dart:3982:15)
#893    ComponentElement.performRebuild (package:flutter/src/widgets/framework.dart:5747:16)
#894    Element.rebuild (package:flutter/src/widgets/framework.dart:5435:7)
#895    ProxyElement.update (package:flutter/src/widgets/framework.dart:6051:5)
#896    Element.updateChild (package:flutter/src/widgets/framework.dart:3982:15)
#897    _RawViewElement._updateChild (package:flutter/src/widgets/view.dart:481:16)
#898    _RawViewElement.update (package:flutter/src/widgets/view.dart:568:5)
#899    Element.updateChild (package:flutter/src/widgets/framework.dart:3982:15)
#900    ComponentElement.performRebuild (package:flutter/src/widgets/framework.dart:5747:16)
#901    Element.rebuild (package:flutter/src/widgets/framework.dart:5435:7)
#902    StatelessElement.update (package:flutter/src/widgets/framework.dart:5797:5)
#903    Element.updateChild (package:flutter/src/widgets/framework.dart:3982:15)
#904    ComponentElement.performRebuild (package:flutter/src/widgets/framework.dart:5747:16)
#905    StatefulElement.performRebuild (package:flutter/src/widgets/framework.dart:5884:11)
#906    Element.rebuild (package:flutter/src/widgets/framework.dart:5435:7)
#907    StatefulElement.update (package:flutter/src/widgets/framework.dart:5909:5)
#908    Element.updateChild (package:flutter/src/widgets/framework.dart:3982:15)
#909    RootElement._rebuild (package:flutter/src/widgets/binding.dart:1716:16)
#910    RootElement.update (package:flutter/src/widgets/binding.dart:1694:5)
#911    RootElement.performRebuild (package:flutter/src/widgets/binding.dart:1708:7)
#912    Element.rebuild (package:flutter/src/widgets/framework.dart:5435:7)
#913    BuildScope._tryRebuild (package:flutter/src/widgets/framework.dart:2695:15)
#914    BuildScope._flushDirtyElements (package:flutter/src/widgets/framework.dart:2752:11)
#915    BuildOwner.buildScope (package:flutter/src/widgets/framework.dart:3056:18)
#916    AutomatedTestWidgetsFlutterBinding.drawFrame (package:flutter_test/src/binding.dart:1506:19)
#917    RendererBinding._handlePersistentFrameCallback (package:flutter/src/rendering/binding.dart:495:5)
#918    SchedulerBinding._invokeFrameCallback (package:flutter/src/scheduler/binding.dart:1434:15)
#919    SchedulerBinding.handleDrawFrame (package:flutter/src/scheduler/binding.dart:1347:9)
#920    AutomatedTestWidgetsFlutterBinding.pump.<anonymous closure> (package:flutter_test/src/binding.dart:1335:9)
#923    TestAsyncUtils.guard (package:flutter_test/src/test_async_utils.dart:74:41)
#924    AutomatedTestWidgetsFlutterBinding.pump (package:flutter_test/src/binding.dart:1324:27)
#925    WidgetTester.pumpWidget.<anonymous closure> (package:flutter_test/src/widget_tester.dart:598:22)
#928    TestAsyncUtils.guard (package:flutter_test/src/test_async_utils.dart:74:41)
#929    WidgetTester.pumpWidget (package:flutter_test/src/widget_tester.dart:595:27)
#930    main.<anonymous closure>.<anonymous closure> (file:///Users/kcdacre8tor/%20everyday-christian/test/widgets/reading_progress_stats_widget_test.dart:169:20)
#931    testWidgets.<anonymous closure>.<anonymous closure> (package:flutter_test/src/widget_tester.dart:192:29)
<asynchronous suspension>
#932    TestWidgetsFlutterBinding._runTestBody (package:flutter_test/src/binding.dart:1059:5)
<asynchronous suspension>
<asynchronous suspension>
(elided 8 frames from dart:async and package:stack_trace)

Timer (duration: 0:00:00.000000, periodic: false), created:
00:29 +958 ~5 -135: /Users/kcdacre8tor/ everyday-christian/test/verse_service_test.dart: FTS5 Full-Text Search should trim whitespace from query                                                       
ℹ️ [2025-10-17 18:19:49.043] [INFO   ] [DatabaseHelper] Database schema created successfully
00:29 +958 ~5 -135: /Users/kcdacre8tor/ everyday-christian/test/widgets/reading_progress_stats_widget_test.dart: ReadingProgressStatsWidget should show overdue message for past estimated dates       
#0      new FakeTimer._ (package:fake_async/fake_async.dart:342:62)
#1      FakeAsync._createTimer (package:fake_async/fake_async.dart:260:29)
#2      FakeAsync.run.<anonymous closure> (package:fake_async/fake_async.dart:185:15)
#6      _AnimateState._restart (package:flutter_animate/src/animate.dart:318:23)
#7      _AnimateState.initState (package:flutter_animate/src/animate.dart:290:5)
#8      StatefulElement._firstBuild (package:flutter/src/widgets/framework.dart:5852:55)
#9      ComponentElement.mount (package:flutter/src/widgets/framework.dart:5699:5)
...     Normal element mounting (7 frames)
#16     Element.inflateWidget (package:flutter/src/widgets/framework.dart:4548:16)
#17     MultiChildRenderObjectElement.inflateWidget (package:flutter/src/widgets/framework.dart:7169:36)
#18     MultiChildRenderObjectElement.mount (package:flutter/src/widgets/framework.dart:7185:32)
#19     Element.inflateWidget (package:flutter/src/widgets/framework.dart:4548:16)
#20     MultiChildRenderObjectElement.inflateWidget (package:flutter/src/widgets/framework.dart:7169:36)
#21     MultiChildRenderObjectElement.mount (package:flutter/src/widgets/framework.dart:7185:32)
...     Normal element mounting (31 frames)
#52     Element.inflateWidget (package:flutter/src/widgets/framework.dart:4548:16)
#53     MultiChildRenderObjectElement.inflateWidget (package:flutter/src/widgets/framework.dart:7169:36)
#54     MultiChildRenderObjectElement.mount (package:flutter/src/widgets/framework.dart:7185:32)
...     Normal element mounting (332 frames)
#386    Element.inflateWidget (package:flutter/src/widgets/framework.dart:4548:16)
#387    MultiChildRenderObjectElement.inflateWidget (package:flutter/src/widgets/framework.dart:7169:36)
#388    MultiChildRenderObjectElement.mount (package:flutter/src/widgets/framework.dart:7185:32)
...     Normal element mounting (465 frames)
#853    Element.inflateWidget (package:flutter/src/widgets/framework.dart:4548:16)
#854    Element.updateChild (package:flutter/src/widgets/framework.dart:3998:20)
#855    ComponentElement.performRebuild (package:flutter/src/widgets/framework.dart:5747:16)
#856    Element.rebuild (package:flutter/src/widgets/framework.dart:5435:7)
#857    ProxyElement.update (package:flutter/src/widgets/framework.dart:6051:5)
#858    _InheritedNotifierElement.update (package:flutter/src/widgets/inherited_notifier.dart:108:11)
#859    Element.updateChild (package:flutter/src/widgets/framework.dart:3982:15)
#860    ComponentElement.performRebuild (package:flutter/src/widgets/framework.dart:5747:16)
#861    StatefulElement.performRebuild (package:flutter/src/widgets/framework.dart:5884:11)
#862    Element.rebuild (package:flutter/src/widgets/framework.dart:5435:7)
#863    StatefulElement.update (package:flutter/src/widgets/framework.dart:5909:5)
#864    Element.updateChild (package:flutter/src/widgets/framework.dart:3982:15)
#865    ComponentElement.performRebuild (package:flutter/src/widgets/framework.dart:5747:16)
#866    Element.rebuild (package:flutter/src/widgets/framework.dart:5435:7)
#867    ProxyElement.update (package:flutter/src/widgets/framework.dart:6051:5)
#868    _InheritedNotifierElement.update (package:flutter/src/widgets/inherited_notifier.dart:108:11)
#869    Element.updateChild (package:flutter/src/widgets/framework.dart:3982:15)
#870    ComponentElement.performRebuild (package:flutter/src/widgets/framework.dart:5747:16)
#871    StatefulElement.performRebuild (package:flutter/src/widgets/framework.dart:5884:11)
#872    Element.rebuild (package:flutter/src/widgets/framework.dart:5435:7)
#873    StatefulElement.update (package:flutter/src/widgets/framework.dart:5909:5)
#874    Element.updateChild (package:flutter/src/widgets/framework.dart:3982:15)
#875    ComponentElement.performRebuild (package:flutter/src/widgets/framework.dart:5747:16)
#876    StatefulElement.performRebuild (package:flutter/src/widgets/framework.dart:5884:11)
#877    Element.rebuild (package:flutter/src/widgets/framework.dart:5435:7)
#878    StatefulElement.update (package:flutter/src/widgets/framework.dart:5909:5)
#879    Element.updateChild (package:flutter/src/widgets/framework.dart:3982:15)
#880    ComponentElement.performRebuild (package:flutter/src/widgets/framework.dart:5747:16)
#881    Element.rebuild (package:flutter/src/widgets/framework.dart:5435:7)
#882    ProxyElement.update (package:flutter/src/widgets/framework.dart:6051:5)
#883    Element.updateChild (package:flutter/src/widgets/framework.dart:3982:15)
#884    ComponentElement.performRebuild (package:flutter/src/widgets/framework.dart:5747:16)
#885    StatefulElement.performRebuild (package:flutter/src/widgets/framework.dart:5884:11)
#886    Element.rebuild (package:flutter/src/widgets/framework.dart:5435:7)
#887    StatefulElement.update (package:flutter/src/widgets/framework.dart:5909:5)
#888    Element.updateChild (package:flutter/src/widgets/framework.dart:3982:15)
#889    ComponentElement.performRebuild (package:flutter/src/widgets/framework.dart:5747:16)
#890    Element.rebuild (package:flutter/src/widgets/framework.dart:5435:7)
#891    ProxyElement.update (package:flutter/src/widgets/framework.dart:6051:5)
#892    Element.updateChild (package:flutter/src/widgets/framework.dart:3982:15)
#893    ComponentElement.performRebuild (package:flutter/src/widgets/framework.dart:5747:16)
#894    Element.rebuild (package:flutter/src/widgets/framework.dart:5435:7)
#895    ProxyElement.update (package:flutter/src/widgets/framework.dart:6051:5)
#896    Element.updateChild (package:flutter/src/widgets/framework.dart:3982:15)
#897    _RawViewElement._updateChild (package:flutter/src/widgets/view.dart:481:16)
#898    _RawViewElement.update (package:flutter/src/widgets/view.dart:568:5)
#899    Element.updateChild (package:flutter/src/widgets/framework.dart:3982:15)
#900    ComponentElement.performRebuild (package:flutter/src/widgets/framework.dart:5747:16)
#901    Element.rebuild (package:flutter/src/widgets/framework.dart:5435:7)
#902    StatelessElement.update (package:flutter/src/widgets/framework.dart:5797:5)
#903    Element.updateChild (package:flutter/src/widgets/framework.dart:3982:15)
#904    ComponentElement.performRebuild (package:flutter/src/widgets/framework.dart:5747:16)
#905    StatefulElement.performRebuild (package:flutter/src/widgets/framework.dart:5884:11)
#906    Element.rebuild (package:flutter/src/widgets/framework.dart:5435:7)
#907    StatefulElement.update (package:flutter/src/widgets/framework.dart:5909:5)
#908    Element.updateChild (package:flutter/src/widgets/framework.dart:3982:15)
#909    RootElement._rebuild (package:flutter/src/widgets/binding.dart:1716:16)
#910    RootElement.update (package:flutter/src/widgets/binding.dart:1694:5)
#911    RootElement.performRebuild (package:flutter/src/widgets/binding.dart:1708:7)
#912    Element.rebuild (package:flutter/src/widgets/framework.dart:5435:7)
#913    BuildScope._tryRebuild (package:flutter/src/widgets/framework.dart:2695:15)
#914    BuildScope._flushDirtyElements (package:flutter/src/widgets/framework.dart:2752:11)
#915    BuildOwner.buildScope (package:flutter/src/widgets/framework.dart:3056:18)
#916    AutomatedTestWidgetsFlutterBinding.drawFrame (package:flutter_test/src/binding.dart:1506:19)
#917    RendererBinding._handlePersistentFrameCallback (package:flutter/src/rendering/binding.dart:495:5)
#918    SchedulerBinding._invokeFrameCallback (package:flutter/src/scheduler/binding.dart:1434:15)
#919    SchedulerBinding.handleDrawFrame (package:flutter/src/scheduler/binding.dart:1347:9)
#920    AutomatedTestWidgetsFlutterBinding.pump.<anonymous closure> (package:flutter_test/src/binding.dart:1335:9)
#923    TestAsyncUtils.guard (package:flutter_test/src/test_async_utils.dart:74:41)
#924    AutomatedTestWidgetsFlutterBinding.pump (package:flutter_test/src/binding.dart:1324:27)
#925    WidgetTester.pumpWidget.<anonymous closure> (package:flutter_test/src/widget_tester.dart:598:22)
#928    TestAsyncUtils.guard (package:flutter_test/src/test_async_utils.dart:74:41)
#929    WidgetTester.pumpWidget (package:flutter_test/src/widget_tester.dart:595:27)
#930    main.<anonymous closure>.<anonymous closure> (file:///Users/kcdacre8tor/%20everyday-christian/test/widgets/reading_progress_stats_widget_test.dart:169:20)
#931    testWidgets.<anonymous closure>.<anonymous closure> (package:flutter_test/src/widget_tester.dart:192:29)
<asynchronous suspension>
#932    TestWidgetsFlutterBinding._runTestBody (package:flutter_test/src/binding.dart:1059:5)
<asynchronous suspension>
<asynchronous suspension>
(elided 8 frames from dart:async and package:stack_trace)

Timer (duration: 0:00:00.000000, periodic: false), created:
00:29 +958 ~5 -135: /Users/kcdacre8tor/ everyday-christian/test/verse_service_test.dart: FTS5 Full-Text Search should trim whitespace from query                                                       
📦 Running database migrations from v1 to v2
🔄 Migrating to schema v2...
  → Fixing favorite_verses foreign key...
00:29 +958 ~5 -135: /Users/kcdacre8tor/ everyday-christian/test/devotional_progress_test.dart: DevotionalProgressService Devotional Retrieval should retrieve all devotionals [E]                      
  Binding has not yet been initialized.
  The "instance" getter on the ServicesBinding binding mixin is only available once that binding has been initialized.
  Typically, this is done by calling "WidgetsFlutterBinding.ensureInitialized()" or "runApp()" (the latter calls the former). Typically this call is done in the "void main()" method. The "ensureInitialized" method is idempotent; calling it multiple times is not harmful. After calling that method, the "instance" getter will return the binding.
  In a test, one can call "TestWidgetsFlutterBinding.ensureInitialized()" as the first line in the test's "main()" method to initialize the binding.
  If ServicesBinding is a custom binding mixin, there must also be a custom binding class, like WidgetsFlutterBinding, but that mixes in the selected binding, and that is the class that must be constructed before using the "instance" getter.
  package:flutter/src/foundation/binding.dart 314:9                                     BindingBase.checkInstance.<fn>
  package:flutter/src/foundation/binding.dart 401:6                                     BindingBase.checkInstance
  package:flutter/src/services/binding.dart 73:54                                       ServicesBinding.instance
  package:flutter/src/services/platform_channel.dart 179:25                             _findBinaryMessenger
  package:flutter/src/services/platform_channel.dart 320:56                             MethodChannel.binaryMessenger
  package:flutter/src/services/platform_channel.dart 360:17                             MethodChannel._invokeMethod
  package:flutter/src/services/platform_channel.dart 540:12                             MethodChannel.invokeMethod
  package:path_provider_platform_interface/src/method_channel_path_provider.dart 52:10  MethodChannelPathProvider.getApplicationDocumentsPath
  package:path_provider/path_provider.dart 121:40                                       getApplicationDocumentsDirectory
  package:everyday_christian/core/database/database_helper.dart 803:42                  DatabaseHelper.deleteDatabase
  package:everyday_christian/core/database/database_helper.dart 819:11                  DatabaseHelper.resetDatabase
  ===== asynchronous gap ===========================
  dart:async                                                                            _CustomZone.registerBinaryCallback
  test/devotional_progress_test.dart 33:7                                               main.<fn>.<fn>
  
00:29 +958 ~5 -135: /Users/kcdacre8tor/ everyday-christian/test/verse_service_test.dart: FTS5 Full-Text Search should trim whitespace from query                                                       
  → Fixing daily_verses foreign key...

To run this test again: /Users/kcdacre8tor/flutter/bin/cache/dart-sdk/bin/dart test /Users/kcdacre8tor/ everyday-christian/test/devotional_progress_test.dart -p vm --plain-name 'DevotionalProgressService Devotional Retrieval should retrieve all devotionals'
  → Fixing verse_bookmarks foreign key...
00:29 +958 ~5 -135: /Users/kcdacre8tor/ everyday-christian/test/widgets/reading_progress_stats_widget_test.dart: ReadingProgressStatsWidget should show overdue message for past estimated dates       
#0      new FakeTimer._ (package:fake_async/fake_async.dart:342:62)
#1      FakeAsync._createTimer (package:fake_async/fake_async.dart:260:29)
#2      FakeAsync.run.<anonymous closure> (package:fake_async/fake_async.dart:185:15)
#6      _AnimateState._restart (package:flutter_animate/src/animate.dart:318:23)
#7      _AnimateState.initState (package:flutter_animate/src/animate.dart:290:5)
#8      StatefulElement._firstBuild (package:flutter/src/widgets/framework.dart:5852:55)
#9      ComponentElement.mount (package:flutter/src/widgets/framework.dart:5699:5)
...     Normal element mounting (7 frames)
#16     Element.inflateWidget (package:flutter/src/widgets/framework.dart:4548:16)
#17     MultiChildRenderObjectElement.inflateWidget (package:flutter/src/widgets/framework.dart:7169:36)
#18     MultiChildRenderObjectElement.mount (package:flutter/src/widgets/framework.dart:7185:32)
#19     Element.inflateWidget (package:flutter/src/widgets/framework.dart:4548:16)
#20     MultiChildRenderObjectElement.inflateWidget (package:flutter/src/widgets/framework.dart:7169:36)
#21     MultiChildRenderObjectElement.mount (package:flutter/src/widgets/framework.dart:7185:32)
...     Normal element mounting (31 frames)
#52     Element.inflateWidget (package:flutter/src/widgets/framework.dart:4548:16)
#53     MultiChildRenderObjectElement.inflateWidget (package:flutter/src/widgets/framework.dart:7169:36)
#54     MultiChildRenderObjectElement.mount (package:flutter/src/widgets/framework.dart:7185:32)
...     Normal element mounting (332 frames)
#386    Element.inflateWidget (package:flutter/src/widgets/framework.dart:4548:16)
#387    MultiChildRenderObjectElement.inflateWidget (package:flutter/src/widgets/framework.dart:7169:36)
#388    MultiChildRenderObjectElement.mount (package:flutter/src/widgets/framework.dart:7185:32)
...     Normal element mounting (465 frames)
#853    Element.inflateWidget (package:flutter/src/widgets/framework.dart:4548:16)
#854    Element.updateChild (package:flutter/src/widgets/framework.dart:3998:20)
#855    ComponentElement.performRebuild (package:flutter/src/widgets/framework.dart:5747:16)
#856    Element.rebuild (package:flutter/src/widgets/framework.dart:5435:7)
#857    ProxyElement.update (package:flutter/src/widgets/framework.dart:6051:5)
#858    _InheritedNotifierElement.update (package:flutter/src/widgets/inherited_notifier.dart:108:11)
#859    Element.updateChild (package:flutter/src/widgets/framework.dart:3982:15)
#860    ComponentElement.performRebuild (package:flutter/src/widgets/framework.dart:5747:16)
#861    StatefulElement.performRebuild (package:flutter/src/widgets/framework.dart:5884:11)
#862    Element.rebuild (package:flutter/src/widgets/framework.dart:5435:7)
#863    StatefulElement.update (package:flutter/src/widgets/framework.dart:5909:5)
#864    Element.updateChild (package:flutter/src/widgets/framework.dart:3982:15)
#865    ComponentElement.performRebuild (package:flutter/src/widgets/framework.dart:5747:16)
#866    Element.rebuild (package:flutter/src/widgets/framework.dart:5435:7)
#867    ProxyElement.update (package:flutter/src/widgets/framework.dart:6051:5)
#868    _InheritedNotifierElement.update (package:flutter/src/widgets/inherited_notifier.dart:108:11)
#869    Element.updateChild (package:flutter/src/widgets/framework.dart:3982:15)
#870    ComponentElement.performRebuild (package:flutter/src/widgets/framework.dart:5747:16)
#871    StatefulElement.performRebuild (package:flutter/src/widgets/framework.dart:5884:11)
#872    Element.rebuild (package:flutter/src/widgets/framework.dart:5435:7)
#873    StatefulElement.update (package:flutter/src/widgets/framework.dart:5909:5)
#874    Element.updateChild (package:flutter/src/widgets/framework.dart:3982:15)
#875    ComponentElement.performRebuild (package:flutter/src/widgets/framework.dart:5747:16)
#876    StatefulElement.performRebuild (package:flutter/src/widgets/framework.dart:5884:11)
#877    Element.rebuild (package:flutter/src/widgets/framework.dart:5435:7)
#878    StatefulElement.update (package:flutter/src/widgets/framework.dart:5909:5)
#879    Element.updateChild (package:flutter/src/widgets/framework.dart:3982:15)
#880    ComponentElement.performRebuild (package:flutter/src/widgets/framework.dart:5747:16)
#881    Element.rebuild (package:flutter/src/widgets/framework.dart:5435:7)
#882    ProxyElement.update (package:flutter/src/widgets/framework.dart:6051:5)
#883    Element.updateChild (package:flutter/src/widgets/framework.dart:3982:15)
#884    ComponentElement.performRebuild (package:flutter/src/widgets/framework.dart:5747:16)
#885    StatefulElement.performRebuild (package:flutter/src/widgets/framework.dart:5884:11)
#886    Element.rebuild (package:flutter/src/widgets/framework.dart:5435:7)
#887    StatefulElement.update (package:flutter/src/widgets/framework.dart:5909:5)
#888    Element.updateChild (package:flutter/src/widgets/framework.dart:3982:15)
#889    ComponentElement.performRebuild (package:flutter/src/widgets/framework.dart:5747:16)
#890    Element.rebuild (package:flutter/src/widgets/framework.dart:5435:7)
#891    ProxyElement.update (package:flutter/src/widgets/framework.dart:6051:5)
#892    Element.updateChild (package:flutter/src/widgets/framework.dart:3982:15)
#893    ComponentElement.performRebuild (package:flutter/src/widgets/framework.dart:5747:16)
#894    Element.rebuild (package:flutter/src/widgets/framework.dart:5435:7)
#895    ProxyElement.update (package:flutter/src/widgets/framework.dart:6051:5)
#896    Element.updateChild (package:flutter/src/widgets/framework.dart:3982:15)
#897    _RawViewElement._updateChild (package:flutter/src/widgets/view.dart:481:16)
#898    _RawViewElement.update (package:flutter/src/widgets/view.dart:568:5)
#899    Element.updateChild (package:flutter/src/widgets/framework.dart:3982:15)
#900    ComponentElement.performRebuild (package:flutter/src/widgets/framework.dart:5747:16)
#901    Element.rebuild (package:flutter/src/widgets/framework.dart:5435:7)
#902    StatelessElement.update (package:flutter/src/widgets/framework.dart:5797:5)
#903    Element.updateChild (package:flutter/src/widgets/framework.dart:3982:15)
#904    ComponentElement.performRebuild (package:flutter/src/widgets/framework.dart:5747:16)
#905    StatefulElement.performRebuild (package:flutter/src/widgets/framework.dart:5884:11)
#906    Element.rebuild (package:flutter/src/widgets/framework.dart:5435:7)
#907    StatefulElement.update (package:flutter/src/widgets/framework.dart:5909:5)
#908    Element.updateChild (package:flutter/src/widgets/framework.dart:3982:15)
#909    RootElement._rebuild (package:flutter/src/widgets/binding.dart:1716:16)
#910    RootElement.update (package:flutter/src/widgets/binding.dart:1694:5)
#911    RootElement.performRebuild (package:flutter/src/widgets/binding.dart:1708:7)
#912    Element.rebuild (package:flutter/src/widgets/framework.dart:5435:7)
#913    BuildScope._tryRebuild (package:flutter/src/widgets/framework.dart:2695:15)
#914    BuildScope._flushDirtyElements (package:flutter/src/widgets/framework.dart:2752:11)
#915    BuildOwner.buildScope (package:flutter/src/widgets/framework.dart:3056:18)
#916    AutomatedTestWidgetsFlutterBinding.drawFrame (package:flutter_test/src/binding.dart:1506:19)
#917    RendererBinding._handlePersistentFrameCallback (package:flutter/src/rendering/binding.dart:495:5)
#918    SchedulerBinding._invokeFrameCallback (package:flutter/src/scheduler/binding.dart:1434:15)
#919    SchedulerBinding.handleDrawFrame (package:flutter/src/scheduler/binding.dart:1347:9)
#920    AutomatedTestWidgetsFlutterBinding.pump.<anonymous closure> (package:flutter_test/src/binding.dart:1335:9)
#923    TestAsyncUtils.guard (package:flutter_test/src/test_async_utils.dart:74:41)
#924    AutomatedTestWidgetsFlutterBinding.pump (package:flutter_test/src/binding.dart:1324:27)
#925    WidgetTester.pumpWidget.<anonymous closure> (package:flutter_test/src/widget_tester.dart:598:22)
#928    TestAsyncUtils.guard (package:flutter_test/src/test_async_utils.dart:74:41)
#929    WidgetTester.pumpWidget (package:flutter_test/src/widget_tester.dart:595:27)
#930    main.<anonymous closure>.<anonymous closure> (file:///Users/kcdacre8tor/%20everyday-christian/test/widgets/reading_progress_stats_widget_test.dart:169:20)
#931    testWidgets.<anonymous closure>.<anonymous closure> (package:flutter_test/src/widget_tester.dart:192:29)
<asynchronous suspension>
#932    TestWidgetsFlutterBinding._runTestBody (package:flutter_test/src/binding.dart:1059:5)
<asynchronous suspension>
<asynchronous suspension>
(elided 8 frames from dart:async and package:stack_trace)

Timer (duration: 0:00:00.000000, periodic: false), created:
00:29 +958 ~5 -135: /Users/kcdacre8tor/ everyday-christian/test/devotional_progress_test.dart: DevotionalProgressService Devotional Retrieval should retrieve today's devotional                       
*** sqflite warning ***

You are changing sqflite default factory.
Be aware of the potential side effects. Any library using sqflite
will have this factory as the default for all operations.

*** sqflite warning ***

00:29 +958 ~5 -135: /Users/kcdacre8tor/ everyday-christian/test/verse_service_test.dart: FTS5 Full-Text Search should trim whitespace from query                                                       
  → Removing duplicate column from prayer_categories...
00:29 +958 ~5 -135: /Users/kcdacre8tor/ everyday-christian/test/devotional_progress_test.dart: DevotionalProgressService Devotional Retrieval should retrieve today's devotional                       
ℹ️ [2025-10-17 18:19:49.052] [INFO   ] [DatabaseHelper] Initializing database at: :memory:
00:29 +958 ~5 -135: /Users/kcdacre8tor/ everyday-christian/test/verse_service_test.dart: FTS5 Full-Text Search should trim whitespace from query                                                       
  → Creating performance indexes...
00:29 +958 ~5 -135: /Users/kcdacre8tor/ everyday-christian/test/widgets/reading_progress_stats_widget_test.dart: ReadingProgressStatsWidget should show overdue message for past estimated dates       
#0      new FakeTimer._ (package:fake_async/fake_async.dart:342:62)
#1      FakeAsync._createTimer (package:fake_async/fake_async.dart:260:29)
#2      FakeAsync.run.<anonymous closure> (package:fake_async/fake_async.dart:185:15)
#6      _AnimateState._restart (package:flutter_animate/src/animate.dart:318:23)
#7      _AnimateState.initState (package:flutter_animate/src/animate.dart:290:5)
#8      StatefulElement._firstBuild (package:flutter/src/widgets/framework.dart:5852:55)
#9      ComponentElement.mount (package:flutter/src/widgets/framework.dart:5699:5)
...     Normal element mounting (7 frames)
#16     Element.inflateWidget (package:flutter/src/widgets/framework.dart:4548:16)
#17     MultiChildRenderObjectElement.inflateWidget (package:flutter/src/widgets/framework.dart:7169:36)
#18     MultiChildRenderObjectElement.mount (package:flutter/src/widgets/framework.dart:7185:32)
#19     Element.inflateWidget (package:flutter/src/widgets/framework.dart:4548:16)
#20     MultiChildRenderObjectElement.inflateWidget (package:flutter/src/widgets/framework.dart:7169:36)
#21     MultiChildRenderObjectElement.mount (package:flutter/src/widgets/framework.dart:7185:32)
...     Normal element mounting (31 frames)
#52     Element.inflateWidget (package:flutter/src/widgets/framework.dart:4548:16)
#53     MultiChildRenderObjectElement.inflateWidget (package:flutter/src/widgets/framework.dart:7169:36)
#54     MultiChildRenderObjectElement.mount (package:flutter/src/widgets/framework.dart:7185:32)
...     Normal element mounting (332 frames)
#386    Element.inflateWidget (package:flutter/src/widgets/framework.dart:4548:16)
#387    MultiChildRenderObjectElement.inflateWidget (package:flutter/src/widgets/framework.dart:7169:36)
#388    MultiChildRenderObjectElement.mount (package:flutter/src/widgets/framework.dart:7185:32)
...     Normal element mounting (465 frames)
#853    Element.inflateWidget (package:flutter/src/widgets/framework.dart:4548:16)
#854    Element.updateChild (package:flutter/src/widgets/framework.dart:3998:20)
#855    ComponentElement.performRebuild (package:flutter/src/widgets/framework.dart:5747:16)
#856    Element.rebuild (package:flutter/src/widgets/framework.dart:5435:7)
#857    ProxyElement.update (package:flutter/src/widgets/framework.dart:6051:5)
#858    _InheritedNotifierElement.update (package:flutter/src/widgets/inherited_notifier.dart:108:11)
#859    Element.updateChild (package:flutter/src/widgets/framework.dart:3982:15)
#860    ComponentElement.performRebuild (package:flutter/src/widgets/framework.dart:5747:16)
#861    StatefulElement.performRebuild (package:flutter/src/widgets/framework.dart:5884:11)
#862    Element.rebuild (package:flutter/src/widgets/framework.dart:5435:7)
#863    StatefulElement.update (package:flutter/src/widgets/framework.dart:5909:5)
#864    Element.updateChild (package:flutter/src/widgets/framework.dart:3982:15)
#865    ComponentElement.performRebuild (package:flutter/src/widgets/framework.dart:5747:16)
#866    Element.rebuild (package:flutter/src/widgets/framework.dart:5435:7)
#867    ProxyElement.update (package:flutter/src/widgets/framework.dart:6051:5)
#868    _InheritedNotifierElement.update (package:flutter/src/widgets/inherited_notifier.dart:108:11)
#869    Element.updateChild (package:flutter/src/widgets/framework.dart:3982:15)
#870    ComponentElement.performRebuild (package:flutter/src/widgets/framework.dart:5747:16)
#871    StatefulElement.performRebuild (package:flutter/src/widgets/framework.dart:5884:11)
#872    Element.rebuild (package:flutter/src/widgets/framework.dart:5435:7)
#873    StatefulElement.update (package:flutter/src/widgets/framework.dart:5909:5)
#874    Element.updateChild (package:flutter/src/widgets/framework.dart:3982:15)
#875    ComponentElement.performRebuild (package:flutter/src/widgets/framework.dart:5747:16)
#876    StatefulElement.performRebuild (package:flutter/src/widgets/framework.dart:5884:11)
#877    Element.rebuild (package:flutter/src/widgets/framework.dart:5435:7)
#878    StatefulElement.update (package:flutter/src/widgets/framework.dart:5909:5)
#879    Element.updateChild (package:flutter/src/widgets/framework.dart:3982:15)
#880    ComponentElement.performRebuild (package:flutter/src/widgets/framework.dart:5747:16)
#881    Element.rebuild (package:flutter/src/widgets/framework.dart:5435:7)
#882    ProxyElement.update (package:flutter/src/widgets/framework.dart:6051:5)
#883    Element.updateChild (package:flutter/src/widgets/framework.dart:3982:15)
#884    ComponentElement.performRebuild (package:flutter/src/widgets/framework.dart:5747:16)
#885    StatefulElement.performRebuild (package:flutter/src/widgets/framework.dart:5884:11)
#886    Element.rebuild (package:flutter/src/widgets/framework.dart:5435:7)
#887    StatefulElement.update (package:flutter/src/widgets/framework.dart:5909:5)
#888    Element.updateChild (package:flutter/src/widgets/framework.dart:3982:15)
#889    ComponentElement.performRebuild (package:flutter/src/widgets/framework.dart:5747:16)
#890    Element.rebuild (package:flutter/src/widgets/framework.dart:5435:7)
#891    ProxyElement.update (package:flutter/src/widgets/framework.dart:6051:5)
#892    Element.updateChild (package:flutter/src/widgets/framework.dart:3982:15)
#893    ComponentElement.performRebuild (package:flutter/src/widgets/framework.dart:5747:16)
#894    Element.rebuild (package:flutter/src/widgets/framework.dart:5435:7)
#895    ProxyElement.update (package:flutter/src/widgets/framework.dart:6051:5)
#896    Element.updateChild (package:flutter/src/widgets/framework.dart:3982:15)
#897    _RawViewElement._updateChild (package:flutter/src/widgets/view.dart:481:16)
#898    _RawViewElement.update (package:flutter/src/widgets/view.dart:568:5)
#899    Element.updateChild (package:flutter/src/widgets/framework.dart:3982:15)
#900    ComponentElement.performRebuild (package:flutter/src/widgets/framework.dart:5747:16)
#901    Element.rebuild (package:flutter/src/widgets/framework.dart:5435:7)
#902    StatelessElement.update (package:flutter/src/widgets/framework.dart:5797:5)
#903    Element.updateChild (package:flutter/src/widgets/framework.dart:3982:15)
#904    ComponentElement.performRebuild (package:flutter/src/widgets/framework.dart:5747:16)
#905    StatefulElement.performRebuild (package:flutter/src/widgets/framework.dart:5884:11)
#906    Element.rebuild (package:flutter/src/widgets/framework.dart:5435:7)
#907    StatefulElement.update (package:flutter/src/widgets/framework.dart:5909:5)
#908    Element.updateChild (package:flutter/src/widgets/framework.dart:3982:15)
#909    RootElement._rebuild (package:flutter/src/widgets/binding.dart:1716:16)
#910    RootElement.update (package:flutter/src/widgets/binding.dart:1694:5)
#911    RootElement.performRebuild (package:flutter/src/widgets/binding.dart:1708:7)
#912    Element.rebuild (package:flutter/src/widgets/framework.dart:5435:7)
#913    BuildScope._tryRebuild (package:flutter/src/widgets/framework.dart:2695:15)
#914    BuildScope._flushDirtyElements (package:flutter/src/widgets/framework.dart:2752:11)
#915    BuildOwner.buildScope (package:flutter/src/widgets/framework.dart:3056:18)
#916    AutomatedTestWidgetsFlutterBinding.drawFrame (package:flutter_test/src/binding.dart:1506:19)
#917    RendererBinding._handlePersistentFrameCallback (package:flutter/src/rendering/binding.dart:495:5)
#918    SchedulerBinding._invokeFrameCallback (package:flutter/src/scheduler/binding.dart:1434:15)
#919    SchedulerBinding.handleDrawFrame (package:flutter/src/scheduler/binding.dart:1347:9)
#920    AutomatedTestWidgetsFlutterBinding.pump.<anonymous closure> (package:flutter_test/src/binding.dart:1335:9)
#923    TestAsyncUtils.guard (package:flutter_test/src/test_async_utils.dart:74:41)
#924    AutomatedTestWidgetsFlutterBinding.pump (package:flutter_test/src/binding.dart:1324:27)
#925    WidgetTester.pumpWidget.<anonymous closure> (package:flutter_test/src/widget_tester.dart:598:22)
#928    TestAsyncUtils.guard (package:flutter_test/src/test_async_utils.dart:74:41)
#929    WidgetTester.pumpWidget (package:flutter_test/src/widget_tester.dart:595:27)
#930    main.<anonymous closure>.<anonymous closure> (file:///Users/kcdacre8tor/%20everyday-christian/test/widgets/reading_progress_stats_widget_test.dart:169:20)
#931    testWidgets.<anonymous closure>.<anonymous closure> (package:flutter_test/src/widget_tester.dart:192:29)
<asynchronous suspension>
#932    TestWidgetsFlutterBinding._runTestBody (package:flutter_test/src/binding.dart:1059:5)
<asynchronous suspension>
<asynchronous suspension>
(elided 8 frames from dart:async and package:stack_trace)

00:29 +958 ~5 -135: /Users/kcdacre8tor/ everyday-christian/test/devotional_progress_test.dart: DevotionalProgressService Devotional Retrieval should retrieve today's devotional                       
ℹ️ [2025-10-17 18:19:49.058] [INFO   ] [DatabaseHelper] Creating database schema v5
00:29 +958 ~5 -135: /Users/kcdacre8tor/ everyday-christian/test/widgets/reading_progress_stats_widget_test.dart: ReadingProgressStatsWidget should show overdue message for past estimated dates       
Timer (duration: 0:00:00.000000, periodic: false), created:
00:29 +958 ~5 -135: /Users/kcdacre8tor/ everyday-christian/test/verse_service_test.dart: FTS5 Full-Text Search should trim whitespace from query                                                       
  → Creating timestamp triggers...
✅ Schema v2 migration complete!
✅ Database integrity verified
✅ Database migrations complete!
00:29 +958 ~5 -135: /Users/kcdacre8tor/ everyday-christian/test/widgets/reading_progress_stats_widget_test.dart: ReadingProgressStatsWidget should show overdue message for past estimated dates       
#0      new FakeTimer._ (package:fake_async/fake_async.dart:342:62)
#1      FakeAsync._createTimer (package:fake_async/fake_async.dart:260:29)
#2      FakeAsync.run.<anonymous closure> (package:fake_async/fake_async.dart:185:15)
#6      _AnimateState._restart (package:flutter_animate/src/animate.dart:318:23)
#7      _AnimateState.initState (package:flutter_animate/src/animate.dart:290:5)
#8      StatefulElement._firstBuild (package:flutter/src/widgets/framework.dart:5852:55)
#9      ComponentElement.mount (package:flutter/src/widgets/framework.dart:5699:5)
#10     Element.inflateWidget (package:flutter/src/widgets/framework.dart:4548:16)
#11     MultiChildRenderObjectElement.inflateWidget (package:flutter/src/widgets/framework.dart:7169:36)
#12     MultiChildRenderObjectElement.mount (package:flutter/src/widgets/framework.dart:7185:32)
...     Normal element mounting (31 frames)
#43     Element.inflateWidget (package:flutter/src/widgets/framework.dart:4548:16)
#44     MultiChildRenderObjectElement.inflateWidget (package:flutter/src/widgets/framework.dart:7169:36)
#45     MultiChildRenderObjectElement.mount (package:flutter/src/widgets/framework.dart:7185:32)
...     Normal element mounting (332 frames)
#377    Element.inflateWidget (package:flutter/src/widgets/framework.dart:4548:16)
#378    MultiChildRenderObjectElement.inflateWidget (package:flutter/src/widgets/framework.dart:7169:36)
#379    MultiChildRenderObjectElement.mount (package:flutter/src/widgets/framework.dart:7185:32)
...     Normal element mounting (465 frames)
#844    Element.inflateWidget (package:flutter/src/widgets/framework.dart:4548:16)
#845    Element.updateChild (package:flutter/src/widgets/framework.dart:3998:20)
#846    ComponentElement.performRebuild (package:flutter/src/widgets/framework.dart:5747:16)
#847    Element.rebuild (package:flutter/src/widgets/framework.dart:5435:7)
#848    ProxyElement.update (package:flutter/src/widgets/framework.dart:6051:5)
#849    _InheritedNotifierElement.update (package:flutter/src/widgets/inherited_notifier.dart:108:11)
#850    Element.updateChild (package:flutter/src/widgets/framework.dart:3982:15)
#851    ComponentElement.performRebuild (package:flutter/src/widgets/framework.dart:5747:16)
#852    StatefulElement.performRebuild (package:flutter/src/widgets/framework.dart:5884:11)
#853    Element.rebuild (package:flutter/src/widgets/framework.dart:5435:7)
#854    StatefulElement.update (package:flutter/src/widgets/framework.dart:5909:5)
#855    Element.updateChild (package:flutter/src/widgets/framework.dart:3982:15)
#856    ComponentElement.performRebuild (package:flutter/src/widgets/framework.dart:5747:16)
#857    Element.rebuild (package:flutter/src/widgets/framework.dart:5435:7)
#858    ProxyElement.update (package:flutter/src/widgets/framework.dart:6051:5)
#859    _InheritedNotifierElement.update (package:flutter/src/widgets/inherited_notifier.dart:108:11)
#860    Element.updateChild (package:flutter/src/widgets/framework.dart:3982:15)
#861    ComponentElement.performRebuild (package:flutter/src/widgets/framework.dart:5747:16)
#862    StatefulElement.performRebuild (package:flutter/src/widgets/framework.dart:5884:11)
#863    Element.rebuild (package:flutter/src/widgets/framework.dart:5435:7)
#864    StatefulElement.update (package:flutter/src/widgets/framework.dart:5909:5)
#865    Element.updateChild (package:flutter/src/widgets/framework.dart:3982:15)
#866    ComponentElement.performRebuild (package:flutter/src/widgets/framework.dart:5747:16)
#867    StatefulElement.performRebuild (package:flutter/src/widgets/framework.dart:5884:11)
#868    Element.rebuild (package:flutter/src/widgets/framework.dart:5435:7)
#869    StatefulElement.update (package:flutter/src/widgets/framework.dart:5909:5)
#870    Element.updateChild (package:flutter/src/widgets/framework.dart:3982:15)
#871    ComponentElement.performRebuild (package:flutter/src/widgets/framework.dart:5747:16)
#872    Element.rebuild (package:flutter/src/widgets/framework.dart:5435:7)
#873    ProxyElement.update (package:flutter/src/widgets/framework.dart:6051:5)
#874    Element.updateChild (package:flutter/src/widgets/framework.dart:3982:15)
#875    ComponentElement.performRebuild (package:flutter/src/widgets/framework.dart:5747:16)
#876    StatefulElement.performRebuild (package:flutter/src/widgets/framework.dart:5884:11)
#877    Element.rebuild (package:flutter/src/widgets/framework.dart:5435:7)
#878    StatefulElement.update (package:flutter/src/widgets/framework.dart:5909:5)
#879    Element.updateChild (package:flutter/src/widgets/framework.dart:3982:15)
#880    ComponentElement.performRebuild (package:flutter/src/widgets/framework.dart:5747:16)
#881    Element.rebuild (package:flutter/src/widgets/framework.dart:5435:7)
#882    ProxyElement.update (package:flutter/src/widgets/framework.dart:6051:5)
#883    Element.updateChild (package:flutter/src/widgets/framework.dart:3982:15)
#884    ComponentElement.performRebuild (package:flutter/src/widgets/framework.dart:5747:16)
#885    Element.rebuild (package:flutter/src/widgets/framework.dart:5435:7)
#886    ProxyElement.update (package:flutter/src/widgets/framework.dart:6051:5)
#887    Element.updateChild (package:flutter/src/widgets/framework.dart:3982:15)
#888    _RawViewElement._updateChild (package:flutter/src/widgets/view.dart:481:16)
#889    _RawViewElement.update (package:flutter/src/widgets/view.dart:568:5)
#890    Element.updateChild (package:flutter/src/widgets/framework.dart:3982:15)
#891    ComponentElement.performRebuild (package:flutter/src/widgets/framework.dart:5747:16)
#892    Element.rebuild (package:flutter/src/widgets/framework.dart:5435:7)
#893    StatelessElement.update (package:flutter/src/widgets/framework.dart:5797:5)
#894    Element.updateChild (package:flutter/src/widgets/framework.dart:3982:15)
#895    ComponentElement.performRebuild (package:flutter/src/widgets/framework.dart:5747:16)
#896    StatefulElement.performRebuild (package:flutter/src/widgets/framework.dart:5884:11)
#897    Element.rebuild (package:flutter/src/widgets/framework.dart:5435:7)
#898    StatefulElement.update (package:flutter/src/widgets/framework.dart:5909:5)
#899    Element.updateChild (package:flutter/src/widgets/framework.dart:3982:15)
#900    RootElement._rebuild (package:flutter/src/widgets/binding.dart:1716:16)
#901    RootElement.update (package:flutter/src/widgets/binding.dart:1694:5)
#902    RootElement.performRebuild (package:flutter/src/widgets/binding.dart:1708:7)
#903    Element.rebuild (package:flutter/src/widgets/framework.dart:5435:7)
#904    BuildScope._tryRebuild (package:flutter/src/widgets/framework.dart:2695:15)
#905    BuildScope._flushDirtyElements (package:flutter/src/widgets/framework.dart:2752:11)
#906    BuildOwner.buildScope (package:flutter/src/widgets/framework.dart:3056:18)
#907    AutomatedTestWidgetsFlutterBinding.drawFrame (package:flutter_test/src/binding.dart:1506:19)
#908    RendererBinding._handlePersistentFrameCallback (package:flutter/src/rendering/binding.dart:495:5)
#909    SchedulerBinding._invokeFrameCallback (package:flutter/src/scheduler/binding.dart:1434:15)
#910    SchedulerBinding.handleDrawFrame (package:flutter/src/scheduler/binding.dart:1347:9)
#911    AutomatedTestWidgetsFlutterBinding.pump.<anonymous closure> (package:flutter_test/src/binding.dart:1335:9)
#914    TestAsyncUtils.guard (package:flutter_test/src/test_async_utils.dart:74:41)
#915    AutomatedTestWidgetsFlutterBinding.pump (package:flutter_test/src/binding.dart:1324:27)
#916    WidgetTester.pumpWidget.<anonymous closure> (package:flutter_test/src/widget_tester.dart:598:22)
#919    TestAsyncUtils.guard (package:flutter_test/src/test_async_utils.dart:74:41)
#920    WidgetTester.pumpWidget (package:flutter_test/src/widget_tester.dart:595:27)
#921    main.<anonymous closure>.<anonymous closure> (file:///Users/kcdacre8tor/%20everyday-christian/test/widgets/reading_progress_stats_widget_test.dart:169:20)
#922    testWidgets.<anonymous closure>.<anonymous closure> (package:flutter_test/src/widget_tester.dart:192:29)
<asynchronous suspension>
#923    TestWidgetsFlutterBinding._runTestBody (package:flutter_test/src/binding.dart:1059:5)
<asynchronous suspension>
<asynchronous suspension>
(elided 8 frames from dart:async and package:stack_trace)

00:29 +959 ~5 -135: /Users/kcdacre8tor/ everyday-christian/test/screens/home_screen_test.dart: HomeScreen Widget Tests should handle error in stat data gracefully                                     00:29 +959 ~5 -135: /Users/kcdacre8tor/ everyday-christian/test/widgets/reading_progress_stats_widget_test.dart: ReadingProgressStatsWidget should show overdue message for past estimated dates       
══╡ EXCEPTION CAUGHT BY FLUTTER TEST FRAMEWORK ╞════════════════════════════════════════════════════
The following assertion was thrown running a test:
A Timer is still pending even after the widget tree was disposed.
'package:flutter_test/src/binding.dart':
Failed assertion: line 1617 pos 12: '!timersPending'

When the exception was thrown, this was the stack:
#2      AutomatedTestWidgetsFlutterBinding._verifyInvariants (package:flutter_test/src/binding.dart:1617:12)
#3      TestWidgetsFlutterBinding._runTestBody (package:flutter_test/src/binding.dart:1078:7)
<asynchronous suspension>
<asynchronous suspension>
(elided 3 frames from class _AssertionError and package:stack_trace)

The test description was:
  should show overdue message for past estimated dates
════════════════════════════════════════════════════════════════════════════════════════════════════
00:29 +959 ~5 -136: /Users/kcdacre8tor/ everyday-christian/test/widgets/reading_progress_stats_widget_test.dart: ReadingProgressStatsWidget should show overdue message for past estimated dates [E]   
  Test failed. See exception logs above.
  The test description was: should show overdue message for past estimated dates
  

To run this test again: /Users/kcdacre8tor/flutter/bin/cache/dart-sdk/bin/dart test /Users/kcdacre8tor/ everyday-christian/test/widgets/reading_progress_stats_widget_test.dart -p vm --plain-name 'ReadingProgressStatsWidget should show overdue message for past estimated dates'
00:29 +959 ~5 -136: /Users/kcdacre8tor/ everyday-christian/test/verse_service_test.dart: Theme-Based Search should search by love theme                                                                
ℹ️ [2025-10-17 18:19:49.071] [INFO   ] [DatabaseHelper] Initializing database at: :memory:
ℹ️ [2025-10-17 18:19:49.074] [INFO   ] [DatabaseHelper] Creating database schema v5
00:29 +959 ~5 -136: /Users/kcdacre8tor/ everyday-christian/test/devotional_progress_test.dart: DevotionalProgressService Devotional Retrieval should retrieve today's devotional                       
ℹ️ [2025-10-17 18:19:49.086] [INFO   ] [DatabaseHelper] Database schema created successfully
📦 Running database migrations from v1 to v2
🔄 Migrating to schema v2...
  → Fixing favorite_verses foreign key...
  → Fixing daily_verses foreign key...
00:29 +959 ~5 -136: /Users/kcdacre8tor/ everyday-christian/test/verse_service_test.dart: Theme-Based Search should search by love theme                                                                
ℹ️ [2025-10-17 18:19:49.091] [INFO   ] [DatabaseHelper] Database schema created successfully
00:29 +959 ~5 -136: /Users/kcdacre8tor/ everyday-christian/test/devotional_progress_test.dart: DevotionalProgressService Devotional Retrieval should retrieve today's devotional                       
  → Fixing verse_bookmarks foreign key...
00:29 +959 ~5 -136: /Users/kcdacre8tor/ everyday-christian/test/verse_service_test.dart: Theme-Based Search should search by love theme                                                                
📦 Running database migrations from v1 to v2
🔄 Migrating to schema v2...
00:29 +959 ~5 -136: /Users/kcdacre8tor/ everyday-christian/test/widgets/reading_progress_stats_widget_test.dart: ReadingProgressStatsWidget should handle zero values gracefully                       
Pending timers:
Timer (duration: 0:00:00.000000, periodic: false), created:
00:29 +959 ~5 -136: /Users/kcdacre8tor/ everyday-christian/test/verse_service_test.dart: Theme-Based Search should search by love theme                                                                
  → Fixing favorite_verses foreign key...
00:29 +959 ~5 -136: /Users/kcdacre8tor/ everyday-christian/test/devotional_progress_test.dart: DevotionalProgressService Devotional Retrieval should retrieve today's devotional                       
  → Removing duplicate column from prayer_categories...
00:29 +959 ~5 -136: /Users/kcdacre8tor/ everyday-christian/test/verse_service_test.dart: Theme-Based Search should search by love theme                                                                
  → Fixing daily_verses foreign key...
00:29 +959 ~5 -136: /Users/kcdacre8tor/ everyday-christian/test/devotional_progress_test.dart: DevotionalProgressService Devotional Retrieval should retrieve today's devotional                       
  → Creating performance indexes...
00:29 +959 ~5 -136: /Users/kcdacre8tor/ everyday-christian/test/verse_service_test.dart: Theme-Based Search should search by love theme                                                                
  → Fixing verse_bookmarks foreign key...
00:29 +959 ~5 -136: /Users/kcdacre8tor/ everyday-christian/test/widgets/reading_progress_stats_widget_test.dart: ReadingProgressStatsWidget should handle zero values gracefully                       
#0      new FakeTimer._ (package:fake_async/fake_async.dart:342:62)
#1      FakeAsync._createTimer (package:fake_async/fake_async.dart:260:29)
#2      FakeAsync.run.<anonymous closure> (package:fake_async/fake_async.dart:185:15)
#6      _AnimateState._restart (package:flutter_animate/src/animate.dart:318:23)
#7      _AnimateState.initState (package:flutter_animate/src/animate.dart:290:5)
#8      StatefulElement._firstBuild (package:flutter/src/widgets/framework.dart:5852:55)
#9      ComponentElement.mount (package:flutter/src/widgets/framework.dart:5699:5)
...     Normal element mounting (7 frames)
#16     Element.inflateWidget (package:flutter/src/widgets/framework.dart:4548:16)
#17     MultiChildRenderObjectElement.inflateWidget (package:flutter/src/widgets/framework.dart:7169:36)
#18     MultiChildRenderObjectElement.mount (package:flutter/src/widgets/framework.dart:7185:32)
#19     Element.inflateWidget (package:flutter/src/widgets/framework.dart:4548:16)
#20     MultiChildRenderObjectElement.inflateWidget (package:flutter/src/widgets/framework.dart:7169:36)
#21     MultiChildRenderObjectElement.mount (package:flutter/src/widgets/framework.dart:7185:32)
...     Normal element mounting (31 frames)
#52     Element.inflateWidget (package:flutter/src/widgets/framework.dart:4548:16)
#53     MultiChildRenderObjectElement.inflateWidget (package:flutter/src/widgets/framework.dart:7169:36)
#54     MultiChildRenderObjectElement.mount (package:flutter/src/widgets/framework.dart:7185:32)
...     Normal element mounting (332 frames)
#386    Element.inflateWidget (package:flutter/src/widgets/framework.dart:4548:16)
#387    MultiChildRenderObjectElement.inflateWidget (package:flutter/src/widgets/framework.dart:7169:36)
#388    MultiChildRenderObjectElement.mount (package:flutter/src/widgets/framework.dart:7185:32)
...     Normal element mounting (465 frames)
#853    Element.inflateWidget (package:flutter/src/widgets/framework.dart:4548:16)
#854    Element.updateChild (package:flutter/src/widgets/framework.dart:3998:20)
#855    ComponentElement.performRebuild (package:flutter/src/widgets/framework.dart:5747:16)
#856    Element.rebuild (package:flutter/src/widgets/framework.dart:5435:7)
#857    ProxyElement.update (package:flutter/src/widgets/framework.dart:6051:5)
#858    _InheritedNotifierElement.update (package:flutter/src/widgets/inherited_notifier.dart:108:11)
#859    Element.updateChild (package:flutter/src/widgets/framework.dart:3982:15)
#860    ComponentElement.performRebuild (package:flutter/src/widgets/framework.dart:5747:16)
#861    StatefulElement.performRebuild (package:flutter/src/widgets/framework.dart:5884:11)
#862    Element.rebuild (package:flutter/src/widgets/framework.dart:5435:7)
#863    StatefulElement.update (package:flutter/src/widgets/framework.dart:5909:5)
#864    Element.updateChild (package:flutter/src/widgets/framework.dart:3982:15)
#865    ComponentElement.performRebuild (package:flutter/src/widgets/framework.dart:5747:16)
#866    Element.rebuild (package:flutter/src/widgets/framework.dart:5435:7)
#867    ProxyElement.update (package:flutter/src/widgets/framework.dart:6051:5)
#868    _InheritedNotifierElement.update (package:flutter/src/widgets/inherited_notifier.dart:108:11)
#869    Element.updateChild (package:flutter/src/widgets/framework.dart:3982:15)
#870    ComponentElement.performRebuild (package:flutter/src/widgets/framework.dart:5747:16)
#871    StatefulElement.performRebuild (package:flutter/src/widgets/framework.dart:5884:11)
#872    Element.rebuild (package:flutter/src/widgets/framework.dart:5435:7)
#873    StatefulElement.update (package:flutter/src/widgets/framework.dart:5909:5)
#874    Element.updateChild (package:flutter/src/widgets/framework.dart:3982:15)
#875    ComponentElement.performRebuild (package:flutter/src/widgets/framework.dart:5747:16)
#876    StatefulElement.performRebuild (package:flutter/src/widgets/framework.dart:5884:11)
#877    Element.rebuild (package:flutter/src/widgets/framework.dart:5435:7)
#878    StatefulElement.update (package:flutter/src/widgets/framework.dart:5909:5)
#879    Element.updateChild (package:flutter/src/widgets/framework.dart:3982:15)
#880    ComponentElement.performRebuild (package:flutter/src/widgets/framework.dart:5747:16)
#881    Element.rebuild (package:flutter/src/widgets/framework.dart:5435:7)
#882    ProxyElement.update (package:flutter/src/widgets/framework.dart:6051:5)
#883    Element.updateChild (package:flutter/src/widgets/framework.dart:3982:15)
#884    ComponentElement.performRebuild (package:flutter/src/widgets/framework.dart:5747:16)
#885    StatefulElement.performRebuild (package:flutter/src/widgets/framework.dart:5884:11)
#886    Element.rebuild (package:flutter/src/widgets/framework.dart:5435:7)
#887    StatefulElement.update (package:flutter/src/widgets/framework.dart:5909:5)
#888    Element.updateChild (package:flutter/src/widgets/framework.dart:3982:15)
#889    ComponentElement.performRebuild (package:flutter/src/widgets/framework.dart:5747:16)
#890    Element.rebuild (package:flutter/src/widgets/framework.dart:5435:7)
#891    ProxyElement.update (package:flutter/src/widgets/framework.dart:6051:5)
#892    Element.updateChild (package:flutter/src/widgets/framework.dart:3982:15)
#893    ComponentElement.performRebuild (package:flutter/src/widgets/framework.dart:5747:16)
#894    Element.rebuild (package:flutter/src/widgets/framework.dart:5435:7)
#895    ProxyElement.update (package:flutter/src/widgets/framework.dart:6051:5)
#896    Element.updateChild (package:flutter/src/widgets/framework.dart:3982:15)
#897    _RawViewElement._updateChild (package:flutter/src/widgets/view.dart:481:16)
#898    _RawViewElement.update (package:flutter/src/widgets/view.dart:568:5)
#899    Element.updateChild (package:flutter/src/widgets/framework.dart:3982:15)
#900    ComponentElement.performRebuild (package:flutter/src/widgets/framework.dart:5747:16)
#901    Element.rebuild (package:flutter/src/widgets/framework.dart:5435:7)
#902    StatelessElement.update (package:flutter/src/widgets/framework.dart:5797:5)
#903    Element.updateChild (package:flutter/src/widgets/framework.dart:3982:15)
#904    ComponentElement.performRebuild (package:flutter/src/widgets/framework.dart:5747:16)
#905    StatefulElement.performRebuild (package:flutter/src/widgets/framework.dart:5884:11)
#906    Element.rebuild (package:flutter/src/widgets/framework.dart:5435:7)
#907    StatefulElement.update (package:flutter/src/widgets/framework.dart:5909:5)
#908    Element.updateChild (package:flutter/src/widgets/framework.dart:3982:15)
#909    RootElement._rebuild (package:flutter/src/widgets/binding.dart:1716:16)
#910    RootElement.update (package:flutter/src/widgets/binding.dart:1694:5)
#911    RootElement.performRebuild (package:flutter/src/widgets/binding.dart:1708:7)
#912    Element.rebuild (package:flutter/src/widgets/framework.dart:5435:7)
#913    BuildScope._tryRebuild (package:flutter/src/widgets/framework.dart:2695:15)
#914    BuildScope._flushDirtyElements (package:flutter/src/widgets/framework.dart:2752:11)
#915    BuildOwner.buildScope (package:flutter/src/widgets/framework.dart:3056:18)
#916    AutomatedTestWidgetsFlutterBinding.drawFrame (package:flutter_test/src/binding.dart:1506:19)
#917    RendererBinding._handlePersistentFrameCallback (package:flutter/src/rendering/binding.dart:495:5)
#918    SchedulerBinding._invokeFrameCallback (package:flutter/src/scheduler/binding.dart:1434:15)
#919    SchedulerBinding.handleDrawFrame (package:flutter/src/scheduler/binding.dart:1347:9)
#920    AutomatedTestWidgetsFlutterBinding.pump.<anonymous closure> (package:flutter_test/src/binding.dart:1335:9)
#923    TestAsyncUtils.guard (package:flutter_test/src/test_async_utils.dart:74:41)
#924    AutomatedTestWidgetsFlutterBinding.pump (package:flutter_test/src/binding.dart:1324:27)
#925    WidgetTester.pumpWidget.<anonymous closure> (package:flutter_test/src/widget_tester.dart:598:22)
#928    TestAsyncUtils.guard (package:flutter_test/src/test_async_utils.dart:74:41)
#929    WidgetTester.pumpWidget (package:flutter_test/src/widget_tester.dart:595:27)
#930    main.<anonymous closure>.<anonymous closure> (file:///Users/kcdacre8tor/%20everyday-christian/test/widgets/reading_progress_stats_widget_test.dart:198:20)
#931    testWidgets.<anonymous closure>.<anonymous closure> (package:flutter_test/src/widget_tester.dart:192:29)
<asynchronous suspension>
#932    TestWidgetsFlutterBinding._runTestBody (package:flutter_test/src/binding.dart:1059:5)
<asynchronous suspension>
<asynchronous suspension>
(elided 8 frames from dart:async and package:stack_trace)

Timer (duration: 0:00:00.000000, periodic: false), created:
00:29 +959 ~5 -136: /Users/kcdacre8tor/ everyday-christian/test/verse_service_test.dart: Theme-Based Search should search by love theme                                                                
  → Removing duplicate column from prayer_categories...
00:29 +959 ~5 -136: /Users/kcdacre8tor/ everyday-christian/test/devotional_progress_test.dart: DevotionalProgressService Devotional Retrieval should retrieve today's devotional                       
  → Creating timestamp triggers...
00:29 +959 ~5 -136: /Users/kcdacre8tor/ everyday-christian/test/verse_service_test.dart: Theme-Based Search should search by love theme                                                                
  → Creating performance indexes...
00:29 +959 ~5 -136: /Users/kcdacre8tor/ everyday-christian/test/devotional_progress_test.dart: DevotionalProgressService Devotional Retrieval should retrieve today's devotional                       
✅ Schema v2 migration complete!
✅ Database integrity verified
✅ Database migrations complete!
00:29 +959 ~5 -136: /Users/kcdacre8tor/ everyday-christian/test/verse_service_test.dart: Theme-Based Search should search by love theme                                                                
  → Creating timestamp triggers...
✅ Schema v2 migration complete!
00:29 +959 ~5 -136: /Users/kcdacre8tor/ everyday-christian/test/widgets/reading_progress_stats_widget_test.dart: ReadingProgressStatsWidget should handle zero values gracefully                       
#0      new FakeTimer._ (package:fake_async/fake_async.dart:342:62)
#1      FakeAsync._createTimer (package:fake_async/fake_async.dart:260:29)
#2      FakeAsync.run.<anonymous closure> (package:fake_async/fake_async.dart:185:15)
#6      _AnimateState._restart (package:flutter_animate/src/animate.dart:318:23)
#7      _AnimateState.initState (package:flutter_animate/src/animate.dart:290:5)
#8      StatefulElement._firstBuild (package:flutter/src/widgets/framework.dart:5852:55)
#9      ComponentElement.mount (package:flutter/src/widgets/framework.dart:5699:5)
...     Normal element mounting (7 frames)
#16     Element.inflateWidget (package:flutter/src/widgets/framework.dart:4548:16)
#17     MultiChildRenderObjectElement.inflateWidget (package:flutter/src/widgets/framework.dart:7169:36)
#18     MultiChildRenderObjectElement.mount (package:flutter/src/widgets/framework.dart:7185:32)
#19     Element.inflateWidget (package:flutter/src/widgets/framework.dart:4548:16)
#20     MultiChildRenderObjectElement.inflateWidget (package:flutter/src/widgets/framework.dart:7169:36)
#21     MultiChildRenderObjectElement.mount (package:flutter/src/widgets/framework.dart:7185:32)
...     Normal element mounting (31 frames)
#52     Element.inflateWidget (package:flutter/src/widgets/framework.dart:4548:16)
#53     MultiChildRenderObjectElement.inflateWidget (package:flutter/src/widgets/framework.dart:7169:36)
#54     MultiChildRenderObjectElement.mount (package:flutter/src/widgets/framework.dart:7185:32)
...     Normal element mounting (332 frames)
#386    Element.inflateWidget (package:flutter/src/widgets/framework.dart:4548:16)
#387    MultiChildRenderObjectElement.inflateWidget (package:flutter/src/widgets/framework.dart:7169:36)
#388    MultiChildRenderObjectElement.mount (package:flutter/src/widgets/framework.dart:7185:32)
...     Normal element mounting (465 frames)
#853    Element.inflateWidget (package:flutter/src/widgets/framework.dart:4548:16)
#854    Element.updateChild (package:flutter/src/widgets/framework.dart:3998:20)
#855    ComponentElement.performRebuild (package:flutter/src/widgets/framework.dart:5747:16)
#856    Element.rebuild (package:flutter/src/widgets/framework.dart:5435:7)
#857    ProxyElement.update (package:flutter/src/widgets/framework.dart:6051:5)
#858    _InheritedNotifierElement.update (package:flutter/src/widgets/inherited_notifier.dart:108:11)
#859    Element.updateChild (package:flutter/src/widgets/framework.dart:3982:15)
#860    ComponentElement.performRebuild (package:flutter/src/widgets/framework.dart:5747:16)
#861    StatefulElement.performRebuild (package:flutter/src/widgets/framework.dart:5884:11)
#862    Element.rebuild (package:flutter/src/widgets/framework.dart:5435:7)
#863    StatefulElement.update (package:flutter/src/widgets/framework.dart:5909:5)
#864    Element.updateChild (package:flutter/src/widgets/framework.dart:3982:15)
#865    ComponentElement.performRebuild (package:flutter/src/widgets/framework.dart:5747:16)
#866    Element.rebuild (package:flutter/src/widgets/framework.dart:5435:7)
#867    ProxyElement.update (package:flutter/src/widgets/framework.dart:6051:5)
#868    _InheritedNotifierElement.update (package:flutter/src/widgets/inherited_notifier.dart:108:11)
#869    Element.updateChild (package:flutter/src/widgets/framework.dart:3982:15)
#870    ComponentElement.performRebuild (package:flutter/src/widgets/framework.dart:5747:16)
#871    StatefulElement.performRebuild (package:flutter/src/widgets/framework.dart:5884:11)
#872    Element.rebuild (package:flutter/src/widgets/framework.dart:5435:7)
#873    StatefulElement.update (package:flutter/src/widgets/framework.dart:5909:5)
#874    Element.updateChild (package:flutter/src/widgets/framework.dart:3982:15)
#875    ComponentElement.performRebuild (package:flutter/src/widgets/framework.dart:5747:16)
#876    StatefulElement.performRebuild (package:flutter/src/widgets/framework.dart:5884:11)
#877    Element.rebuild (package:flutter/src/widgets/framework.dart:5435:7)
#878    StatefulElement.update (package:flutter/src/widgets/framework.dart:5909:5)
#879    Element.updateChild (package:flutter/src/widgets/framework.dart:3982:15)
#880    ComponentElement.performRebuild (package:flutter/src/widgets/framework.dart:5747:16)
#881    Element.rebuild (package:flutter/src/widgets/framework.dart:5435:7)
#882    ProxyElement.update (package:flutter/src/widgets/framework.dart:6051:5)
#883    Element.updateChild (package:flutter/src/widgets/framework.dart:3982:15)
#884    ComponentElement.performRebuild (package:flutter/src/widgets/framework.dart:5747:16)
#885    StatefulElement.performRebuild (package:flutter/src/widgets/framework.dart:5884:11)
#886    Element.rebuild (package:flutter/src/widgets/framework.dart:5435:7)
#887    StatefulElement.update (package:flutter/src/widgets/framework.dart:5909:5)
#888    Element.updateChild (package:flutter/src/widgets/framework.dart:3982:15)
#889    ComponentElement.performRebuild (package:flutter/src/widgets/framework.dart:5747:16)
#890    Element.rebuild (package:flutter/src/widgets/framework.dart:5435:7)
#891    ProxyElement.update (package:flutter/src/widgets/framework.dart:6051:5)
#892    Element.updateChild (package:flutter/src/widgets/framework.dart:3982:15)
#893    ComponentElement.performRebuild (package:flutter/src/widgets/framework.dart:5747:16)
#894    Element.rebuild (package:flutter/src/widgets/framework.dart:5435:7)
#895    ProxyElement.update (package:flutter/src/widgets/framework.dart:6051:5)
#896    Element.updateChild (package:flutter/src/widgets/framework.dart:3982:15)
#897    _RawViewElement._updateChild (package:flutter/src/widgets/view.dart:481:16)
#898    _RawViewElement.update (package:flutter/src/widgets/view.dart:568:5)
#899    Element.updateChild (package:flutter/src/widgets/framework.dart:3982:15)
#900    ComponentElement.performRebuild (package:flutter/src/widgets/framework.dart:5747:16)
#901    Element.rebuild (package:flutter/src/widgets/framework.dart:5435:7)
#902    StatelessElement.update (package:flutter/src/widgets/framework.dart:5797:5)
#903    Element.updateChild (package:flutter/src/widgets/framework.dart:3982:15)
#904    ComponentElement.performRebuild (package:flutter/src/widgets/framework.dart:5747:16)
#905    StatefulElement.performRebuild (package:flutter/src/widgets/framework.dart:5884:11)
#906    Element.rebuild (package:flutter/src/widgets/framework.dart:5435:7)
#907    StatefulElement.update (package:flutter/src/widgets/framework.dart:5909:5)
#908    Element.updateChild (package:flutter/src/widgets/framework.dart:3982:15)
#909    RootElement._rebuild (package:flutter/src/widgets/binding.dart:1716:16)
#910    RootElement.update (package:flutter/src/widgets/binding.dart:1694:5)
#911    RootElement.performRebuild (package:flutter/src/widgets/binding.dart:1708:7)
#912    Element.rebuild (package:flutter/src/widgets/framework.dart:5435:7)
#913    BuildScope._tryRebuild (package:flutter/src/widgets/framework.dart:2695:15)
#914    BuildScope._flushDirtyElements (package:flutter/src/widgets/framework.dart:2752:11)
#915    BuildOwner.buildScope (package:flutter/src/widgets/framework.dart:3056:18)
#916    AutomatedTestWidgetsFlutterBinding.drawFrame (package:flutter_test/src/binding.dart:1506:19)
#917    RendererBinding._handlePersistentFrameCallback (package:flutter/src/rendering/binding.dart:495:5)
#918    SchedulerBinding._invokeFrameCallback (package:flutter/src/scheduler/binding.dart:1434:15)
#919    SchedulerBinding.handleDrawFrame (package:flutter/src/scheduler/binding.dart:1347:9)
#920    AutomatedTestWidgetsFlutterBinding.pump.<anonymous closure> (package:flutter_test/src/binding.dart:1335:9)
#923    TestAsyncUtils.guard (package:flutter_test/src/test_async_utils.dart:74:41)
#924    AutomatedTestWidgetsFlutterBinding.pump (package:flutter_test/src/binding.dart:1324:27)
#925    WidgetTester.pumpWidget.<anonymous closure> (package:flutter_test/src/widget_tester.dart:598:22)
#928    TestAsyncUtils.guard (package:flutter_test/src/test_async_utils.dart:74:41)
#929    WidgetTester.pumpWidget (package:flutter_test/src/widget_tester.dart:595:27)
#930    main.<anonymous closure>.<anonymous closure> (file:///Users/kcdacre8tor/%20everyday-christian/test/widgets/reading_progress_stats_widget_test.dart:198:20)
#931    testWidgets.<anonymous closure>.<anonymous closure> (package:flutter_test/src/widget_tester.dart:192:29)
<asynchronous suspension>
#932    TestWidgetsFlutterBinding._runTestBody (package:flutter_test/src/binding.dart:1059:5)
<asynchronous suspension>
<asynchronous suspension>
(elided 8 frames from dart:async and package:stack_trace)

00:29 +959 ~5 -136: /Users/kcdacre8tor/ everyday-christian/test/verse_service_test.dart: Theme-Based Search should search by love theme                                                                
✅ Database integrity verified
00:29 +959 ~5 -136: /Users/kcdacre8tor/ everyday-christian/test/widgets/reading_progress_stats_widget_test.dart: ReadingProgressStatsWidget should handle zero values gracefully                       
Timer (duration: 0:00:00.000000, periodic: false), created:
00:29 +959 ~5 -136: /Users/kcdacre8tor/ everyday-christian/test/verse_service_test.dart: Theme-Based Search should search by love theme                                                                
✅ Database migrations complete!
00:29 +960 ~5 -136: /Users/kcdacre8tor/ everyday-christian/test/screens/home_screen_test.dart: HomeScreen Widget Tests should handle error in stat data gracefully                                     00:29 +960 ~5 -137: /Users/kcdacre8tor/ everyday-christian/test/widgets/reading_progress_stats_widget_test.dart: ReadingProgressStatsWidget should handle zero values gracefully                       
#0      new FakeTimer._ (package:fake_async/fake_async.dart:342:62)
#1      FakeAsync._createTimer (package:fake_async/fake_async.dart:260:29)
#2      FakeAsync.run.<anonymous closure> (package:fake_async/fake_async.dart:185:15)
#6      _AnimateState._restart (package:flutter_animate/src/animate.dart:318:23)
#7      _AnimateState.initState (package:flutter_animate/src/animate.dart:290:5)
#8      StatefulElement._firstBuild (package:flutter/src/widgets/framework.dart:5852:55)
#9      ComponentElement.mount (package:flutter/src/widgets/framework.dart:5699:5)
...     Normal element mounting (7 frames)
#16     Element.inflateWidget (package:flutter/src/widgets/framework.dart:4548:16)
#17     MultiChildRenderObjectElement.inflateWidget (package:flutter/src/widgets/framework.dart:7169:36)
#18     MultiChildRenderObjectElement.mount (package:flutter/src/widgets/framework.dart:7185:32)
#19     Element.inflateWidget (package:flutter/src/widgets/framework.dart:4548:16)
#20     MultiChildRenderObjectElement.inflateWidget (package:flutter/src/widgets/framework.dart:7169:36)
#21     MultiChildRenderObjectElement.mount (package:flutter/src/widgets/framework.dart:7185:32)
...     Normal element mounting (31 frames)
#52     Element.inflateWidget (package:flutter/src/widgets/framework.dart:4548:16)
#53     MultiChildRenderObjectElement.inflateWidget (package:flutter/src/widgets/framework.dart:7169:36)
#54     MultiChildRenderObjectElement.mount (package:flutter/src/widgets/framework.dart:7185:32)
...     Normal element mounting (332 frames)
#386    Element.inflateWidget (package:flutter/src/widgets/framework.dart:4548:16)
#387    MultiChildRenderObjectElement.inflateWidget (package:flutter/src/widgets/framework.dart:7169:36)
#388    MultiChildRenderObjectElement.mount (package:flutter/src/widgets/framework.dart:7185:32)
...     Normal element mounting (465 frames)
#853    Element.inflateWidget (package:flutter/src/widgets/framework.dart:4548:16)
#854    Element.updateChild (package:flutter/src/widgets/framework.dart:3998:20)
#855    ComponentElement.performRebuild (package:flutter/src/widgets/framework.dart:5747:16)
#856    Element.rebuild (package:flutter/src/widgets/framework.dart:5435:7)
#857    ProxyElement.update (package:flutter/src/widgets/framework.dart:6051:5)
#858    _InheritedNotifierElement.update (package:flutter/src/widgets/inherited_notifier.dart:108:11)
#859    Element.updateChild (package:flutter/src/widgets/framework.dart:3982:15)
#860    ComponentElement.performRebuild (package:flutter/src/widgets/framework.dart:5747:16)
#861    StatefulElement.performRebuild (package:flutter/src/widgets/framework.dart:5884:11)
#862    Element.rebuild (package:flutter/src/widgets/framework.dart:5435:7)
#863    StatefulElement.update (package:flutter/src/widgets/framework.dart:5909:5)
#864    Element.updateChild (package:flutter/src/widgets/framework.dart:3982:15)
#865    ComponentElement.performRebuild (package:flutter/src/widgets/framework.dart:5747:16)
#866    Element.rebuild (package:flutter/src/widgets/framework.dart:5435:7)
#867    ProxyElement.update (package:flutter/src/widgets/framework.dart:6051:5)
#868    _InheritedNotifierElement.update (package:flutter/src/widgets/inherited_notifier.dart:108:11)
#869    Element.updateChild (package:flutter/src/widgets/framework.dart:3982:15)
#870    ComponentElement.performRebuild (package:flutter/src/widgets/framework.dart:5747:16)
#871    StatefulElement.performRebuild (package:flutter/src/widgets/framework.dart:5884:11)
#872    Element.rebuild (package:flutter/src/widgets/framework.dart:5435:7)
#873    StatefulElement.update (package:flutter/src/widgets/framework.dart:5909:5)
#874    Element.updateChild (package:flutter/src/widgets/framework.dart:3982:15)
#875    ComponentElement.performRebuild (package:flutter/src/widgets/framework.dart:5747:16)
#876    StatefulElement.performRebuild (package:flutter/src/widgets/framework.dart:5884:11)
#877    Element.rebuild (package:flutter/src/widgets/framework.dart:5435:7)
#878    StatefulElement.update (package:flutter/src/widgets/framework.dart:5909:5)
#879    Element.updateChild (package:flutter/src/widgets/framework.dart:3982:15)
#880    ComponentElement.performRebuild (package:flutter/src/widgets/framework.dart:5747:16)
#881    Element.rebuild (package:flutter/src/widgets/framework.dart:5435:7)
#882    ProxyElement.update (package:flutter/src/widgets/framework.dart:6051:5)
#883    Element.updateChild (package:flutter/src/widgets/framework.dart:3982:15)
#884    ComponentElement.performRebuild (package:flutter/src/widgets/framework.dart:5747:16)
#885    StatefulElement.performRebuild (package:flutter/src/widgets/framework.dart:5884:11)
#886    Element.rebuild (package:flutter/src/widgets/framework.dart:5435:7)
#887    StatefulElement.update (package:flutter/src/widgets/framework.dart:5909:5)
#888    Element.updateChild (package:flutter/src/widgets/framework.dart:3982:15)
#889    ComponentElement.performRebuild (package:flutter/src/widgets/framework.dart:5747:16)
#890    Element.rebuild (package:flutter/src/widgets/framework.dart:5435:7)
#891    ProxyElement.update (package:flutter/src/widgets/framework.dart:6051:5)
#892    Element.updateChild (package:flutter/src/widgets/framework.dart:3982:15)
#893    ComponentElement.performRebuild (package:flutter/src/widgets/framework.dart:5747:16)
#894    Element.rebuild (package:flutter/src/widgets/framework.dart:5435:7)
#895    ProxyElement.update (package:flutter/src/widgets/framework.dart:6051:5)
#896    Element.updateChild (package:flutter/src/widgets/framework.dart:3982:15)
#897    _RawViewElement._updateChild (package:flutter/src/widgets/view.dart:481:16)
#898    _RawViewElement.update (package:flutter/src/widgets/view.dart:568:5)
#899    Element.updateChild (package:flutter/src/widgets/framework.dart:3982:15)
#900    ComponentElement.performRebuild (package:flutter/src/widgets/framework.dart:5747:16)
#901    Element.rebuild (package:flutter/src/widgets/framework.dart:5435:7)
#902    StatelessElement.update (package:flutter/src/widgets/framework.dart:5797:5)
#903    Element.updateChild (package:flutter/src/widgets/framework.dart:3982:15)
#904    ComponentElement.performRebuild (package:flutter/src/widgets/framework.dart:5747:16)
#905    StatefulElement.performRebuild (package:flutter/src/widgets/framework.dart:5884:11)
#906    Element.rebuild (package:flutter/src/widgets/framework.dart:5435:7)
#907    StatefulElement.update (package:flutter/src/widgets/framework.dart:5909:5)
#908    Element.updateChild (package:flutter/src/widgets/framework.dart:3982:15)
#909    RootElement._rebuild (package:flutter/src/widgets/binding.dart:1716:16)
#910    RootElement.update (package:flutter/src/widgets/binding.dart:1694:5)
#911    RootElement.performRebuild (package:flutter/src/widgets/binding.dart:1708:7)
#912    Element.rebuild (package:flutter/src/widgets/framework.dart:5435:7)
#913    BuildScope._tryRebuild (package:flutter/src/widgets/framework.dart:2695:15)
#914    BuildScope._flushDirtyElements (package:flutter/src/widgets/framework.dart:2752:11)
#915    BuildOwner.buildScope (package:flutter/src/widgets/framework.dart:3056:18)
#916    AutomatedTestWidgetsFlutterBinding.drawFrame (package:flutter_test/src/binding.dart:1506:19)
#917    RendererBinding._handlePersistentFrameCallback (package:flutter/src/rendering/binding.dart:495:5)
#918    SchedulerBinding._invokeFrameCallback (package:flutter/src/scheduler/binding.dart:1434:15)
#919    SchedulerBinding.handleDrawFrame (package:flutter/src/scheduler/binding.dart:1347:9)
#920    AutomatedTestWidgetsFlutterBinding.pump.<anonymous closure> (package:flutter_test/src/binding.dart:1335:9)
#923    TestAsyncUtils.guard (package:flutter_test/src/test_async_utils.dart:74:41)
#924    AutomatedTestWidgetsFlutterBinding.pump (package:flutter_test/src/binding.dart:1324:27)
#925    WidgetTester.pumpWidget.<anonymous closure> (package:flutter_test/src/widget_tester.dart:598:22)
#928    TestAsyncUtils.guard (package:flutter_test/src/test_async_utils.dart:74:41)
#929    WidgetTester.pumpWidget (package:flutter_test/src/widget_tester.dart:595:27)
#930    main.<anonymous closure>.<anonymous closure> (file:///Users/kcdacre8tor/%20everyday-christian/test/widgets/reading_progress_stats_widget_test.dart:198:20)
#931    testWidgets.<anonymous closure>.<anonymous closure> (package:flutter_test/src/widget_tester.dart:192:29)
<asynchronous suspension>
#932    TestWidgetsFlutterBinding._runTestBody (package:flutter_test/src/binding.dart:1059:5)
<asynchronous suspension>
<asynchronous suspension>
(elided 8 frames from dart:async and package:stack_trace)

Timer (duration: 0:00:00.000000, periodic: false), created:
00:29 +960 ~5 -137: /Users/kcdacre8tor/ everyday-christian/test/verse_service_test.dart: Theme-Based Search should search by faith theme                                                               
ℹ️ [2025-10-17 18:19:49.111] [INFO   ] [DatabaseHelper] Initializing database at: :memory:
ℹ️ [2025-10-17 18:19:49.112] [INFO   ] [DatabaseHelper] Creating database schema v5
00:29 +960 ~5 -137: /Users/kcdacre8tor/ everyday-christian/test/devotional_progress_test.dart: DevotionalProgressService Devotional Retrieval should retrieve today's devotional [E]                   
  Binding has not yet been initialized.
  The "instance" getter on the ServicesBinding binding mixin is only available once that binding has been initialized.
  Typically, this is done by calling "WidgetsFlutterBinding.ensureInitialized()" or "runApp()" (the latter calls the former). Typically this call is done in the "void main()" method. The "ensureInitialized" method is idempotent; calling it multiple times is not harmful. After calling that method, the "instance" getter will return the binding.
  In a test, one can call "TestWidgetsFlutterBinding.ensureInitialized()" as the first line in the test's "main()" method to initialize the binding.
  If ServicesBinding is a custom binding mixin, there must also be a custom binding class, like WidgetsFlutterBinding, but that mixes in the selected binding, and that is the class that must be constructed before using the "instance" getter.
  package:flutter/src/foundation/binding.dart 314:9                                     BindingBase.checkInstance.<fn>
  package:flutter/src/foundation/binding.dart 401:6                                     BindingBase.checkInstance
  package:flutter/src/services/binding.dart 73:54                                       ServicesBinding.instance
  package:flutter/src/services/platform_channel.dart 179:25                             _findBinaryMessenger
  package:flutter/src/services/platform_channel.dart 320:56                             MethodChannel.binaryMessenger
  package:flutter/src/services/platform_channel.dart 360:17                             MethodChannel._invokeMethod
  package:flutter/src/services/platform_channel.dart 540:12                             MethodChannel.invokeMethod
  package:path_provider_platform_interface/src/method_channel_path_provider.dart 52:10  MethodChannelPathProvider.getApplicationDocumentsPath
  package:path_provider/path_provider.dart 121:40                                       getApplicationDocumentsDirectory
  package:everyday_christian/core/database/database_helper.dart 803:42                  DatabaseHelper.deleteDatabase
  package:everyday_christian/core/database/database_helper.dart 819:11                  DatabaseHelper.resetDatabase
  ===== asynchronous gap ===========================
  dart:async                                                                            _CustomZone.registerBinaryCallback
  test/devotional_progress_test.dart 33:7                                               main.<fn>.<fn>
  

To run this test again: /Users/kcdacre8tor/flutter/bin/cache/dart-sdk/bin/dart test /Users/kcdacre8tor/ everyday-christian/test/devotional_progress_test.dart -p vm --plain-name 'DevotionalProgressService Devotional Retrieval should retrieve today'\''s devotional'
00:29 +960 ~5 -137: /Users/kcdacre8tor/ everyday-christian/test/devotional_progress_test.dart: DevotionalProgressService Devotional Retrieval should return null when no devotional for today          
*** sqflite warning ***

You are changing sqflite default factory.
Be aware of the potential side effects. Any library using sqflite
will have this factory as the default for all operations.

*** sqflite warning ***

ℹ️ [2025-10-17 18:19:49.116] [INFO   ] [DatabaseHelper] Initializing database at: :memory:
00:29 +960 ~5 -137: /Users/kcdacre8tor/ everyday-christian/test/widgets/reading_progress_stats_widget_test.dart: ReadingProgressStatsWidget should handle zero values gracefully                       
#0      new FakeTimer._ (package:fake_async/fake_async.dart:342:62)
#1      FakeAsync._createTimer (package:fake_async/fake_async.dart:260:29)
#2      FakeAsync.run.<anonymous closure> (package:fake_async/fake_async.dart:185:15)
#6      _AnimateState._restart (package:flutter_animate/src/animate.dart:318:23)
#7      _AnimateState.initState (package:flutter_animate/src/animate.dart:290:5)
#8      StatefulElement._firstBuild (package:flutter/src/widgets/framework.dart:5852:55)
#9      ComponentElement.mount (package:flutter/src/widgets/framework.dart:5699:5)
...     Normal element mounting (7 frames)
#16     Element.inflateWidget (package:flutter/src/widgets/framework.dart:4548:16)
#17     MultiChildRenderObjectElement.inflateWidget (package:flutter/src/widgets/framework.dart:7169:36)
#18     MultiChildRenderObjectElement.mount (package:flutter/src/widgets/framework.dart:7185:32)
#19     Element.inflateWidget (package:flutter/src/widgets/framework.dart:4548:16)
#20     MultiChildRenderObjectElement.inflateWidget (package:flutter/src/widgets/framework.dart:7169:36)
#21     MultiChildRenderObjectElement.mount (package:flutter/src/widgets/framework.dart:7185:32)
...     Normal element mounting (31 frames)
#52     Element.inflateWidget (package:flutter/src/widgets/framework.dart:4548:16)
#53     MultiChildRenderObjectElement.inflateWidget (package:flutter/src/widgets/framework.dart:7169:36)
#54     MultiChildRenderObjectElement.mount (package:flutter/src/widgets/framework.dart:7185:32)
...     Normal element mounting (332 frames)
#386    Element.inflateWidget (package:flutter/src/widgets/framework.dart:4548:16)
#387    MultiChildRenderObjectElement.inflateWidget (package:flutter/src/widgets/framework.dart:7169:36)
#388    MultiChildRenderObjectElement.mount (package:flutter/src/widgets/framework.dart:7185:32)
...     Normal element mounting (465 frames)
#853    Element.inflateWidget (package:flutter/src/widgets/framework.dart:4548:16)
#854    Element.updateChild (package:flutter/src/widgets/framework.dart:3998:20)
#855    ComponentElement.performRebuild (package:flutter/src/widgets/framework.dart:5747:16)
#856    Element.rebuild (package:flutter/src/widgets/framework.dart:5435:7)
#857    ProxyElement.update (package:flutter/src/widgets/framework.dart:6051:5)
#858    _InheritedNotifierElement.update (package:flutter/src/widgets/inherited_notifier.dart:108:11)
#859    Element.updateChild (package:flutter/src/widgets/framework.dart:3982:15)
#860    ComponentElement.performRebuild (package:flutter/src/widgets/framework.dart:5747:16)
#861    StatefulElement.performRebuild (package:flutter/src/widgets/framework.dart:5884:11)
#862    Element.rebuild (package:flutter/src/widgets/framework.dart:5435:7)
#863    StatefulElement.update (package:flutter/src/widgets/framework.dart:5909:5)
#864    Element.updateChild (package:flutter/src/widgets/framework.dart:3982:15)
#865    ComponentElement.performRebuild (package:flutter/src/widgets/framework.dart:5747:16)
#866    Element.rebuild (package:flutter/src/widgets/framework.dart:5435:7)
#867    ProxyElement.update (package:flutter/src/widgets/framework.dart:6051:5)
#868    _InheritedNotifierElement.update (package:flutter/src/widgets/inherited_notifier.dart:108:11)
#869    Element.updateChild (package:flutter/src/widgets/framework.dart:3982:15)
#870    ComponentElement.performRebuild (package:flutter/src/widgets/framework.dart:5747:16)
#871    StatefulElement.performRebuild (package:flutter/src/widgets/framework.dart:5884:11)
#872    Element.rebuild (package:flutter/src/widgets/framework.dart:5435:7)
#873    StatefulElement.update (package:flutter/src/widgets/framework.dart:5909:5)
#874    Element.updateChild (package:flutter/src/widgets/framework.dart:3982:15)
#875    ComponentElement.performRebuild (package:flutter/src/widgets/framework.dart:5747:16)
#876    StatefulElement.performRebuild (package:flutter/src/widgets/framework.dart:5884:11)
#877    Element.rebuild (package:flutter/src/widgets/framework.dart:5435:7)
#878    StatefulElement.update (package:flutter/src/widgets/framework.dart:5909:5)
#879    Element.updateChild (package:flutter/src/widgets/framework.dart:3982:15)
#880    ComponentElement.performRebuild (package:flutter/src/widgets/framework.dart:5747:16)
#881    Element.rebuild (package:flutter/src/widgets/framework.dart:5435:7)
#882    ProxyElement.update (package:flutter/src/widgets/framework.dart:6051:5)
#883    Element.updateChild (package:flutter/src/widgets/framework.dart:3982:15)
#884    ComponentElement.performRebuild (package:flutter/src/widgets/framework.dart:5747:16)
#885    StatefulElement.performRebuild (package:flutter/src/widgets/framework.dart:5884:11)
#886    Element.rebuild (package:flutter/src/widgets/framework.dart:5435:7)
#887    StatefulElement.update (package:flutter/src/widgets/framework.dart:5909:5)
#888    Element.updateChild (package:flutter/src/widgets/framework.dart:3982:15)
#889    ComponentElement.performRebuild (package:flutter/src/widgets/framework.dart:5747:16)
#890    Element.rebuild (package:flutter/src/widgets/framework.dart:5435:7)
#891    ProxyElement.update (package:flutter/src/widgets/framework.dart:6051:5)
#892    Element.updateChild (package:flutter/src/widgets/framework.dart:3982:15)
#893    ComponentElement.performRebuild (package:flutter/src/widgets/framework.dart:5747:16)
#894    Element.rebuild (package:flutter/src/widgets/framework.dart:5435:7)
#895    ProxyElement.update (package:flutter/src/widgets/framework.dart:6051:5)
#896    Element.updateChild (package:flutter/src/widgets/framework.dart:3982:15)
#897    _RawViewElement._updateChild (package:flutter/src/widgets/view.dart:481:16)
#898    _RawViewElement.update (package:flutter/src/widgets/view.dart:568:5)
#899    Element.updateChild (package:flutter/src/widgets/framework.dart:3982:15)
#900    ComponentElement.performRebuild (package:flutter/src/widgets/framework.dart:5747:16)
#901    Element.rebuild (package:flutter/src/widgets/framework.dart:5435:7)
#902    StatelessElement.update (package:flutter/src/widgets/framework.dart:5797:5)
#903    Element.updateChild (package:flutter/src/widgets/framework.dart:3982:15)
#904    ComponentElement.performRebuild (package:flutter/src/widgets/framework.dart:5747:16)
#905    StatefulElement.performRebuild (package:flutter/src/widgets/framework.dart:5884:11)
#906    Element.rebuild (package:flutter/src/widgets/framework.dart:5435:7)
#907    StatefulElement.update (package:flutter/src/widgets/framework.dart:5909:5)
#908    Element.updateChild (package:flutter/src/widgets/framework.dart:3982:15)
#909    RootElement._rebuild (package:flutter/src/widgets/binding.dart:1716:16)
#910    RootElement.update (package:flutter/src/widgets/binding.dart:1694:5)
#911    RootElement.performRebuild (package:flutter/src/widgets/binding.dart:1708:7)
#912    Element.rebuild (package:flutter/src/widgets/framework.dart:5435:7)
#913    BuildScope._tryRebuild (package:flutter/src/widgets/framework.dart:2695:15)
#914    BuildScope._flushDirtyElements (package:flutter/src/widgets/framework.dart:2752:11)
#915    BuildOwner.buildScope (package:flutter/src/widgets/framework.dart:3056:18)
#916    AutomatedTestWidgetsFlutterBinding.drawFrame (package:flutter_test/src/binding.dart:1506:19)
#917    RendererBinding._handlePersistentFrameCallback (package:flutter/src/rendering/binding.dart:495:5)
#918    SchedulerBinding._invokeFrameCallback (package:flutter/src/scheduler/binding.dart:1434:15)
#919    SchedulerBinding.handleDrawFrame (package:flutter/src/scheduler/binding.dart:1347:9)
#920    AutomatedTestWidgetsFlutterBinding.pump.<anonymous closure> (package:flutter_test/src/binding.dart:1335:9)
#923    TestAsyncUtils.guard (package:flutter_test/src/test_async_utils.dart:74:41)
#924    AutomatedTestWidgetsFlutterBinding.pump (package:flutter_test/src/binding.dart:1324:27)
#925    WidgetTester.pumpWidget.<anonymous closure> (package:flutter_test/src/widget_tester.dart:598:22)
#928    TestAsyncUtils.guard (package:flutter_test/src/test_async_utils.dart:74:41)
#929    WidgetTester.pumpWidget (package:flutter_test/src/widget_tester.dart:595:27)
#930    main.<anonymous closure>.<anonymous closure> (file:///Users/kcdacre8tor/%20everyday-christian/test/widgets/reading_progress_stats_widget_test.dart:198:20)
#931    testWidgets.<anonymous closure>.<anonymous closure> (package:flutter_test/src/widget_tester.dart:192:29)
<asynchronous suspension>
#932    TestWidgetsFlutterBinding._runTestBody (package:flutter_test/src/binding.dart:1059:5)
<asynchronous suspension>
<asynchronous suspension>
(elided 8 frames from dart:async and package:stack_trace)

══╡ EXCEPTION CAUGHT BY FLUTTER TEST FRAMEWORK ╞════════════════════════════════════════════════════
The following assertion was thrown running a test:
A Timer is still pending even after the widget tree was disposed.
'package:flutter_test/src/binding.dart':
Failed assertion: line 1617 pos 12: '!timersPending'

When the exception was thrown, this was the stack:
#2      AutomatedTestWidgetsFlutterBinding._verifyInvariants (package:flutter_test/src/binding.dart:1617:12)
#3      TestWidgetsFlutterBinding._runTestBody (package:flutter_test/src/binding.dart:1078:7)
<asynchronous suspension>
<asynchronous suspension>
(elided 3 frames from class _AssertionError and package:stack_trace)

The test description was:
  should handle zero values gracefully
════════════════════════════════════════════════════════════════════════════════════════════════════
00:29 +960 ~5 -138: /Users/kcdacre8tor/ everyday-christian/test/widgets/reading_progress_stats_widget_test.dart: ReadingProgressStatsWidget should handle zero values gracefully [E]                   
  Test failed. See exception logs above.
  The test description was: should handle zero values gracefully
  

To run this test again: /Users/kcdacre8tor/flutter/bin/cache/dart-sdk/bin/dart test /Users/kcdacre8tor/ everyday-christian/test/widgets/reading_progress_stats_widget_test.dart -p vm --plain-name 'ReadingProgressStatsWidget should handle zero values gracefully'
00:29 +960 ~5 -138: /Users/kcdacre8tor/ everyday-christian/test/devotional_progress_test.dart: DevotionalProgressService Devotional Retrieval should return null when no devotional for today          
ℹ️ [2025-10-17 18:19:49.118] [INFO   ] [DatabaseHelper] Creating database schema v5
00:29 +960 ~5 -138: /Users/kcdacre8tor/ everyday-christian/test/verse_service_test.dart: Theme-Based Search should search by faith theme                                                               
ℹ️ [2025-10-17 18:19:49.127] [INFO   ] [DatabaseHelper] Database schema created successfully
📦 Running database migrations from v1 to v2
🔄 Migrating to schema v2...
  → Fixing favorite_verses foreign key...
  → Fixing daily_verses foreign key...
  → Fixing verse_bookmarks foreign key...
00:29 +960 ~5 -138: /Users/kcdacre8tor/ everyday-christian/test/devotional_progress_test.dart: DevotionalProgressService Devotional Retrieval should return null when no devotional for today          
ℹ️ [2025-10-17 18:19:49.135] [INFO   ] [DatabaseHelper] Database schema created successfully
00:29 +960 ~5 -138: /Users/kcdacre8tor/ everyday-christian/test/verse_service_test.dart: Theme-Based Search should search by faith theme                                                               
  → Removing duplicate column from prayer_categories...
00:29 +960 ~5 -138: /Users/kcdacre8tor/ everyday-christian/test/devotional_progress_test.dart: DevotionalProgressService Devotional Retrieval should return null when no devotional for today          
📦 Running database migrations from v1 to v2
🔄 Migrating to schema v2...
00:29 +960 ~5 -138: /Users/kcdacre8tor/ everyday-christian/test/verse_service_test.dart: Theme-Based Search should search by faith theme                                                               
  → Creating performance indexes...
00:29 +960 ~5 -138: /Users/kcdacre8tor/ everyday-christian/test/devotional_progress_test.dart: DevotionalProgressService Devotional Retrieval should return null when no devotional for today          
  → Fixing favorite_verses foreign key...
00:29 +960 ~5 -138: /Users/kcdacre8tor/ everyday-christian/test/verse_service_test.dart: Theme-Based Search should search by faith theme                                                               
  → Creating timestamp triggers...
00:29 +960 ~5 -138: /Users/kcdacre8tor/ everyday-christian/test/devotional_progress_test.dart: DevotionalProgressService Devotional Retrieval should return null when no devotional for today          
  → Fixing daily_verses foreign key...
00:29 +960 ~5 -138: /Users/kcdacre8tor/ everyday-christian/test/verse_service_test.dart: Theme-Based Search should search by faith theme                                                               
✅ Schema v2 migration complete!
✅ Database integrity verified
00:29 +960 ~5 -138: /Users/kcdacre8tor/ everyday-christian/test/devotional_progress_test.dart: DevotionalProgressService Devotional Retrieval should return null when no devotional for today          
  → Fixing verse_bookmarks foreign key...
00:29 +960 ~5 -138: /Users/kcdacre8tor/ everyday-christian/test/verse_service_test.dart: Theme-Based Search should search by faith theme                                                               
✅ Database migrations complete!
00:29 +960 ~5 -138: /Users/kcdacre8tor/ everyday-christian/test/devotional_progress_test.dart: DevotionalProgressService Devotional Retrieval should return null when no devotional for today          
  → Removing duplicate column from prayer_categories...
  → Creating performance indexes...
00:29 +961 ~5 -138: /Users/kcdacre8tor/ everyday-christian/test/screens/home_screen_test.dart: HomeScreen Widget Tests should handle error in stat data gracefully                                     00:29 +961 ~5 -138: /Users/kcdacre8tor/ everyday-christian/test/verse_service_test.dart: Theme-Based Search should search by hope theme                                                                
ℹ️ [2025-10-17 18:19:49.147] [INFO   ] [DatabaseHelper] Initializing database at: :memory:
00:29 +961 ~5 -138: /Users/kcdacre8tor/ everyday-christian/test/devotional_progress_test.dart: DevotionalProgressService Devotional Retrieval should return null when no devotional for today          
  → Creating timestamp triggers...
✅ Schema v2 migration complete!
00:29 +961 ~5 -138: /Users/kcdacre8tor/ everyday-christian/test/verse_service_test.dart: Theme-Based Search should search by hope theme                                                                
ℹ️ [2025-10-17 18:19:49.149] [INFO   ] [DatabaseHelper] Creating database schema v5
00:29 +961 ~5 -138: /Users/kcdacre8tor/ everyday-christian/test/devotional_progress_test.dart: DevotionalProgressService Devotional Retrieval should return null when no devotional for today          
✅ Database integrity verified
✅ Database migrations complete!
00:29 +961 ~5 -139: /Users/kcdacre8tor/ everyday-christian/test/devotional_progress_test.dart: DevotionalProgressService Devotional Retrieval should return null when no devotional for today [E]      
  Binding has not yet been initialized.
  The "instance" getter on the ServicesBinding binding mixin is only available once that binding has been initialized.
  Typically, this is done by calling "WidgetsFlutterBinding.ensureInitialized()" or "runApp()" (the latter calls the former). Typically this call is done in the "void main()" method. The "ensureInitialized" method is idempotent; calling it multiple times is not harmful. After calling that method, the "instance" getter will return the binding.
  In a test, one can call "TestWidgetsFlutterBinding.ensureInitialized()" as the first line in the test's "main()" method to initialize the binding.
  If ServicesBinding is a custom binding mixin, there must also be a custom binding class, like WidgetsFlutterBinding, but that mixes in the selected binding, and that is the class that must be constructed before using the "instance" getter.
  package:flutter/src/foundation/binding.dart 314:9                                     BindingBase.checkInstance.<fn>
  package:flutter/src/foundation/binding.dart 401:6                                     BindingBase.checkInstance
  package:flutter/src/services/binding.dart 73:54                                       ServicesBinding.instance
  package:flutter/src/services/platform_channel.dart 179:25                             _findBinaryMessenger
  package:flutter/src/services/platform_channel.dart 320:56                             MethodChannel.binaryMessenger
  package:flutter/src/services/platform_channel.dart 360:17                             MethodChannel._invokeMethod
  package:flutter/src/services/platform_channel.dart 540:12                             MethodChannel.invokeMethod
  package:path_provider_platform_interface/src/method_channel_path_provider.dart 52:10  MethodChannelPathProvider.getApplicationDocumentsPath
  package:path_provider/path_provider.dart 121:40                                       getApplicationDocumentsDirectory
  package:everyday_christian/core/database/database_helper.dart 803:42                  DatabaseHelper.deleteDatabase
  package:everyday_christian/core/database/database_helper.dart 819:11                  DatabaseHelper.resetDatabase
  ===== asynchronous gap ===========================
  dart:async                                                                            _CustomZone.registerBinaryCallback
  test/devotional_progress_test.dart 33:7                                               main.<fn>.<fn>
  

To run this test again: /Users/kcdacre8tor/flutter/bin/cache/dart-sdk/bin/dart test /Users/kcdacre8tor/ everyday-christian/test/devotional_progress_test.dart -p vm --plain-name 'DevotionalProgressService Devotional Retrieval should return null when no devotional for today'
00:29 +961 ~5 -139: /Users/kcdacre8tor/ everyday-christian/test/verse_service_test.dart: Theme-Based Search should search by hope theme                                                                
ℹ️ [2025-10-17 18:19:49.161] [INFO   ] [DatabaseHelper] Database schema created successfully
📦 Running database migrations from v1 to v2
🔄 Migrating to schema v2...
00:29 +961 ~5 -139: /Users/kcdacre8tor/ everyday-christian/test/devotional_progress_test.dart: DevotionalProgressService Completion Tracking should mark devotional as complete                        
*** sqflite warning ***

You are changing sqflite default factory.
Be aware of the potential side effects. Any library using sqflite
will have this factory as the default for all operations.

*** sqflite warning ***

ℹ️ [2025-10-17 18:19:49.163] [INFO   ] [DatabaseHelper] Initializing database at: :memory:
00:29 +961 ~5 -139: /Users/kcdacre8tor/ everyday-christian/test/verse_service_test.dart: Theme-Based Search should search by hope theme                                                                
  → Fixing favorite_verses foreign key...
00:29 +961 ~5 -139: /Users/kcdacre8tor/ everyday-christian/test/devotional_progress_test.dart: DevotionalProgressService Completion Tracking should mark devotional as complete                        
ℹ️ [2025-10-17 18:19:49.165] [INFO   ] [DatabaseHelper] Creating database schema v5
00:29 +961 ~5 -139: /Users/kcdacre8tor/ everyday-christian/test/verse_service_test.dart: Theme-Based Search should search by hope theme                                                                
  → Fixing daily_verses foreign key...
  → Fixing verse_bookmarks foreign key...
  → Removing duplicate column from prayer_categories...
  → Creating performance indexes...
  → Creating timestamp triggers...
✅ Schema v2 migration complete!
✅ Database integrity verified
✅ Database migrations complete!
00:29 +962 ~5 -139: /Users/kcdacre8tor/ everyday-christian/test/screens/home_screen_test.dart: HomeScreen Widget Tests should handle error in stat data gracefully                                     00:29 +962 ~5 -139: /Users/kcdacre8tor/ everyday-christian/test/verse_service_test.dart: Theme-Based Search should search by peace theme                                                               
ℹ️ [2025-10-17 18:19:49.183] [INFO   ] [DatabaseHelper] Initializing database at: :memory:
00:29 +962 ~5 -139: /Users/kcdacre8tor/ everyday-christian/test/devotional_progress_test.dart: DevotionalProgressService Completion Tracking should mark devotional as complete                        
ℹ️ [2025-10-17 18:19:49.184] [INFO   ] [DatabaseHelper] Database schema created successfully
00:29 +962 ~5 -139: /Users/kcdacre8tor/ everyday-christian/test/verse_service_test.dart: Theme-Based Search should search by peace theme                                                               
ℹ️ [2025-10-17 18:19:49.185] [INFO   ] [DatabaseHelper] Creating database schema v5
00:29 +962 ~5 -139: /Users/kcdacre8tor/ everyday-christian/test/devotional_progress_test.dart: DevotionalProgressService Completion Tracking should mark devotional as complete                        
📦 Running database migrations from v1 to v2
🔄 Migrating to schema v2...
  → Fixing favorite_verses foreign key...
  → Fixing daily_verses foreign key...
  → Fixing verse_bookmarks foreign key...
  → Removing duplicate column from prayer_categories...
  → Creating performance indexes...
  → Creating timestamp triggers...
✅ Schema v2 migration complete!
00:29 +962 ~5 -139: /Users/kcdacre8tor/ everyday-christian/test/verse_service_test.dart: Theme-Based Search should search by peace theme                                                               
ℹ️ [2025-10-17 18:19:49.199] [INFO   ] [DatabaseHelper] Database schema created successfully
00:29 +962 ~5 -139: /Users/kcdacre8tor/ everyday-christian/test/devotional_progress_test.dart: DevotionalProgressService Completion Tracking should mark devotional as complete                        
✅ Database integrity verified
✅ Database migrations complete!
00:29 +962 ~5 -139: /Users/kcdacre8tor/ everyday-christian/test/verse_service_test.dart: Theme-Based Search should search by peace theme                                                               
📦 Running database migrations from v1 to v2
🔄 Migrating to schema v2...
  → Fixing favorite_verses foreign key...
  → Fixing daily_verses foreign key...
  → Fixing verse_bookmarks foreign key...
  → Removing duplicate column from prayer_categories...
  → Creating performance indexes...
  → Creating timestamp triggers...
00:29 +962 ~5 -140: /Users/kcdacre8tor/ everyday-christian/test/verse_service_test.dart: Theme-Based Search should search by peace theme                                                               
✅ Schema v2 migration complete!
✅ Database integrity verified
✅ Database migrations complete!
00:29 +962 ~5 -140: /Users/kcdacre8tor/ everyday-christian/test/devotional_progress_test.dart: DevotionalProgressService Completion Tracking should mark devotional as complete [E]                    
  Binding has not yet been initialized.
  The "instance" getter on the ServicesBinding binding mixin is only available once that binding has been initialized.
  Typically, this is done by calling "WidgetsFlutterBinding.ensureInitialized()" or "runApp()" (the latter calls the former). Typically this call is done in the "void main()" method. The "ensureInitialized" method is idempotent; calling it multiple times is not harmful. After calling that method, the "instance" getter will return the binding.
  In a test, one can call "TestWidgetsFlutterBinding.ensureInitialized()" as the first line in the test's "main()" method to initialize the binding.
  If ServicesBinding is a custom binding mixin, there must also be a custom binding class, like WidgetsFlutterBinding, but that mixes in the selected binding, and that is the class that must be constructed before using the "instance" getter.
  package:flutter/src/foundation/binding.dart 314:9                                     BindingBase.checkInstance.<fn>
  package:flutter/src/foundation/binding.dart 401:6                                     BindingBase.checkInstance
  package:flutter/src/services/binding.dart 73:54                                       ServicesBinding.instance
  package:flutter/src/services/platform_channel.dart 179:25                             _findBinaryMessenger
  package:flutter/src/services/platform_channel.dart 320:56                             MethodChannel.binaryMessenger
  package:flutter/src/services/platform_channel.dart 360:17                             MethodChannel._invokeMethod
  package:flutter/src/services/platform_channel.dart 540:12                             MethodChannel.invokeMethod
  package:path_provider_platform_interface/src/method_channel_path_provider.dart 52:10  MethodChannelPathProvider.getApplicationDocumentsPath
  package:path_provider/path_provider.dart 121:40                                       getApplicationDocumentsDirectory
  package:everyday_christian/core/database/database_helper.dart 803:42                  DatabaseHelper.deleteDatabase
  package:everyday_christian/core/database/database_helper.dart 819:11                  DatabaseHelper.resetDatabase
  ===== asynchronous gap ===========================
  dart:async                                                                            _CustomZone.registerBinaryCallback
  test/devotional_progress_test.dart 33:7                                               main.<fn>.<fn>
  

To run this test again: /Users/kcdacre8tor/flutter/bin/cache/dart-sdk/bin/dart test /Users/kcdacre8tor/ everyday-christian/test/devotional_progress_test.dart -p vm --plain-name 'DevotionalProgressService Completion Tracking should mark devotional as complete'
00:29 +962 ~5 -140: /Users/kcdacre8tor/ everyday-christian/test/devotional_progress_test.dart: DevotionalProgressService Completion Tracking should mark devotional as incomplete                      
*** sqflite warning ***

You are changing sqflite default factory.
Be aware of the potential side effects. Any library using sqflite
will have this factory as the default for all operations.

*** sqflite warning ***

ℹ️ [2025-10-17 18:19:49.217] [INFO   ] [DatabaseHelper] Initializing database at: :memory:
00:29 +963 ~5 -140: /Users/kcdacre8tor/ everyday-christian/test/screens/home_screen_test.dart: HomeScreen Widget Tests should handle error in stat data gracefully                                     00:29 +963 ~5 -140: /Users/kcdacre8tor/ everyday-christian/test/devotional_progress_test.dart: DevotionalProgressService Completion Tracking should mark devotional as incomplete                      
ℹ️ [2025-10-17 18:19:49.219] [INFO   ] [DatabaseHelper] Creating database schema v5
00:29 +963 ~5 -140: /Users/kcdacre8tor/ everyday-christian/test/verse_service_test.dart: Theme-Based Search should search by strength theme                                                            
ℹ️ [2025-10-17 18:19:49.221] [INFO   ] [DatabaseHelper] Initializing database at: :memory:
ℹ️ [2025-10-17 18:19:49.223] [INFO   ] [DatabaseHelper] Creating database schema v5
00:29 +963 ~5 -140: /Users/kcdacre8tor/ everyday-christian/test/devotional_progress_test.dart: DevotionalProgressService Completion Tracking should mark devotional as incomplete                      
ℹ️ [2025-10-17 18:19:49.239] [INFO   ] [DatabaseHelper] Database schema created successfully
00:29 +963 ~5 -140: /Users/kcdacre8tor/ everyday-christian/test/verse_service_test.dart: Theme-Based Search should search by strength theme                                                            
ℹ️ [2025-10-17 18:19:49.239] [INFO   ] [DatabaseHelper] Database schema created successfully
📦 Running database migrations from v1 to v2
🔄 Migrating to schema v2...
00:29 +963 ~5 -140: /Users/kcdacre8tor/ everyday-christian/test/devotional_progress_test.dart: DevotionalProgressService Completion Tracking should mark devotional as incomplete                      
📦 Running database migrations from v1 to v2
00:29 +963 ~5 -140: /Users/kcdacre8tor/ everyday-christian/test/verse_service_test.dart: Theme-Based Search should search by strength theme                                                            
  → Fixing favorite_verses foreign key...
00:29 +963 ~5 -140: /Users/kcdacre8tor/ everyday-christian/test/devotional_progress_test.dart: DevotionalProgressService Completion Tracking should mark devotional as incomplete                      
🔄 Migrating to schema v2...
  → Fixing favorite_verses foreign key...
00:29 +963 ~5 -140: /Users/kcdacre8tor/ everyday-christian/test/verse_service_test.dart: Theme-Based Search should search by strength theme                                                            
  → Fixing daily_verses foreign key...
00:29 +963 ~5 -140: /Users/kcdacre8tor/ everyday-christian/test/devotional_progress_test.dart: DevotionalProgressService Completion Tracking should mark devotional as incomplete                      
  → Fixing daily_verses foreign key...
00:29 +963 ~5 -140: /Users/kcdacre8tor/ everyday-christian/test/verse_service_test.dart: Theme-Based Search should search by strength theme                                                            
  → Fixing verse_bookmarks foreign key...
00:29 +963 ~5 -140: /Users/kcdacre8tor/ everyday-christian/test/devotional_progress_test.dart: DevotionalProgressService Completion Tracking should mark devotional as incomplete                      
  → Fixing verse_bookmarks foreign key...
00:29 +963 ~5 -140: /Users/kcdacre8tor/ everyday-christian/test/verse_service_test.dart: Theme-Based Search should search by strength theme                                                            
  → Removing duplicate column from prayer_categories...
00:29 +963 ~5 -140: /Users/kcdacre8tor/ everyday-christian/test/devotional_progress_test.dart: DevotionalProgressService Completion Tracking should mark devotional as incomplete                      
  → Removing duplicate column from prayer_categories...
00:29 +963 ~5 -140: /Users/kcdacre8tor/ everyday-christian/test/verse_service_test.dart: Theme-Based Search should search by strength theme                                                            
  → Creating performance indexes...
00:29 +963 ~5 -140: /Users/kcdacre8tor/ everyday-christian/test/devotional_progress_test.dart: DevotionalProgressService Completion Tracking should mark devotional as incomplete                      
  → Creating performance indexes...
00:29 +963 ~5 -140: /Users/kcdacre8tor/ everyday-christian/test/verse_service_test.dart: Theme-Based Search should search by strength theme                                                            
  → Creating timestamp triggers...
✅ Schema v2 migration complete!
✅ Database integrity verified
00:29 +963 ~5 -140: /Users/kcdacre8tor/ everyday-christian/test/devotional_progress_test.dart: DevotionalProgressService Completion Tracking should mark devotional as incomplete                      
  → Creating timestamp triggers...
00:29 +963 ~5 -140: /Users/kcdacre8tor/ everyday-christian/test/verse_service_test.dart: Theme-Based Search should search by strength theme                                                            
✅ Database migrations complete!
00:29 +963 ~5 -140: /Users/kcdacre8tor/ everyday-christian/test/devotional_progress_test.dart: DevotionalProgressService Completion Tracking should mark devotional as incomplete                      
✅ Schema v2 migration complete!
✅ Database integrity verified
✅ Database migrations complete!
00:29 +964 ~5 -140: /Users/kcdacre8tor/ everyday-christian/test/screens/home_screen_test.dart: HomeScreen Widget Tests should handle error in stat data gracefully                                     00:29 +964 ~5 -140: /Users/kcdacre8tor/ everyday-christian/test/verse_service_test.dart: Theme-Based Search should use custom keywords for unknown theme                                               
ℹ️ [2025-10-17 18:19:49.256] [INFO   ] [DatabaseHelper] Initializing database at: :memory:
ℹ️ [2025-10-17 18:19:49.257] [INFO   ] [DatabaseHelper] Creating database schema v5
00:29 +964 ~5 -141: /Users/kcdacre8tor/ everyday-christian/test/devotional_progress_test.dart: DevotionalProgressService Completion Tracking should mark devotional as incomplete [E]                  
  Binding has not yet been initialized.
  The "instance" getter on the ServicesBinding binding mixin is only available once that binding has been initialized.
  Typically, this is done by calling "WidgetsFlutterBinding.ensureInitialized()" or "runApp()" (the latter calls the former). Typically this call is done in the "void main()" method. The "ensureInitialized" method is idempotent; calling it multiple times is not harmful. After calling that method, the "instance" getter will return the binding.
  In a test, one can call "TestWidgetsFlutterBinding.ensureInitialized()" as the first line in the test's "main()" method to initialize the binding.
  If ServicesBinding is a custom binding mixin, there must also be a custom binding class, like WidgetsFlutterBinding, but that mixes in the selected binding, and that is the class that must be constructed before using the "instance" getter.
  package:flutter/src/foundation/binding.dart 314:9                                     BindingBase.checkInstance.<fn>
  package:flutter/src/foundation/binding.dart 401:6                                     BindingBase.checkInstance
  package:flutter/src/services/binding.dart 73:54                                       ServicesBinding.instance
  package:flutter/src/services/platform_channel.dart 179:25                             _findBinaryMessenger
  package:flutter/src/services/platform_channel.dart 320:56                             MethodChannel.binaryMessenger
  package:flutter/src/services/platform_channel.dart 360:17                             MethodChannel._invokeMethod
  package:flutter/src/services/platform_channel.dart 540:12                             MethodChannel.invokeMethod
  package:path_provider_platform_interface/src/method_channel_path_provider.dart 52:10  MethodChannelPathProvider.getApplicationDocumentsPath
  package:path_provider/path_provider.dart 121:40                                       getApplicationDocumentsDirectory
  package:everyday_christian/core/database/database_helper.dart 803:42                  DatabaseHelper.deleteDatabase
  package:everyday_christian/core/database/database_helper.dart 819:11                  DatabaseHelper.resetDatabase
  ===== asynchronous gap ===========================
  dart:async                                                                            _CustomZone.registerBinaryCallback
  test/devotional_progress_test.dart 33:7                                               main.<fn>.<fn>
  

To run this test again: /Users/kcdacre8tor/flutter/bin/cache/dart-sdk/bin/dart test /Users/kcdacre8tor/ everyday-christian/test/devotional_progress_test.dart -p vm --plain-name 'DevotionalProgressService Completion Tracking should mark devotional as incomplete'
00:29 +964 ~5 -141: /Users/kcdacre8tor/ everyday-christian/test/devotional_progress_test.dart: DevotionalProgressService Completion Tracking should get completion status for specific devotional      
*** sqflite warning ***

You are changing sqflite default factory.
Be aware of the potential side effects. Any library using sqflite
will have this factory as the default for all operations.

*** sqflite warning ***

ℹ️ [2025-10-17 18:19:49.264] [INFO   ] [DatabaseHelper] Initializing database at: :memory:
ℹ️ [2025-10-17 18:19:49.266] [INFO   ] [DatabaseHelper] Creating database schema v5
00:29 +964 ~5 -141: /Users/kcdacre8tor/ everyday-christian/test/verse_service_test.dart: Theme-Based Search should use custom keywords for unknown theme                                               
ℹ️ [2025-10-17 18:19:49.271] [INFO   ] [DatabaseHelper] Database schema created successfully
📦 Running database migrations from v1 to v2
🔄 Migrating to schema v2...
  → Fixing favorite_verses foreign key...
  → Fixing daily_verses foreign key...
  → Fixing verse_bookmarks foreign key...
  → Removing duplicate column from prayer_categories...
  → Creating performance indexes...
00:29 +964 ~5 -141: /Users/kcdacre8tor/ everyday-christian/test/devotional_progress_test.dart: DevotionalProgressService Completion Tracking should get completion status for specific devotional      
ℹ️ [2025-10-17 18:19:49.280] [INFO   ] [DatabaseHelper] Database schema created successfully
00:29 +964 ~5 -141: /Users/kcdacre8tor/ everyday-christian/test/verse_service_test.dart: Theme-Based Search should use custom keywords for unknown theme                                               
  → Creating timestamp triggers...
✅ Schema v2 migration complete!
✅ Database integrity verified
00:29 +964 ~5 -141: /Users/kcdacre8tor/ everyday-christian/test/devotional_progress_test.dart: DevotionalProgressService Completion Tracking should get completion status for specific devotional      
📦 Running database migrations from v1 to v2
🔄 Migrating to schema v2...
  → Fixing favorite_verses foreign key...
00:29 +964 ~5 -141: /Users/kcdacre8tor/ everyday-christian/test/verse_service_test.dart: Theme-Based Search should use custom keywords for unknown theme                                               
✅ Database migrations complete!
00:29 +964 ~5 -141: /Users/kcdacre8tor/ everyday-christian/test/devotional_progress_test.dart: DevotionalProgressService Completion Tracking should get completion status for specific devotional      
  → Fixing daily_verses foreign key...
00:29 +965 ~5 -141: /Users/kcdacre8tor/ everyday-christian/test/screens/home_screen_test.dart: HomeScreen Widget Tests should handle error in stat data gracefully                                     00:29 +965 ~5 -141: /Users/kcdacre8tor/ everyday-christian/test/devotional_progress_test.dart: DevotionalProgressService Completion Tracking should get completion status for specific devotional      
  → Fixing verse_bookmarks foreign key...
00:29 +965 ~5 -141: /Users/kcdacre8tor/ everyday-christian/test/verse_service_test.dart: Theme-Based Search should filter by version in theme search                                                   
ℹ️ [2025-10-17 18:19:49.287] [INFO   ] [DatabaseHelper] Initializing database at: :memory:
00:29 +965 ~5 -141: /Users/kcdacre8tor/ everyday-christian/test/devotional_progress_test.dart: DevotionalProgressService Completion Tracking should get completion status for specific devotional      
  → Removing duplicate column from prayer_categories...
00:29 +965 ~5 -141: /Users/kcdacre8tor/ everyday-christian/test/verse_service_test.dart: Theme-Based Search should filter by version in theme search                                                   
ℹ️ [2025-10-17 18:19:49.289] [INFO   ] [DatabaseHelper] Creating database schema v5
00:29 +965 ~5 -141: /Users/kcdacre8tor/ everyday-christian/test/devotional_progress_test.dart: DevotionalProgressService Completion Tracking should get completion status for specific devotional      
  → Creating performance indexes...
  → Creating timestamp triggers...
✅ Schema v2 migration complete!
✅ Database integrity verified
✅ Database migrations complete!
00:29 +965 ~5 -142: /Users/kcdacre8tor/ everyday-christian/test/verse_service_test.dart: Theme-Based Search should filter by version in theme search                                                   
ℹ️ [2025-10-17 18:19:49.300] [INFO   ] [DatabaseHelper] Database schema created successfully
00:29 +965 ~5 -142: /Users/kcdacre8tor/ everyday-christian/test/devotional_progress_test.dart: DevotionalProgressService Completion Tracking should get completion status for specific devotional [E]  
  Binding has not yet been initialized.
  The "instance" getter on the ServicesBinding binding mixin is only available once that binding has been initialized.
  Typically, this is done by calling "WidgetsFlutterBinding.ensureInitialized()" or "runApp()" (the latter calls the former). Typically this call is done in the "void main()" method. The "ensureInitialized" method is idempotent; calling it multiple times is not harmful. After calling that method, the "instance" getter will return the binding.
  In a test, one can call "TestWidgetsFlutterBinding.ensureInitialized()" as the first line in the test's "main()" method to initialize the binding.
  If ServicesBinding is a custom binding mixin, there must also be a custom binding class, like WidgetsFlutterBinding, but that mixes in the selected binding, and that is the class that must be constructed before using the "instance" getter.
  package:flutter/src/foundation/binding.dart 314:9                                     BindingBase.checkInstance.<fn>
  package:flutter/src/foundation/binding.dart 401:6                                     BindingBase.checkInstance
  package:flutter/src/services/binding.dart 73:54                                       ServicesBinding.instance
  package:flutter/src/services/platform_channel.dart 179:25                             _findBinaryMessenger
  package:flutter/src/services/platform_channel.dart 320:56                             MethodChannel.binaryMessenger
  package:flutter/src/services/platform_channel.dart 360:17                             MethodChannel._invokeMethod
  package:flutter/src/services/platform_channel.dart 540:12                             MethodChannel.invokeMethod
  package:path_provider_platform_interface/src/method_channel_path_provider.dart 52:10  MethodChannelPathProvider.getApplicationDocumentsPath
  package:path_provider/path_provider.dart 121:40                                       getApplicationDocumentsDirectory
  package:everyday_christian/core/database/database_helper.dart 803:42                  DatabaseHelper.deleteDatabase
  package:everyday_christian/core/database/database_helper.dart 819:11                  DatabaseHelper.resetDatabase
  ===== asynchronous gap ===========================
  dart:async                                                                            _CustomZone.registerBinaryCallback
  test/devotional_progress_test.dart 33:7                                               main.<fn>.<fn>
  
00:29 +965 ~5 -142: /Users/kcdacre8tor/ everyday-christian/test/verse_service_test.dart: Theme-Based Search should filter by version in theme search                                                   
📦 Running database migrations from v1 to v2
🔄 Migrating to schema v2...

To run this test again: /Users/kcdacre8tor/flutter/bin/cache/dart-sdk/bin/dart test /Users/kcdacre8tor/ everyday-christian/test/devotional_progress_test.dart -p vm --plain-name 'DevotionalProgressService Completion Tracking should get completion status for specific devotional'
  → Fixing favorite_verses foreign key...
00:29 +965 ~5 -142: /Users/kcdacre8tor/ everyday-christian/test/devotional_progress_test.dart: DevotionalProgressService Completion Tracking should handle marking non-existent devotional             
*** sqflite warning ***

You are changing sqflite default factory.
Be aware of the potential side effects. Any library using sqflite
will have this factory as the default for all operations.

*** sqflite warning ***

ℹ️ [2025-10-17 18:19:49.303] [INFO   ] [DatabaseHelper] Initializing database at: :memory:
00:29 +965 ~5 -142: /Users/kcdacre8tor/ everyday-christian/test/verse_service_test.dart: Theme-Based Search should filter by version in theme search                                                   
  → Fixing daily_verses foreign key...
00:29 +965 ~5 -142: /Users/kcdacre8tor/ everyday-christian/test/devotional_progress_test.dart: DevotionalProgressService Completion Tracking should handle marking non-existent devotional             
ℹ️ [2025-10-17 18:19:49.305] [INFO   ] [DatabaseHelper] Creating database schema v5
00:29 +965 ~5 -142: /Users/kcdacre8tor/ everyday-christian/test/verse_service_test.dart: Theme-Based Search should filter by version in theme search                                                   
  → Fixing verse_bookmarks foreign key...
  → Removing duplicate column from prayer_categories...
  → Creating performance indexes...
  → Creating timestamp triggers...
✅ Schema v2 migration complete!
✅ Database integrity verified
✅ Database migrations complete!
00:29 +966 ~5 -142: /Users/kcdacre8tor/ everyday-christian/test/screens/home_screen_test.dart: HomeScreen Widget Tests should handle error in stat data gracefully                                     00:29 +966 ~5 -142: /Users/kcdacre8tor/ everyday-christian/test/devotional_progress_test.dart: DevotionalProgressService Completion Tracking should handle marking non-existent devotional             
ℹ️ [2025-10-17 18:19:49.314] [INFO   ] [DatabaseHelper] Database schema created successfully
00:29 +966 ~5 -142: /Users/kcdacre8tor/ everyday-christian/test/verse_service_test.dart: Theme-Based Search should save theme search to history                                                        
ℹ️ [2025-10-17 18:19:49.315] [INFO   ] [DatabaseHelper] Initializing database at: :memory:
00:29 +966 ~5 -142: /Users/kcdacre8tor/ everyday-christian/test/devotional_progress_test.dart: DevotionalProgressService Completion Tracking should handle marking non-existent devotional             
📦 Running database migrations from v1 to v2
🔄 Migrating to schema v2...
00:29 +966 ~5 -142: /Users/kcdacre8tor/ everyday-christian/test/verse_service_test.dart: Theme-Based Search should save theme search to history                                                        
ℹ️ [2025-10-17 18:19:49.317] [INFO   ] [DatabaseHelper] Creating database schema v5
00:29 +966 ~5 -142: /Users/kcdacre8tor/ everyday-christian/test/devotional_progress_test.dart: DevotionalProgressService Completion Tracking should handle marking non-existent devotional             
  → Fixing favorite_verses foreign key...
  → Fixing daily_verses foreign key...
  → Fixing verse_bookmarks foreign key...
  → Removing duplicate column from prayer_categories...
  → Creating performance indexes...
  → Creating timestamp triggers...
✅ Schema v2 migration complete!
✅ Database integrity verified
00:29 +966 ~5 -142: /Users/kcdacre8tor/ everyday-christian/test/verse_service_test.dart: Theme-Based Search should save theme search to history                                                        
ℹ️ [2025-10-17 18:19:49.330] [INFO   ] [DatabaseHelper] Database schema created successfully
00:29 +966 ~5 -142: /Users/kcdacre8tor/ everyday-christian/test/devotional_progress_test.dart: DevotionalProgressService Completion Tracking should handle marking non-existent devotional             
✅ Database migrations complete!
00:29 +966 ~5 -142: /Users/kcdacre8tor/ everyday-christian/test/verse_service_test.dart: Theme-Based Search should save theme search to history                                                        
📦 Running database migrations from v1 to v2
🔄 Migrating to schema v2...
  → Fixing favorite_verses foreign key...
  → Fixing daily_verses foreign key...
  → Fixing verse_bookmarks foreign key...
00:29 +966 ~5 -143: /Users/kcdacre8tor/ everyday-christian/test/verse_service_test.dart: Theme-Based Search should save theme search to history                                                        
  → Removing duplicate column from prayer_categories...
  → Creating performance indexes...
00:29 +966 ~5 -143: /Users/kcdacre8tor/ everyday-christian/test/devotional_progress_test.dart: DevotionalProgressService Completion Tracking should handle marking non-existent devotional [E]         
  Binding has not yet been initialized.
  The "instance" getter on the ServicesBinding binding mixin is only available once that binding has been initialized.
  Typically, this is done by calling "WidgetsFlutterBinding.ensureInitialized()" or "runApp()" (the latter calls the former). Typically this call is done in the "void main()" method. The "ensureInitialized" method is idempotent; calling it multiple times is not harmful. After calling that method, the "instance" getter will return the binding.
  In a test, one can call "TestWidgetsFlutterBinding.ensureInitialized()" as the first line in the test's "main()" method to initialize the binding.
  If ServicesBinding is a custom binding mixin, there must also be a custom binding class, like WidgetsFlutterBinding, but that mixes in the selected binding, and that is the class that must be constructed before using the "instance" getter.
  package:flutter/src/foundation/binding.dart 314:9                                     BindingBase.checkInstance.<fn>
  package:flutter/src/foundation/binding.dart 401:6                                     BindingBase.checkInstance
  package:flutter/src/services/binding.dart 73:54                                       ServicesBinding.instance
  package:flutter/src/services/platform_channel.dart 179:25                             _findBinaryMessenger
  package:flutter/src/services/platform_channel.dart 320:56                             MethodChannel.binaryMessenger
  package:flutter/src/services/platform_channel.dart 360:17                             MethodChannel._invokeMethod
  package:flutter/src/services/platform_channel.dart 540:12                             MethodChannel.invokeMethod
  package:path_provider_platform_interface/src/method_channel_path_provider.dart 52:10  MethodChannelPathProvider.getApplicationDocumentsPath
  package:path_provider/path_provider.dart 121:40                                       getApplicationDocumentsDirectory
  package:everyday_christian/core/database/database_helper.dart 803:42                  DatabaseHelper.deleteDatabase
  package:everyday_christian/core/database/database_helper.dart 819:11                  DatabaseHelper.resetDatabase
  ===== asynchronous gap ===========================
  dart:async                                                                            _CustomZone.registerBinaryCallback
  test/devotional_progress_test.dart 33:7                                               main.<fn>.<fn>
  

To run this test again: /Users/kcdacre8tor/flutter/bin/cache/dart-sdk/bin/dart test /Users/kcdacre8tor/ everyday-christian/test/devotional_progress_test.dart -p vm --plain-name 'DevotionalProgressService Completion Tracking should handle marking non-existent devotional'
00:29 +966 ~5 -143: /Users/kcdacre8tor/ everyday-christian/test/verse_service_test.dart: Theme-Based Search should save theme search to history                                                        
  → Creating timestamp triggers...
00:29 +966 ~5 -143: /Users/kcdacre8tor/ everyday-christian/test/devotional_progress_test.dart: DevotionalProgressService Total Completed Count should return 0 when no devotionals are completed       
*** sqflite warning ***

You are changing sqflite default factory.
Be aware of the potential side effects. Any library using sqflite
will have this factory as the default for all operations.

*** sqflite warning ***

ℹ️ [2025-10-17 18:19:49.342] [INFO   ] [DatabaseHelper] Initializing database at: :memory:
00:29 +966 ~5 -143: /Users/kcdacre8tor/ everyday-christian/test/verse_service_test.dart: Theme-Based Search should save theme search to history                                                        
✅ Schema v2 migration complete!
✅ Database integrity verified
✅ Database migrations complete!
00:29 +966 ~5 -143: /Users/kcdacre8tor/ everyday-christian/test/devotional_progress_test.dart: DevotionalProgressService Total Completed Count should return 0 when no devotionals are completed       
ℹ️ [2025-10-17 18:19:49.343] [INFO   ] [DatabaseHelper] Creating database schema v5
00:29 +967 ~5 -143: /Users/kcdacre8tor/ everyday-christian/test/screens/home_screen_test.dart: HomeScreen Widget Tests should handle error in stat data gracefully                                     00:29 +967 ~5 -143: /Users/kcdacre8tor/ everyday-christian/test/verse_service_test.dart: Smart Daily Verse Selection should return a verse of the day                                                  
ℹ️ [2025-10-17 18:19:49.348] [INFO   ] [DatabaseHelper] Initializing database at: :memory:
ℹ️ [2025-10-17 18:19:49.349] [INFO   ] [DatabaseHelper] Creating database schema v5
00:29 +967 ~5 -143: /Users/kcdacre8tor/ everyday-christian/test/devotional_progress_test.dart: DevotionalProgressService Total Completed Count should return 0 when no devotionals are completed       
ℹ️ [2025-10-17 18:19:49.354] [INFO   ] [DatabaseHelper] Database schema created successfully
📦 Running database migrations from v1 to v2
🔄 Migrating to schema v2...
  → Fixing favorite_verses foreign key...
  → Fixing daily_verses foreign key...
00:29 +967 ~5 -143: /Users/kcdacre8tor/ everyday-christian/test/verse_service_test.dart: Smart Daily Verse Selection should return a verse of the day                                                  
ℹ️ [2025-10-17 18:19:49.359] [INFO   ] [DatabaseHelper] Database schema created successfully
00:29 +967 ~5 -143: /Users/kcdacre8tor/ everyday-christian/test/devotional_progress_test.dart: DevotionalProgressService Total Completed Count should return 0 when no devotionals are completed       
  → Fixing verse_bookmarks foreign key...
00:29 +967 ~5 -143: /Users/kcdacre8tor/ everyday-christian/test/verse_service_test.dart: Smart Daily Verse Selection should return a verse of the day                                                  
📦 Running database migrations from v1 to v2
🔄 Migrating to schema v2...
00:29 +967 ~5 -143: /Users/kcdacre8tor/ everyday-christian/test/devotional_progress_test.dart: DevotionalProgressService Total Completed Count should return 0 when no devotionals are completed       
  → Removing duplicate column from prayer_categories...
00:29 +967 ~5 -143: /Users/kcdacre8tor/ everyday-christian/test/verse_service_test.dart: Smart Daily Verse Selection should return a verse of the day                                                  
  → Fixing favorite_verses foreign key...
00:29 +967 ~5 -143: /Users/kcdacre8tor/ everyday-christian/test/devotional_progress_test.dart: DevotionalProgressService Total Completed Count should return 0 when no devotionals are completed       
  → Creating performance indexes...
00:29 +967 ~5 -143: /Users/kcdacre8tor/ everyday-christian/test/verse_service_test.dart: Smart Daily Verse Selection should return a verse of the day                                                  
  → Fixing daily_verses foreign key...
  → Fixing verse_bookmarks foreign key...
00:29 +967 ~5 -143: /Users/kcdacre8tor/ everyday-christian/test/devotional_progress_test.dart: DevotionalProgressService Total Completed Count should return 0 when no devotionals are completed       
  → Creating timestamp triggers...
✅ Schema v2 migration complete!
00:29 +967 ~5 -143: /Users/kcdacre8tor/ everyday-christian/test/verse_service_test.dart: Smart Daily Verse Selection should return a verse of the day                                                  
  → Removing duplicate column from prayer_categories...
00:29 +967 ~5 -143: /Users/kcdacre8tor/ everyday-christian/test/devotional_progress_test.dart: DevotionalProgressService Total Completed Count should return 0 when no devotionals are completed       
✅ Database integrity verified
✅ Database migrations complete!
00:29 +967 ~5 -143: /Users/kcdacre8tor/ everyday-christian/test/verse_service_test.dart: Smart Daily Verse Selection should return a verse of the day                                                  
  → Creating performance indexes...
  → Creating timestamp triggers...
✅ Schema v2 migration complete!
✅ Database integrity verified
✅ Database migrations complete!
00:29 +967 ~5 -144: /Users/kcdacre8tor/ everyday-christian/test/devotional_progress_test.dart: DevotionalProgressService Total Completed Count should return 0 when no devotionals are completed [E]   
  Binding has not yet been initialized.
  The "instance" getter on the ServicesBinding binding mixin is only available once that binding has been initialized.
  Typically, this is done by calling "WidgetsFlutterBinding.ensureInitialized()" or "runApp()" (the latter calls the former). Typically this call is done in the "void main()" method. The "ensureInitialized" method is idempotent; calling it multiple times is not harmful. After calling that method, the "instance" getter will return the binding.
  In a test, one can call "TestWidgetsFlutterBinding.ensureInitialized()" as the first line in the test's "main()" method to initialize the binding.
  If ServicesBinding is a custom binding mixin, there must also be a custom binding class, like WidgetsFlutterBinding, but that mixes in the selected binding, and that is the class that must be constructed before using the "instance" getter.
  package:flutter/src/foundation/binding.dart 314:9                                     BindingBase.checkInstance.<fn>
  package:flutter/src/foundation/binding.dart 401:6                                     BindingBase.checkInstance
  package:flutter/src/services/binding.dart 73:54                                       ServicesBinding.instance
  package:flutter/src/services/platform_channel.dart 179:25                             _findBinaryMessenger
  package:flutter/src/services/platform_channel.dart 320:56                             MethodChannel.binaryMessenger
  package:flutter/src/services/platform_channel.dart 360:17                             MethodChannel._invokeMethod
  package:flutter/src/services/platform_channel.dart 540:12                             MethodChannel.invokeMethod
  package:path_provider_platform_interface/src/method_channel_path_provider.dart 52:10  MethodChannelPathProvider.getApplicationDocumentsPath
  package:path_provider/path_provider.dart 121:40                                       getApplicationDocumentsDirectory
  package:everyday_christian/core/database/database_helper.dart 803:42                  DatabaseHelper.deleteDatabase
  package:everyday_christian/core/database/database_helper.dart 819:11                  DatabaseHelper.resetDatabase
  ===== asynchronous gap ===========================
  dart:async                                                                            _CustomZone.registerBinaryCallback
  test/devotional_progress_test.dart 33:7                                               main.<fn>.<fn>
  

To run this test again: /Users/kcdacre8tor/flutter/bin/cache/dart-sdk/bin/dart test /Users/kcdacre8tor/ everyday-christian/test/devotional_progress_test.dart -p vm --plain-name 'DevotionalProgressService Total Completed Count should return 0 when no devotionals are completed'
00:29 +967 ~5 -144: /Users/kcdacre8tor/ everyday-christian/test/devotional_progress_test.dart: DevotionalProgressService Total Completed Count should return correct count when devotionals are completed
*** sqflite warning ***

You are changing sqflite default factory.
Be aware of the potential side effects. Any library using sqflite
will have this factory as the default for all operations.

*** sqflite warning ***

ℹ️ [2025-10-17 18:19:49.375] [INFO   ] [DatabaseHelper] Initializing database at: :memory:
ℹ️ [2025-10-17 18:19:49.376] [INFO   ] [DatabaseHelper] Creating database schema v5
00:29 +967 ~5 -145: /Users/kcdacre8tor/ everyday-christian/test/devotional_progress_test.dart: DevotionalProgressService Total Completed Count should return correct count when devotionals are completed
ℹ️ [2025-10-17 18:19:49.386] [INFO   ] [DatabaseHelper] Database schema created successfully
📦 Running database migrations from v1 to v2
🔄 Migrating to schema v2...
  → Fixing favorite_verses foreign key...
  → Fixing daily_verses foreign key...
  → Fixing verse_bookmarks foreign key...
  → Removing duplicate column from prayer_categories...
  → Creating performance indexes...
  → Creating timestamp triggers...
✅ Schema v2 migration complete!
✅ Database integrity verified
✅ Database migrations complete!
00:29 +967 ~5 -146: /Users/kcdacre8tor/ everyday-christian/test/devotional_progress_test.dart: DevotionalProgressService Total Completed Count should return correct count when devotionals are completed [E]
  Binding has not yet been initialized.
  The "instance" getter on the ServicesBinding binding mixin is only available once that binding has been initialized.
  Typically, this is done by calling "WidgetsFlutterBinding.ensureInitialized()" or "runApp()" (the latter calls the former). Typically this call is done in the "void main()" method. The "ensureInitialized" method is idempotent; calling it multiple times is not harmful. After calling that method, the "instance" getter will return the binding.
  In a test, one can call "TestWidgetsFlutterBinding.ensureInitialized()" as the first line in the test's "main()" method to initialize the binding.
  If ServicesBinding is a custom binding mixin, there must also be a custom binding class, like WidgetsFlutterBinding, but that mixes in the selected binding, and that is the class that must be constructed before using the "instance" getter.
  package:flutter/src/foundation/binding.dart 314:9                                     BindingBase.checkInstance.<fn>
  package:flutter/src/foundation/binding.dart 401:6                                     BindingBase.checkInstance
  package:flutter/src/services/binding.dart 73:54                                       ServicesBinding.instance
  package:flutter/src/services/platform_channel.dart 179:25                             _findBinaryMessenger
  package:flutter/src/services/platform_channel.dart 320:56                             MethodChannel.binaryMessenger
  package:flutter/src/services/platform_channel.dart 360:17                             MethodChannel._invokeMethod
  package:flutter/src/services/platform_channel.dart 540:12                             MethodChannel.invokeMethod
  package:path_provider_platform_interface/src/method_channel_path_provider.dart 52:10  MethodChannelPathProvider.getApplicationDocumentsPath
  package:path_provider/path_provider.dart 121:40                                       getApplicationDocumentsDirectory
  package:everyday_christian/core/database/database_helper.dart 803:42                  DatabaseHelper.deleteDatabase
  package:everyday_christian/core/database/database_helper.dart 819:11                  DatabaseHelper.resetDatabase
  ===== asynchronous gap ===========================
  dart:async                                                                            _CustomZone.registerBinaryCallback
  test/devotional_progress_test.dart 33:7                                               main.<fn>.<fn>
  

To run this test again: /Users/kcdacre8tor/flutter/bin/cache/dart-sdk/bin/dart test /Users/kcdacre8tor/ everyday-christian/test/devotional_progress_test.dart -p vm --plain-name 'DevotionalProgressService Total Completed Count should return correct count when devotionals are completed'
00:29 +967 ~5 -146: /Users/kcdacre8tor/ everyday-christian/test/devotional_progress_test.dart: DevotionalProgressService Total Completed Count should update count when devotional is marked incomplete
*** sqflite warning ***

You are changing sqflite default factory.
Be aware of the potential side effects. Any library using sqflite
will have this factory as the default for all operations.

*** sqflite warning ***

ℹ️ [2025-10-17 18:19:49.408] [INFO   ] [DatabaseHelper] Initializing database at: :memory:
ℹ️ [2025-10-17 18:19:49.410] [INFO   ] [DatabaseHelper] Creating database schema v5
ℹ️ [2025-10-17 18:19:49.422] [INFO   ] [DatabaseHelper] Database schema created successfully
📦 Running database migrations from v1 to v2
🔄 Migrating to schema v2...
  → Fixing favorite_verses foreign key...
  → Fixing daily_verses foreign key...
00:29 +967 ~5 -146: /Users/kcdacre8tor/ everyday-christian/test/verse_service_test.dart: Smart Daily Verse Selection should return a verse of the day [E]                                              
  Expected: not null
    Actual: <null>
  
  package:matcher                                     expect
  package:flutter_test/src/widget_tester.dart 473:18  expect
  test/verse_service_test.dart 186:7                  main.<fn>.<fn>
  
00:29 +967 ~5 -146: /Users/kcdacre8tor/ everyday-christian/test/devotional_progress_test.dart: DevotionalProgressService Total Completed Count should update count when devotional is marked incomplete
  → Fixing verse_bookmarks foreign key...

To run this test again: /Users/kcdacre8tor/flutter/bin/cache/dart-sdk/bin/dart test /Users/kcdacre8tor/ everyday-christian/test/verse_service_test.dart -p vm --plain-name 'Smart Daily Verse Selection should return a verse of the day'
  → Removing duplicate column from prayer_categories...
  → Creating performance indexes...
00:29 +967 ~5 -146: /Users/kcdacre8tor/ everyday-christian/test/verse_service_test.dart: Smart Daily Verse Selection should return same verse when called multiple times same day                      
ℹ️ [2025-10-17 18:19:49.432] [INFO   ] [DatabaseHelper] Initializing database at: :memory:
00:29 +967 ~5 -146: /Users/kcdacre8tor/ everyday-christian/test/devotional_progress_test.dart: DevotionalProgressService Total Completed Count should update count when devotional is marked incomplete
  → Creating timestamp triggers...
00:29 +967 ~5 -146: /Users/kcdacre8tor/ everyday-christian/test/verse_service_test.dart: Smart Daily Verse Selection should return same verse when called multiple times same day                      
ℹ️ [2025-10-17 18:19:49.434] [INFO   ] [DatabaseHelper] Creating database schema v5
00:29 +967 ~5 -146: /Users/kcdacre8tor/ everyday-christian/test/devotional_progress_test.dart: DevotionalProgressService Total Completed Count should update count when devotional is marked incomplete
✅ Schema v2 migration complete!
✅ Database integrity verified
✅ Database migrations complete!
00:29 +967 ~5 -147: /Users/kcdacre8tor/ everyday-christian/test/devotional_progress_test.dart: DevotionalProgressService Total Completed Count should update count when devotional is marked incomplete [E]
  Binding has not yet been initialized.
  The "instance" getter on the ServicesBinding binding mixin is only available once that binding has been initialized.
  Typically, this is done by calling "WidgetsFlutterBinding.ensureInitialized()" or "runApp()" (the latter calls the former). Typically this call is done in the "void main()" method. The "ensureInitialized" method is idempotent; calling it multiple times is not harmful. After calling that method, the "instance" getter will return the binding.
  In a test, one can call "TestWidgetsFlutterBinding.ensureInitialized()" as the first line in the test's "main()" method to initialize the binding.
  If ServicesBinding is a custom binding mixin, there must also be a custom binding class, like WidgetsFlutterBinding, but that mixes in the selected binding, and that is the class that must be constructed before using the "instance" getter.
  package:flutter/src/foundation/binding.dart 314:9                                     BindingBase.checkInstance.<fn>
  package:flutter/src/foundation/binding.dart 401:6                                     BindingBase.checkInstance
  package:flutter/src/services/binding.dart 73:54                                       ServicesBinding.instance
  package:flutter/src/services/platform_channel.dart 179:25                             _findBinaryMessenger
  package:flutter/src/services/platform_channel.dart 320:56                             MethodChannel.binaryMessenger
  package:flutter/src/services/platform_channel.dart 360:17                             MethodChannel._invokeMethod
  package:flutter/src/services/platform_channel.dart 540:12                             MethodChannel.invokeMethod
  package:path_provider_platform_interface/src/method_channel_path_provider.dart 52:10  MethodChannelPathProvider.getApplicationDocumentsPath
  package:path_provider/path_provider.dart 121:40                                       getApplicationDocumentsDirectory
  package:everyday_christian/core/database/database_helper.dart 803:42                  DatabaseHelper.deleteDatabase
  package:everyday_christian/core/database/database_helper.dart 819:11                  DatabaseHelper.resetDatabase
  ===== asynchronous gap ===========================
  dart:async                                                                            _CustomZone.registerBinaryCallback
  test/devotional_progress_test.dart 33:7                                               main.<fn>.<fn>
  

To run this test again: /Users/kcdacre8tor/flutter/bin/cache/dart-sdk/bin/dart test /Users/kcdacre8tor/ everyday-christian/test/devotional_progress_test.dart -p vm --plain-name 'DevotionalProgressService Total Completed Count should update count when devotional is marked incomplete'
00:29 +967 ~5 -147: /Users/kcdacre8tor/ everyday-christian/test/devotional_progress_test.dart: DevotionalProgressService Streak Calculation should return 0 streak when no devotionals are completed   
*** sqflite warning ***

You are changing sqflite default factory.
Be aware of the potential side effects. Any library using sqflite
will have this factory as the default for all operations.

*** sqflite warning ***

ℹ️ [2025-10-17 18:19:49.447] [INFO   ] [DatabaseHelper] Initializing database at: :memory:
00:29 +967 ~5 -147: /Users/kcdacre8tor/ everyday-christian/test/verse_service_test.dart: Smart Daily Verse Selection should return same verse when called multiple times same day                      
ℹ️ [2025-10-17 18:19:49.447] [INFO   ] [DatabaseHelper] Database schema created successfully
📦 Running database migrations from v1 to v2
00:29 +967 ~5 -147: /Users/kcdacre8tor/ everyday-christian/test/devotional_progress_test.dart: DevotionalProgressService Streak Calculation should return 0 streak when no devotionals are completed   
ℹ️ [2025-10-17 18:19:49.449] [INFO   ] [DatabaseHelper] Creating database schema v5
00:29 +967 ~5 -147: /Users/kcdacre8tor/ everyday-christian/test/verse_service_test.dart: Smart Daily Verse Selection should return same verse when called multiple times same day                      
🔄 Migrating to schema v2...
  → Fixing favorite_verses foreign key...
  → Fixing daily_verses foreign key...
  → Fixing verse_bookmarks foreign key...
  → Removing duplicate column from prayer_categories...
  → Creating performance indexes...
  → Creating timestamp triggers...
✅ Schema v2 migration complete!
✅ Database integrity verified
✅ Database migrations complete!
00:29 +967 ~5 -147: /Users/kcdacre8tor/ everyday-christian/test/devotional_progress_test.dart: DevotionalProgressService Streak Calculation should return 0 streak when no devotionals are completed   
ℹ️ [2025-10-17 18:19:49.459] [INFO   ] [DatabaseHelper] Database schema created successfully
📦 Running database migrations from v1 to v2
🔄 Migrating to schema v2...
  → Fixing favorite_verses foreign key...
  → Fixing daily_verses foreign key...
  → Fixing verse_bookmarks foreign key...
00:29 +968 ~5 -147: /Users/kcdacre8tor/ everyday-christian/test/screens/home_screen_test.dart: HomeScreen Widget Tests should handle error in stat data gracefully                                     00:29 +968 ~5 -147: /Users/kcdacre8tor/ everyday-christian/test/devotional_progress_test.dart: DevotionalProgressService Streak Calculation should return 0 streak when no devotionals are completed   
  → Removing duplicate column from prayer_categories...
00:29 +968 ~5 -147: /Users/kcdacre8tor/ everyday-christian/test/verse_service_test.dart: Smart Daily Verse Selection should allow forcing a specific theme                                             
ℹ️ [2025-10-17 18:19:49.467] [INFO   ] [DatabaseHelper] Initializing database at: :memory:
00:29 +968 ~5 -147: /Users/kcdacre8tor/ everyday-christian/test/devotional_progress_test.dart: DevotionalProgressService Streak Calculation should return 0 streak when no devotionals are completed   
  → Creating performance indexes...
00:29 +968 ~5 -147: /Users/kcdacre8tor/ everyday-christian/test/verse_service_test.dart: Smart Daily Verse Selection should allow forcing a specific theme                                             
ℹ️ [2025-10-17 18:19:49.468] [INFO   ] [DatabaseHelper] Creating database schema v5
00:29 +968 ~5 -147: /Users/kcdacre8tor/ everyday-christian/test/devotional_progress_test.dart: DevotionalProgressService Streak Calculation should return 0 streak when no devotionals are completed   
  → Creating timestamp triggers...
✅ Schema v2 migration complete!
✅ Database integrity verified
✅ Database migrations complete!
00:29 +968 ~5 -148: /Users/kcdacre8tor/ everyday-christian/test/devotional_progress_test.dart: DevotionalProgressService Streak Calculation should return 0 streak when no devotionals are completed [E]
  Binding has not yet been initialized.
  The "instance" getter on the ServicesBinding binding mixin is only available once that binding has been initialized.
  Typically, this is done by calling "WidgetsFlutterBinding.ensureInitialized()" or "runApp()" (the latter calls the former). Typically this call is done in the "void main()" method. The "ensureInitialized" method is idempotent; calling it multiple times is not harmful. After calling that method, the "instance" getter will return the binding.
  In a test, one can call "TestWidgetsFlutterBinding.ensureInitialized()" as the first line in the test's "main()" method to initialize the binding.
  If ServicesBinding is a custom binding mixin, there must also be a custom binding class, like WidgetsFlutterBinding, but that mixes in the selected binding, and that is the class that must be constructed before using the "instance" getter.
  package:flutter/src/foundation/binding.dart 314:9                                     BindingBase.checkInstance.<fn>
  package:flutter/src/foundation/binding.dart 401:6                                     BindingBase.checkInstance
  package:flutter/src/services/binding.dart 73:54                                       ServicesBinding.instance
  package:flutter/src/services/platform_channel.dart 179:25                             _findBinaryMessenger
  package:flutter/src/services/platform_channel.dart 320:56                             MethodChannel.binaryMessenger
  package:flutter/src/services/platform_channel.dart 360:17                             MethodChannel._invokeMethod
  package:flutter/src/services/platform_channel.dart 540:12                             MethodChannel.invokeMethod
  package:path_provider_platform_interface/src/method_channel_path_provider.dart 52:10  MethodChannelPathProvider.getApplicationDocumentsPath
  package:path_provider/path_provider.dart 121:40                                       getApplicationDocumentsDirectory
  package:everyday_christian/core/database/database_helper.dart 803:42                  DatabaseHelper.deleteDatabase
  package:everyday_christian/core/database/database_helper.dart 819:11                  DatabaseHelper.resetDatabase
  ===== asynchronous gap ===========================
  dart:async                                                                            _CustomZone.registerBinaryCallback
  test/devotional_progress_test.dart 33:7                                               main.<fn>.<fn>
  

To run this test again: /Users/kcdacre8tor/flutter/bin/cache/dart-sdk/bin/dart test /Users/kcdacre8tor/ everyday-christian/test/devotional_progress_test.dart -p vm --plain-name 'DevotionalProgressService Streak Calculation should return 0 streak when no devotionals are completed'
00:29 +968 ~5 -148: /Users/kcdacre8tor/ everyday-christian/test/devotional_progress_test.dart: DevotionalProgressService Streak Calculation should return 1 when only today's devotional is completed  
*** sqflite warning ***

You are changing sqflite default factory.
Be aware of the potential side effects. Any library using sqflite
will have this factory as the default for all operations.

*** sqflite warning ***

00:29 +968 ~5 -148: /Users/kcdacre8tor/ everyday-christian/test/verse_service_test.dart: Smart Daily Verse Selection should allow forcing a specific theme                                             
ℹ️ [2025-10-17 18:19:49.479] [INFO   ] [DatabaseHelper] Database schema created successfully
00:29 +968 ~5 -148: /Users/kcdacre8tor/ everyday-christian/test/devotional_progress_test.dart: DevotionalProgressService Streak Calculation should return 1 when only today's devotional is completed  
ℹ️ [2025-10-17 18:19:49.479] [INFO   ] [DatabaseHelper] Initializing database at: :memory:
ℹ️ [2025-10-17 18:19:49.481] [INFO   ] [DatabaseHelper] Creating database schema v5
ℹ️ [2025-10-17 18:19:49.490] [INFO   ] [DatabaseHelper] Database schema created successfully
📦 Running database migrations from v1 to v2
🔄 Migrating to schema v2...
  → Fixing favorite_verses foreign key...
00:29 +968 ~5 -149: /Users/kcdacre8tor/ everyday-christian/test/devotional_progress_test.dart: DevotionalProgressService Streak Calculation should return 1 when only today's devotional is completed  
  → Fixing daily_verses foreign key...
00:29 +968 ~5 -149: /Users/kcdacre8tor/ everyday-christian/test/verse_service_test.dart: Smart Daily Verse Selection should allow forcing a specific theme [E]                                         
  Expected: not null
    Actual: <null>
  
  package:matcher                                     expect
  package:flutter_test/src/widget_tester.dart 473:18  expect
  test/verse_service_test.dart 198:7                  main.<fn>.<fn>
  
00:29 +968 ~5 -149: /Users/kcdacre8tor/ everyday-christian/test/devotional_progress_test.dart: DevotionalProgressService Streak Calculation should return 1 when only today's devotional is completed  
  → Fixing verse_bookmarks foreign key...

To run this test again: /Users/kcdacre8tor/flutter/bin/cache/dart-sdk/bin/dart test /Users/kcdacre8tor/ everyday-christian/test/verse_service_test.dart -p vm --plain-name 'Smart Daily Verse Selection should allow forcing a specific theme'
  → Removing duplicate column from prayer_categories...
  → Creating performance indexes...
  → Creating timestamp triggers...
✅ Schema v2 migration complete!
✅ Database integrity verified
✅ Database migrations complete!
00:29 +968 ~5 -150: /Users/kcdacre8tor/ everyday-christian/test/devotional_progress_test.dart: DevotionalProgressService Streak Calculation should return 1 when only today's devotional is completed [E]
  Binding has not yet been initialized.
  The "instance" getter on the ServicesBinding binding mixin is only available once that binding has been initialized.
  Typically, this is done by calling "WidgetsFlutterBinding.ensureInitialized()" or "runApp()" (the latter calls the former). Typically this call is done in the "void main()" method. The "ensureInitialized" method is idempotent; calling it multiple times is not harmful. After calling that method, the "instance" getter will return the binding.
  In a test, one can call "TestWidgetsFlutterBinding.ensureInitialized()" as the first line in the test's "main()" method to initialize the binding.
  If ServicesBinding is a custom binding mixin, there must also be a custom binding class, like WidgetsFlutterBinding, but that mixes in the selected binding, and that is the class that must be constructed before using the "instance" getter.
  package:flutter/src/foundation/binding.dart 314:9                                     BindingBase.checkInstance.<fn>
  package:flutter/src/foundation/binding.dart 401:6                                     BindingBase.checkInstance
  package:flutter/src/services/binding.dart 73:54                                       ServicesBinding.instance
  package:flutter/src/services/platform_channel.dart 179:25                             _findBinaryMessenger
  package:flutter/src/services/platform_channel.dart 320:56                             MethodChannel.binaryMessenger
  package:flutter/src/services/platform_channel.dart 360:17                             MethodChannel._invokeMethod
  package:flutter/src/services/platform_channel.dart 540:12                             MethodChannel.invokeMethod
  package:path_provider_platform_interface/src/method_channel_path_provider.dart 52:10  MethodChannelPathProvider.getApplicationDocumentsPath
  package:path_provider/path_provider.dart 121:40                                       getApplicationDocumentsDirectory
  package:everyday_christian/core/database/database_helper.dart 803:42                  DatabaseHelper.deleteDatabase
  package:everyday_christian/core/database/database_helper.dart 819:11                  DatabaseHelper.resetDatabase
  ===== asynchronous gap ===========================
  dart:async                                                                            _CustomZone.registerBinaryCallback
  test/devotional_progress_test.dart 33:7                                               main.<fn>.<fn>
  

To run this test again: /Users/kcdacre8tor/flutter/bin/cache/dart-sdk/bin/dart test /Users/kcdacre8tor/ everyday-christian/test/devotional_progress_test.dart -p vm --plain-name 'DevotionalProgressService Streak Calculation should return 1 when only today'\''s devotional is completed'
00:29 +968 ~5 -150: /Users/kcdacre8tor/ everyday-christian/test/devotional_progress_test.dart: DevotionalProgressService Streak Calculation should calculate consecutive day streak correctly          
*** sqflite warning ***

You are changing sqflite default factory.
Be aware of the potential side effects. Any library using sqflite
will have this factory as the default for all operations.

*** sqflite warning ***

ℹ️ [2025-10-17 18:19:49.511] [INFO   ] [DatabaseHelper] Initializing database at: :memory:
ℹ️ [2025-10-17 18:19:49.512] [INFO   ] [DatabaseHelper] Creating database schema v5
00:29 +968 ~5 -151: /Users/kcdacre8tor/ everyday-christian/test/devotional_progress_test.dart: DevotionalProgressService Streak Calculation should calculate consecutive day streak correctly          
ℹ️ [2025-10-17 18:19:49.521] [INFO   ] [DatabaseHelper] Database schema created successfully
📦 Running database migrations from v1 to v2
00:29 +968 ~5 -151: /Users/kcdacre8tor/ everyday-christian/test/verse_service_test.dart: Smart Daily Verse Selection should avoid recently shown verses [E]                                            
  Expected: not null
    Actual: <null>
  
  package:matcher                                     expect
  package:flutter_test/src/widget_tester.dart 473:18  expect
  test/verse_service_test.dart 207:7                  main.<fn>.<fn>
  
00:29 +968 ~5 -151: /Users/kcdacre8tor/ everyday-christian/test/devotional_progress_test.dart: DevotionalProgressService Streak Calculation should calculate consecutive day streak correctly          
🔄 Migrating to schema v2...
  → Fixing favorite_verses foreign key...

To run this test again: /Users/kcdacre8tor/flutter/bin/cache/dart-sdk/bin/dart test /Users/kcdacre8tor/ everyday-christian/test/verse_service_test.dart -p vm --plain-name 'Smart Daily Verse Selection should avoid recently shown verses'
  → Fixing daily_verses foreign key...
  → Fixing verse_bookmarks foreign key...
  → Removing duplicate column from prayer_categories...
  → Creating performance indexes...
  → Creating timestamp triggers...
✅ Schema v2 migration complete!
✅ Database integrity verified
✅ Database migrations complete!
00:29 +968 ~5 -152: /Users/kcdacre8tor/ everyday-christian/test/devotional_progress_test.dart: DevotionalProgressService Streak Calculation should calculate consecutive day streak correctly [E]      
  Binding has not yet been initialized.
  The "instance" getter on the ServicesBinding binding mixin is only available once that binding has been initialized.
  Typically, this is done by calling "WidgetsFlutterBinding.ensureInitialized()" or "runApp()" (the latter calls the former). Typically this call is done in the "void main()" method. The "ensureInitialized" method is idempotent; calling it multiple times is not harmful. After calling that method, the "instance" getter will return the binding.
  In a test, one can call "TestWidgetsFlutterBinding.ensureInitialized()" as the first line in the test's "main()" method to initialize the binding.
  If ServicesBinding is a custom binding mixin, there must also be a custom binding class, like WidgetsFlutterBinding, but that mixes in the selected binding, and that is the class that must be constructed before using the "instance" getter.
  package:flutter/src/foundation/binding.dart 314:9                                     BindingBase.checkInstance.<fn>
  package:flutter/src/foundation/binding.dart 401:6                                     BindingBase.checkInstance
  package:flutter/src/services/binding.dart 73:54                                       ServicesBinding.instance
  package:flutter/src/services/platform_channel.dart 179:25                             _findBinaryMessenger
  package:flutter/src/services/platform_channel.dart 320:56                             MethodChannel.binaryMessenger
  package:flutter/src/services/platform_channel.dart 360:17                             MethodChannel._invokeMethod
  package:flutter/src/services/platform_channel.dart 540:12                             MethodChannel.invokeMethod
  package:path_provider_platform_interface/src/method_channel_path_provider.dart 52:10  MethodChannelPathProvider.getApplicationDocumentsPath
  package:path_provider/path_provider.dart 121:40                                       getApplicationDocumentsDirectory
  package:everyday_christian/core/database/database_helper.dart 803:42                  DatabaseHelper.deleteDatabase
  package:everyday_christian/core/database/database_helper.dart 819:11                  DatabaseHelper.resetDatabase
  ===== asynchronous gap ===========================
  dart:async                                                                            _CustomZone.registerBinaryCallback
  test/devotional_progress_test.dart 33:7                                               main.<fn>.<fn>
  

To run this test again: /Users/kcdacre8tor/flutter/bin/cache/dart-sdk/bin/dart test /Users/kcdacre8tor/ everyday-christian/test/devotional_progress_test.dart -p vm --plain-name 'DevotionalProgressService Streak Calculation should calculate consecutive day streak correctly'
00:29 +968 ~5 -152: /Users/kcdacre8tor/ everyday-christian/test/devotional_progress_test.dart: DevotionalProgressService Streak Calculation should break streak when there is a gap                    
*** sqflite warning ***

You are changing sqflite default factory.
Be aware of the potential side effects. Any library using sqflite
will have this factory as the default for all operations.

*** sqflite warning ***

ℹ️ [2025-10-17 18:19:49.541] [INFO   ] [DatabaseHelper] Initializing database at: :memory:
ℹ️ [2025-10-17 18:19:49.554] [INFO   ] [DatabaseHelper] Creating database schema v5
00:29 +968 ~5 -153: /Users/kcdacre8tor/ everyday-christian/test/verse_service_test.dart: Smart Daily Verse Selection should use default preferences when none set [E]                                  
  Expected: not null
    Actual: <null>
  
  package:matcher                                     expect
  package:flutter_test/src/widget_tester.dart 473:18  expect
  test/verse_service_test.dart 233:7                  main.<fn>.<fn>
  

To run this test again: /Users/kcdacre8tor/flutter/bin/cache/dart-sdk/bin/dart test /Users/kcdacre8tor/ everyday-christian/test/verse_service_test.dart -p vm --plain-name 'Smart Daily Verse Selection should use default preferences when none set'
00:29 +968 ~5 -153: /Users/kcdacre8tor/ everyday-christian/test/devotional_progress_test.dart: DevotionalProgressService Streak Calculation should break streak when there is a gap                    
ℹ️ [2025-10-17 18:19:49.571] [INFO   ] [DatabaseHelper] Database schema created successfully
📦 Running database migrations from v1 to v2
🔄 Migrating to schema v2...
  → Fixing favorite_verses foreign key...
  → Fixing daily_verses foreign key...
  → Fixing verse_bookmarks foreign key...
  → Removing duplicate column from prayer_categories...
  → Creating performance indexes...
  → Creating timestamp triggers...
✅ Schema v2 migration complete!
✅ Database integrity verified
✅ Database migrations complete!
00:30 +968 ~5 -154: /Users/kcdacre8tor/ everyday-christian/test/devotional_progress_test.dart: DevotionalProgressService Streak Calculation should break streak when there is a gap                    00:30 +968 ~5 -154: /Users/kcdacre8tor/ everyday-christian/test/devotional_progress_test.dart: DevotionalProgressService Streak Calculation should break streak when there is a gap [E]                
  Binding has not yet been initialized.
  The "instance" getter on the ServicesBinding binding mixin is only available once that binding has been initialized.
  Typically, this is done by calling "WidgetsFlutterBinding.ensureInitialized()" or "runApp()" (the latter calls the former). Typically this call is done in the "void main()" method. The "ensureInitialized" method is idempotent; calling it multiple times is not harmful. After calling that method, the "instance" getter will return the binding.
  In a test, one can call "TestWidgetsFlutterBinding.ensureInitialized()" as the first line in the test's "main()" method to initialize the binding.
  If ServicesBinding is a custom binding mixin, there must also be a custom binding class, like WidgetsFlutterBinding, but that mixes in the selected binding, and that is the class that must be constructed before using the "instance" getter.
  package:flutter/src/foundation/binding.dart 314:9                                     BindingBase.checkInstance.<fn>
  package:flutter/src/foundation/binding.dart 401:6                                     BindingBase.checkInstance
  package:flutter/src/services/binding.dart 73:54                                       ServicesBinding.instance
  package:flutter/src/services/platform_channel.dart 179:25                             _findBinaryMessenger
  package:flutter/src/services/platform_channel.dart 320:56                             MethodChannel.binaryMessenger
  package:flutter/src/services/platform_channel.dart 360:17                             MethodChannel._invokeMethod
  package:flutter/src/services/platform_channel.dart 540:12                             MethodChannel.invokeMethod
  package:path_provider_platform_interface/src/method_channel_path_provider.dart 52:10  MethodChannelPathProvider.getApplicationDocumentsPath
  package:path_provider/path_provider.dart 121:40                                       getApplicationDocumentsDirectory
  package:everyday_christian/core/database/database_helper.dart 803:42                  DatabaseHelper.deleteDatabase
  package:everyday_christian/core/database/database_helper.dart 819:11                  DatabaseHelper.resetDatabase
  ===== asynchronous gap ===========================
  dart:async                                                                            _CustomZone.registerBinaryCallback
  test/devotional_progress_test.dart 33:7                                               main.<fn>.<fn>
  

To run this test again: /Users/kcdacre8tor/flutter/bin/cache/dart-sdk/bin/dart test /Users/kcdacre8tor/ everyday-christian/test/devotional_progress_test.dart -p vm --plain-name 'DevotionalProgressService Streak Calculation should break streak when there is a gap'
00:30 +968 ~5 -154: /Users/kcdacre8tor/ everyday-christian/test/devotional_progress_test.dart: DevotionalProgressService Streak Calculation should return 0 streak when last completion was more than 1 day ago
*** sqflite warning ***

You are changing sqflite default factory.
Be aware of the potential side effects. Any library using sqflite
will have this factory as the default for all operations.

*** sqflite warning ***

ℹ️ [2025-10-17 18:19:49.591] [INFO   ] [DatabaseHelper] Initializing database at: :memory:
ℹ️ [2025-10-17 18:19:49.593] [INFO   ] [DatabaseHelper] Creating database schema v5
00:30 +968 ~5 -155: /Users/kcdacre8tor/ everyday-christian/test/verse_service_test.dart: Smart Daily Verse Selection should record verse selection in history [E]                                      
  Expected: non-empty
    Actual: []
  
  package:matcher                                     expect
  package:flutter_test/src/widget_tester.dart 473:18  expect
  test/verse_service_test.dart 239:7                  main.<fn>.<fn>
  

To run this test again: /Users/kcdacre8tor/flutter/bin/cache/dart-sdk/bin/dart test /Users/kcdacre8tor/ everyday-christian/test/verse_service_test.dart -p vm --plain-name 'Smart Daily Verse Selection should record verse selection in history'
00:30 +968 ~5 -155: /Users/kcdacre8tor/ everyday-christian/test/devotional_progress_test.dart: DevotionalProgressService Streak Calculation should return 0 streak when last completion was more than 1 day ago
ℹ️ [2025-10-17 18:19:49.605] [INFO   ] [DatabaseHelper] Database schema created successfully
📦 Running database migrations from v1 to v2
🔄 Migrating to schema v2...
  → Fixing favorite_verses foreign key...
  → Fixing daily_verses foreign key...
  → Fixing verse_bookmarks foreign key...
  → Removing duplicate column from prayer_categories...
  → Creating performance indexes...
  → Creating timestamp triggers...
✅ Schema v2 migration complete!
✅ Database integrity verified
✅ Database migrations complete!
00:30 +969 ~5 -156: /Users/kcdacre8tor/ everyday-christian/test/screens/home_screen_test.dart: HomeScreen Widget Tests should handle error in stat data gracefully                                     00:30 +969 ~5 -156: /Users/kcdacre8tor/ everyday-christian/test/devotional_progress_test.dart: DevotionalProgressService Streak Calculation should return 0 streak when last completion was more than 1 day ago [E]
  Binding has not yet been initialized.
  The "instance" getter on the ServicesBinding binding mixin is only available once that binding has been initialized.
  Typically, this is done by calling "WidgetsFlutterBinding.ensureInitialized()" or "runApp()" (the latter calls the former). Typically this call is done in the "void main()" method. The "ensureInitialized" method is idempotent; calling it multiple times is not harmful. After calling that method, the "instance" getter will return the binding.
  In a test, one can call "TestWidgetsFlutterBinding.ensureInitialized()" as the first line in the test's "main()" method to initialize the binding.
  If ServicesBinding is a custom binding mixin, there must also be a custom binding class, like WidgetsFlutterBinding, but that mixes in the selected binding, and that is the class that must be constructed before using the "instance" getter.
  package:flutter/src/foundation/binding.dart 314:9                                     BindingBase.checkInstance.<fn>
  package:flutter/src/foundation/binding.dart 401:6                                     BindingBase.checkInstance
  package:flutter/src/services/binding.dart 73:54                                       ServicesBinding.instance
  package:flutter/src/services/platform_channel.dart 179:25                             _findBinaryMessenger
  package:flutter/src/services/platform_channel.dart 320:56                             MethodChannel.binaryMessenger
  package:flutter/src/services/platform_channel.dart 360:17                             MethodChannel._invokeMethod
  package:flutter/src/services/platform_channel.dart 540:12                             MethodChannel.invokeMethod
  package:path_provider_platform_interface/src/method_channel_path_provider.dart 52:10  MethodChannelPathProvider.getApplicationDocumentsPath
  package:path_provider/path_provider.dart 121:40                                       getApplicationDocumentsDirectory
  package:everyday_christian/core/database/database_helper.dart 803:42                  DatabaseHelper.deleteDatabase
  package:everyday_christian/core/database/database_helper.dart 819:11                  DatabaseHelper.resetDatabase
  ===== asynchronous gap ===========================
  dart:async                                                                            _CustomZone.registerBinaryCallback
  test/devotional_progress_test.dart 33:7                                               main.<fn>.<fn>
  

To run this test again: /Users/kcdacre8tor/flutter/bin/cache/dart-sdk/bin/dart test /Users/kcdacre8tor/ everyday-christian/test/devotional_progress_test.dart -p vm --plain-name 'DevotionalProgressService Streak Calculation should return 0 streak when last completion was more than 1 day ago'
00:30 +969 ~5 -156: /Users/kcdacre8tor/ everyday-christian/test/devotional_progress_test.dart: DevotionalProgressService Completion Percentage should return 0% when no devotionals are completed      
*** sqflite warning ***

You are changing sqflite default factory.
Be aware of the potential side effects. Any library using sqflite
will have this factory as the default for all operations.

*** sqflite warning ***

ℹ️ [2025-10-17 18:19:49.627] [INFO   ] [DatabaseHelper] Initializing database at: :memory:
ℹ️ [2025-10-17 18:19:49.629] [INFO   ] [DatabaseHelper] Creating database schema v5
ℹ️ [2025-10-17 18:19:49.639] [INFO   ] [DatabaseHelper] Database schema created successfully
📦 Running database migrations from v1 to v2
🔄 Migrating to schema v2...
  → Fixing favorite_verses foreign key...
  → Fixing daily_verses foreign key...
  → Fixing verse_bookmarks foreign key...
  → Removing duplicate column from prayer_categories...
  → Creating performance indexes...
00:30 +970 ~5 -156: /Users/kcdacre8tor/ everyday-christian/test/screens/home_screen_test.dart: HomeScreen Widget Tests should handle error in stat data gracefully                                     00:30 +970 ~5 -156: /Users/kcdacre8tor/ everyday-christian/test/devotional_progress_test.dart: DevotionalProgressService Completion Percentage should return 0% when no devotionals are completed      
  → Creating timestamp triggers...
✅ Schema v2 migration complete!
✅ Database integrity verified
✅ Database migrations complete!
00:30 +970 ~5 -157: /Users/kcdacre8tor/ everyday-christian/test/devotional_progress_test.dart: DevotionalProgressService Completion Percentage should return 0% when no devotionals are completed [E]  
  Binding has not yet been initialized.
  The "instance" getter on the ServicesBinding binding mixin is only available once that binding has been initialized.
  Typically, this is done by calling "WidgetsFlutterBinding.ensureInitialized()" or "runApp()" (the latter calls the former). Typically this call is done in the "void main()" method. The "ensureInitialized" method is idempotent; calling it multiple times is not harmful. After calling that method, the "instance" getter will return the binding.
  In a test, one can call "TestWidgetsFlutterBinding.ensureInitialized()" as the first line in the test's "main()" method to initialize the binding.
  If ServicesBinding is a custom binding mixin, there must also be a custom binding class, like WidgetsFlutterBinding, but that mixes in the selected binding, and that is the class that must be constructed before using the "instance" getter.
  package:flutter/src/foundation/binding.dart 314:9                                     BindingBase.checkInstance.<fn>
  package:flutter/src/foundation/binding.dart 401:6                                     BindingBase.checkInstance
  package:flutter/src/services/binding.dart 73:54                                       ServicesBinding.instance
  package:flutter/src/services/platform_channel.dart 179:25                             _findBinaryMessenger
  package:flutter/src/services/platform_channel.dart 320:56                             MethodChannel.binaryMessenger
  package:flutter/src/services/platform_channel.dart 360:17                             MethodChannel._invokeMethod
  package:flutter/src/services/platform_channel.dart 540:12                             MethodChannel.invokeMethod
  package:path_provider_platform_interface/src/method_channel_path_provider.dart 52:10  MethodChannelPathProvider.getApplicationDocumentsPath
  package:path_provider/path_provider.dart 121:40                                       getApplicationDocumentsDirectory
  package:everyday_christian/core/database/database_helper.dart 803:42                  DatabaseHelper.deleteDatabase
  package:everyday_christian/core/database/database_helper.dart 819:11                  DatabaseHelper.resetDatabase
  ===== asynchronous gap ===========================
  dart:async                                                                            _CustomZone.registerBinaryCallback
  test/devotional_progress_test.dart 33:7                                               main.<fn>.<fn>
  

To run this test again: /Users/kcdacre8tor/flutter/bin/cache/dart-sdk/bin/dart test /Users/kcdacre8tor/ everyday-christian/test/devotional_progress_test.dart -p vm --plain-name 'DevotionalProgressService Completion Percentage should return 0% when no devotionals are completed'
00:30 +970 ~5 -157: /Users/kcdacre8tor/ everyday-christian/test/devotional_progress_test.dart: DevotionalProgressService Completion Percentage should return 100% when all devotionals are completed   
*** sqflite warning ***

You are changing sqflite default factory.
Be aware of the potential side effects. Any library using sqflite
will have this factory as the default for all operations.

*** sqflite warning ***

ℹ️ [2025-10-17 18:19:49.658] [INFO   ] [DatabaseHelper] Initializing database at: :memory:
ℹ️ [2025-10-17 18:19:49.660] [INFO   ] [DatabaseHelper] Creating database schema v5
ℹ️ [2025-10-17 18:19:49.671] [INFO   ] [DatabaseHelper] Database schema created successfully
📦 Running database migrations from v1 to v2
🔄 Migrating to schema v2...
00:30 +971 ~5 -157: /Users/kcdacre8tor/ everyday-christian/test/screens/home_screen_test.dart: HomeScreen Widget Tests should handle error in stat data gracefully                                     00:30 +971 ~5 -157: /Users/kcdacre8tor/ everyday-christian/test/devotional_progress_test.dart: DevotionalProgressService Completion Percentage should return 100% when all devotionals are completed   
  → Fixing favorite_verses foreign key...
  → Fixing daily_verses foreign key...
  → Fixing verse_bookmarks foreign key...
  → Removing duplicate column from prayer_categories...
  → Creating performance indexes...
  → Creating timestamp triggers...
✅ Schema v2 migration complete!
✅ Database integrity verified
✅ Database migrations complete!
00:30 +971 ~5 -158: /Users/kcdacre8tor/ everyday-christian/test/devotional_progress_test.dart: DevotionalProgressService Completion Percentage should return 100% when all devotionals are completed [E]
  Binding has not yet been initialized.
  The "instance" getter on the ServicesBinding binding mixin is only available once that binding has been initialized.
  Typically, this is done by calling "WidgetsFlutterBinding.ensureInitialized()" or "runApp()" (the latter calls the former). Typically this call is done in the "void main()" method. The "ensureInitialized" method is idempotent; calling it multiple times is not harmful. After calling that method, the "instance" getter will return the binding.
  In a test, one can call "TestWidgetsFlutterBinding.ensureInitialized()" as the first line in the test's "main()" method to initialize the binding.
  If ServicesBinding is a custom binding mixin, there must also be a custom binding class, like WidgetsFlutterBinding, but that mixes in the selected binding, and that is the class that must be constructed before using the "instance" getter.
  package:flutter/src/foundation/binding.dart 314:9                                     BindingBase.checkInstance.<fn>
  package:flutter/src/foundation/binding.dart 401:6                                     BindingBase.checkInstance
  package:flutter/src/services/binding.dart 73:54                                       ServicesBinding.instance
  package:flutter/src/services/platform_channel.dart 179:25                             _findBinaryMessenger
  package:flutter/src/services/platform_channel.dart 320:56                             MethodChannel.binaryMessenger
  package:flutter/src/services/platform_channel.dart 360:17                             MethodChannel._invokeMethod
  package:flutter/src/services/platform_channel.dart 540:12                             MethodChannel.invokeMethod
  package:path_provider_platform_interface/src/method_channel_path_provider.dart 52:10  MethodChannelPathProvider.getApplicationDocumentsPath
  package:path_provider/path_provider.dart 121:40                                       getApplicationDocumentsDirectory
  package:everyday_christian/core/database/database_helper.dart 803:42                  DatabaseHelper.deleteDatabase
  package:everyday_christian/core/database/database_helper.dart 819:11                  DatabaseHelper.resetDatabase
  ===== asynchronous gap ===========================
  dart:async                                                                            _CustomZone.registerBinaryCallback
  test/devotional_progress_test.dart 33:7                                               main.<fn>.<fn>
  

To run this test again: /Users/kcdacre8tor/flutter/bin/cache/dart-sdk/bin/dart test /Users/kcdacre8tor/ everyday-christian/test/devotional_progress_test.dart -p vm --plain-name 'DevotionalProgressService Completion Percentage should return 100% when all devotionals are completed'
00:30 +971 ~5 -158: /Users/kcdacre8tor/ everyday-christian/test/devotional_progress_test.dart: DevotionalProgressService Completion Percentage should return correct percentage for partial completion 
*** sqflite warning ***

You are changing sqflite default factory.
Be aware of the potential side effects. Any library using sqflite
will have this factory as the default for all operations.

*** sqflite warning ***

ℹ️ [2025-10-17 18:19:49.693] [INFO   ] [DatabaseHelper] Initializing database at: :memory:
ℹ️ [2025-10-17 18:19:49.694] [INFO   ] [DatabaseHelper] Creating database schema v5
00:30 +972 ~5 -158: /Users/kcdacre8tor/ everyday-christian/test/screens/home_screen_test.dart: HomeScreen Widget Tests should handle error in stat data gracefully                                     00:30 +972 ~5 -158: /Users/kcdacre8tor/ everyday-christian/test/devotional_progress_test.dart: DevotionalProgressService Completion Percentage should return correct percentage for partial completion 
ℹ️ [2025-10-17 18:19:49.703] [INFO   ] [DatabaseHelper] Database schema created successfully
📦 Running database migrations from v1 to v2
🔄 Migrating to schema v2...
  → Fixing favorite_verses foreign key...
  → Fixing daily_verses foreign key...
  → Fixing verse_bookmarks foreign key...
  → Removing duplicate column from prayer_categories...
  → Creating performance indexes...
  → Creating timestamp triggers...
✅ Schema v2 migration complete!
✅ Database integrity verified
✅ Database migrations complete!
00:30 +973 ~5 -159: /Users/kcdacre8tor/ everyday-christian/test/screens/home_screen_test.dart: HomeScreen Widget Tests should handle error in stat data gracefully                                     00:30 +973 ~5 -159: /Users/kcdacre8tor/ everyday-christian/test/devotional_progress_test.dart: DevotionalProgressService Completion Percentage should return correct percentage for partial completion [E]
  Binding has not yet been initialized.
  The "instance" getter on the ServicesBinding binding mixin is only available once that binding has been initialized.
  Typically, this is done by calling "WidgetsFlutterBinding.ensureInitialized()" or "runApp()" (the latter calls the former). Typically this call is done in the "void main()" method. The "ensureInitialized" method is idempotent; calling it multiple times is not harmful. After calling that method, the "instance" getter will return the binding.
  In a test, one can call "TestWidgetsFlutterBinding.ensureInitialized()" as the first line in the test's "main()" method to initialize the binding.
  If ServicesBinding is a custom binding mixin, there must also be a custom binding class, like WidgetsFlutterBinding, but that mixes in the selected binding, and that is the class that must be constructed before using the "instance" getter.
  package:flutter/src/foundation/binding.dart 314:9                                     BindingBase.checkInstance.<fn>
  package:flutter/src/foundation/binding.dart 401:6                                     BindingBase.checkInstance
  package:flutter/src/services/binding.dart 73:54                                       ServicesBinding.instance
  package:flutter/src/services/platform_channel.dart 179:25                             _findBinaryMessenger
  package:flutter/src/services/platform_channel.dart 320:56                             MethodChannel.binaryMessenger
  package:flutter/src/services/platform_channel.dart 360:17                             MethodChannel._invokeMethod
  package:flutter/src/services/platform_channel.dart 540:12                             MethodChannel.invokeMethod
  package:path_provider_platform_interface/src/method_channel_path_provider.dart 52:10  MethodChannelPathProvider.getApplicationDocumentsPath
  package:path_provider/path_provider.dart 121:40                                       getApplicationDocumentsDirectory
  package:everyday_christian/core/database/database_helper.dart 803:42                  DatabaseHelper.deleteDatabase
  package:everyday_christian/core/database/database_helper.dart 819:11                  DatabaseHelper.resetDatabase
  ===== asynchronous gap ===========================
  dart:async                                                                            _CustomZone.registerBinaryCallback
  test/devotional_progress_test.dart 33:7                                               main.<fn>.<fn>
  

To run this test again: /Users/kcdacre8tor/flutter/bin/cache/dart-sdk/bin/dart test /Users/kcdacre8tor/ everyday-christian/test/devotional_progress_test.dart -p vm --plain-name 'DevotionalProgressService Completion Percentage should return correct percentage for partial completion'
00:30 +973 ~5 -159: /Users/kcdacre8tor/ everyday-christian/test/devotional_progress_test.dart: DevotionalProgressService Completed Devotionals List should return empty list when no devotionals are completed
*** sqflite warning ***

You are changing sqflite default factory.
Be aware of the potential side effects. Any library using sqflite
will have this factory as the default for all operations.

*** sqflite warning ***

ℹ️ [2025-10-17 18:19:49.723] [INFO   ] [DatabaseHelper] Initializing database at: :memory:
ℹ️ [2025-10-17 18:19:49.725] [INFO   ] [DatabaseHelper] Creating database schema v5
ℹ️ [2025-10-17 18:19:49.738] [INFO   ] [DatabaseHelper] Database schema created successfully
00:30 +974 ~5 -159: /Users/kcdacre8tor/ everyday-christian/test/screens/home_screen_test.dart: HomeScreen Widget Tests should handle error in stat data gracefully                                     00:30 +974 ~5 -160: /Users/kcdacre8tor/ everyday-christian/test/devotional_progress_test.dart: DevotionalProgressService Completed Devotionals List should return empty list when no devotionals are completed [E]
  Binding has not yet been initialized.
  The "instance" getter on the ServicesBinding binding mixin is only available once that binding has been initialized.
  Typically, this is done by calling "WidgetsFlutterBinding.ensureInitialized()" or "runApp()" (the latter calls the former). Typically this call is done in the "void main()" method. The "ensureInitialized" method is idempotent; calling it multiple times is not harmful. After calling that method, the "instance" getter will return the binding.
  In a test, one can call "TestWidgetsFlutterBinding.ensureInitialized()" as the first line in the test's "main()" method to initialize the binding.
  If ServicesBinding is a custom binding mixin, there must also be a custom binding class, like WidgetsFlutterBinding, but that mixes in the selected binding, and that is the class that must be constructed before using the "instance" getter.
  package:flutter/src/foundation/binding.dart 314:9                                     BindingBase.checkInstance.<fn>
  package:flutter/src/foundation/binding.dart 401:6                                     BindingBase.checkInstance
  package:flutter/src/services/binding.dart 73:54                                       ServicesBinding.instance
  package:flutter/src/services/platform_channel.dart 179:25                             _findBinaryMessenger
  package:flutter/src/services/platform_channel.dart 320:56                             MethodChannel.binaryMessenger
  package:flutter/src/services/platform_channel.dart 360:17                             MethodChannel._invokeMethod
  package:flutter/src/services/platform_channel.dart 540:12                             MethodChannel.invokeMethod
  package:path_provider_platform_interface/src/method_channel_path_provider.dart 52:10  MethodChannelPathProvider.getApplicationDocumentsPath
  package:path_provider/path_provider.dart 121:40                                       getApplicationDocumentsDirectory
  package:everyday_christian/core/database/database_helper.dart 803:42                  DatabaseHelper.deleteDatabase
  package:everyday_christian/core/database/database_helper.dart 819:11                  DatabaseHelper.resetDatabase
  ===== asynchronous gap ===========================
  dart:async                                                                            _CustomZone.registerBinaryCallback
  test/devotional_progress_test.dart 33:7                                               main.<fn>.<fn>
  

To run this test again: /Users/kcdacre8tor/flutter/bin/cache/dart-sdk/bin/dart test /Users/kcdacre8tor/ everyday-christian/test/devotional_progress_test.dart -p vm --plain-name 'DevotionalProgressService Completed Devotionals List should return empty list when no devotionals are completed'
00:30 +974 ~5 -160: /Users/kcdacre8tor/ everyday-christian/test/devotional_progress_test.dart: DevotionalProgressService Completed Devotionals List should return only completed devotionals           
*** sqflite warning ***

You are changing sqflite default factory.
Be aware of the potential side effects. Any library using sqflite
will have this factory as the default for all operations.

*** sqflite warning ***

00:30 +974 ~5 -160: /Users/kcdacre8tor/ everyday-christian/test/screens/home_screen_test.dart: HomeScreen Widget Tests should handle error in stat data gracefully                                     
══╡ EXCEPTION CAUGHT BY FLUTTER TEST FRAMEWORK ╞════════════════════════════════════════════════════
The following assertion was thrown running a test:
pumpAndSettle timed out

When the exception was thrown, this was the stack:
#0      WidgetTester.pumpAndSettle.<anonymous closure> (package:flutter_test/src/widget_tester.dart:717:11)
<asynchronous suspension>
#1      TestAsyncUtils.guard.<anonymous closure> (package:flutter_test/src/test_async_utils.dart:130:27)
<asynchronous suspension>
#2      main.<anonymous closure>.<anonymous closure> (file:///Users/kcdacre8tor/%20everyday-christian/test/screens/home_screen_test.dart:124:7)
<asynchronous suspension>
#3      testWidgets.<anonymous closure>.<anonymous closure> (package:flutter_test/src/widget_tester.dart:192:15)
<asynchronous suspension>
#4      TestWidgetsFlutterBinding._runTestBody (package:flutter_test/src/binding.dart:1059:5)
<asynchronous suspension>
<asynchronous suspension>
(elided one frame from package:stack_trace)

The test description was:
  should handle error in stat data gracefully
════════════════════════════════════════════════════════════════════════════════════════════════════
00:30 +974 ~5 -161: /Users/kcdacre8tor/ everyday-christian/test/screens/home_screen_test.dart: HomeScreen Widget Tests should handle error in stat data gracefully [E]                                 
  Test failed. See exception logs above.
  The test description was: should handle error in stat data gracefully
  

To run this test again: /Users/kcdacre8tor/flutter/bin/cache/dart-sdk/bin/dart test /Users/kcdacre8tor/ everyday-christian/test/screens/home_screen_test.dart -p vm --plain-name 'HomeScreen Widget Tests should handle error in stat data gracefully'
00:30 +975 ~5 -161: /Users/kcdacre8tor/ everyday-christian/test/devotional_progress_test.dart: DevotionalProgressService Completed Devotionals List should return only completed devotionals           00:30 +975 ~5 -162: /Users/kcdacre8tor/ everyday-christian/test/devotional_progress_test.dart: DevotionalProgressService Completed Devotionals List should return only completed devotionals [E]       
  Binding has not yet been initialized.
  The "instance" getter on the ServicesBinding binding mixin is only available once that binding has been initialized.
  Typically, this is done by calling "WidgetsFlutterBinding.ensureInitialized()" or "runApp()" (the latter calls the former). Typically this call is done in the "void main()" method. The "ensureInitialized" method is idempotent; calling it multiple times is not harmful. After calling that method, the "instance" getter will return the binding.
  In a test, one can call "TestWidgetsFlutterBinding.ensureInitialized()" as the first line in the test's "main()" method to initialize the binding.
  If ServicesBinding is a custom binding mixin, there must also be a custom binding class, like WidgetsFlutterBinding, but that mixes in the selected binding, and that is the class that must be constructed before using the "instance" getter.
  package:flutter/src/foundation/binding.dart 314:9                                     BindingBase.checkInstance.<fn>
  package:flutter/src/foundation/binding.dart 401:6                                     BindingBase.checkInstance
  package:flutter/src/services/binding.dart 73:54                                       ServicesBinding.instance
  package:flutter/src/services/platform_channel.dart 179:25                             _findBinaryMessenger
  package:flutter/src/services/platform_channel.dart 320:56                             MethodChannel.binaryMessenger
  package:flutter/src/services/platform_channel.dart 360:17                             MethodChannel._invokeMethod
  package:flutter/src/services/platform_channel.dart 540:12                             MethodChannel.invokeMethod
  package:path_provider_platform_interface/src/method_channel_path_provider.dart 52:10  MethodChannelPathProvider.getApplicationDocumentsPath
  package:path_provider/path_provider.dart 121:40                                       getApplicationDocumentsDirectory
  package:everyday_christian/core/database/database_helper.dart 803:42                  DatabaseHelper.deleteDatabase
  package:everyday_christian/core/database/database_helper.dart 819:11                  DatabaseHelper.resetDatabase
  ===== asynchronous gap ===========================
  dart:async                                                                            _CustomZone.registerBinaryCallback
  test/devotional_progress_test.dart 33:7                                               main.<fn>.<fn>
  

To run this test again: /Users/kcdacre8tor/flutter/bin/cache/dart-sdk/bin/dart test /Users/kcdacre8tor/ everyday-christian/test/devotional_progress_test.dart -p vm --plain-name 'DevotionalProgressService Completed Devotionals List should return only completed devotionals'
00:30 +975 ~5 -162: /Users/kcdacre8tor/ everyday-christian/test/devotional_progress_test.dart: DevotionalProgressService Completed Devotionals List should return devotionals sorted by completion date (newest first)
*** sqflite warning ***

You are changing sqflite default factory.
Be aware of the potential side effects. Any library using sqflite
will have this factory as the default for all operations.

*** sqflite warning ***

00:30 +976 ~5 -162: /Users/kcdacre8tor/ everyday-christian/test/screens/home_screen_test.dart: HomeScreen Widget Tests should navigate to chat when AI Guidance is tapped                              00:30 +977 ~5 -162: /Users/kcdacre8tor/ everyday-christian/test/screens/home_screen_test.dart: HomeScreen Widget Tests should navigate to chat when AI Guidance is tapped                              00:30 +977 ~5 -163: /Users/kcdacre8tor/ everyday-christian/test/verse_service_test.dart: Bookmark Operations should replace existing bookmark on conflict [E]                                          
  Expected: 'Second'
    Actual: 'First'
     Which: is different.
            Expected: Second
              Actual: First
                      ^
             Differ at offset 0
  
  package:matcher                                     expect
  package:flutter_test/src/widget_tester.dart 473:18  expect
  test/verse_service_test.dart 314:7                  main.<fn>.<fn>
  

To run this test again: /Users/kcdacre8tor/flutter/bin/cache/dart-sdk/bin/dart test /Users/kcdacre8tor/ everyday-christian/test/verse_service_test.dart -p vm --plain-name 'Bookmark Operations should replace existing bookmark on conflict'
00:30 +978 ~5 -163: /Users/kcdacre8tor/ everyday-christian/test/screens/home_screen_test.dart: HomeScreen Widget Tests should navigate to chat when AI Guidance is tapped                              00:30 +979 ~5 -163: /Users/kcdacre8tor/ everyday-christian/test/screens/home_screen_test.dart: HomeScreen Widget Tests should navigate to chat when AI Guidance is tapped                              00:30 +980 ~5 -163: /Users/kcdacre8tor/ everyday-christian/test/screens/home_screen_test.dart: HomeScreen Widget Tests should navigate to chat when AI Guidance is tapped                              00:30 +981 ~5 -163: /Users/kcdacre8tor/ everyday-christian/test/screens/home_screen_test.dart: HomeScreen Widget Tests should navigate to chat when AI Guidance is tapped                              00:30 +982 ~5 -163: /Users/kcdacre8tor/ everyday-christian/test/screens/home_screen_test.dart: HomeScreen Widget Tests should navigate to chat when AI Guidance is tapped                              00:30 +983 ~5 -163: /Users/kcdacre8tor/ everyday-christian/test/screens/home_screen_test.dart: HomeScreen Widget Tests should navigate to chat when AI Guidance is tapped                              00:30 +983 ~5 -164: /Users/kcdacre8tor/ everyday-christian/test/verse_service_test.dart: Verse Preferences should update preferred themes [E]                                                          
  Expected: not null
    Actual: <null>
  
  package:matcher                                     expect
  package:flutter_test/src/widget_tester.dart 473:18  expect
  test/verse_service_test.dart 370:7                  main.<fn>.<fn>
  

To run this test again: /Users/kcdacre8tor/flutter/bin/cache/dart-sdk/bin/dart test /Users/kcdacre8tor/ everyday-christian/test/verse_service_test.dart -p vm --plain-name 'Verse Preferences should update preferred themes'
00:30 +983 ~5 -165: /Users/kcdacre8tor/ everyday-christian/test/devotional_progress_test.dart: DevotionalProgressService Completed Devotionals List should return devotionals sorted by completion date (newest first) [E]
  Binding has not yet been initialized.
  The "instance" getter on the ServicesBinding binding mixin is only available once that binding has been initialized.
  Typically, this is done by calling "WidgetsFlutterBinding.ensureInitialized()" or "runApp()" (the latter calls the former). Typically this call is done in the "void main()" method. The "ensureInitialized" method is idempotent; calling it multiple times is not harmful. After calling that method, the "instance" getter will return the binding.
  In a test, one can call "TestWidgetsFlutterBinding.ensureInitialized()" as the first line in the test's "main()" method to initialize the binding.
  If ServicesBinding is a custom binding mixin, there must also be a custom binding class, like WidgetsFlutterBinding, but that mixes in the selected binding, and that is the class that must be constructed before using the "instance" getter.
  package:flutter/src/foundation/binding.dart 314:9                                     BindingBase.checkInstance.<fn>
  package:flutter/src/foundation/binding.dart 401:6                                     BindingBase.checkInstance
  package:flutter/src/services/binding.dart 73:54                                       ServicesBinding.instance
  package:flutter/src/services/platform_channel.dart 179:25                             _findBinaryMessenger
  package:flutter/src/services/platform_channel.dart 320:56                             MethodChannel.binaryMessenger
  package:flutter/src/services/platform_channel.dart 360:17                             MethodChannel._invokeMethod
  package:flutter/src/services/platform_channel.dart 540:12                             MethodChannel.invokeMethod
  package:path_provider_platform_interface/src/method_channel_path_provider.dart 52:10  MethodChannelPathProvider.getApplicationDocumentsPath
  package:path_provider/path_provider.dart 121:40                                       getApplicationDocumentsDirectory
  package:everyday_christian/core/database/database_helper.dart 803:42                  DatabaseHelper.deleteDatabase
  package:everyday_christian/core/database/database_helper.dart 819:11                  DatabaseHelper.resetDatabase
  ===== asynchronous gap ===========================
  dart:async                                                                            _CustomZone.registerBinaryCallback
  test/devotional_progress_test.dart 33:7                                               main.<fn>.<fn>
  

To run this test again: /Users/kcdacre8tor/flutter/bin/cache/dart-sdk/bin/dart test /Users/kcdacre8tor/ everyday-christian/test/devotional_progress_test.dart -p vm --plain-name 'DevotionalProgressService Completed Devotionals List should return devotionals sorted by completion date (newest first)'
00:30 +983 ~5 -165: /Users/kcdacre8tor/ everyday-christian/test/devotional_progress_test.dart: DevotionalProgressService Completed Devotionals List should have completion dates set for all completed devotionals
*** sqflite warning ***

You are changing sqflite default factory.
Be aware of the potential side effects. Any library using sqflite
will have this factory as the default for all operations.

*** sqflite warning ***

00:30 +983 ~5 -166: /Users/kcdacre8tor/ everyday-christian/test/verse_service_test.dart: Verse Preferences should update avoid recent days [E]                                                         
  Expected: not null
    Actual: <null>
  
  package:matcher                                     expect
  package:flutter_test/src/widget_tester.dart 473:18  expect
  test/verse_service_test.dart 376:7                  main.<fn>.<fn>
  

To run this test again: /Users/kcdacre8tor/flutter/bin/cache/dart-sdk/bin/dart test /Users/kcdacre8tor/ everyday-christian/test/verse_service_test.dart -p vm --plain-name 'Verse Preferences should update avoid recent days'
00:30 +983 ~5 -167: /Users/kcdacre8tor/ everyday-christian/test/devotional_progress_test.dart: DevotionalProgressService Completed Devotionals List should have completion dates set for all completed devotionals [E]
  Binding has not yet been initialized.
  The "instance" getter on the ServicesBinding binding mixin is only available once that binding has been initialized.
  Typically, this is done by calling "WidgetsFlutterBinding.ensureInitialized()" or "runApp()" (the latter calls the former). Typically this call is done in the "void main()" method. The "ensureInitialized" method is idempotent; calling it multiple times is not harmful. After calling that method, the "instance" getter will return the binding.
  In a test, one can call "TestWidgetsFlutterBinding.ensureInitialized()" as the first line in the test's "main()" method to initialize the binding.
  If ServicesBinding is a custom binding mixin, there must also be a custom binding class, like WidgetsFlutterBinding, but that mixes in the selected binding, and that is the class that must be constructed before using the "instance" getter.
  package:flutter/src/foundation/binding.dart 314:9                                     BindingBase.checkInstance.<fn>
  package:flutter/src/foundation/binding.dart 401:6                                     BindingBase.checkInstance
  package:flutter/src/services/binding.dart 73:54                                       ServicesBinding.instance
  package:flutter/src/services/platform_channel.dart 179:25                             _findBinaryMessenger
  package:flutter/src/services/platform_channel.dart 320:56                             MethodChannel.binaryMessenger
  package:flutter/src/services/platform_channel.dart 360:17                             MethodChannel._invokeMethod
  package:flutter/src/services/platform_channel.dart 540:12                             MethodChannel.invokeMethod
  package:path_provider_platform_interface/src/method_channel_path_provider.dart 52:10  MethodChannelPathProvider.getApplicationDocumentsPath
  package:path_provider/path_provider.dart 121:40                                       getApplicationDocumentsDirectory
  package:everyday_christian/core/database/database_helper.dart 803:42                  DatabaseHelper.deleteDatabase
  package:everyday_christian/core/database/database_helper.dart 819:11                  DatabaseHelper.resetDatabase
  ===== asynchronous gap ===========================
  dart:async                                                                            _CustomZone.registerBinaryCallback
  test/devotional_progress_test.dart 33:7                                               main.<fn>.<fn>
  

To run this test again: /Users/kcdacre8tor/flutter/bin/cache/dart-sdk/bin/dart test /Users/kcdacre8tor/ everyday-christian/test/devotional_progress_test.dart -p vm --plain-name 'DevotionalProgressService Completed Devotionals List should have completion dates set for all completed devotionals'
00:30 +983 ~5 -167: /Users/kcdacre8tor/ everyday-christian/test/devotional_progress_test.dart: DevotionalProgressService Edge Cases and Error Handling should handle multiple completions of same devotional
*** sqflite warning ***

You are changing sqflite default factory.
Be aware of the potential side effects. Any library using sqflite
will have this factory as the default for all operations.

*** sqflite warning ***

00:30 +984 ~5 -167: /Users/kcdacre8tor/ everyday-christian/test/screens/home_screen_test.dart: HomeScreen Widget Tests should navigate to chat when AI Guidance is tapped                              00:30 +984 ~5 -168: /Users/kcdacre8tor/ everyday-christian/test/verse_service_test.dart: Verse Preferences should get daily verse history [E]                                                          
  Expected: non-empty
    Actual: []
  
  package:matcher                                     expect
  package:flutter_test/src/widget_tester.dart 473:18  expect
  test/verse_service_test.dart 389:7                  main.<fn>.<fn>
  

To run this test again: /Users/kcdacre8tor/flutter/bin/cache/dart-sdk/bin/dart test /Users/kcdacre8tor/ everyday-christian/test/verse_service_test.dart -p vm --plain-name 'Verse Preferences should get daily verse history'
00:30 +985 ~5 -168: /Users/kcdacre8tor/ everyday-christian/test/screens/home_screen_test.dart: HomeScreen Widget Tests should navigate to chat when AI Guidance is tapped                              00:30 +986 ~5 -168: /Users/kcdacre8tor/ everyday-christian/test/screens/home_screen_test.dart: HomeScreen Widget Tests should navigate to chat when AI Guidance is tapped                              00:30 +986 ~5 -169: /Users/kcdacre8tor/ everyday-christian/test/verse_service_test.dart: Verse Retrieval should get verse by reference [E]                                                             
  SqfliteFfiException(sqlite_error: 1, , SqliteException(1): while preparing statement, no such table: verses, SQL logic error (code 1)
    Causing statement: SELECT * FROM verses WHERE version = ? AND book = ? AND chapter = ? AND verse = ? LIMIT 1}) DatabaseException(SqliteException(1): while preparing statement, no such table: verses, SQL logic error (code 1)
    Causing statement: SELECT * FROM verses WHERE version = ? AND book = ? AND chapter = ? AND verse = ? LIMIT 1) sql 'SELECT * FROM verses WHERE version = ? AND book = ? AND chapter = ? AND verse = ? LIMIT 1' args [KJV, John, 3, 16] {details: {database: {path: :memory:, id: 45, readOnly: false, singleInstance: false}}}
  package:sqflite_common_ffi/src/method_call.dart 125:9  responseToResultOrThrow
  package:sqflite_common_ffi/src/isolate.dart 35:12      SqfliteIsolate.handle
  

To run this test again: /Users/kcdacre8tor/flutter/bin/cache/dart-sdk/bin/dart test /Users/kcdacre8tor/ everyday-christian/test/verse_service_test.dart -p vm --plain-name 'Verse Retrieval should get verse by reference'
00:30 +986 ~5 -170: /Users/kcdacre8tor/ everyday-christian/test/verse_service_test.dart: Verse Retrieval should return null for non-existent reference [E]                                             
  SqfliteFfiException(sqlite_error: 1, , SqliteException(1): while preparing statement, no such table: verses, SQL logic error (code 1)
    Causing statement: SELECT * FROM verses WHERE version = ? AND book = ? AND chapter = ? AND verse = ? LIMIT 1}) DatabaseException(SqliteException(1): while preparing statement, no such table: verses, SQL logic error (code 1)
    Causing statement: SELECT * FROM verses WHERE version = ? AND book = ? AND chapter = ? AND verse = ? LIMIT 1) sql 'SELECT * FROM verses WHERE version = ? AND book = ? AND chapter = ? AND verse = ? LIMIT 1' args [WEB, NonExistent, 999, 999] {details: {database: {path: :memory:, id: 46, readOnly: false, singleInstance: false}}}
  package:sqflite_common_ffi/src/method_call.dart 125:9  responseToResultOrThrow
  package:sqflite_common_ffi/src/isolate.dart 35:12      SqfliteIsolate.handle
  

To run this test again: /Users/kcdacre8tor/flutter/bin/cache/dart-sdk/bin/dart test /Users/kcdacre8tor/ everyday-christian/test/verse_service_test.dart -p vm --plain-name 'Verse Retrieval should return null for non-existent reference'
00:30 +986 ~5 -171: /Users/kcdacre8tor/ everyday-christian/test/devotional_progress_test.dart: DevotionalProgressService Edge Cases and Error Handling should handle multiple completions of same devotional [E]
  Binding has not yet been initialized.
  The "instance" getter on the ServicesBinding binding mixin is only available once that binding has been initialized.
  Typically, this is done by calling "WidgetsFlutterBinding.ensureInitialized()" or "runApp()" (the latter calls the former). Typically this call is done in the "void main()" method. The "ensureInitialized" method is idempotent; calling it multiple times is not harmful. After calling that method, the "instance" getter will return the binding.
  In a test, one can call "TestWidgetsFlutterBinding.ensureInitialized()" as the first line in the test's "main()" method to initialize the binding.
  If ServicesBinding is a custom binding mixin, there must also be a custom binding class, like WidgetsFlutterBinding, but that mixes in the selected binding, and that is the class that must be constructed before using the "instance" getter.
  package:flutter/src/foundation/binding.dart 314:9                                     BindingBase.checkInstance.<fn>
  package:flutter/src/foundation/binding.dart 401:6                                     BindingBase.checkInstance
  package:flutter/src/services/binding.dart 73:54                                       ServicesBinding.instance
  package:flutter/src/services/platform_channel.dart 179:25                             _findBinaryMessenger
  package:flutter/src/services/platform_channel.dart 320:56                             MethodChannel.binaryMessenger
  package:flutter/src/services/platform_channel.dart 360:17                             MethodChannel._invokeMethod
  package:flutter/src/services/platform_channel.dart 540:12                             MethodChannel.invokeMethod
  package:path_provider_platform_interface/src/method_channel_path_provider.dart 52:10  MethodChannelPathProvider.getApplicationDocumentsPath
  package:path_provider/path_provider.dart 121:40                                       getApplicationDocumentsDirectory
  package:everyday_christian/core/database/database_helper.dart 803:42                  DatabaseHelper.deleteDatabase
  package:everyday_christian/core/database/database_helper.dart 819:11                  DatabaseHelper.resetDatabase
  ===== asynchronous gap ===========================
  dart:async                                                                            _CustomZone.registerBinaryCallback
  test/devotional_progress_test.dart 33:7                                               main.<fn>.<fn>
  

To run this test again: /Users/kcdacre8tor/flutter/bin/cache/dart-sdk/bin/dart test /Users/kcdacre8tor/ everyday-christian/test/devotional_progress_test.dart -p vm --plain-name 'DevotionalProgressService Edge Cases and Error Handling should handle multiple completions of same devotional'
00:30 +986 ~5 -171: /Users/kcdacre8tor/ everyday-christian/test/devotional_progress_test.dart: DevotionalProgressService Edge Cases and Error Handling should handle concurrent completion operations  
*** sqflite warning ***

You are changing sqflite default factory.
Be aware of the potential side effects. Any library using sqflite
will have this factory as the default for all operations.

*** sqflite warning ***

00:30 +986 ~5 -172: /Users/kcdacre8tor/ everyday-christian/test/verse_service_test.dart: Verse Retrieval should search Bible text [E]                                                                  
  SqfliteFfiException(sqlite_error: 1, , SqliteException(1): while preparing statement, no such table: verses, SQL logic error (code 1)
    Causing statement: SELECT * FROM verses WHERE version = ? AND text LIKE ? LIMIT 50}) DatabaseException(SqliteException(1): while preparing statement, no such table: verses, SQL logic error (code 1)
    Causing statement: SELECT * FROM verses WHERE version = ? AND text LIKE ? LIMIT 50) sql 'SELECT * FROM verses WHERE version = ? AND text LIKE ? LIMIT 50' args [WEB, %shepherd%] {details: {database: {path: :memory:, id: 47, readOnly: false, singleInstance: false}}}
  package:sqflite_common_ffi/src/method_call.dart 125:9  responseToResultOrThrow
  package:sqflite_common_ffi/src/isolate.dart 35:12      SqfliteIsolate.handle
  

To run this test again: /Users/kcdacre8tor/flutter/bin/cache/dart-sdk/bin/dart test /Users/kcdacre8tor/ everyday-christian/test/verse_service_test.dart -p vm --plain-name 'Verse Retrieval should search Bible text'
00:30 +986 ~5 -173: /Users/kcdacre8tor/ everyday-christian/test/verse_service_test.dart: Verse Retrieval should filter text search by version [E]                                                      
  SqfliteFfiException(sqlite_error: 1, , SqliteException(1): while preparing statement, no such table: verses, SQL logic error (code 1)
    Causing statement: SELECT * FROM verses WHERE version = ? AND text LIKE ? LIMIT 50}) DatabaseException(SqliteException(1): while preparing statement, no such table: verses, SQL logic error (code 1)
    Causing statement: SELECT * FROM verses WHERE version = ? AND text LIKE ? LIMIT 50) sql 'SELECT * FROM verses WHERE version = ? AND text LIKE ? LIMIT 50' args [KJV, %God%] {details: {database: {path: :memory:, id: 48, readOnly: false, singleInstance: false}}}
  package:sqflite_common_ffi/src/method_call.dart 125:9  responseToResultOrThrow
  package:sqflite_common_ffi/src/isolate.dart 35:12      SqfliteIsolate.handle
  

To run this test again: /Users/kcdacre8tor/flutter/bin/cache/dart-sdk/bin/dart test /Users/kcdacre8tor/ everyday-christian/test/verse_service_test.dart -p vm --plain-name 'Verse Retrieval should filter text search by version'
00:30 +986 ~5 -174: /Users/kcdacre8tor/ everyday-christian/test/verse_service_test.dart: Verse Retrieval should get entire chapter [E]                                                                 
  SqfliteFfiException(sqlite_error: 1, , SqliteException(1): while preparing statement, no such table: verses, SQL logic error (code 1)
    Causing statement: SELECT * FROM verses WHERE version = ? AND book = ? AND chapter = ? ORDER BY verse ASC}) DatabaseException(SqliteException(1): while preparing statement, no such table: verses, SQL logic error (code 1)
    Causing statement: SELECT * FROM verses WHERE version = ? AND book = ? AND chapter = ? ORDER BY verse ASC) sql 'SELECT * FROM verses WHERE version = ? AND book = ? AND chapter = ? ORDER BY verse ASC' args [KJV, Philippians, 4] {details: {database: {path: :memory:, id: 49, readOnly: false, singleInstance: false}}}
  package:sqflite_common_ffi/src/method_call.dart 125:9  responseToResultOrThrow
  package:sqflite_common_ffi/src/isolate.dart 35:12      SqfliteIsolate.handle
  

To run this test again: /Users/kcdacre8tor/flutter/bin/cache/dart-sdk/bin/dart test /Users/kcdacre8tor/ everyday-christian/test/verse_service_test.dart -p vm --plain-name 'Verse Retrieval should get entire chapter'
00:30 +986 ~5 -175: /Users/kcdacre8tor/ everyday-christian/test/verse_service_test.dart: Verse Retrieval should order chapter verses by verse number [E]                                               
  SqfliteFfiException(sqlite_error: 1, , SqliteException(1): while preparing statement, no such table: verses, SQL logic error (code 1)
    Causing statement: SELECT * FROM verses WHERE version = ? AND book = ? AND chapter = ? ORDER BY verse ASC}) DatabaseException(SqliteException(1): while preparing statement, no such table: verses, SQL logic error (code 1)
    Causing statement: SELECT * FROM verses WHERE version = ? AND book = ? AND chapter = ? ORDER BY verse ASC) sql 'SELECT * FROM verses WHERE version = ? AND book = ? AND chapter = ? ORDER BY verse ASC' args [KJV, TestBook, 1] {details: {database: {path: :memory:, id: 50, readOnly: false, singleInstance: false}}}
  package:sqflite_common_ffi/src/method_call.dart 125:9  responseToResultOrThrow
  package:sqflite_common_ffi/src/isolate.dart 35:12      SqfliteIsolate.handle
  

To run this test again: /Users/kcdacre8tor/flutter/bin/cache/dart-sdk/bin/dart test /Users/kcdacre8tor/ everyday-christian/test/verse_service_test.dart -p vm --plain-name 'Verse Retrieval should order chapter verses by verse number'
00:30 +986 ~5 -176: /Users/kcdacre8tor/ everyday-christian/test/devotional_progress_test.dart: DevotionalProgressService Edge Cases and Error Handling should handle concurrent completion operations [E]
  Binding has not yet been initialized.
  The "instance" getter on the ServicesBinding binding mixin is only available once that binding has been initialized.
  Typically, this is done by calling "WidgetsFlutterBinding.ensureInitialized()" or "runApp()" (the latter calls the former). Typically this call is done in the "void main()" method. The "ensureInitialized" method is idempotent; calling it multiple times is not harmful. After calling that method, the "instance" getter will return the binding.
  In a test, one can call "TestWidgetsFlutterBinding.ensureInitialized()" as the first line in the test's "main()" method to initialize the binding.
  If ServicesBinding is a custom binding mixin, there must also be a custom binding class, like WidgetsFlutterBinding, but that mixes in the selected binding, and that is the class that must be constructed before using the "instance" getter.
  package:flutter/src/foundation/binding.dart 314:9                                     BindingBase.checkInstance.<fn>
  package:flutter/src/foundation/binding.dart 401:6                                     BindingBase.checkInstance
  package:flutter/src/services/binding.dart 73:54                                       ServicesBinding.instance
  package:flutter/src/services/platform_channel.dart 179:25                             _findBinaryMessenger
  package:flutter/src/services/platform_channel.dart 320:56                             MethodChannel.binaryMessenger
  package:flutter/src/services/platform_channel.dart 360:17                             MethodChannel._invokeMethod
  package:flutter/src/services/platform_channel.dart 540:12                             MethodChannel.invokeMethod
  package:path_provider_platform_interface/src/method_channel_path_provider.dart 52:10  MethodChannelPathProvider.getApplicationDocumentsPath
  package:path_provider/path_provider.dart 121:40                                       getApplicationDocumentsDirectory
  package:everyday_christian/core/database/database_helper.dart 803:42                  DatabaseHelper.deleteDatabase
  package:everyday_christian/core/database/database_helper.dart 819:11                  DatabaseHelper.resetDatabase
  ===== asynchronous gap ===========================
  dart:async                                                                            _CustomZone.registerBinaryCallback
  test/devotional_progress_test.dart 33:7                                               main.<fn>.<fn>
  

To run this test again: /Users/kcdacre8tor/flutter/bin/cache/dart-sdk/bin/dart test /Users/kcdacre8tor/ everyday-christian/test/devotional_progress_test.dart -p vm --plain-name 'DevotionalProgressService Edge Cases and Error Handling should handle concurrent completion operations'
00:30 +986 ~5 -176: /Users/kcdacre8tor/ everyday-christian/test/devotional_progress_test.dart: DevotionalProgressService Edge Cases and Error Handling should maintain data integrity across operations
*** sqflite warning ***

You are changing sqflite default factory.
Be aware of the potential side effects. Any library using sqflite
will have this factory as the default for all operations.

*** sqflite warning ***

00:30 +987 ~5 -176: /Users/kcdacre8tor/ everyday-christian/test/screens/home_screen_test.dart: HomeScreen Widget Tests should navigate to chat when AI Guidance is tapped                              00:30 +988 ~5 -176: /Users/kcdacre8tor/ everyday-christian/test/screens/home_screen_test.dart: HomeScreen Widget Tests should navigate to chat when AI Guidance is tapped                              00:30 +988 ~5 -177: /Users/kcdacre8tor/ everyday-christian/test/verse_service_test.dart: Verse Retrieval should get favorite verses [E]                                                                
  Expected: non-empty
    Actual: []
  
  package:matcher                                     expect
  package:flutter_test/src/widget_tester.dart 473:18  expect
  test/verse_service_test.dart 500:7                  main.<fn>.<fn>
  

To run this test again: /Users/kcdacre8tor/flutter/bin/cache/dart-sdk/bin/dart test /Users/kcdacre8tor/ everyday-christian/test/verse_service_test.dart -p vm --plain-name 'Verse Retrieval should get favorite verses'
00:30 +989 ~5 -177: /Users/kcdacre8tor/ everyday-christian/test/screens/home_screen_test.dart: HomeScreen Widget Tests should navigate to chat when AI Guidance is tapped                              00:30 +989 ~5 -178: /Users/kcdacre8tor/ everyday-christian/test/devotional_progress_test.dart: DevotionalProgressService Edge Cases and Error Handling should maintain data integrity across operations [E]
  Binding has not yet been initialized.
  The "instance" getter on the ServicesBinding binding mixin is only available once that binding has been initialized.
  Typically, this is done by calling "WidgetsFlutterBinding.ensureInitialized()" or "runApp()" (the latter calls the former). Typically this call is done in the "void main()" method. The "ensureInitialized" method is idempotent; calling it multiple times is not harmful. After calling that method, the "instance" getter will return the binding.
  In a test, one can call "TestWidgetsFlutterBinding.ensureInitialized()" as the first line in the test's "main()" method to initialize the binding.
  If ServicesBinding is a custom binding mixin, there must also be a custom binding class, like WidgetsFlutterBinding, but that mixes in the selected binding, and that is the class that must be constructed before using the "instance" getter.
  package:flutter/src/foundation/binding.dart 314:9                                     BindingBase.checkInstance.<fn>
  package:flutter/src/foundation/binding.dart 401:6                                     BindingBase.checkInstance
  package:flutter/src/services/binding.dart 73:54                                       ServicesBinding.instance
  package:flutter/src/services/platform_channel.dart 179:25                             _findBinaryMessenger
  package:flutter/src/services/platform_channel.dart 320:56                             MethodChannel.binaryMessenger
  package:flutter/src/services/platform_channel.dart 360:17                             MethodChannel._invokeMethod
  package:flutter/src/services/platform_channel.dart 540:12                             MethodChannel.invokeMethod
  package:path_provider_platform_interface/src/method_channel_path_provider.dart 52:10  MethodChannelPathProvider.getApplicationDocumentsPath
  package:path_provider/path_provider.dart 121:40                                       getApplicationDocumentsDirectory
  package:everyday_christian/core/database/database_helper.dart 803:42                  DatabaseHelper.deleteDatabase
  package:everyday_christian/core/database/database_helper.dart 819:11                  DatabaseHelper.resetDatabase
  ===== asynchronous gap ===========================
  dart:async                                                                            _CustomZone.registerBinaryCallback
  test/devotional_progress_test.dart 33:7                                               main.<fn>.<fn>
  

To run this test again: /Users/kcdacre8tor/flutter/bin/cache/dart-sdk/bin/dart test /Users/kcdacre8tor/ everyday-christian/test/devotional_progress_test.dart -p vm --plain-name 'DevotionalProgressService Edge Cases and Error Handling should maintain data integrity across operations'
00:30 +989 ~5 -178: /Users/kcdacre8tor/ everyday-christian/test/devotional_progress_test.dart: DevotionalProgressService Database Persistence should persist completion status across service instances
*** sqflite warning ***

You are changing sqflite default factory.
Be aware of the potential side effects. Any library using sqflite
will have this factory as the default for all operations.

*** sqflite warning ***

00:30 +990 ~5 -178: /Users/kcdacre8tor/ everyday-christian/test/screens/home_screen_test.dart: HomeScreen Widget Tests should navigate to chat when AI Guidance is tapped                              00:30 +990 ~5 -179: /Users/kcdacre8tor/ everyday-christian/test/devotional_progress_test.dart: DevotionalProgressService Database Persistence should persist completion status across service instances [E]
  Binding has not yet been initialized.
  The "instance" getter on the ServicesBinding binding mixin is only available once that binding has been initialized.
  Typically, this is done by calling "WidgetsFlutterBinding.ensureInitialized()" or "runApp()" (the latter calls the former). Typically this call is done in the "void main()" method. The "ensureInitialized" method is idempotent; calling it multiple times is not harmful. After calling that method, the "instance" getter will return the binding.
  In a test, one can call "TestWidgetsFlutterBinding.ensureInitialized()" as the first line in the test's "main()" method to initialize the binding.
  If ServicesBinding is a custom binding mixin, there must also be a custom binding class, like WidgetsFlutterBinding, but that mixes in the selected binding, and that is the class that must be constructed before using the "instance" getter.
  package:flutter/src/foundation/binding.dart 314:9                                     BindingBase.checkInstance.<fn>
  package:flutter/src/foundation/binding.dart 401:6                                     BindingBase.checkInstance
  package:flutter/src/services/binding.dart 73:54                                       ServicesBinding.instance
  package:flutter/src/services/platform_channel.dart 179:25                             _findBinaryMessenger
  package:flutter/src/services/platform_channel.dart 320:56                             MethodChannel.binaryMessenger
  package:flutter/src/services/platform_channel.dart 360:17                             MethodChannel._invokeMethod
  package:flutter/src/services/platform_channel.dart 540:12                             MethodChannel.invokeMethod
  package:path_provider_platform_interface/src/method_channel_path_provider.dart 52:10  MethodChannelPathProvider.getApplicationDocumentsPath
  package:path_provider/path_provider.dart 121:40                                       getApplicationDocumentsDirectory
  package:everyday_christian/core/database/database_helper.dart 803:42                  DatabaseHelper.deleteDatabase
  package:everyday_christian/core/database/database_helper.dart 819:11                  DatabaseHelper.resetDatabase
  ===== asynchronous gap ===========================
  dart:async                                                                            _CustomZone.registerBinaryCallback
  test/devotional_progress_test.dart 33:7                                               main.<fn>.<fn>
  

To run this test again: /Users/kcdacre8tor/flutter/bin/cache/dart-sdk/bin/dart test /Users/kcdacre8tor/ everyday-christian/test/devotional_progress_test.dart -p vm --plain-name 'DevotionalProgressService Database Persistence should persist completion status across service instances'
00:30 +990 ~5 -179: /Users/kcdacre8tor/ everyday-christian/test/devotional_progress_test.dart: DevotionalProgressService Database Persistence should persist completion dates correctly                
*** sqflite warning ***

You are changing sqflite default factory.
Be aware of the potential side effects. Any library using sqflite
will have this factory as the default for all operations.

*** sqflite warning ***

00:30 +990 ~5 -180: /Users/kcdacre8tor/ everyday-christian/test/verse_service_test.dart: Favorite Operations should get favorite verses from favorite_verses table [E]                                 
  Expected: non-empty
    Actual: []
  
  package:matcher                                     expect
  package:flutter_test/src/widget_tester.dart 473:18  expect
  test/verse_service_test.dart 518:7                  main.<fn>.<fn>
  

To run this test again: /Users/kcdacre8tor/flutter/bin/cache/dart-sdk/bin/dart test /Users/kcdacre8tor/ everyday-christian/test/verse_service_test.dart -p vm --plain-name 'Favorite Operations should get favorite verses from favorite_verses table'
00:30 +990 ~5 -181: /Users/kcdacre8tor/ everyday-christian/test/devotional_progress_test.dart: DevotionalProgressService Database Persistence should persist completion dates correctly [E]            
  Binding has not yet been initialized.
  The "instance" getter on the ServicesBinding binding mixin is only available once that binding has been initialized.
  Typically, this is done by calling "WidgetsFlutterBinding.ensureInitialized()" or "runApp()" (the latter calls the former). Typically this call is done in the "void main()" method. The "ensureInitialized" method is idempotent; calling it multiple times is not harmful. After calling that method, the "instance" getter will return the binding.
  In a test, one can call "TestWidgetsFlutterBinding.ensureInitialized()" as the first line in the test's "main()" method to initialize the binding.
  If ServicesBinding is a custom binding mixin, there must also be a custom binding class, like WidgetsFlutterBinding, but that mixes in the selected binding, and that is the class that must be constructed before using the "instance" getter.
  package:flutter/src/foundation/binding.dart 314:9                                     BindingBase.checkInstance.<fn>
  package:flutter/src/foundation/binding.dart 401:6                                     BindingBase.checkInstance
  package:flutter/src/services/binding.dart 73:54                                       ServicesBinding.instance
  package:flutter/src/services/platform_channel.dart 179:25                             _findBinaryMessenger
  package:flutter/src/services/platform_channel.dart 320:56                             MethodChannel.binaryMessenger
  package:flutter/src/services/platform_channel.dart 360:17                             MethodChannel._invokeMethod
  package:flutter/src/services/platform_channel.dart 540:12                             MethodChannel.invokeMethod
  package:path_provider_platform_interface/src/method_channel_path_provider.dart 52:10  MethodChannelPathProvider.getApplicationDocumentsPath
  package:path_provider/path_provider.dart 121:40                                       getApplicationDocumentsDirectory
  package:everyday_christian/core/database/database_helper.dart 803:42                  DatabaseHelper.deleteDatabase
  package:everyday_christian/core/database/database_helper.dart 819:11                  DatabaseHelper.resetDatabase
  ===== asynchronous gap ===========================
  dart:async                                                                            _CustomZone.registerBinaryCallback
  test/devotional_progress_test.dart 33:7                                               main.<fn>.<fn>
  

To run this test again: /Users/kcdacre8tor/flutter/bin/cache/dart-sdk/bin/dart test /Users/kcdacre8tor/ everyday-christian/test/devotional_progress_test.dart -p vm --plain-name 'DevotionalProgressService Database Persistence should persist completion dates correctly'
00:30 +991 ~5 -181: /Users/kcdacre8tor/ everyday-christian/test/screens/home_screen_test.dart: HomeScreen Widget Tests should navigate to chat when AI Guidance is tapped                              00:30 +992 ~5 -181: /Users/kcdacre8tor/ everyday-christian/test/screens/home_screen_test.dart: HomeScreen Widget Tests should navigate to chat when AI Guidance is tapped                              00:30 +992 ~5 -182: /Users/kcdacre8tor/ everyday-christian/test/verse_service_test.dart: Edge Cases and Error Handling should handle malformed bookmark data [E]                                       
  SqfliteFfiException(sqlite_error: 787, , SqliteException(787): while executing statement, FOREIGN KEY constraint failed, constraint failed (code 787)
    Causing statement: INSERT INTO verse_bookmarks (verse_id, note, tags, created_at, updated_at) VALUES (?, ?, ?, ?, ?), parameters: 999999, Test, tag1,tag2, 1760739590463, 1760739590463}) DatabaseException(SqliteException(787): while executing statement, FOREIGN KEY constraint failed, constraint failed (code 787)
    Causing statement: INSERT INTO verse_bookmarks (verse_id, note, tags, created_at, updated_at) VALUES (?, ?, ?, ?, ?), parameters: 999999, Test, tag1,tag2, 1760739590463, 1760739590463) sql 'INSERT INTO verse_bookmarks (verse_id, note, tags, created_at, updated_at) VALUES (?, ?, ?, ?, ?)' args [999999, Test, tag1,tag2, 1760739590463, 1760739590463] {details: {database: {path: :memory:, id: 59, readOnly: false, singleInstance: false}}}
  package:sqflite_common_ffi/src/method_call.dart 125:9  responseToResultOrThrow
  package:sqflite_common_ffi/src/isolate.dart 35:12      SqfliteIsolate.handle
  

To run this test again: /Users/kcdacre8tor/flutter/bin/cache/dart-sdk/bin/dart test /Users/kcdacre8tor/ everyday-christian/test/verse_service_test.dart -p vm --plain-name 'Edge Cases and Error Handling should handle malformed bookmark data'
00:30 +992 ~5 -183: /Users/kcdacre8tor/ everyday-christian/test/verse_service_test.dart: Edge Cases and Error Handling should handle special characters in search [E]                                  
  SqfliteFfiException(sqlite_error: 1, , SqliteException(1): while preparing statement, no such table: verses, SQL logic error (code 1)
    Causing statement: SELECT * FROM verses WHERE text LIKE ?  LIMIT 50}) DatabaseException(SqliteException(1): while preparing statement, no such table: verses, SQL logic error (code 1)
    Causing statement: SELECT * FROM verses WHERE text LIKE ?  LIMIT 50) sql 'SELECT * FROM verses WHERE text LIKE ?  LIMIT 50' args [%God's%] {details: {database: {path: :memory:, id: 60, readOnly: false, singleInstance: false}}}
  package:sqflite_common_ffi/src/method_call.dart 125:9  responseToResultOrThrow
  package:sqflite_common_ffi/src/isolate.dart 35:12      SqfliteIsolate.handle
  
00:30 +992 ~5 -183: /Users/kcdacre8tor/ everyday-christian/test/verse_service_test.dart: Smart Daily Verse Selection should allow forcing a specific theme                                             
📦 Running database migrations from v1 to v2
🔄 Migrating to schema v2...
  → Fixing favorite_verses foreign key...
  → Fixing daily_verses foreign key...
  → Fixing verse_bookmarks foreign key...
  → Removing duplicate column from prayer_categories...
  → Creating performance indexes...
  → Creating timestamp triggers...
✅ Schema v2 migration complete!
✅ Database integrity verified
✅ Database migrations complete!
ℹ️ [2025-10-17 18:19:49.496] [INFO   ] [DatabaseHelper] Initializing database at: :memory:
ℹ️ [2025-10-17 18:19:49.497] [INFO   ] [DatabaseHelper] Creating database schema v5
ℹ️ [2025-10-17 18:19:49.507] [INFO   ] [DatabaseHelper] Database schema created successfully
📦 Running database migrations from v1 to v2
🔄 Migrating to schema v2...
  → Fixing favorite_verses foreign key...
  → Fixing daily_verses foreign key...
  → Fixing verse_bookmarks foreign key...
  → Removing duplicate column from prayer_categories...
  → Creating performance indexes...
  → Creating timestamp triggers...
✅ Schema v2 migration complete!
✅ Database integrity verified
✅ Database migrations complete!
ℹ️ [2025-10-17 18:19:49.525] [INFO   ] [DatabaseHelper] Initializing database at: :memory:
ℹ️ [2025-10-17 18:19:49.526] [INFO   ] [DatabaseHelper] Creating database schema v5
ℹ️ [2025-10-17 18:19:49.535] [INFO   ] [DatabaseHelper] Database schema created successfully
📦 Running database migrations from v1 to v2
🔄 Migrating to schema v2...
  → Fixing favorite_verses foreign key...
  → Fixing daily_verses foreign key...
  → Fixing verse_bookmarks foreign key...
  → Removing duplicate column from prayer_categories...
  → Creating performance indexes...
  → Creating timestamp triggers...
✅ Schema v2 migration complete!
✅ Database integrity verified
✅ Database migrations complete!
ℹ️ [2025-10-17 18:19:49.568] [INFO   ] [DatabaseHelper] Initializing database at: :memory:
ℹ️ [2025-10-17 18:19:49.570] [INFO   ] [DatabaseHelper] Creating database schema v5
ℹ️ [2025-10-17 18:19:49.579] [INFO   ] [DatabaseHelper] Database schema created successfully
📦 Running database migrations from v1 to v2
🔄 Migrating to schema v2...
  → Fixing favorite_verses foreign key...
  → Fixing daily_verses foreign key...
  → Fixing verse_bookmarks foreign key...
  → Removing duplicate column from prayer_categories...
  → Creating performance indexes...
  → Creating timestamp triggers...
✅ Schema v2 migration complete!
✅ Database integrity verified
✅ Database migrations complete!
ℹ️ [2025-10-17 18:19:49.596] [INFO   ] [DatabaseHelper] Initializing database at: :memory:
ℹ️ [2025-10-17 18:19:49.598] [INFO   ] [DatabaseHelper] Creating database schema v5
ℹ️ [2025-10-17 18:19:49.611] [INFO   ] [DatabaseHelper] Database schema created successfully
📦 Running database migrations from v1 to v2
🔄 Migrating to schema v2...
  → Fixing favorite_verses foreign key...
  → Fixing daily_verses foreign key...
  → Fixing verse_bookmarks foreign key...
  → Removing duplicate column from prayer_categories...
  → Creating performance indexes...
  → Creating timestamp triggers...
✅ Schema v2 migration complete!
✅ Database integrity verified
✅ Database migrations complete!
ℹ️ [2025-10-17 18:19:49.624] [INFO   ] [DatabaseHelper] Initializing database at: :memory:
ℹ️ [2025-10-17 18:19:49.625] [INFO   ] [DatabaseHelper] Creating database schema v5
ℹ️ [2025-10-17 18:19:49.636] [INFO   ] [DatabaseHelper] Database schema created successfully
📦 Running database migrations from v1 to v2
🔄 Migrating to schema v2...
  → Fixing favorite_verses foreign key...
  → Fixing daily_verses foreign key...
  → Fixing verse_bookmarks foreign key...
  → Removing duplicate column from prayer_categories...
  → Creating performance indexes...
  → Creating timestamp triggers...
✅ Schema v2 migration complete!
✅ Database integrity verified
✅ Database migrations complete!
ℹ️ [2025-10-17 18:19:49.648] [INFO   ] [DatabaseHelper] Initializing database at: :memory:
ℹ️ [2025-10-17 18:19:49.650] [INFO   ] [DatabaseHelper] Creating database schema v5
ℹ️ [2025-10-17 18:19:49.660] [INFO   ] [DatabaseHelper] Database schema created successfully
📦 Running database migrations from v1 to v2
🔄 Migrating to schema v2...
  → Fixing favorite_verses foreign key...
  → Fixing daily_verses foreign key...
  → Fixing verse_bookmarks foreign key...
  → Removing duplicate column from prayer_categories...
  → Creating performance indexes...
  → Creating timestamp triggers...
✅ Schema v2 migration complete!
✅ Database integrity verified
✅ Database migrations complete!
ℹ️ [2025-10-17 18:19:49.674] [INFO   ] [DatabaseHelper] Initializing database at: :memory:
ℹ️ [2025-10-17 18:19:49.675] [INFO   ] [DatabaseHelper] Creating database schema v5
ℹ️ [2025-10-17 18:19:49.686] [INFO   ] [DatabaseHelper] Database schema created successfully
📦 Running database migrations from v1 to v2
🔄 Migrating to schema v2...
  → Fixing favorite_verses foreign key...
  → Fixing daily_verses foreign key...
  → Fixing verse_bookmarks foreign key...
  → Removing duplicate column from prayer_categories...
  → Creating performance indexes...
  → Creating timestamp triggers...
✅ Schema v2 migration complete!
✅ Database integrity verified
✅ Database migrations complete!
ℹ️ [2025-10-17 18:19:49.698] [INFO   ] [DatabaseHelper] Initializing database at: :memory:
ℹ️ [2025-10-17 18:19:49.699] [INFO   ] [DatabaseHelper] Creating database schema v5
ℹ️ [2025-10-17 18:19:49.709] [INFO   ] [DatabaseHelper] Database schema created successfully
📦 Running database migrations from v1 to v2
🔄 Migrating to schema v2...
  → Fixing favorite_verses foreign key...
  → Fixing daily_verses foreign key...
  → Fixing verse_bookmarks foreign key...
  → Removing duplicate column from prayer_categories...
  → Creating performance indexes...
  → Creating timestamp triggers...
✅ Schema v2 migration complete!
✅ Database integrity verified
✅ Database migrations complete!
ℹ️ [2025-10-17 18:19:49.722] [INFO   ] [DatabaseHelper] Initializing database at: :memory:
ℹ️ [2025-10-17 18:19:49.723] [INFO   ] [DatabaseHelper] Creating database schema v5
ℹ️ [2025-10-17 18:19:49.733] [INFO   ] [DatabaseHelper] Database schema created successfully
📦 Running database migrations from v1 to v2
🔄 Migrating to schema v2...
  → Fixing favorite_verses foreign key...
  → Fixing daily_verses foreign key...
  → Fixing verse_bookmarks foreign key...
  → Removing duplicate column from prayer_categories...
  → Creating performance indexes...
  → Creating timestamp triggers...
✅ Schema v2 migration complete!
✅ Database integrity verified
✅ Database migrations complete!
ℹ️ [2025-10-17 18:19:49.752] [INFO   ] [DatabaseHelper] Initializing database at: :memory:
ℹ️ [2025-10-17 18:19:49.753] [INFO   ] [DatabaseHelper] Creating database schema v5
ℹ️ [2025-10-17 18:19:49.764] [INFO   ] [DatabaseHelper] Database schema created successfully
📦 Running database migrations from v1 to v2
🔄 Migrating to schema v2...
  → Fixing favorite_verses foreign key...
  → Fixing daily_verses foreign key...
  → Fixing verse_bookmarks foreign key...
  → Removing duplicate column from prayer_categories...
  → Creating performance indexes...
  → Creating timestamp triggers...
✅ Schema v2 migration complete!
✅ Database integrity verified
✅ Database migrations complete!
ℹ️ [2025-10-17 18:19:49.812] [INFO   ] [DatabaseHelper] Initializing database at: :memory:
ℹ️ [2025-10-17 18:19:49.813] [INFO   ] [DatabaseHelper] Creating database schema v5
ℹ️ [2025-10-17 18:19:49.824] [INFO   ] [DatabaseHelper] Database schema created successfully
📦 Running database migrations from v1 to v2
🔄 Migrating to schema v2...
  → Fixing favorite_verses foreign key...
  → Fixing daily_verses foreign key...
  → Fixing verse_bookmarks foreign key...
  → Removing duplicate column from prayer_categories...
  → Creating performance indexes...
  → Creating timestamp triggers...
✅ Schema v2 migration complete!
✅ Database integrity verified
✅ Database migrations complete!
ℹ️ [2025-10-17 18:19:49.842] [INFO   ] [DatabaseHelper] Initializing database at: :memory:
ℹ️ [2025-10-17 18:19:49.843] [INFO   ] [DatabaseHelper] Creating database schema v5
ℹ️ [2025-10-17 18:19:49.852] [INFO   ] [DatabaseHelper] Database schema created successfully
📦 Running database migrations from v1 to v2
🔄 Migrating to schema v2...
  → Fixing favorite_verses foreign key...
  → Fixing daily_verses foreign key...
  → Fixing verse_bookmarks foreign key...
  → Removing duplicate column from prayer_categories...
  → Creating performance indexes...
  → Creating timestamp triggers...
✅ Schema v2 migration complete!
✅ Database integrity verified
✅ Database migrations complete!
ℹ️ [2025-10-17 18:19:49.861] [INFO   ] [DatabaseHelper] Initializing database at: :memory:
ℹ️ [2025-10-17 18:19:49.862] [INFO   ] [DatabaseHelper] Creating database schema v5
ℹ️ [2025-10-17 18:19:49.869] [INFO   ] [DatabaseHelper] Database schema created successfully
📦 Running database migrations from v1 to v2
🔄 Migrating to schema v2...
  → Fixing favorite_verses foreign key...
  → Fixing daily_verses foreign key...
  → Fixing verse_bookmarks foreign key...
  → Removing duplicate column from prayer_categories...
  → Creating performance indexes...
  → Creating timestamp triggers...
✅ Schema v2 migration complete!
✅ Database integrity verified
✅ Database migrations complete!
ℹ️ [2025-10-17 18:19:49.884] [INFO   ] [DatabaseHelper] Initializing database at: :memory:
ℹ️ [2025-10-17 18:19:49.885] [INFO   ] [DatabaseHelper] Creating database schema v5
ℹ️ [2025-10-17 18:19:49.892] [INFO   ] [DatabaseHelper] Database schema created successfully
📦 Running database migrations from v1 to v2
🔄 Migrating to schema v2...
  → Fixing favorite_verses foreign key...
  → Fixing daily_verses foreign key...
  → Fixing verse_bookmarks foreign key...
  → Removing duplicate column from prayer_categories...
  → Creating performance indexes...
  → Creating timestamp triggers...
✅ Schema v2 migration complete!
✅ Database integrity verified
✅ Database migrations complete!
ℹ️ [2025-10-17 18:19:49.904] [INFO   ] [DatabaseHelper] Initializing database at: :memory:
ℹ️ [2025-10-17 18:19:49.905] [INFO   ] [DatabaseHelper] Creating database schema v5
ℹ️ [2025-10-17 18:19:49.912] [INFO   ] [DatabaseHelper] Database schema created successfully
📦 Running database migrations from v1 to v2
🔄 Migrating to schema v2...
  → Fixing favorite_verses foreign key...
  → Fixing daily_verses foreign key...
  → Fixing verse_bookmarks foreign key...
  → Removing duplicate column from prayer_categories...
  → Creating performance indexes...
  → Creating timestamp triggers...
✅ Schema v2 migration complete!
✅ Database integrity verified
✅ Database migrations complete!
ℹ️ [2025-10-17 18:19:49.930] [INFO   ] [DatabaseHelper] Initializing database at: :memory:
ℹ️ [2025-10-17 18:19:49.931] [INFO   ] [DatabaseHelper] Creating database schema v5
ℹ️ [2025-10-17 18:19:49.938] [INFO   ] [DatabaseHelper] Database schema created successfully
📦 Running database migrations from v1 to v2
🔄 Migrating to schema v2...
  → Fixing favorite_verses foreign key...
  → Fixing daily_verses foreign key...
  → Fixing verse_bookmarks foreign key...
  → Removing duplicate column from prayer_categories...
  → Creating performance indexes...
  → Creating timestamp triggers...
✅ Schema v2 migration complete!
✅ Database integrity verified
✅ Database migrations complete!
ℹ️ [2025-10-17 18:19:49.960] [INFO   ] [DatabaseHelper] Initializing database at: :memory:
ℹ️ [2025-10-17 18:19:49.961] [INFO   ] [DatabaseHelper] Creating database schema v5
ℹ️ [2025-10-17 18:19:49.968] [INFO   ] [DatabaseHelper] Database schema created successfully
📦 Running database migrations from v1 to v2
🔄 Migrating to schema v2...
  → Fixing favorite_verses foreign key...
  → Fixing daily_verses foreign key...
  → Fixing verse_bookmarks foreign key...
  → Removing duplicate column from prayer_categories...
  → Creating performance indexes...
  → Creating timestamp triggers...
✅ Schema v2 migration complete!
✅ Database integrity verified
✅ Database migrations complete!
ℹ️ [2025-10-17 18:19:49.979] [INFO   ] [DatabaseHelper] Initializing database at: :memory:
ℹ️ [2025-10-17 18:19:49.979] [INFO   ] [DatabaseHelper] Creating database schema v5
ℹ️ [2025-10-17 18:19:49.987] [INFO   ] [DatabaseHelper] Database schema created successfully
📦 Running database migrations from v1 to v2
🔄 Migrating to schema v2...
  → Fixing favorite_verses foreign key...
  → Fixing daily_verses foreign key...
  → Fixing verse_bookmarks foreign key...

To run this test again: /Users/kcdacre8tor/flutter/bin/cache/dart-sdk/bin/dart test /Users/kcdacre8tor/ everyday-christian/test/verse_service_test.dart -p vm --plain-name 'Edge Cases and Error Handling should handle special characters in search'
00:30 +993 ~5 -183: /Users/kcdacre8tor/ everyday-christian/test/screens/home_screen_test.dart: HomeScreen Widget Tests should navigate to chat when AI Guidance is tapped                              00:30 +993 ~5 -184: /Users/kcdacre8tor/ everyday-christian/test/verse_service_test.dart: Edge Cases and Error Handling should handle concurrent daily verse requests [E]                               
  Expected: true
    Actual: <false>
  
  package:matcher                                     expect
  package:flutter_test/src/widget_tester.dart 473:18  expect
  test/verse_service_test.dart 561:7                  main.<fn>.<fn>
  

To run this test again: /Users/kcdacre8tor/flutter/bin/cache/dart-sdk/bin/dart test /Users/kcdacre8tor/ everyday-christian/test/verse_service_test.dart -p vm --plain-name 'Edge Cases and Error Handling should handle concurrent daily verse requests'
00:30 +993 ~5 -184: /Users/kcdacre8tor/ everyday-christian/test/screens/home_screen_test.dart: HomeScreen Widget Tests should navigate to chat when AI Guidance is tapped                              00:31 +993 ~5 -184: /Users/kcdacre8tor/ everyday-christian/test/screens/home_screen_test.dart: HomeScreen Widget Tests should navigate to chat when AI Guidance is tapped                              00:31 +993 ~5 -184: /Users/kcdacre8tor/ everyday-christian/test/screens/home_screen_test.dart: HomeScreen Widget Tests should navigate to chat when AI Guidance is tapped                              
══╡ EXCEPTION CAUGHT BY FLUTTER TEST FRAMEWORK ╞════════════════════════════════════════════════════
The following assertion was thrown running a test:
pumpAndSettle timed out

When the exception was thrown, this was the stack:
#0      WidgetTester.pumpAndSettle.<anonymous closure> (package:flutter_test/src/widget_tester.dart:717:11)
<asynchronous suspension>
#1      TestAsyncUtils.guard.<anonymous closure> (package:flutter_test/src/test_async_utils.dart:130:27)
<asynchronous suspension>
#2      main.<anonymous closure>.<anonymous closure> (file:///Users/kcdacre8tor/%20everyday-christian/test/screens/home_screen_test.dart:140:7)
<asynchronous suspension>
#3      testWidgets.<anonymous closure>.<anonymous closure> (package:flutter_test/src/widget_tester.dart:192:15)
<asynchronous suspension>
#4      TestWidgetsFlutterBinding._runTestBody (package:flutter_test/src/binding.dart:1059:5)
<asynchronous suspension>
<asynchronous suspension>
(elided one frame from package:stack_trace)

The test description was:
  should navigate to chat when AI Guidance is tapped
════════════════════════════════════════════════════════════════════════════════════════════════════
00:31 +993 ~5 -185: /Users/kcdacre8tor/ everyday-christian/test/screens/home_screen_test.dart: HomeScreen Widget Tests should navigate to chat when AI Guidance is tapped [E]                          
  Test failed. See exception logs above.
  The test description was: should navigate to chat when AI Guidance is tapped
  

To run this test again: /Users/kcdacre8tor/flutter/bin/cache/dart-sdk/bin/dart test /Users/kcdacre8tor/ everyday-christian/test/screens/home_screen_test.dart -p vm --plain-name 'HomeScreen Widget Tests should navigate to chat when AI Guidance is tapped'
00:31 +993 ~5 -185: /Users/kcdacre8tor/ everyday-christian/test/screens/home_screen_test.dart: HomeScreen Widget Tests should navigate to devotional when Daily Devotional is tapped                   00:32 +993 ~5 -185: /Users/kcdacre8tor/ everyday-christian/test/screens/home_screen_test.dart: HomeScreen Widget Tests should navigate to devotional when Daily Devotional is tapped                   00:33 +993 ~5 -185: /Users/kcdacre8tor/ everyday-christian/test/screens/home_screen_test.dart: HomeScreen Widget Tests should navigate to devotional when Daily Devotional is tapped                   00:33 +993 ~5 -185: /Users/kcdacre8tor/ everyday-christian/test/screens/home_screen_test.dart: HomeScreen Widget Tests should navigate to devotional when Daily Devotional is tapped                   
══╡ EXCEPTION CAUGHT BY FLUTTER TEST FRAMEWORK ╞════════════════════════════════════════════════════
The following assertion was thrown running a test:
pumpAndSettle timed out

When the exception was thrown, this was the stack:
#0      WidgetTester.pumpAndSettle.<anonymous closure> (package:flutter_test/src/widget_tester.dart:717:11)
<asynchronous suspension>
#1      TestAsyncUtils.guard.<anonymous closure> (package:flutter_test/src/test_async_utils.dart:130:27)
<asynchronous suspension>
#2      main.<anonymous closure>.<anonymous closure> (file:///Users/kcdacre8tor/%20everyday-christian/test/screens/home_screen_test.dart:159:7)
<asynchronous suspension>
#3      testWidgets.<anonymous closure>.<anonymous closure> (package:flutter_test/src/widget_tester.dart:192:15)
<asynchronous suspension>
#4      TestWidgetsFlutterBinding._runTestBody (package:flutter_test/src/binding.dart:1059:5)
<asynchronous suspension>
<asynchronous suspension>
(elided one frame from package:stack_trace)

The test description was:
  should navigate to devotional when Daily Devotional is tapped
════════════════════════════════════════════════════════════════════════════════════════════════════
00:33 +993 ~5 -186: /Users/kcdacre8tor/ everyday-christian/test/screens/home_screen_test.dart: HomeScreen Widget Tests should navigate to devotional when Daily Devotional is tapped [E]               
  Test failed. See exception logs above.
  The test description was: should navigate to devotional when Daily Devotional is tapped
  

To run this test again: /Users/kcdacre8tor/flutter/bin/cache/dart-sdk/bin/dart test /Users/kcdacre8tor/ everyday-christian/test/screens/home_screen_test.dart -p vm --plain-name 'HomeScreen Widget Tests should navigate to devotional when Daily Devotional is tapped'
00:33 +993 ~5 -186: /Users/kcdacre8tor/ everyday-christian/test/screens/home_screen_test.dart: HomeScreen Widget Tests should navigate to prayer journal when Prayer Journal is tapped                 00:34 +993 ~5 -186: /Users/kcdacre8tor/ everyday-christian/test/screens/home_screen_test.dart: HomeScreen Widget Tests should navigate to prayer journal when Prayer Journal is tapped                 00:34 +993 ~5 -186: /Users/kcdacre8tor/ everyday-christian/test/screens/home_screen_test.dart: HomeScreen Widget Tests should navigate to prayer journal when Prayer Journal is tapped                 
══╡ EXCEPTION CAUGHT BY FLUTTER TEST FRAMEWORK ╞════════════════════════════════════════════════════
The following assertion was thrown running a test:
pumpAndSettle timed out

When the exception was thrown, this was the stack:
#0      WidgetTester.pumpAndSettle.<anonymous closure> (package:flutter_test/src/widget_tester.dart:717:11)
<asynchronous suspension>
#1      TestAsyncUtils.guard.<anonymous closure> (package:flutter_test/src/test_async_utils.dart:130:27)
<asynchronous suspension>
#2      main.<anonymous closure>.<anonymous closure> (file:///Users/kcdacre8tor/%20everyday-christian/test/screens/home_screen_test.dart:176:7)
<asynchronous suspension>
#3      testWidgets.<anonymous closure>.<anonymous closure> (package:flutter_test/src/widget_tester.dart:192:15)
<asynchronous suspension>
#4      TestWidgetsFlutterBinding._runTestBody (package:flutter_test/src/binding.dart:1059:5)
<asynchronous suspension>
<asynchronous suspension>
(elided one frame from package:stack_trace)

The test description was:
  should navigate to prayer journal when Prayer Journal is tapped
════════════════════════════════════════════════════════════════════════════════════════════════════
00:34 +993 ~5 -187: /Users/kcdacre8tor/ everyday-christian/test/screens/home_screen_test.dart: HomeScreen Widget Tests should navigate to prayer journal when Prayer Journal is tapped [E]             
  Test failed. See exception logs above.
  The test description was: should navigate to prayer journal when Prayer Journal is tapped
  

To run this test again: /Users/kcdacre8tor/flutter/bin/cache/dart-sdk/bin/dart test /Users/kcdacre8tor/ everyday-christian/test/screens/home_screen_test.dart -p vm --plain-name 'HomeScreen Widget Tests should navigate to prayer journal when Prayer Journal is tapped'
00:34 +993 ~5 -187: /Users/kcdacre8tor/ everyday-christian/test/screens/home_screen_test.dart: HomeScreen Widget Tests should navigate to reading plan when Reading Plans is tapped                    00:35 +993 ~5 -187: /Users/kcdacre8tor/ everyday-christian/test/screens/home_screen_test.dart: HomeScreen Widget Tests should navigate to reading plan when Reading Plans is tapped                    00:36 +993 ~5 -187: /Users/kcdacre8tor/ everyday-christian/test/screens/home_screen_test.dart: HomeScreen Widget Tests should navigate to reading plan when Reading Plans is tapped                    00:36 +993 ~5 -187: /Users/kcdacre8tor/ everyday-christian/test/screens/home_screen_test.dart: HomeScreen Widget Tests should navigate to reading plan when Reading Plans is tapped                    
══╡ EXCEPTION CAUGHT BY FLUTTER TEST FRAMEWORK ╞════════════════════════════════════════════════════
The following assertion was thrown running a test:
pumpAndSettle timed out

When the exception was thrown, this was the stack:
#0      WidgetTester.pumpAndSettle.<anonymous closure> (package:flutter_test/src/widget_tester.dart:717:11)
<asynchronous suspension>
#1      TestAsyncUtils.guard.<anonymous closure> (package:flutter_test/src/test_async_utils.dart:130:27)
<asynchronous suspension>
#2      main.<anonymous closure>.<anonymous closure> (file:///Users/kcdacre8tor/%20everyday-christian/test/screens/home_screen_test.dart:193:7)
<asynchronous suspension>
#3      testWidgets.<anonymous closure>.<anonymous closure> (package:flutter_test/src/widget_tester.dart:192:15)
<asynchronous suspension>
#4      TestWidgetsFlutterBinding._runTestBody (package:flutter_test/src/binding.dart:1059:5)
<asynchronous suspension>
<asynchronous suspension>
(elided one frame from package:stack_trace)

The test description was:
  should navigate to reading plan when Reading Plans is tapped
════════════════════════════════════════════════════════════════════════════════════════════════════
00:36 +993 ~5 -188: /Users/kcdacre8tor/ everyday-christian/test/screens/home_screen_test.dart: HomeScreen Widget Tests should navigate to reading plan when Reading Plans is tapped [E]                
  Test failed. See exception logs above.
  The test description was: should navigate to reading plan when Reading Plans is tapped
  

To run this test again: /Users/kcdacre8tor/flutter/bin/cache/dart-sdk/bin/dart test /Users/kcdacre8tor/ everyday-christian/test/screens/home_screen_test.dart -p vm --plain-name 'HomeScreen Widget Tests should navigate to reading plan when Reading Plans is tapped'
00:36 +993 ~5 -188: /Users/kcdacre8tor/ everyday-christian/test/screens/home_screen_test.dart: HomeScreen Widget Tests should display quick action buttons                                             00:37 +993 ~5 -188: /Users/kcdacre8tor/ everyday-christian/test/screens/home_screen_test.dart: HomeScreen Widget Tests should display quick action buttons                                             00:37 +993 ~5 -188: /Users/kcdacre8tor/ everyday-christian/test/screens/home_screen_test.dart: HomeScreen Widget Tests should display quick action buttons                                             
══╡ EXCEPTION CAUGHT BY FLUTTER TEST FRAMEWORK ╞════════════════════════════════════════════════════
The following assertion was thrown running a test:
pumpAndSettle timed out

When the exception was thrown, this was the stack:
#0      WidgetTester.pumpAndSettle.<anonymous closure> (package:flutter_test/src/widget_tester.dart:717:11)
<asynchronous suspension>
#1      TestAsyncUtils.guard.<anonymous closure> (package:flutter_test/src/test_async_utils.dart:130:27)
<asynchronous suspension>
#2      main.<anonymous closure>.<anonymous closure> (file:///Users/kcdacre8tor/%20everyday-christian/test/screens/home_screen_test.dart:210:7)
<asynchronous suspension>
#3      testWidgets.<anonymous closure>.<anonymous closure> (package:flutter_test/src/widget_tester.dart:192:15)
<asynchronous suspension>
#4      TestWidgetsFlutterBinding._runTestBody (package:flutter_test/src/binding.dart:1059:5)
<asynchronous suspension>
<asynchronous suspension>
(elided one frame from package:stack_trace)

The test description was:
  should display quick action buttons
════════════════════════════════════════════════════════════════════════════════════════════════════
00:37 +993 ~5 -189: /Users/kcdacre8tor/ everyday-christian/test/screens/home_screen_test.dart: HomeScreen Widget Tests should display quick action buttons [E]                                         
  Test failed. See exception logs above.
  The test description was: should display quick action buttons
  

To run this test again: /Users/kcdacre8tor/flutter/bin/cache/dart-sdk/bin/dart test /Users/kcdacre8tor/ everyday-christian/test/screens/home_screen_test.dart -p vm --plain-name 'HomeScreen Widget Tests should display quick action buttons'
00:37 +993 ~5 -189: /Users/kcdacre8tor/ everyday-christian/test/screens/home_screen_test.dart: HomeScreen Widget Tests should scroll horizontally in quick actions                                     00:38 +993 ~5 -189: /Users/kcdacre8tor/ everyday-christian/test/screens/home_screen_test.dart: HomeScreen Widget Tests should scroll horizontally in quick actions                                     00:39 +993 ~5 -189: /Users/kcdacre8tor/ everyday-christian/test/screens/home_screen_test.dart: HomeScreen Widget Tests should scroll horizontally in quick actions                                     00:39 +993 ~5 -189: /Users/kcdacre8tor/ everyday-christian/test/screens/home_screen_test.dart: HomeScreen Widget Tests should scroll horizontally in quick actions                                     
══╡ EXCEPTION CAUGHT BY FLUTTER TEST FRAMEWORK ╞════════════════════════════════════════════════════
The following assertion was thrown running a test:
pumpAndSettle timed out

When the exception was thrown, this was the stack:
#0      WidgetTester.pumpAndSettle.<anonymous closure> (package:flutter_test/src/widget_tester.dart:717:11)
<asynchronous suspension>
#1      TestAsyncUtils.guard.<anonymous closure> (package:flutter_test/src/test_async_utils.dart:130:27)
<asynchronous suspension>
#2      main.<anonymous closure>.<anonymous closure> (file:///Users/kcdacre8tor/%20everyday-christian/test/screens/home_screen_test.dart:235:7)
<asynchronous suspension>
#3      testWidgets.<anonymous closure>.<anonymous closure> (package:flutter_test/src/widget_tester.dart:192:15)
<asynchronous suspension>
#4      TestWidgetsFlutterBinding._runTestBody (package:flutter_test/src/binding.dart:1059:5)
<asynchronous suspension>
<asynchronous suspension>
(elided one frame from package:stack_trace)

The test description was:
  should scroll horizontally in quick actions
════════════════════════════════════════════════════════════════════════════════════════════════════
00:39 +993 ~5 -190: /Users/kcdacre8tor/ everyday-christian/test/screens/home_screen_test.dart: HomeScreen Widget Tests should scroll horizontally in quick actions [E]                                 
  Test failed. See exception logs above.
  The test description was: should scroll horizontally in quick actions
  

To run this test again: /Users/kcdacre8tor/flutter/bin/cache/dart-sdk/bin/dart test /Users/kcdacre8tor/ everyday-christian/test/screens/home_screen_test.dart -p vm --plain-name 'HomeScreen Widget Tests should scroll horizontally in quick actions'
00:39 +993 ~5 -190: /Users/kcdacre8tor/ everyday-christian/test/screens/home_screen_test.dart: HomeScreen Widget Tests should display daily verse content                                              00:40 +993 ~5 -190: /Users/kcdacre8tor/ everyday-christian/test/screens/home_screen_test.dart: HomeScreen Widget Tests should display daily verse content                                              00:40 +993 ~5 -190: /Users/kcdacre8tor/ everyday-christian/test/screens/home_screen_test.dart: HomeScreen Widget Tests should display daily verse content                                              
══╡ EXCEPTION CAUGHT BY FLUTTER TEST FRAMEWORK ╞════════════════════════════════════════════════════
The following assertion was thrown running a test:
pumpAndSettle timed out

When the exception was thrown, this was the stack:
#0      WidgetTester.pumpAndSettle.<anonymous closure> (package:flutter_test/src/widget_tester.dart:717:11)
<asynchronous suspension>
#1      TestAsyncUtils.guard.<anonymous closure> (package:flutter_test/src/test_async_utils.dart:130:27)
<asynchronous suspension>
#2      main.<anonymous closure>.<anonymous closure> (file:///Users/kcdacre8tor/%20everyday-christian/test/screens/home_screen_test.dart:260:7)
<asynchronous suspension>
#3      testWidgets.<anonymous closure>.<anonymous closure> (package:flutter_test/src/widget_tester.dart:192:15)
<asynchronous suspension>
#4      TestWidgetsFlutterBinding._runTestBody (package:flutter_test/src/binding.dart:1059:5)
<asynchronous suspension>
<asynchronous suspension>
(elided one frame from package:stack_trace)

The test description was:
  should display daily verse content
════════════════════════════════════════════════════════════════════════════════════════════════════
00:40 +993 ~5 -191: /Users/kcdacre8tor/ everyday-christian/test/screens/home_screen_test.dart: HomeScreen Widget Tests should display daily verse content [E]                                          
  Test failed. See exception logs above.
  The test description was: should display daily verse content
  

To run this test again: /Users/kcdacre8tor/flutter/bin/cache/dart-sdk/bin/dart test /Users/kcdacre8tor/ everyday-christian/test/screens/home_screen_test.dart -p vm --plain-name 'HomeScreen Widget Tests should display daily verse content'
00:40 +993 ~5 -191: /Users/kcdacre8tor/ everyday-christian/test/screens/home_screen_test.dart: HomeScreen Widget Tests should display start chat button at bottom                                      00:41 +993 ~5 -191: /Users/kcdacre8tor/ everyday-christian/test/screens/home_screen_test.dart: HomeScreen Widget Tests should display start chat button at bottom                                      00:42 +993 ~5 -191: /Users/kcdacre8tor/ everyday-christian/test/screens/home_screen_test.dart: HomeScreen Widget Tests should display start chat button at bottom                                      00:42 +993 ~5 -191: /Users/kcdacre8tor/ everyday-christian/test/screens/home_screen_test.dart: HomeScreen Widget Tests should display start chat button at bottom                                      
══╡ EXCEPTION CAUGHT BY FLUTTER TEST FRAMEWORK ╞════════════════════════════════════════════════════
The following assertion was thrown running a test:
pumpAndSettle timed out

When the exception was thrown, this was the stack:
#0      WidgetTester.pumpAndSettle.<anonymous closure> (package:flutter_test/src/widget_tester.dart:717:11)
<asynchronous suspension>
#1      TestAsyncUtils.guard.<anonymous closure> (package:flutter_test/src/test_async_utils.dart:130:27)
<asynchronous suspension>
#2      main.<anonymous closure>.<anonymous closure> (file:///Users/kcdacre8tor/%20everyday-christian/test/screens/home_screen_test.dart:284:7)
<asynchronous suspension>
#3      testWidgets.<anonymous closure>.<anonymous closure> (package:flutter_test/src/widget_tester.dart:192:15)
<asynchronous suspension>
#4      TestWidgetsFlutterBinding._runTestBody (package:flutter_test/src/binding.dart:1059:5)
<asynchronous suspension>
<asynchronous suspension>
(elided one frame from package:stack_trace)

The test description was:
  should display start chat button at bottom
════════════════════════════════════════════════════════════════════════════════════════════════════
00:42 +993 ~5 -192: /Users/kcdacre8tor/ everyday-christian/test/screens/home_screen_test.dart: HomeScreen Widget Tests should display start chat button at bottom [E]                                  
  Test failed. See exception logs above.
  The test description was: should display start chat button at bottom
  

To run this test again: /Users/kcdacre8tor/flutter/bin/cache/dart-sdk/bin/dart test /Users/kcdacre8tor/ everyday-christian/test/screens/home_screen_test.dart -p vm --plain-name 'HomeScreen Widget Tests should display start chat button at bottom'
00:42 +993 ~5 -192: /Users/kcdacre8tor/ everyday-christian/test/screens/home_screen_test.dart: HomeScreen Widget Tests should tap start chat button                                                    00:43 +993 ~5 -192: /Users/kcdacre8tor/ everyday-christian/test/screens/home_screen_test.dart: HomeScreen Widget Tests should tap start chat button                                                    00:43 +993 ~5 -192: /Users/kcdacre8tor/ everyday-christian/test/screens/home_screen_test.dart: HomeScreen Widget Tests should tap start chat button                                                    
══╡ EXCEPTION CAUGHT BY FLUTTER TEST FRAMEWORK ╞════════════════════════════════════════════════════
The following assertion was thrown running a test:
pumpAndSettle timed out

When the exception was thrown, this was the stack:
#0      WidgetTester.pumpAndSettle.<anonymous closure> (package:flutter_test/src/widget_tester.dart:717:11)
<asynchronous suspension>
#1      TestAsyncUtils.guard.<anonymous closure> (package:flutter_test/src/test_async_utils.dart:130:27)
<asynchronous suspension>
#2      main.<anonymous closure>.<anonymous closure> (file:///Users/kcdacre8tor/%20everyday-christian/test/screens/home_screen_test.dart:305:7)
<asynchronous suspension>
#3      testWidgets.<anonymous closure>.<anonymous closure> (package:flutter_test/src/widget_tester.dart:192:15)
<asynchronous suspension>
#4      TestWidgetsFlutterBinding._runTestBody (package:flutter_test/src/binding.dart:1059:5)
<asynchronous suspension>
<asynchronous suspension>
(elided one frame from package:stack_trace)

The test description was:
  should tap start chat button
════════════════════════════════════════════════════════════════════════════════════════════════════
00:43 +993 ~5 -193: /Users/kcdacre8tor/ everyday-christian/test/screens/home_screen_test.dart: HomeScreen Widget Tests should tap start chat button [E]                                                
  Test failed. See exception logs above.
  The test description was: should tap start chat button
  

To run this test again: /Users/kcdacre8tor/flutter/bin/cache/dart-sdk/bin/dart test /Users/kcdacre8tor/ everyday-christian/test/screens/home_screen_test.dart -p vm --plain-name 'HomeScreen Widget Tests should tap start chat button'
00:43 +993 ~5 -193: /Users/kcdacre8tor/ everyday-christian/test/screens/home_screen_test.dart: HomeScreen Widget Tests should display user avatar                                                      00:44 +993 ~5 -193: /Users/kcdacre8tor/ everyday-christian/test/screens/home_screen_test.dart: HomeScreen Widget Tests should display user avatar                                                      00:45 +993 ~5 -193: /Users/kcdacre8tor/ everyday-christian/test/screens/home_screen_test.dart: HomeScreen Widget Tests should display user avatar                                                      00:45 +993 ~5 -193: /Users/kcdacre8tor/ everyday-christian/test/screens/home_screen_test.dart: HomeScreen Widget Tests should display user avatar                                                      
══╡ EXCEPTION CAUGHT BY FLUTTER TEST FRAMEWORK ╞════════════════════════════════════════════════════
The following assertion was thrown running a test:
pumpAndSettle timed out

When the exception was thrown, this was the stack:
#0      WidgetTester.pumpAndSettle.<anonymous closure> (package:flutter_test/src/widget_tester.dart:717:11)
<asynchronous suspension>
#1      TestAsyncUtils.guard.<anonymous closure> (package:flutter_test/src/test_async_utils.dart:130:27)
<asynchronous suspension>
#2      main.<anonymous closure>.<anonymous closure> (file:///Users/kcdacre8tor/%20everyday-christian/test/screens/home_screen_test.dart:328:7)
<asynchronous suspension>
#3      testWidgets.<anonymous closure>.<anonymous closure> (package:flutter_test/src/widget_tester.dart:192:15)
<asynchronous suspension>
#4      TestWidgetsFlutterBinding._runTestBody (package:flutter_test/src/binding.dart:1059:5)
<asynchronous suspension>
<asynchronous suspension>
(elided one frame from package:stack_trace)

The test description was:
  should display user avatar
════════════════════════════════════════════════════════════════════════════════════════════════════
00:45 +993 ~5 -194: /Users/kcdacre8tor/ everyday-christian/test/screens/home_screen_test.dart: HomeScreen Widget Tests should display user avatar [E]                                                  
  Test failed. See exception logs above.
  The test description was: should display user avatar
  

To run this test again: /Users/kcdacre8tor/flutter/bin/cache/dart-sdk/bin/dart test /Users/kcdacre8tor/ everyday-christian/test/screens/home_screen_test.dart -p vm --plain-name 'HomeScreen Widget Tests should display user avatar'
00:45 +993 ~5 -194: /Users/kcdacre8tor/ everyday-christian/test/screens/home_screen_test.dart: HomeScreen Widget Tests should have scrollable content                                                  00:46 +993 ~5 -194: /Users/kcdacre8tor/ everyday-christian/test/screens/home_screen_test.dart: HomeScreen Widget Tests should have scrollable content                                                  00:46 +993 ~5 -194: /Users/kcdacre8tor/ everyday-christian/test/screens/home_screen_test.dart: HomeScreen Widget Tests should have scrollable content                                                  
══╡ EXCEPTION CAUGHT BY FLUTTER TEST FRAMEWORK ╞════════════════════════════════════════════════════
The following assertion was thrown running a test:
pumpAndSettle timed out

When the exception was thrown, this was the stack:
#0      WidgetTester.pumpAndSettle.<anonymous closure> (package:flutter_test/src/widget_tester.dart:717:11)
<asynchronous suspension>
#1      TestAsyncUtils.guard.<anonymous closure> (package:flutter_test/src/test_async_utils.dart:130:27)
<asynchronous suspension>
#2      main.<anonymous closure>.<anonymous closure> (file:///Users/kcdacre8tor/%20everyday-christian/test/screens/home_screen_test.dart:343:7)
<asynchronous suspension>
#3      testWidgets.<anonymous closure>.<anonymous closure> (package:flutter_test/src/widget_tester.dart:192:15)
<asynchronous suspension>
#4      TestWidgetsFlutterBinding._runTestBody (package:flutter_test/src/binding.dart:1059:5)
<asynchronous suspension>
<asynchronous suspension>
(elided one frame from package:stack_trace)

The test description was:
  should have scrollable content
════════════════════════════════════════════════════════════════════════════════════════════════════
00:46 +993 ~5 -195: /Users/kcdacre8tor/ everyday-christian/test/screens/home_screen_test.dart: HomeScreen Widget Tests should have scrollable content [E]                                              
  Test failed. See exception logs above.
  The test description was: should have scrollable content
  

To run this test again: /Users/kcdacre8tor/flutter/bin/cache/dart-sdk/bin/dart test /Users/kcdacre8tor/ everyday-christian/test/screens/home_screen_test.dart -p vm --plain-name 'HomeScreen Widget Tests should have scrollable content'
00:46 +993 ~5 -195: /Users/kcdacre8tor/ everyday-christian/test/screens/home_screen_test.dart: HomeScreen Widget Tests should display all feature card icons                                           00:47 +993 ~5 -195: /Users/kcdacre8tor/ everyday-christian/test/screens/home_screen_test.dart: HomeScreen Widget Tests should display all feature card icons                                           00:48 +993 ~5 -195: /Users/kcdacre8tor/ everyday-christian/test/screens/home_screen_test.dart: HomeScreen Widget Tests should display all feature card icons                                           00:48 +993 ~5 -195: /Users/kcdacre8tor/ everyday-christian/test/screens/home_screen_test.dart: HomeScreen Widget Tests should display all feature card icons                                           
══╡ EXCEPTION CAUGHT BY FLUTTER TEST FRAMEWORK ╞════════════════════════════════════════════════════
The following assertion was thrown running a test:
pumpAndSettle timed out

When the exception was thrown, this was the stack:
#0      WidgetTester.pumpAndSettle.<anonymous closure> (package:flutter_test/src/widget_tester.dart:717:11)
<asynchronous suspension>
#1      TestAsyncUtils.guard.<anonymous closure> (package:flutter_test/src/test_async_utils.dart:130:27)
<asynchronous suspension>
#2      main.<anonymous closure>.<anonymous closure> (file:///Users/kcdacre8tor/%20everyday-christian/test/screens/home_screen_test.dart:365:7)
<asynchronous suspension>
#3      testWidgets.<anonymous closure>.<anonymous closure> (package:flutter_test/src/widget_tester.dart:192:15)
<asynchronous suspension>
#4      TestWidgetsFlutterBinding._runTestBody (package:flutter_test/src/binding.dart:1059:5)
<asynchronous suspension>
<asynchronous suspension>
(elided one frame from package:stack_trace)

The test description was:
  should display all feature card icons
════════════════════════════════════════════════════════════════════════════════════════════════════
00:48 +993 ~5 -196: /Users/kcdacre8tor/ everyday-christian/test/screens/home_screen_test.dart: HomeScreen Widget Tests should display all feature card icons [E]                                       
  Test failed. See exception logs above.
  The test description was: should display all feature card icons
  

To run this test again: /Users/kcdacre8tor/flutter/bin/cache/dart-sdk/bin/dart test /Users/kcdacre8tor/ everyday-christian/test/screens/home_screen_test.dart -p vm --plain-name 'HomeScreen Widget Tests should display all feature card icons'
00:48 +993 ~5 -196: /Users/kcdacre8tor/ everyday-christian/test/screens/home_screen_test.dart: HomeScreen Widget Tests should render without overflow on small screens                                 00:49 +993 ~5 -196: /Users/kcdacre8tor/ everyday-christian/test/screens/home_screen_test.dart: HomeScreen Widget Tests should render without overflow on small screens                                 00:50 +993 ~5 -196: /Users/kcdacre8tor/ everyday-christian/test/screens/home_screen_test.dart: HomeScreen Widget Tests should render without overflow on small screens                                 00:50 +993 ~5 -196: /Users/kcdacre8tor/ everyday-christian/test/screens/home_screen_test.dart: HomeScreen Widget Tests should render without overflow on small screens                                 
══╡ EXCEPTION CAUGHT BY FLUTTER TEST FRAMEWORK ╞════════════════════════════════════════════════════
The following assertion was thrown running a test:
pumpAndSettle timed out

When the exception was thrown, this was the stack:
#0      WidgetTester.pumpAndSettle.<anonymous closure> (package:flutter_test/src/widget_tester.dart:717:11)
<asynchronous suspension>
#1      TestAsyncUtils.guard.<anonymous closure> (package:flutter_test/src/test_async_utils.dart:130:27)
<asynchronous suspension>
#2      main.<anonymous closure>.<anonymous closure> (file:///Users/kcdacre8tor/%20everyday-christian/test/screens/home_screen_test.dart:388:7)
<asynchronous suspension>
#3      testWidgets.<anonymous closure>.<anonymous closure> (package:flutter_test/src/widget_tester.dart:192:15)
<asynchronous suspension>
#4      TestWidgetsFlutterBinding._runTestBody (package:flutter_test/src/binding.dart:1059:5)
<asynchronous suspension>
<asynchronous suspension>
(elided one frame from package:stack_trace)

The test description was:
  should render without overflow on small screens
════════════════════════════════════════════════════════════════════════════════════════════════════
00:50 +993 ~5 -197: /Users/kcdacre8tor/ everyday-christian/test/screens/home_screen_test.dart: HomeScreen Widget Tests should render without overflow on small screens [E]                             
  Test failed. See exception logs above.
  The test description was: should render without overflow on small screens
  

To run this test again: /Users/kcdacre8tor/flutter/bin/cache/dart-sdk/bin/dart test /Users/kcdacre8tor/ everyday-christian/test/screens/home_screen_test.dart -p vm --plain-name 'HomeScreen Widget Tests should render without overflow on small screens'
00:50 +993 ~5 -197: /Users/kcdacre8tor/ everyday-christian/test/screens/home_screen_test.dart: HomeScreen Widget Tests should render correctly on large screens                                        00:51 +993 ~5 -197: /Users/kcdacre8tor/ everyday-christian/test/screens/home_screen_test.dart: HomeScreen Widget Tests should render correctly on large screens                                        00:51 +993 ~5 -197: /Users/kcdacre8tor/ everyday-christian/test/screens/home_screen_test.dart: HomeScreen Widget Tests should render correctly on large screens                                        
══╡ EXCEPTION CAUGHT BY FLUTTER TEST FRAMEWORK ╞════════════════════════════════════════════════════
The following assertion was thrown running a test:
pumpAndSettle timed out

When the exception was thrown, this was the stack:
#0      WidgetTester.pumpAndSettle.<anonymous closure> (package:flutter_test/src/widget_tester.dart:717:11)
<asynchronous suspension>
#1      TestAsyncUtils.guard.<anonymous closure> (package:flutter_test/src/test_async_utils.dart:130:27)
<asynchronous suspension>
#2      main.<anonymous closure>.<anonymous closure> (file:///Users/kcdacre8tor/%20everyday-christian/test/screens/home_screen_test.dart:408:7)
<asynchronous suspension>
#3      testWidgets.<anonymous closure>.<anonymous closure> (package:flutter_test/src/widget_tester.dart:192:15)
<asynchronous suspension>
#4      TestWidgetsFlutterBinding._runTestBody (package:flutter_test/src/binding.dart:1059:5)
<asynchronous suspension>
<asynchronous suspension>
(elided one frame from package:stack_trace)

The test description was:
  should render correctly on large screens
════════════════════════════════════════════════════════════════════════════════════════════════════
00:51 +993 ~5 -198: /Users/kcdacre8tor/ everyday-christian/test/screens/home_screen_test.dart: HomeScreen Widget Tests should render correctly on large screens [E]                                    
  Test failed. See exception logs above.
  The test description was: should render correctly on large screens
  

To run this test again: /Users/kcdacre8tor/flutter/bin/cache/dart-sdk/bin/dart test /Users/kcdacre8tor/ everyday-christian/test/screens/home_screen_test.dart -p vm --plain-name 'HomeScreen Widget Tests should render correctly on large screens'
00:51 +993 ~5 -198: /Users/kcdacre8tor/ everyday-christian/test/screens/home_screen_test.dart: HomeScreen Widget Tests should handle quick action taps                                                 00:52 +993 ~5 -198: /Users/kcdacre8tor/ everyday-christian/test/screens/home_screen_test.dart: HomeScreen Widget Tests should handle quick action taps                                                 00:53 +993 ~5 -198: /Users/kcdacre8tor/ everyday-christian/test/screens/home_screen_test.dart: HomeScreen Widget Tests should handle quick action taps                                                 00:53 +993 ~5 -198: /Users/kcdacre8tor/ everyday-christian/test/screens/home_screen_test.dart: HomeScreen Widget Tests should handle quick action taps                                                 
══╡ EXCEPTION CAUGHT BY FLUTTER TEST FRAMEWORK ╞════════════════════════════════════════════════════
The following assertion was thrown running a test:
pumpAndSettle timed out

When the exception was thrown, this was the stack:
#0      WidgetTester.pumpAndSettle.<anonymous closure> (package:flutter_test/src/widget_tester.dart:717:11)
<asynchronous suspension>
#1      TestAsyncUtils.guard.<anonymous closure> (package:flutter_test/src/test_async_utils.dart:130:27)
<asynchronous suspension>
#2      main.<anonymous closure>.<anonymous closure> (file:///Users/kcdacre8tor/%20everyday-christian/test/screens/home_screen_test.dart:424:7)
<asynchronous suspension>
#3      testWidgets.<anonymous closure>.<anonymous closure> (package:flutter_test/src/widget_tester.dart:192:15)
<asynchronous suspension>
#4      TestWidgetsFlutterBinding._runTestBody (package:flutter_test/src/binding.dart:1059:5)
<asynchronous suspension>
<asynchronous suspension>
(elided one frame from package:stack_trace)

The test description was:
  should handle quick action taps
════════════════════════════════════════════════════════════════════════════════════════════════════
00:53 +993 ~5 -199: /Users/kcdacre8tor/ everyday-christian/test/screens/home_screen_test.dart: HomeScreen Widget Tests should handle quick action taps [E]                                             
  Test failed. See exception logs above.
  The test description was: should handle quick action taps
  

To run this test again: /Users/kcdacre8tor/flutter/bin/cache/dart-sdk/bin/dart test /Users/kcdacre8tor/ everyday-christian/test/screens/home_screen_test.dart -p vm --plain-name 'HomeScreen Widget Tests should handle quick action taps'
00:53 +993 ~5 -199: /Users/kcdacre8tor/ everyday-christian/test/screens/home_screen_test.dart: HomeScreen Widget Tests should display frosted glass effect                                             00:54 +993 ~5 -199: /Users/kcdacre8tor/ everyday-christian/test/screens/home_screen_test.dart: HomeScreen Widget Tests should display frosted glass effect                                             00:54 +993 ~5 -199: /Users/kcdacre8tor/ everyday-christian/test/screens/home_screen_test.dart: HomeScreen Widget Tests should display frosted glass effect                                             
══╡ EXCEPTION CAUGHT BY FLUTTER TEST FRAMEWORK ╞════════════════════════════════════════════════════
The following assertion was thrown running a test:
pumpAndSettle timed out

When the exception was thrown, this was the stack:
#0      WidgetTester.pumpAndSettle.<anonymous closure> (package:flutter_test/src/widget_tester.dart:717:11)
<asynchronous suspension>
#1      TestAsyncUtils.guard.<anonymous closure> (package:flutter_test/src/test_async_utils.dart:130:27)
<asynchronous suspension>
#2      main.<anonymous closure>.<anonymous closure> (file:///Users/kcdacre8tor/%20everyday-christian/test/screens/home_screen_test.dart:454:7)
<asynchronous suspension>
#3      testWidgets.<anonymous closure>.<anonymous closure> (package:flutter_test/src/widget_tester.dart:192:15)
<asynchronous suspension>
#4      TestWidgetsFlutterBinding._runTestBody (package:flutter_test/src/binding.dart:1059:5)
<asynchronous suspension>
<asynchronous suspension>
(elided one frame from package:stack_trace)

The test description was:
  should display frosted glass effect
════════════════════════════════════════════════════════════════════════════════════════════════════
00:54 +993 ~5 -200: /Users/kcdacre8tor/ everyday-christian/test/screens/home_screen_test.dart: HomeScreen Widget Tests should display frosted glass effect [E]                                         
  Test failed. See exception logs above.
  The test description was: should display frosted glass effect
  

To run this test again: /Users/kcdacre8tor/flutter/bin/cache/dart-sdk/bin/dart test /Users/kcdacre8tor/ everyday-christian/test/screens/home_screen_test.dart -p vm --plain-name 'HomeScreen Widget Tests should display frosted glass effect'
00:54 +993 ~5 -200: /Users/kcdacre8tor/ everyday-christian/test/screens/home_screen_test.dart: HomeScreen Widget Tests should have proper spacing between elements                                     00:55 +993 ~5 -200: /Users/kcdacre8tor/ everyday-christian/test/screens/home_screen_test.dart: HomeScreen Widget Tests should have proper spacing between elements                                     00:56 +993 ~5 -200: /Users/kcdacre8tor/ everyday-christian/test/screens/home_screen_test.dart: HomeScreen Widget Tests should have proper spacing between elements                                     00:56 +993 ~5 -200: /Users/kcdacre8tor/ everyday-christian/test/screens/home_screen_test.dart: HomeScreen Widget Tests should have proper spacing between elements                                     
══╡ EXCEPTION CAUGHT BY FLUTTER TEST FRAMEWORK ╞════════════════════════════════════════════════════
The following assertion was thrown running a test:
pumpAndSettle timed out

When the exception was thrown, this was the stack:
#0      WidgetTester.pumpAndSettle.<anonymous closure> (package:flutter_test/src/widget_tester.dart:717:11)
<asynchronous suspension>
#1      TestAsyncUtils.guard.<anonymous closure> (package:flutter_test/src/test_async_utils.dart:130:27)
<asynchronous suspension>
#2      main.<anonymous closure>.<anonymous closure> (file:///Users/kcdacre8tor/%20everyday-christian/test/screens/home_screen_test.dart:469:7)
<asynchronous suspension>
#3      testWidgets.<anonymous closure>.<anonymous closure> (package:flutter_test/src/widget_tester.dart:192:15)
<asynchronous suspension>
#4      TestWidgetsFlutterBinding._runTestBody (package:flutter_test/src/binding.dart:1059:5)
<asynchronous suspension>
<asynchronous suspension>
(elided one frame from package:stack_trace)

The test description was:
  should have proper spacing between elements
════════════════════════════════════════════════════════════════════════════════════════════════════
00:56 +993 ~5 -201: /Users/kcdacre8tor/ everyday-christian/test/screens/home_screen_test.dart: HomeScreen Widget Tests should have proper spacing between elements [E]                                 
  Test failed. See exception logs above.
  The test description was: should have proper spacing between elements
  

To run this test again: /Users/kcdacre8tor/flutter/bin/cache/dart-sdk/bin/dart test /Users/kcdacre8tor/ everyday-christian/test/screens/home_screen_test.dart -p vm --plain-name 'HomeScreen Widget Tests should have proper spacing between elements'
00:56 +993 ~5 -201: /Users/kcdacre8tor/ everyday-christian/test/screens/home_screen_test.dart: (tearDownAll)                                                                                           00:56 +993 ~5 -201: Some tests failed.                                                                                                                                                                 
